 libSP3301

 Timestamp is 59ddf882 (Wed Oct 11 18:54:58 2017)

 Preferred load address is 0000000180000000

 Start         Length     Name                   Class
 0001:00000000 0001b4eeH .text                   CODE
 0001:0001b4f0 00003346H .text$x                 CODE
 0001:0001e840 000010c3H .text$yd                CODE
 0002:00000000 00000109H .CRT$XCA                DATA
 0002:00000110 00000109H .CRT$XCZ                DATA
 0002:00000220 00000109H .CRT$XIA                DATA
 0002:00000330 00000109H .CRT$XIAA               DATA
 0002:00000440 00000109H .CRT$XIZ                DATA
 0002:00000550 00003fb6H .rdata                  DATA
 0002:00004508 00000148H .rdata$debug            DATA
 0002:00004650 000004deH .rdata$r                DATA
 0002:00004b30 00000109H .rtc$IAA                DATA
 0002:00004c40 00000109H .rtc$IZZ                DATA
 0002:00004d50 00000109H .rtc$TAA                DATA
 0002:00004e60 00000109H .rtc$TZZ                DATA
 0002:00004f6c 00003d46H .xdata                  DATA
 0002:00008cb8 000002abH .xdata$x                DATA
 0002:00008f70 00000c2eH .edata                  DATA
 0003:00000000 0000028fH .data                   DATA
 0003:00000290 000020e8H .bss                    DATA
 0004:00000000 00002304H .pdata                  DATA
 0005:00000000 0000008cH .idata$2                DATA
 0005:0000008c 00000014H .idata$3                DATA
 0005:000000a0 00000790H .idata$4                DATA
 0005:00000830 00000790H .idata$5                DATA
 0005:00000fc0 000017b0H .idata$6                DATA
 0006:00000000 00000169H .rsrc$01                DATA
 0006:00000170 00000a99H .rsrc$02                DATA

  Address         Publics by Value              Rva+Base               Lib:Object

 0000:00000000       ___safe_se_handler_count   0000000000000000     <absolute>
 0000:00000000       ___safe_se_handler_table   0000000000000000     <absolute>
 0000:00000000       __ImageBase                0000000180000000     <linker-defined>
 0001:000017d0       ??0CSP3301@@QEAA@I@Z       00000001800027d0 f   SP3301.obj
 0001:00001d30       ??1CSP3301@@UEAA@XZ        0000000180002d30 f   SP3301.obj
 0001:00002050       ??4CSP3301@@AEAAAEAV0@AEAV0@@Z 0000000180003050 f   SP3301.obj
 0001:00002070       ?Instance@CSP3301@@SAAEAV1@I@Z 0000000180003070 f   SP3301.obj
 0001:00002270       ??0RFUInfo@CSP3301@@QEAA@PEBD000@Z 0000000180003270 f   SP3301.obj
 0001:00002310       ?GetActive@CSP3301@@QEAA?AUActive@1@XZ 0000000180003310 f   SP3301.obj
 0001:00002360       ?GetInfo@CSP3301@@QEAA?AURFUInfo@1@XZ 0000000180003360 f   SP3301.obj
 0001:000023c0       ?GetOCXO@CSP3301@@QEAAHAEAF@Z 00000001800033c0 f   SP3301.obj
 0001:000024a0       ?Boot@CSP3301@@QEAAHXZ     00000001800034a0 f   SP3301.obj
 0001:00004270       ?SetLoadBit@CSP3301@@QEAAH_N0PEAD1@Z 0000000180005270 f   SP3301.obj
 0001:000042f0       ?LoadBit@CSP3301@@QEAAHXZ  00000001800052f0 f   SP3301.obj
 0001:000043d0       ?GetRfPort@CSP3301@@QEAAHXZ 00000001800053d0 f   SP3301.obj
 0001:00004430       ?GetSN@CSP3301@@QEAAHPEAD@Z 0000000180005430 f   SP3301.obj
 0001:00004470       ?GetVer@CSP3301@@QEAAHPEAD@Z 0000000180005470 f   SP3301.obj
 0001:000044a0       ?GetDriverVer@CSP3301@@QEAAPEBDXZ 00000001800054a0 f   SP3301.obj
 0001:000044c0       ?AssK7Name@CSP3301@@QEAA?AV?$basic_string@DU?$char_traits@D@std@@V?$allocator@D@2@@std@@II@Z 00000001800054c0 f   SP3301.obj
 0001:000045b0       ?AssS6Name@CSP3301@@QEAA?AV?$basic_string@DU?$char_traits@D@std@@V?$allocator@D@2@@std@@I@Z 00000001800055b0 f   SP3301.obj
 0001:00004690       ?RF_SetTxState@CSP3301@@QEAAHI_N@Z 0000000180005690 f   SP3301.obj
 0001:000047f0       ?RF_SetTxPower@CSP3301@@QEAAHIM@Z 00000001800057f0 f   SP3301.obj
 0001:00004d90       ?RF_SetTxFreq@CSP3301@@QEAAHI_K@Z 0000000180005d90 f   SP3301.obj
 0001:000051e0       ?RF_SetTxBW@CSP3301@@QEAAHIW4BW@SP1401@@@Z 00000001800061e0 f   SP3301.obj
 0001:00005430       ?RF_SetTxDelay@CSP3301@@QEAAHIN@Z 0000000180006430 f   SP3301.obj
 0001:00005450       ?RF_SetTxSource@CSP3301@@QEAAHIW4DASrc@CSP2401R1A@@@Z 0000000180006450 f   SP3301.obj
 0001:000054f0       ?RF_SetSrcFreq@CSP3301@@QEAAHI_K@Z 00000001800064f0 f   SP3301.obj
 0001:000055a0       ?ArbLoad@CSP3301@@QEAAHIPEAD@Z 00000001800065a0 f   SP3301.obj
 0001:000064e0       ?RF_SetArbEn@CSP3301@@QEAAHI_N@Z 00000001800074e0 f   SP3301.obj
 0001:00006500       ?RF_SetArbTrigSrc@CSP3301@@QEAAHIW4ARB_TRIGGERMODE@1@@Z 0000000180007500 f   SP3301.obj
 0001:00006520       ?RF_SetArbTrig@CSP3301@@QEAAHI@Z 0000000180007520 f   SP3301.obj
 0001:00006540       ?RF_SetArbCount@CSP3301@@QEAAHIH@Z 0000000180007540 f   SP3301.obj
 0001:00006560       ?RF_SetRxLevel@CSP3301@@QEAAHIN@Z 0000000180007560 f   SP3301.obj
 0001:000069b0       ?RF_SetRxFreq@CSP3301@@QEAAHI_K@Z 00000001800079b0 f   SP3301.obj
 0001:00006b70       ?RF_SetRxBW@CSP3301@@QEAAHIW4BW@SP1401@@@Z 0000000180007b70 f   SP3301.obj
 0001:00006dd0       ?RF_SetRxDelay@CSP3301@@QEAAHIN@Z 0000000180007dd0 f   SP3301.obj
 0001:00006df0       ?RF_SetIOMode@CSP3301@@QEAAHIW4IOMode@SP1401@@@Z 0000000180007df0 f   SP3301.obj
 0001:00006ea0       ?RF_SetTrigSrc@CSP3301@@QEAAHIW4RFU_TRIGGERSOURCE@1@@Z 0000000180007ea0 f   SP3301.obj
 0001:00006ec0       ?RF_SetTrigMode@CSP3301@@QEAAHIW4IQCapSrcs@ISP1401@@@Z 0000000180007ec0 f   SP3301.obj
 0001:00006f60       ?RF_SetTrigLevel@CSP3301@@QEAAHIM@Z 0000000180007f60 f   SP3301.obj
 0001:00007000       ?RF_SetTrigOffset@CSP3301@@QEAAHII@Z 0000000180008000 f   SP3301.obj
 0001:000070a0       ?RF_SetIQCapLength@CSP3301@@QEAAHII@Z 00000001800080a0 f   SP3301.obj
 0001:00007140       ?RF_SetIQDataMap@CSP3301@@QEAAHIPEAG@Z 0000000180008140 f   SP3301.obj
 0001:00007160       ?RF_InitPowerMeas@CSP3301@@QEAAHI@Z 0000000180008160 f   SP3301.obj
 0001:00007220       ?RF_AbortPowerMeas@CSP3301@@QEAAHI@Z 0000000180008220 f   SP3301.obj
 0001:000072c0       ?RF_GetPowerProc@CSP3301@@QEAAHIAEAW4PowerMeasState@ISP1401@@@Z 00000001800082c0 f   SP3301.obj
 0001:00007360       ?RF_GetMeasResult@CSP3301@@QEAAHIAEAM0@Z 0000000180008360 f   SP3301.obj
 0001:00007490       ?RF_InitIQCap@CSP3301@@QEAAHI@Z 0000000180008490 f   SP3301.obj
 0001:000074b0       ?RF_AbortIQCap@CSP3301@@QEAAHI@Z 00000001800084b0 f   SP3301.obj
 0001:00007550       ?RF_GetTemp@CSP3301@@QEAAHIAEAN0@Z 0000000180008550 f   SP3301.obj
 0001:00008fe0       ??0Active@CSP3301@@QEAA@XZ 0000000180009fe0 f i SP3301.obj
 0001:00009050       ??_GCSP3301@@UEAAPEAXI@Z   000000018000a050 f i SP3301.obj
 0001:00009050       ??_ECSP3301@@UEAAPEAXI@Z   000000018000a050 f i SP3301.obj
 0001:000090a0       ??1?$_Vector_iterator@V?$basic_string@DU?$char_traits@D@std@@V?$allocator@D@2@@std@@V?$allocator@V?$basic_string@DU?$char_traits@D@std@@V?$allocator@D@2@@std@@@2@@std@@QEAA@XZ 000000018000a0a0 f i SP3301.obj
 0001:000090c0       ??4?$_Vector_iterator@V?$basic_string@DU?$char_traits@D@std@@V?$allocator@D@2@@std@@V?$allocator@V?$basic_string@DU?$char_traits@D@std@@V?$allocator@D@2@@std@@@2@@std@@QEAAAEAV01@AEBV01@@Z 000000018000a0c0 f i SP3301.obj
 0001:000090f0       ??1?$_Vector_const_iterator@V?$basic_string@DU?$char_traits@D@std@@V?$allocator@D@2@@std@@V?$allocator@V?$basic_string@DU?$char_traits@D@std@@V?$allocator@D@2@@std@@@2@@std@@QEAA@XZ 000000018000a0f0 f i SP3301.obj
 0001:00009110       ??4?$_Vector_const_iterator@V?$basic_string@DU?$char_traits@D@std@@V?$allocator@D@2@@std@@V?$allocator@V?$basic_string@DU?$char_traits@D@std@@V?$allocator@D@2@@std@@@2@@std@@QEAAAEAV01@AEBV01@@Z 000000018000a110 f i SP3301.obj
 0001:00009160       ??1?$_Ranit@V?$basic_string@DU?$char_traits@D@std@@V?$allocator@D@2@@std@@_JPEBV12@AEBV12@@std@@QEAA@XZ 000000018000a160 f i SP3301.obj
 0001:00009180       ??4?$_Ranit@V?$basic_string@DU?$char_traits@D@std@@V?$allocator@D@2@@std@@_JPEBV12@AEBV12@@std@@QEAAAEAU01@AEBU01@@Z 000000018000a180 f i SP3301.obj
 0001:000091b0       ??1?$_Iterator_with_base@Urandom_access_iterator_tag@std@@V?$basic_string@DU?$char_traits@D@std@@V?$allocator@D@2@@2@_JPEBV32@AEBV32@V_Iterator_base@2@@std@@QEAA@XZ 000000018000a1b0 f i SP3301.obj
 0001:000091d0       ??1_Iterator_base@std@@QEAA@XZ 000000018000a1d0 f i SP3301.obj
 0001:00009220       ?_Orphan_me@_Iterator_base@std@@QEAAXXZ 000000018000a220 f i SP3301.obj
 0001:000092f0       ??4?$_Iterator_with_base@Urandom_access_iterator_tag@std@@V?$basic_string@DU?$char_traits@D@std@@V?$allocator@D@2@@2@_JPEBV32@AEBV32@V_Iterator_base@2@@std@@QEAAAEAU01@AEBU01@@Z 000000018000a2f0 f i SP3301.obj
 0001:00009320       ??4_Iterator_base@std@@QEAAAEAV01@AEBV01@@Z 000000018000a320 f i SP3301.obj
 0001:000093b0       ?_Adopt@_Iterator_base@std@@QEAAXPEBV_Container_base_secure@2@@Z 000000018000a3b0 f i SP3301.obj
 0001:00009470       ??0Param_t@ArbReader@@QEAA@XZ 000000018000a470 f i SP3301.obj
 0001:000094e0       ??1Param_t@ArbReader@@QEAA@XZ 000000018000a4e0 f i SP3301.obj
 0001:00009540       ??1?$_Iterator@$00@?$list@USegHeader_t@ArbReader@@V?$allocator@USegHeader_t@ArbReader@@@std@@@std@@QEAA@XZ 000000018000a540 f i SP3301.obj
 0001:00009560       ??1?$_Iterator@$00@?$list@UArbSeg_t@@V?$allocator@UArbSeg_t@@@std@@@std@@QEAA@XZ 000000018000a560 f i SP3301.obj
 0001:00009580       ??4?$_Iterator@$00@?$list@USegHeader_t@ArbReader@@V?$allocator@USegHeader_t@ArbReader@@@std@@@std@@QEAAAEAV012@AEBV012@@Z 000000018000a580 f i SP3301.obj
 0001:000095b0       ??4?$_Iterator@$00@?$list@UArbSeg_t@@V?$allocator@UArbSeg_t@@@std@@@std@@QEAAAEAV012@AEBV012@@Z 000000018000a5b0 f i SP3301.obj
 0001:000095e0       ??1?$_Const_iterator@$00@?$list@USegHeader_t@ArbReader@@V?$allocator@USegHeader_t@ArbReader@@@std@@@std@@QEAA@XZ 000000018000a5e0 f i SP3301.obj
 0001:00009600       ??1?$_Const_iterator@$00@?$list@UArbSeg_t@@V?$allocator@UArbSeg_t@@@std@@@std@@QEAA@XZ 000000018000a600 f i SP3301.obj
 0001:00009620       ??4?$_Const_iterator@$00@?$list@USegHeader_t@ArbReader@@V?$allocator@USegHeader_t@ArbReader@@@std@@@std@@QEAAAEAV012@AEBV012@@Z 000000018000a620 f i SP3301.obj
 0001:00009670       ??4?$_Const_iterator@$00@?$list@UArbSeg_t@@V?$allocator@UArbSeg_t@@@std@@@std@@QEAAAEAV012@AEBV012@@Z 000000018000a670 f i SP3301.obj
 0001:000096c0       ??1?$_Bidit@USegHeader_t@ArbReader@@_JPEBU12@AEBU12@@std@@QEAA@XZ 000000018000a6c0 f i SP3301.obj
 0001:000096e0       ??1?$_Bidit@UArbSeg_t@@_JPEBU1@AEBU1@@std@@QEAA@XZ 000000018000a6e0 f i SP3301.obj
 0001:00009700       ??4?$_Bidit@USegHeader_t@ArbReader@@_JPEBU12@AEBU12@@std@@QEAAAEAU01@AEBU01@@Z 000000018000a700 f i SP3301.obj
 0001:00009730       ??4?$_Bidit@UArbSeg_t@@_JPEBU1@AEBU1@@std@@QEAAAEAU01@AEBU01@@Z 000000018000a730 f i SP3301.obj
 0001:00009760       ??1?$_Iterator_with_base@Ubidirectional_iterator_tag@std@@USegHeader_t@ArbReader@@_JPEBU34@AEBU34@V_Iterator_base@2@@std@@QEAA@XZ 000000018000a760 f i SP3301.obj
 0001:00009780       ??1?$_Iterator_with_base@Ubidirectional_iterator_tag@std@@UArbSeg_t@@_JPEBU3@AEBU3@V_Iterator_base@2@@std@@QEAA@XZ 000000018000a780 f i SP3301.obj
 0001:000097a0       ??4?$_Iterator_with_base@Ubidirectional_iterator_tag@std@@USegHeader_t@ArbReader@@_JPEBU34@AEBU34@V_Iterator_base@2@@std@@QEAAAEAU01@AEBU01@@Z 000000018000a7a0 f i SP3301.obj
 0001:000097d0       ??4?$_Iterator_with_base@Ubidirectional_iterator_tag@std@@UArbSeg_t@@_JPEBU3@AEBU3@V_Iterator_base@2@@std@@QEAAAEAU01@AEBU01@@Z 000000018000a7d0 f i SP3301.obj
 0001:00009800       ??0?$list@USegHeader_t@ArbReader@@V?$allocator@USegHeader_t@ArbReader@@@std@@@std@@QEAA@XZ 000000018000a800 f i SP3301.obj
 0001:00009880       ??1?$list@USegHeader_t@ArbReader@@V?$allocator@USegHeader_t@ArbReader@@@std@@@std@@QEAA@XZ 000000018000a880 f i SP3301.obj
 0001:000098c0       ?begin@?$list@USegHeader_t@ArbReader@@V?$allocator@USegHeader_t@ArbReader@@@std@@@std@@QEAA?AV?$_Iterator@$00@12@XZ 000000018000a8c0 f i SP3301.obj
 0001:00009920       ?end@?$list@USegHeader_t@ArbReader@@V?$allocator@USegHeader_t@ArbReader@@@std@@@std@@QEAA?AV?$_Iterator@$00@12@XZ 000000018000a920 f i SP3301.obj
 0001:00009980       ??0?$list@UArbSeg_t@@V?$allocator@UArbSeg_t@@@std@@@std@@QEAA@XZ 000000018000a980 f i SP3301.obj
 0001:00009a00       ??1?$list@UArbSeg_t@@V?$allocator@UArbSeg_t@@@std@@@std@@QEAA@XZ 000000018000aa00 f i SP3301.obj
 0001:00009a40       ?begin@?$list@UArbSeg_t@@V?$allocator@UArbSeg_t@@@std@@@std@@QEAA?AV?$_Iterator@$00@12@XZ 000000018000aa40 f i SP3301.obj
 0001:00009aa0       ??0?$list@V?$list@UMarker_t@ArbReader@@V?$allocator@UMarker_t@ArbReader@@@std@@@std@@V?$allocator@V?$list@UMarker_t@ArbReader@@V?$allocator@UMarker_t@ArbReader@@@std@@@std@@@2@@std@@QEAA@XZ 000000018000aaa0 f i SP3301.obj
 0001:00009b20       ??1?$list@V?$list@UMarker_t@ArbReader@@V?$allocator@UMarker_t@ArbReader@@@std@@@std@@V?$allocator@V?$list@UMarker_t@ArbReader@@V?$allocator@UMarker_t@ArbReader@@@std@@@std@@@2@@std@@QEAA@XZ 000000018000ab20 f i SP3301.obj
 0001:00009b60       ??0?$vector@PEAVISP1401@@V?$allocator@PEAVISP1401@@@std@@@std@@QEAA@XZ 000000018000ab60 f i SP3301.obj
 0001:00009bc0       ??1?$vector@PEAVISP1401@@V?$allocator@PEAVISP1401@@@std@@@std@@QEAA@XZ 000000018000abc0 f i SP3301.obj
 0001:00009c00       ?at@?$vector@PEAVISP1401@@V?$allocator@PEAVISP1401@@@std@@@std@@QEAAAEAPEAVISP1401@@_K@Z 000000018000ac00 f i SP3301.obj
 0001:00009ce0       ??A?$vector@PEAVISP1401@@V?$allocator@PEAVISP1401@@@std@@@std@@QEAAAEAPEAVISP1401@@_K@Z 000000018000ace0 f i SP3301.obj
 0001:00009e50       ?push_back@?$vector@PEAVISP1401@@V?$allocator@PEAVISP1401@@@std@@@std@@QEAAXAEBQEAVISP1401@@@Z 000000018000ae50 f i SP3301.obj
 0001:00009fc0       ?clear@?$vector@PEAVISP1401@@V?$allocator@PEAVISP1401@@@std@@@std@@QEAAXXZ 000000018000afc0 f i SP3301.obj
 0001:0000a120       ??0?$vector@PEAVCSP1401R1A@@V?$allocator@PEAVCSP1401R1A@@@std@@@std@@QEAA@XZ 000000018000b120 f i SP3301.obj
 0001:0000a180       ??1?$vector@PEAVCSP1401R1A@@V?$allocator@PEAVCSP1401R1A@@@std@@@std@@QEAA@XZ 000000018000b180 f i SP3301.obj
 0001:0000a1c0       ?size@?$vector@PEAVCSP1401R1A@@V?$allocator@PEAVCSP1401R1A@@@std@@@std@@QEBA_KXZ 000000018000b1c0 f i SP3301.obj
 0001:0000a1f0       ?at@?$vector@PEAVCSP1401R1A@@V?$allocator@PEAVCSP1401R1A@@@std@@@std@@QEAAAEAPEAVCSP1401R1A@@_K@Z 000000018000b1f0 f i SP3301.obj
 0001:0000a2d0       ??A?$vector@PEAVCSP1401R1A@@V?$allocator@PEAVCSP1401R1A@@@std@@@std@@QEAAAEAPEAVCSP1401R1A@@_K@Z 000000018000b2d0 f i SP3301.obj
 0001:0000a440       ?push_back@?$vector@PEAVCSP1401R1A@@V?$allocator@PEAVCSP1401R1A@@@std@@@std@@QEAAXAEBQEAVCSP1401R1A@@@Z 000000018000b440 f i SP3301.obj
 0001:0000a5b0       ?clear@?$vector@PEAVCSP1401R1A@@V?$allocator@PEAVCSP1401R1A@@@std@@@std@@QEAAXXZ 000000018000b5b0 f i SP3301.obj
 0001:0000a710       ??0?$vector@PEAVCSP1401R1C@@V?$allocator@PEAVCSP1401R1C@@@std@@@std@@QEAA@XZ 000000018000b710 f i SP3301.obj
 0001:0000a770       ??1?$vector@PEAVCSP1401R1C@@V?$allocator@PEAVCSP1401R1C@@@std@@@std@@QEAA@XZ 000000018000b770 f i SP3301.obj
 0001:0000a7b0       ?size@?$vector@PEAVCSP1401R1C@@V?$allocator@PEAVCSP1401R1C@@@std@@@std@@QEBA_KXZ 000000018000b7b0 f i SP3301.obj
 0001:0000a7e0       ??A?$vector@PEAVCSP1401R1C@@V?$allocator@PEAVCSP1401R1C@@@std@@@std@@QEAAAEAPEAVCSP1401R1C@@_K@Z 000000018000b7e0 f i SP3301.obj
 0001:0000a950       ?push_back@?$vector@PEAVCSP1401R1C@@V?$allocator@PEAVCSP1401R1C@@@std@@@std@@QEAAXAEBQEAVCSP1401R1C@@@Z 000000018000b950 f i SP3301.obj
 0001:0000aac0       ?clear@?$vector@PEAVCSP1401R1C@@V?$allocator@PEAVCSP1401R1C@@@std@@@std@@QEAAXXZ 000000018000bac0 f i SP3301.obj
 0001:0000ac20       ??0?$vector@PEAVCSP2401R1A@@V?$allocator@PEAVCSP2401R1A@@@std@@@std@@QEAA@XZ 000000018000bc20 f i SP3301.obj
 0001:0000ac80       ??1?$vector@PEAVCSP2401R1A@@V?$allocator@PEAVCSP2401R1A@@@std@@@std@@QEAA@XZ 000000018000bc80 f i SP3301.obj
 0001:0000acc0       ?size@?$vector@PEAVCSP2401R1A@@V?$allocator@PEAVCSP2401R1A@@@std@@@std@@QEBA_KXZ 000000018000bcc0 f i SP3301.obj
 0001:0000acf0       ??A?$vector@PEAVCSP2401R1A@@V?$allocator@PEAVCSP2401R1A@@@std@@@std@@QEAAAEAPEAVCSP2401R1A@@_K@Z 000000018000bcf0 f i SP3301.obj
 0001:0000ae60       ?push_back@?$vector@PEAVCSP2401R1A@@V?$allocator@PEAVCSP2401R1A@@@std@@@std@@QEAAXAEBQEAVCSP2401R1A@@@Z 000000018000be60 f i SP3301.obj
 0001:0000afd0       ?clear@?$vector@PEAVCSP2401R1A@@V?$allocator@PEAVCSP2401R1A@@@std@@@std@@QEAAXXZ 000000018000bfd0 f i SP3301.obj
 0001:0000b130       ??0?$vector@V?$basic_string@DU?$char_traits@D@std@@V?$allocator@D@2@@std@@V?$allocator@V?$basic_string@DU?$char_traits@D@std@@V?$allocator@D@2@@std@@@2@@std@@QEAA@XZ 000000018000c130 f i SP3301.obj
 0001:0000b190       ??1?$vector@V?$basic_string@DU?$char_traits@D@std@@V?$allocator@D@2@@std@@V?$allocator@V?$basic_string@DU?$char_traits@D@std@@V?$allocator@D@2@@std@@@2@@std@@QEAA@XZ 000000018000c190 f i SP3301.obj
 0001:0000b1d0       ?begin@?$vector@V?$basic_string@DU?$char_traits@D@std@@V?$allocator@D@2@@std@@V?$allocator@V?$basic_string@DU?$char_traits@D@std@@V?$allocator@D@2@@std@@@2@@std@@QEAA?AV?$_Vector_iterator@V?$basic_string@DU?$char_traits@D@std@@V?$allocator@D@2@@std@@V?$allocator@V?$basic_string@DU?$char_traits@D@std@@V?$allocator@D@2@@std@@@2@@2@XZ 000000018000c1d0 f i SP3301.obj
 0001:0000b230       ?end@?$vector@V?$basic_string@DU?$char_traits@D@std@@V?$allocator@D@2@@std@@V?$allocator@V?$basic_string@DU?$char_traits@D@std@@V?$allocator@D@2@@std@@@2@@std@@QEAA?AV?$_Vector_iterator@V?$basic_string@DU?$char_traits@D@std@@V?$allocator@D@2@@std@@V?$allocator@V?$basic_string@DU?$char_traits@D@std@@V?$allocator@D@2@@std@@@2@@2@XZ 000000018000c230 f i SP3301.obj
 0001:0000b290       ??0?$_Vector_iterator@V?$basic_string@DU?$char_traits@D@std@@V?$allocator@D@2@@std@@V?$allocator@V?$basic_string@DU?$char_traits@D@std@@V?$allocator@D@2@@std@@@2@@std@@QEAA@XZ 000000018000c290 f i SP3301.obj
 0001:0000b2c0       ??C?$_Vector_iterator@V?$basic_string@DU?$char_traits@D@std@@V?$allocator@D@2@@std@@V?$allocator@V?$basic_string@DU?$char_traits@D@std@@V?$allocator@D@2@@std@@@2@@std@@QEBAPEAV?$basic_string@DU?$char_traits@D@std@@V?$allocator@D@2@@1@XZ 000000018000c2c0 f i SP3301.obj
 0001:0000b2e0       ??E?$_Vector_iterator@V?$basic_string@DU?$char_traits@D@std@@V?$allocator@D@2@@std@@V?$allocator@V?$basic_string@DU?$char_traits@D@std@@V?$allocator@D@2@@std@@@2@@std@@QEAA?AV01@H@Z 000000018000c2e0 f i SP3301.obj
 0001:0000b370       ??9?$_Vector_const_iterator@V?$basic_string@DU?$char_traits@D@std@@V?$allocator@D@2@@std@@V?$allocator@V?$basic_string@DU?$char_traits@D@std@@V?$allocator@D@2@@std@@@2@@std@@QEBA_NAEBV01@@Z 000000018000c370 f i SP3301.obj
 0001:0000b3c0       ??0?$_Iterator@$00@?$list@USegHeader_t@ArbReader@@V?$allocator@USegHeader_t@ArbReader@@@std@@@std@@QEAA@XZ 000000018000c3c0 f i SP3301.obj
 0001:0000b3f0       ??E?$_Iterator@$00@?$list@USegHeader_t@ArbReader@@V?$allocator@USegHeader_t@ArbReader@@@std@@@std@@QEAA?AV012@H@Z 000000018000c3f0 f i SP3301.obj
 0001:0000b480       ??9?$_Const_iterator@$00@?$list@USegHeader_t@ArbReader@@V?$allocator@USegHeader_t@ArbReader@@@std@@@std@@QEBA_NAEBV012@@Z 000000018000c480 f i SP3301.obj
 0001:0000b4d0       ??0?$_Iterator@$00@?$list@UArbSeg_t@@V?$allocator@UArbSeg_t@@@std@@@std@@QEAA@XZ 000000018000c4d0 f i SP3301.obj
 0001:0000b500       ??D?$_Iterator@$00@?$list@UArbSeg_t@@V?$allocator@UArbSeg_t@@@std@@@std@@QEBAAEAUArbSeg_t@@XZ 000000018000c500 f i SP3301.obj
 0001:0000b520       ??E?$_Iterator@$00@?$list@UArbSeg_t@@V?$allocator@UArbSeg_t@@@std@@@std@@QEAA?AV012@H@Z 000000018000c520 f i SP3301.obj
 0001:0000b5b0       ??1?$_List_val@USegHeader_t@ArbReader@@V?$allocator@USegHeader_t@ArbReader@@@std@@@std@@QEAA@XZ 000000018000c5b0 f i SP3301.obj
 0001:0000b5d0       ??1?$_List_val@UArbSeg_t@@V?$allocator@UArbSeg_t@@@std@@@std@@QEAA@XZ 000000018000c5d0 f i SP3301.obj
 0001:0000b5f0       ??1?$_List_val@V?$list@UMarker_t@ArbReader@@V?$allocator@UMarker_t@ArbReader@@@std@@@std@@V?$allocator@V?$list@UMarker_t@ArbReader@@V?$allocator@UMarker_t@ArbReader@@@std@@@std@@@2@@std@@QEAA@XZ 000000018000c5f0 f i SP3301.obj
 0001:0000b610       ??1?$_Vector_val@PEAVISP1401@@V?$allocator@PEAVISP1401@@@std@@@std@@QEAA@XZ 000000018000c610 f i SP3301.obj
 0001:0000b630       ??1?$_Vector_iterator@PEAVISP1401@@V?$allocator@PEAVISP1401@@@std@@@std@@QEAA@XZ 000000018000c630 f i SP3301.obj
 0001:0000b650       ??0?$_Vector_const_iterator@PEAVISP1401@@V?$allocator@PEAVISP1401@@@std@@@std@@QEAA@AEBV01@@Z 000000018000c650 f i SP3301.obj
 0001:0000b6a0       ??1?$_Vector_const_iterator@PEAVISP1401@@V?$allocator@PEAVISP1401@@@std@@@std@@QEAA@XZ 000000018000c6a0 f i SP3301.obj
 0001:0000b6c0       ??1?$_Vector_val@PEAVCSP1401R1A@@V?$allocator@PEAVCSP1401R1A@@@std@@@std@@QEAA@XZ 000000018000c6c0 f i SP3301.obj
 0001:0000b6e0       ??1?$_Vector_iterator@PEAVCSP1401R1A@@V?$allocator@PEAVCSP1401R1A@@@std@@@std@@QEAA@XZ 000000018000c6e0 f i SP3301.obj
 0001:0000b700       ??0?$_Vector_const_iterator@PEAVCSP1401R1A@@V?$allocator@PEAVCSP1401R1A@@@std@@@std@@QEAA@AEBV01@@Z 000000018000c700 f i SP3301.obj
 0001:0000b750       ??1?$_Vector_const_iterator@PEAVCSP1401R1A@@V?$allocator@PEAVCSP1401R1A@@@std@@@std@@QEAA@XZ 000000018000c750 f i SP3301.obj
 0001:0000b770       ??1?$_Vector_val@PEAVCSP1401R1C@@V?$allocator@PEAVCSP1401R1C@@@std@@@std@@QEAA@XZ 000000018000c770 f i SP3301.obj
 0001:0000b790       ??1?$_Vector_iterator@PEAVCSP1401R1C@@V?$allocator@PEAVCSP1401R1C@@@std@@@std@@QEAA@XZ 000000018000c790 f i SP3301.obj
 0001:0000b7b0       ??0?$_Vector_const_iterator@PEAVCSP1401R1C@@V?$allocator@PEAVCSP1401R1C@@@std@@@std@@QEAA@AEBV01@@Z 000000018000c7b0 f i SP3301.obj
 0001:0000b800       ??1?$_Vector_const_iterator@PEAVCSP1401R1C@@V?$allocator@PEAVCSP1401R1C@@@std@@@std@@QEAA@XZ 000000018000c800 f i SP3301.obj
 0001:0000b820       ??1?$_Vector_val@PEAVCSP2401R1A@@V?$allocator@PEAVCSP2401R1A@@@std@@@std@@QEAA@XZ 000000018000c820 f i SP3301.obj
 0001:0000b840       ??1?$_Vector_iterator@PEAVCSP2401R1A@@V?$allocator@PEAVCSP2401R1A@@@std@@@std@@QEAA@XZ 000000018000c840 f i SP3301.obj
 0001:0000b860       ??0?$_Vector_const_iterator@PEAVCSP2401R1A@@V?$allocator@PEAVCSP2401R1A@@@std@@@std@@QEAA@AEBV01@@Z 000000018000c860 f i SP3301.obj
 0001:0000b8b0       ??1?$_Vector_const_iterator@PEAVCSP2401R1A@@V?$allocator@PEAVCSP2401R1A@@@std@@@std@@QEAA@XZ 000000018000c8b0 f i SP3301.obj
 0001:0000b8d0       ??1?$_Vector_val@V?$basic_string@DU?$char_traits@D@std@@V?$allocator@D@2@@std@@V?$allocator@V?$basic_string@DU?$char_traits@D@std@@V?$allocator@D@2@@std@@@2@@std@@QEAA@XZ 000000018000c8d0 f i SP3301.obj
 0001:0000b8f0       ??0?$_Vector_iterator@V?$basic_string@DU?$char_traits@D@std@@V?$allocator@D@2@@std@@V?$allocator@V?$basic_string@DU?$char_traits@D@std@@V?$allocator@D@2@@std@@@2@@std@@QEAA@AEBV01@@Z 000000018000c8f0 f i SP3301.obj
 0001:0000b920       ??0?$_Iterator@$00@?$list@USegHeader_t@ArbReader@@V?$allocator@USegHeader_t@ArbReader@@@std@@@std@@QEAA@AEBV012@@Z 000000018000c920 f i SP3301.obj
 0001:0000b950       ??0?$_Iterator@$00@?$list@UArbSeg_t@@V?$allocator@UArbSeg_t@@@std@@@std@@QEAA@AEBV012@@Z 000000018000c950 f i SP3301.obj
 0001:0000b980       ??1?$_List_ptr@USegHeader_t@ArbReader@@V?$allocator@USegHeader_t@ArbReader@@@std@@@std@@QEAA@XZ 000000018000c980 f i SP3301.obj
 0001:0000b9a0       ??1?$_List_ptr@UArbSeg_t@@V?$allocator@UArbSeg_t@@@std@@@std@@QEAA@XZ 000000018000c9a0 f i SP3301.obj
 0001:0000b9c0       ??1?$_List_ptr@V?$list@UMarker_t@ArbReader@@V?$allocator@UMarker_t@ArbReader@@@std@@@std@@V?$allocator@V?$list@UMarker_t@ArbReader@@V?$allocator@UMarker_t@ArbReader@@@std@@@std@@@2@@std@@QEAA@XZ 000000018000c9c0 f i SP3301.obj
 0001:0000b9e0       ??0?$_Ranit@PEAVISP1401@@_JPEBQEAV1@AEBQEAV1@@std@@QEAA@AEBU01@@Z 000000018000c9e0 f i SP3301.obj
 0001:0000ba10       ??1?$_Ranit@PEAVISP1401@@_JPEBQEAV1@AEBQEAV1@@std@@QEAA@XZ 000000018000ca10 f i SP3301.obj
 0001:0000ba30       ??0?$_Ranit@PEAVCSP1401R1A@@_JPEBQEAV1@AEBQEAV1@@std@@QEAA@AEBU01@@Z 000000018000ca30 f i SP3301.obj
 0001:0000ba60       ??1?$_Ranit@PEAVCSP1401R1A@@_JPEBQEAV1@AEBQEAV1@@std@@QEAA@XZ 000000018000ca60 f i SP3301.obj
 0001:0000ba80       ??0?$_Ranit@PEAVCSP1401R1C@@_JPEBQEAV1@AEBQEAV1@@std@@QEAA@AEBU01@@Z 000000018000ca80 f i SP3301.obj
 0001:0000bab0       ??1?$_Ranit@PEAVCSP1401R1C@@_JPEBQEAV1@AEBQEAV1@@std@@QEAA@XZ 000000018000cab0 f i SP3301.obj
 0001:0000bad0       ??0?$_Ranit@PEAVCSP2401R1A@@_JPEBQEAV1@AEBQEAV1@@std@@QEAA@AEBU01@@Z 000000018000cad0 f i SP3301.obj
 0001:0000bb00       ??1?$_Ranit@PEAVCSP2401R1A@@_JPEBQEAV1@AEBQEAV1@@std@@QEAA@XZ 000000018000cb00 f i SP3301.obj
 0001:0000bb20       ??0?$_Vector_const_iterator@V?$basic_string@DU?$char_traits@D@std@@V?$allocator@D@2@@std@@V?$allocator@V?$basic_string@DU?$char_traits@D@std@@V?$allocator@D@2@@std@@@2@@std@@QEAA@AEBV01@@Z 000000018000cb20 f i SP3301.obj
 0001:0000bb70       ??0?$_Const_iterator@$00@?$list@USegHeader_t@ArbReader@@V?$allocator@USegHeader_t@ArbReader@@@std@@@std@@QEAA@AEBV012@@Z 000000018000cb70 f i SP3301.obj
 0001:0000bbc0       ??0?$_Const_iterator@$00@?$list@UArbSeg_t@@V?$allocator@UArbSeg_t@@@std@@@std@@QEAA@AEBV012@@Z 000000018000cbc0 f i SP3301.obj
 0001:0000bc10       ??1?$_List_nod@USegHeader_t@ArbReader@@V?$allocator@USegHeader_t@ArbReader@@@std@@@std@@QEAA@XZ 000000018000cc10 f i SP3301.obj
 0001:0000bc30       ??1?$_List_nod@UArbSeg_t@@V?$allocator@UArbSeg_t@@@std@@@std@@QEAA@XZ 000000018000cc30 f i SP3301.obj
 0001:0000bc50       ??1?$_List_nod@V?$list@UMarker_t@ArbReader@@V?$allocator@UMarker_t@ArbReader@@@std@@@std@@V?$allocator@V?$list@UMarker_t@ArbReader@@V?$allocator@UMarker_t@ArbReader@@@std@@@std@@@2@@std@@QEAA@XZ 000000018000cc50 f i SP3301.obj
 0001:0000bc70       ??0?$_Iterator_with_base@Urandom_access_iterator_tag@std@@PEAVISP1401@@_JPEBQEAV3@AEBQEAV3@V_Iterator_base@2@@std@@QEAA@AEBU01@@Z 000000018000cc70 f i SP3301.obj
 0001:0000bca0       ??0_Iterator_base@std@@QEAA@AEBV01@@Z 000000018000cca0 f i SP3301.obj
 0001:0000bcf0       ??1?$_Iterator_with_base@Urandom_access_iterator_tag@std@@PEAVISP1401@@_JPEBQEAV3@AEBQEAV3@V_Iterator_base@2@@std@@QEAA@XZ 000000018000ccf0 f i SP3301.obj
 0001:0000bd10       ??0?$_Iterator_with_base@Urandom_access_iterator_tag@std@@PEAVCSP1401R1A@@_JPEBQEAV3@AEBQEAV3@V_Iterator_base@2@@std@@QEAA@AEBU01@@Z 000000018000cd10 f i SP3301.obj
 0001:0000bd40       ??1?$_Iterator_with_base@Urandom_access_iterator_tag@std@@PEAVCSP1401R1A@@_JPEBQEAV3@AEBQEAV3@V_Iterator_base@2@@std@@QEAA@XZ 000000018000cd40 f i SP3301.obj
 0001:0000bd60       ??0?$_Iterator_with_base@Urandom_access_iterator_tag@std@@PEAVCSP1401R1C@@_JPEBQEAV3@AEBQEAV3@V_Iterator_base@2@@std@@QEAA@AEBU01@@Z 000000018000cd60 f i SP3301.obj
 0001:0000bd90       ??1?$_Iterator_with_base@Urandom_access_iterator_tag@std@@PEAVCSP1401R1C@@_JPEBQEAV3@AEBQEAV3@V_Iterator_base@2@@std@@QEAA@XZ 000000018000cd90 f i SP3301.obj
 0001:0000bdb0       ??0?$_Iterator_with_base@Urandom_access_iterator_tag@std@@PEAVCSP2401R1A@@_JPEBQEAV3@AEBQEAV3@V_Iterator_base@2@@std@@QEAA@AEBU01@@Z 000000018000cdb0 f i SP3301.obj
 0001:0000bde0       ??1?$_Iterator_with_base@Urandom_access_iterator_tag@std@@PEAVCSP2401R1A@@_JPEBQEAV3@AEBQEAV3@V_Iterator_base@2@@std@@QEAA@XZ 000000018000cde0 f i SP3301.obj
 0001:0000be00       ??0?$_Ranit@V?$basic_string@DU?$char_traits@D@std@@V?$allocator@D@2@@std@@_JPEBV12@AEBV12@@std@@QEAA@AEBU01@@Z 000000018000ce00 f i SP3301.obj
 0001:0000be30       ??0?$_Bidit@USegHeader_t@ArbReader@@_JPEBU12@AEBU12@@std@@QEAA@AEBU01@@Z 000000018000ce30 f i SP3301.obj
 0001:0000be60       ??0?$_Bidit@UArbSeg_t@@_JPEBU1@AEBU1@@std@@QEAA@AEBU01@@Z 000000018000ce60 f i SP3301.obj
 0001:0000be90       ??0?$_Iterator_with_base@Urandom_access_iterator_tag@std@@V?$basic_string@DU?$char_traits@D@std@@V?$allocator@D@2@@2@_JPEBV32@AEBV32@V_Iterator_base@2@@std@@QEAA@AEBU01@@Z 000000018000ce90 f i SP3301.obj
 0001:0000bec0       ??0?$_Iterator_with_base@Ubidirectional_iterator_tag@std@@USegHeader_t@ArbReader@@_JPEBU34@AEBU34@V_Iterator_base@2@@std@@QEAA@AEBU01@@Z 000000018000cec0 f i SP3301.obj
 0001:0000bef0       ??0?$_Iterator_with_base@Ubidirectional_iterator_tag@std@@UArbSeg_t@@_JPEBU3@AEBU3@V_Iterator_base@2@@std@@QEAA@AEBU01@@Z 000000018000cef0 f i SP3301.obj
 0001:0000bf20       ?_Nextnode@?$list@USegHeader_t@ArbReader@@V?$allocator@USegHeader_t@ArbReader@@@std@@@std@@KAAEAPEAU_Node@?$_List_nod@USegHeader_t@ArbReader@@V?$allocator@USegHeader_t@ArbReader@@@std@@@2@PEAU342@@Z 000000018000cf20 f i SP3301.obj
 0001:0000bf30       ?_Buynode@?$list@USegHeader_t@ArbReader@@V?$allocator@USegHeader_t@ArbReader@@@std@@@std@@IEAAPEAU_Node@?$_List_nod@USegHeader_t@ArbReader@@V?$allocator@USegHeader_t@ArbReader@@@std@@@2@XZ 000000018000cf30 f i SP3301.obj
 0001:0000bff0       ?_Tidy@?$list@USegHeader_t@ArbReader@@V?$allocator@USegHeader_t@ArbReader@@@std@@@std@@IEAAXXZ 000000018000cff0 f i SP3301.obj
 0001:0000c090       ??0?$_List_val@USegHeader_t@ArbReader@@V?$allocator@USegHeader_t@ArbReader@@@std@@@std@@QEAA@V?$allocator@USegHeader_t@ArbReader@@@1@@Z 000000018000d090 f i SP3301.obj
 0001:0000c100       ??1?$_Container_base_aux_alloc_empty@V?$allocator@USegHeader_t@ArbReader@@@std@@@std@@IEAA@XZ 000000018000d100 f i SP3301.obj
 0001:0000c120       ??0?$allocator@USegHeader_t@ArbReader@@@std@@QEAA@XZ 000000018000d120 f i SP3301.obj
 0001:0000c130       ?_Nextnode@?$list@UArbSeg_t@@V?$allocator@UArbSeg_t@@@std@@@std@@KAAEAPEAU_Node@?$_List_nod@UArbSeg_t@@V?$allocator@UArbSeg_t@@@std@@@2@PEAU342@@Z 000000018000d130 f i SP3301.obj
 0001:0000c140       ?_Buynode@?$list@UArbSeg_t@@V?$allocator@UArbSeg_t@@@std@@@std@@IEAAPEAU_Node@?$_List_nod@UArbSeg_t@@V?$allocator@UArbSeg_t@@@std@@@2@XZ 000000018000d140 f i SP3301.obj
 0001:0000c200       ?_Tidy@?$list@UArbSeg_t@@V?$allocator@UArbSeg_t@@@std@@@std@@IEAAXXZ 000000018000d200 f i SP3301.obj
 0001:0000c2a0       ??0?$_List_val@UArbSeg_t@@V?$allocator@UArbSeg_t@@@std@@@std@@QEAA@V?$allocator@UArbSeg_t@@@1@@Z 000000018000d2a0 f i SP3301.obj
 0001:0000c310       ??1?$_Container_base_aux_alloc_empty@V?$allocator@UArbSeg_t@@@std@@@std@@IEAA@XZ 000000018000d310 f i SP3301.obj
 0001:0000c330       ??0?$allocator@UArbSeg_t@@@std@@QEAA@XZ 000000018000d330 f i SP3301.obj
 0001:0000c340       ?_Buynode@?$list@V?$list@UMarker_t@ArbReader@@V?$allocator@UMarker_t@ArbReader@@@std@@@std@@V?$allocator@V?$list@UMarker_t@ArbReader@@V?$allocator@UMarker_t@ArbReader@@@std@@@std@@@2@@std@@IEAAPEAU_Node@?$_List_nod@V?$list@UMarker_t@ArbReader@@V?$allocator@UMarker_t@ArbReader@@@std@@@std@@V?$allocator@V?$list@UMarker_t@ArbReader@@V?$allocator@UMarker_t@ArbReader@@@std@@@std@@@2@@2@XZ 000000018000d340 f i SP3301.obj
 0001:0000c400       ?_Tidy@?$list@V?$list@UMarker_t@ArbReader@@V?$allocator@UMarker_t@ArbReader@@@std@@@std@@V?$allocator@V?$list@UMarker_t@ArbReader@@V?$allocator@UMarker_t@ArbReader@@@std@@@std@@@2@@std@@IEAAXXZ 000000018000d400 f i SP3301.obj
 0001:0000c4a0       ??0?$_List_val@V?$list@UMarker_t@ArbReader@@V?$allocator@UMarker_t@ArbReader@@@std@@@std@@V?$allocator@V?$list@UMarker_t@ArbReader@@V?$allocator@UMarker_t@ArbReader@@@std@@@std@@@2@@std@@QEAA@V?$allocator@V?$list@UMarker_t@ArbReader@@V?$allocator@UMarker_t@ArbReader@@@std@@@std@@@1@@Z 000000018000d4a0 f i SP3301.obj
 0001:0000c510       ??1?$_Container_base_aux_alloc_empty@V?$allocator@V?$list@UMarker_t@ArbReader@@V?$allocator@UMarker_t@ArbReader@@@std@@@std@@@std@@@std@@IEAA@XZ 000000018000d510 f i SP3301.obj
 0001:0000c530       ??0?$allocator@V?$list@UMarker_t@ArbReader@@V?$allocator@UMarker_t@ArbReader@@@std@@@std@@@std@@QEAA@XZ 000000018000d530 f i SP3301.obj
 0001:0000c540       ?capacity@?$vector@PEAVISP1401@@V?$allocator@PEAVISP1401@@@std@@@std@@QEBA_KXZ 000000018000d540 f i SP3301.obj
 0001:0000c5a0       ?begin@?$vector@PEAVISP1401@@V?$allocator@PEAVISP1401@@@std@@@std@@QEAA?AV?$_Vector_iterator@PEAVISP1401@@V?$allocator@PEAVISP1401@@@std@@@2@XZ 000000018000d5a0 f i SP3301.obj
 0001:0000c600       ?end@?$vector@PEAVISP1401@@V?$allocator@PEAVISP1401@@@std@@@std@@QEAA?AV?$_Vector_iterator@PEAVISP1401@@V?$allocator@PEAVISP1401@@@std@@@2@XZ 000000018000d600 f i SP3301.obj
 0001:0000c660       ?size@?$vector@PEAVISP1401@@V?$allocator@PEAVISP1401@@@std@@@std@@QEBA_KXZ 000000018000d660 f i SP3301.obj
 0001:0000c690       ?insert@?$vector@PEAVISP1401@@V?$allocator@PEAVISP1401@@@std@@@std@@QEAA?AV?$_Vector_iterator@PEAVISP1401@@V?$allocator@PEAVISP1401@@@std@@@2@V?$_Vector_const_iterator@PEAVISP1401@@V?$allocator@PEAVISP1401@@@std@@@2@AEBQEAVISP1401@@@Z 000000018000d690 f i SP3301.obj
 0001:0000c880       ?erase@?$vector@PEAVISP1401@@V?$allocator@PEAVISP1401@@@std@@@std@@QEAA?AV?$_Vector_iterator@PEAVISP1401@@V?$allocator@PEAVISP1401@@@std@@@2@V?$_Vector_const_iterator@PEAVISP1401@@V?$allocator@PEAVISP1401@@@std@@@2@0@Z 000000018000d880 f i SP3301.obj
 0001:0000cb20       ?_Buy@?$vector@PEAVISP1401@@V?$allocator@PEAVISP1401@@@std@@@std@@IEAA_N_K@Z 000000018000db20 f i SP3301.obj
 0001:0000cc00       ?_Tidy@?$vector@PEAVISP1401@@V?$allocator@PEAVISP1401@@@std@@@std@@IEAAXXZ 000000018000dc00 f i SP3301.obj
 0001:0000ccc0       ?_Ufill@?$vector@PEAVISP1401@@V?$allocator@PEAVISP1401@@@std@@@std@@IEAAPEAPEAVISP1401@@PEAPEAV3@_KAEBQEAV3@@Z 000000018000dcc0 f i SP3301.obj
 0001:0000cd20       ?_Xran@?$vector@PEAVISP1401@@V?$allocator@PEAVISP1401@@@std@@@std@@KAXXZ 000000018000dd20 f i SP3301.obj
 0001:0000cda0       ??0out_of_range@std@@QEAA@AEBV?$basic_string@DU?$char_traits@D@std@@V?$allocator@D@2@@1@@Z 000000018000dda0 f i SP3301.obj
 0001:0000cdf0       ??0logic_error@std@@QEAA@AEBV?$basic_string@DU?$char_traits@D@std@@V?$allocator@D@2@@1@@Z 000000018000ddf0 f i SP3301.obj
 0001:0000ce60       ?what@logic_error@std@@UEBAPEBDXZ 000000018000de60 f i SP3301.obj
 0001:0000ce90       ??_Elogic_error@std@@UEAAPEAXI@Z 000000018000de90 f i SP3301.obj
 0001:0000ce90       ??_Glogic_error@std@@UEAAPEAXI@Z 000000018000de90 f i SP3301.obj
 0001:0000cee0       ??1logic_error@std@@UEAA@XZ 000000018000dee0 f i SP3301.obj
 0001:0000cf30       ??1out_of_range@std@@UEAA@XZ 000000018000df30 f i SP3301.obj
 0001:0000cf60       ??_Gout_of_range@std@@UEAAPEAXI@Z 000000018000df60 f i SP3301.obj
 0001:0000cf60       ??_Eout_of_range@std@@UEAAPEAXI@Z 000000018000df60 f i SP3301.obj
 0001:0000cfb0       ??0out_of_range@std@@QEAA@AEBV01@@Z 000000018000dfb0 f i SP3301.obj
 0001:0000d000       ??0logic_error@std@@QEAA@AEBV01@@Z 000000018000e000 f i SP3301.obj
 0001:0000d070       ?_Orphan_range@?$vector@PEAVISP1401@@V?$allocator@PEAVISP1401@@@std@@@std@@IEBAXPEAPEAVISP1401@@0@Z 000000018000e070 f i SP3301.obj
 0001:0000d140       ??0?$_Vector_val@PEAVISP1401@@V?$allocator@PEAVISP1401@@@std@@@std@@IEAA@V?$allocator@PEAVISP1401@@@1@@Z 000000018000e140 f i SP3301.obj
 0001:0000d1b0       ??1?$_Container_base_aux_alloc_empty@V?$allocator@PEAVISP1401@@@std@@@std@@IEAA@XZ 000000018000e1b0 f i SP3301.obj
 0001:0000d1d0       ??0?$allocator@PEAVISP1401@@@std@@QEAA@XZ 000000018000e1d0 f i SP3301.obj
 0001:0000d1e0       ?capacity@?$vector@PEAVCSP1401R1A@@V?$allocator@PEAVCSP1401R1A@@@std@@@std@@QEBA_KXZ 000000018000e1e0 f i SP3301.obj
 0001:0000d240       ?begin@?$vector@PEAVCSP1401R1A@@V?$allocator@PEAVCSP1401R1A@@@std@@@std@@QEAA?AV?$_Vector_iterator@PEAVCSP1401R1A@@V?$allocator@PEAVCSP1401R1A@@@std@@@2@XZ 000000018000e240 f i SP3301.obj
 0001:0000d2a0       ?end@?$vector@PEAVCSP1401R1A@@V?$allocator@PEAVCSP1401R1A@@@std@@@std@@QEAA?AV?$_Vector_iterator@PEAVCSP1401R1A@@V?$allocator@PEAVCSP1401R1A@@@std@@@2@XZ 000000018000e2a0 f i SP3301.obj
 0001:0000d300       ?insert@?$vector@PEAVCSP1401R1A@@V?$allocator@PEAVCSP1401R1A@@@std@@@std@@QEAA?AV?$_Vector_iterator@PEAVCSP1401R1A@@V?$allocator@PEAVCSP1401R1A@@@std@@@2@V?$_Vector_const_iterator@PEAVCSP1401R1A@@V?$allocator@PEAVCSP1401R1A@@@std@@@2@AEBQEAVCSP1401R1A@@@Z 000000018000e300 f i SP3301.obj
 0001:0000d4f0       ?erase@?$vector@PEAVCSP1401R1A@@V?$allocator@PEAVCSP1401R1A@@@std@@@std@@QEAA?AV?$_Vector_iterator@PEAVCSP1401R1A@@V?$allocator@PEAVCSP1401R1A@@@std@@@2@V?$_Vector_const_iterator@PEAVCSP1401R1A@@V?$allocator@PEAVCSP1401R1A@@@std@@@2@0@Z 000000018000e4f0 f i SP3301.obj
 0001:0000d790       ?_Buy@?$vector@PEAVCSP1401R1A@@V?$allocator@PEAVCSP1401R1A@@@std@@@std@@IEAA_N_K@Z 000000018000e790 f i SP3301.obj
 0001:0000d870       ?_Tidy@?$vector@PEAVCSP1401R1A@@V?$allocator@PEAVCSP1401R1A@@@std@@@std@@IEAAXXZ 000000018000e870 f i SP3301.obj
 0001:0000d930       ?_Ufill@?$vector@PEAVCSP1401R1A@@V?$allocator@PEAVCSP1401R1A@@@std@@@std@@IEAAPEAPEAVCSP1401R1A@@PEAPEAV3@_KAEBQEAV3@@Z 000000018000e930 f i SP3301.obj
 0001:0000d990       ?_Xran@?$vector@PEAVCSP1401R1A@@V?$allocator@PEAVCSP1401R1A@@@std@@@std@@KAXXZ 000000018000e990 f i SP3301.obj
 0001:0000da10       ?_Orphan_range@?$vector@PEAVCSP1401R1A@@V?$allocator@PEAVCSP1401R1A@@@std@@@std@@IEBAXPEAPEAVCSP1401R1A@@0@Z 000000018000ea10 f i SP3301.obj
 0001:0000dae0       ??0?$_Vector_val@PEAVCSP1401R1A@@V?$allocator@PEAVCSP1401R1A@@@std@@@std@@IEAA@V?$allocator@PEAVCSP1401R1A@@@1@@Z 000000018000eae0 f i SP3301.obj
 0001:0000db50       ??1?$_Container_base_aux_alloc_empty@V?$allocator@PEAVCSP1401R1A@@@std@@@std@@IEAA@XZ 000000018000eb50 f i SP3301.obj
 0001:0000db70       ??0?$allocator@PEAVCSP1401R1A@@@std@@QEAA@XZ 000000018000eb70 f i SP3301.obj
 0001:0000db80       ?capacity@?$vector@PEAVCSP1401R1C@@V?$allocator@PEAVCSP1401R1C@@@std@@@std@@QEBA_KXZ 000000018000eb80 f i SP3301.obj
 0001:0000dbe0       ?begin@?$vector@PEAVCSP1401R1C@@V?$allocator@PEAVCSP1401R1C@@@std@@@std@@QEAA?AV?$_Vector_iterator@PEAVCSP1401R1C@@V?$allocator@PEAVCSP1401R1C@@@std@@@2@XZ 000000018000ebe0 f i SP3301.obj
 0001:0000dc40       ?end@?$vector@PEAVCSP1401R1C@@V?$allocator@PEAVCSP1401R1C@@@std@@@std@@QEAA?AV?$_Vector_iterator@PEAVCSP1401R1C@@V?$allocator@PEAVCSP1401R1C@@@std@@@2@XZ 000000018000ec40 f i SP3301.obj
 0001:0000dca0       ?insert@?$vector@PEAVCSP1401R1C@@V?$allocator@PEAVCSP1401R1C@@@std@@@std@@QEAA?AV?$_Vector_iterator@PEAVCSP1401R1C@@V?$allocator@PEAVCSP1401R1C@@@std@@@2@V?$_Vector_const_iterator@PEAVCSP1401R1C@@V?$allocator@PEAVCSP1401R1C@@@std@@@2@AEBQEAVCSP1401R1C@@@Z 000000018000eca0 f i SP3301.obj
 0001:0000de90       ?erase@?$vector@PEAVCSP1401R1C@@V?$allocator@PEAVCSP1401R1C@@@std@@@std@@QEAA?AV?$_Vector_iterator@PEAVCSP1401R1C@@V?$allocator@PEAVCSP1401R1C@@@std@@@2@V?$_Vector_const_iterator@PEAVCSP1401R1C@@V?$allocator@PEAVCSP1401R1C@@@std@@@2@0@Z 000000018000ee90 f i SP3301.obj
 0001:0000e130       ?_Buy@?$vector@PEAVCSP1401R1C@@V?$allocator@PEAVCSP1401R1C@@@std@@@std@@IEAA_N_K@Z 000000018000f130 f i SP3301.obj
 0001:0000e210       ?_Tidy@?$vector@PEAVCSP1401R1C@@V?$allocator@PEAVCSP1401R1C@@@std@@@std@@IEAAXXZ 000000018000f210 f i SP3301.obj
 0001:0000e2d0       ?_Ufill@?$vector@PEAVCSP1401R1C@@V?$allocator@PEAVCSP1401R1C@@@std@@@std@@IEAAPEAPEAVCSP1401R1C@@PEAPEAV3@_KAEBQEAV3@@Z 000000018000f2d0 f i SP3301.obj
 0001:0000e330       ?_Orphan_range@?$vector@PEAVCSP1401R1C@@V?$allocator@PEAVCSP1401R1C@@@std@@@std@@IEBAXPEAPEAVCSP1401R1C@@0@Z 000000018000f330 f i SP3301.obj
 0001:0000e400       ??0?$_Vector_val@PEAVCSP1401R1C@@V?$allocator@PEAVCSP1401R1C@@@std@@@std@@IEAA@V?$allocator@PEAVCSP1401R1C@@@1@@Z 000000018000f400 f i SP3301.obj
 0001:0000e470       ??1?$_Container_base_aux_alloc_empty@V?$allocator@PEAVCSP1401R1C@@@std@@@std@@IEAA@XZ 000000018000f470 f i SP3301.obj
 0001:0000e490       ??0?$allocator@PEAVCSP1401R1C@@@std@@QEAA@XZ 000000018000f490 f i SP3301.obj
 0001:0000e4a0       ?capacity@?$vector@PEAVCSP2401R1A@@V?$allocator@PEAVCSP2401R1A@@@std@@@std@@QEBA_KXZ 000000018000f4a0 f i SP3301.obj
 0001:0000e500       ?begin@?$vector@PEAVCSP2401R1A@@V?$allocator@PEAVCSP2401R1A@@@std@@@std@@QEAA?AV?$_Vector_iterator@PEAVCSP2401R1A@@V?$allocator@PEAVCSP2401R1A@@@std@@@2@XZ 000000018000f500 f i SP3301.obj
 0001:0000e560       ?end@?$vector@PEAVCSP2401R1A@@V?$allocator@PEAVCSP2401R1A@@@std@@@std@@QEAA?AV?$_Vector_iterator@PEAVCSP2401R1A@@V?$allocator@PEAVCSP2401R1A@@@std@@@2@XZ 000000018000f560 f i SP3301.obj
 0001:0000e5c0       ?insert@?$vector@PEAVCSP2401R1A@@V?$allocator@PEAVCSP2401R1A@@@std@@@std@@QEAA?AV?$_Vector_iterator@PEAVCSP2401R1A@@V?$allocator@PEAVCSP2401R1A@@@std@@@2@V?$_Vector_const_iterator@PEAVCSP2401R1A@@V?$allocator@PEAVCSP2401R1A@@@std@@@2@AEBQEAVCSP2401R1A@@@Z 000000018000f5c0 f i SP3301.obj
 0001:0000e7b0       ?erase@?$vector@PEAVCSP2401R1A@@V?$allocator@PEAVCSP2401R1A@@@std@@@std@@QEAA?AV?$_Vector_iterator@PEAVCSP2401R1A@@V?$allocator@PEAVCSP2401R1A@@@std@@@2@V?$_Vector_const_iterator@PEAVCSP2401R1A@@V?$allocator@PEAVCSP2401R1A@@@std@@@2@0@Z 000000018000f7b0 f i SP3301.obj
 0001:0000ea50       ?_Buy@?$vector@PEAVCSP2401R1A@@V?$allocator@PEAVCSP2401R1A@@@std@@@std@@IEAA_N_K@Z 000000018000fa50 f i SP3301.obj
 0001:0000eb30       ?_Tidy@?$vector@PEAVCSP2401R1A@@V?$allocator@PEAVCSP2401R1A@@@std@@@std@@IEAAXXZ 000000018000fb30 f i SP3301.obj
 0001:0000ebf0       ?_Ufill@?$vector@PEAVCSP2401R1A@@V?$allocator@PEAVCSP2401R1A@@@std@@@std@@IEAAPEAPEAVCSP2401R1A@@PEAPEAV3@_KAEBQEAV3@@Z 000000018000fbf0 f i SP3301.obj
 0001:0000ec50       ?_Orphan_range@?$vector@PEAVCSP2401R1A@@V?$allocator@PEAVCSP2401R1A@@@std@@@std@@IEBAXPEAPEAVCSP2401R1A@@0@Z 000000018000fc50 f i SP3301.obj
 0001:0000ed20       ??0?$_Vector_val@PEAVCSP2401R1A@@V?$allocator@PEAVCSP2401R1A@@@std@@@std@@IEAA@V?$allocator@PEAVCSP2401R1A@@@1@@Z 000000018000fd20 f i SP3301.obj
 0001:0000ed90       ??1?$_Container_base_aux_alloc_empty@V?$allocator@PEAVCSP2401R1A@@@std@@@std@@IEAA@XZ 000000018000fd90 f i SP3301.obj
 0001:0000edb0       ??0?$allocator@PEAVCSP2401R1A@@@std@@QEAA@XZ 000000018000fdb0 f i SP3301.obj
 0001:0000edc0       ?_Buy@?$vector@V?$basic_string@DU?$char_traits@D@std@@V?$allocator@D@2@@std@@V?$allocator@V?$basic_string@DU?$char_traits@D@std@@V?$allocator@D@2@@std@@@2@@std@@IEAA_N_K@Z 000000018000fdc0 f i SP3301.obj
 0001:0000eea0       ?_Tidy@?$vector@V?$basic_string@DU?$char_traits@D@std@@V?$allocator@D@2@@std@@V?$allocator@V?$basic_string@DU?$char_traits@D@std@@V?$allocator@D@2@@std@@@2@@std@@IEAAXXZ 000000018000fea0 f i SP3301.obj
 0001:0000ef70       ??0?$_Vector_val@V?$basic_string@DU?$char_traits@D@std@@V?$allocator@D@2@@std@@V?$allocator@V?$basic_string@DU?$char_traits@D@std@@V?$allocator@D@2@@std@@@2@@std@@IEAA@V?$allocator@V?$basic_string@DU?$char_traits@D@std@@V?$allocator@D@2@@std@@@1@@Z 000000018000ff70 f i SP3301.obj
 0001:0000efe0       ??1?$_Container_base_aux_alloc_empty@V?$allocator@V?$basic_string@DU?$char_traits@D@std@@V?$allocator@D@2@@std@@@std@@@std@@IEAA@XZ 000000018000ffe0 f i SP3301.obj
 0001:0000f000       ??0?$allocator@V?$basic_string@DU?$char_traits@D@std@@V?$allocator@D@2@@std@@@std@@QEAA@XZ 0000000180010000 f i SP3301.obj
 0001:0000f010       ??0?$_Vector_iterator@V?$basic_string@DU?$char_traits@D@std@@V?$allocator@D@2@@std@@V?$allocator@V?$basic_string@DU?$char_traits@D@std@@V?$allocator@D@2@@std@@@2@@std@@QEAA@PEAV?$basic_string@DU?$char_traits@D@std@@V?$allocator@D@2@@1@PEBV_Container_base_secure@1@@Z 0000000180010010 f i SP3301.obj
 0001:0000f050       ??D?$_Vector_iterator@V?$basic_string@DU?$char_traits@D@std@@V?$allocator@D@2@@std@@V?$allocator@V?$basic_string@DU?$char_traits@D@std@@V?$allocator@D@2@@std@@@2@@std@@QEBAAEAV?$basic_string@DU?$char_traits@D@std@@V?$allocator@D@2@@1@XZ 0000000180010050 f i SP3301.obj
 0001:0000f070       ??E?$_Vector_iterator@V?$basic_string@DU?$char_traits@D@std@@V?$allocator@D@2@@std@@V?$allocator@V?$basic_string@DU?$char_traits@D@std@@V?$allocator@D@2@@std@@@2@@std@@QEAAAEAV01@XZ 0000000180010070 f i SP3301.obj
 0001:0000f0a0       ??0?$_Vector_const_iterator@V?$basic_string@DU?$char_traits@D@std@@V?$allocator@D@2@@std@@V?$allocator@V?$basic_string@DU?$char_traits@D@std@@V?$allocator@D@2@@std@@@2@@std@@QEAA@XZ 00000001800100a0 f i SP3301.obj
 0001:0000f0e0       ??8?$_Vector_const_iterator@V?$basic_string@DU?$char_traits@D@std@@V?$allocator@D@2@@std@@V?$allocator@V?$basic_string@DU?$char_traits@D@std@@V?$allocator@D@2@@std@@@2@@std@@QEBA_NAEBV01@@Z 00000001800100e0 f i SP3301.obj
 0001:0000f140       ??0?$_Iterator@$00@?$list@USegHeader_t@ArbReader@@V?$allocator@USegHeader_t@ArbReader@@@std@@@std@@QEAA@PEAU_Node@?$_List_nod@USegHeader_t@ArbReader@@V?$allocator@USegHeader_t@ArbReader@@@std@@@2@PEBV12@@Z 0000000180010140 f i SP3301.obj
 0001:0000f180       ??E?$_Iterator@$00@?$list@USegHeader_t@ArbReader@@V?$allocator@USegHeader_t@ArbReader@@@std@@@std@@QEAAAEAV012@XZ 0000000180010180 f i SP3301.obj
 0001:0000f1b0       ??0?$_Const_iterator@$00@?$list@USegHeader_t@ArbReader@@V?$allocator@USegHeader_t@ArbReader@@@std@@@std@@QEAA@XZ 00000001800101b0 f i SP3301.obj
 0001:0000f1f0       ??8?$_Const_iterator@$00@?$list@USegHeader_t@ArbReader@@V?$allocator@USegHeader_t@ArbReader@@@std@@@std@@QEBA_NAEBV012@@Z 00000001800101f0 f i SP3301.obj
 0001:0000f250       ??0?$_Iterator@$00@?$list@UArbSeg_t@@V?$allocator@UArbSeg_t@@@std@@@std@@QEAA@PEAU_Node@?$_List_nod@UArbSeg_t@@V?$allocator@UArbSeg_t@@@std@@@2@PEBV12@@Z 0000000180010250 f i SP3301.obj
 0001:0000f290       ??E?$_Iterator@$00@?$list@UArbSeg_t@@V?$allocator@UArbSeg_t@@@std@@@std@@QEAAAEAV012@XZ 0000000180010290 f i SP3301.obj
 0001:0000f2c0       ??0?$_Const_iterator@$00@?$list@UArbSeg_t@@V?$allocator@UArbSeg_t@@@std@@@std@@QEAA@XZ 00000001800102c0 f i SP3301.obj
 0001:0000f300       ??D?$_Const_iterator@$00@?$list@UArbSeg_t@@V?$allocator@UArbSeg_t@@@std@@@std@@QEBAAEBUArbSeg_t@@XZ 0000000180010300 f i SP3301.obj
 0001:0000f410       ??D?$_Vector_iterator@PEAVISP1401@@V?$allocator@PEAVISP1401@@@std@@@std@@QEBAAEAPEAVISP1401@@XZ 0000000180010410 f i SP3301.obj
 0001:0000f430       ??H?$_Vector_iterator@PEAVISP1401@@V?$allocator@PEAVISP1401@@@std@@@std@@QEBA?AV01@_J@Z 0000000180010430 f i SP3301.obj
 0001:0000f4c0       ??D?$_Vector_iterator@PEAVCSP1401R1A@@V?$allocator@PEAVCSP1401R1A@@@std@@@std@@QEBAAEAPEAVCSP1401R1A@@XZ 00000001800104c0 f i SP3301.obj
 0001:0000f4e0       ??H?$_Vector_iterator@PEAVCSP1401R1A@@V?$allocator@PEAVCSP1401R1A@@@std@@@std@@QEBA?AV01@_J@Z 00000001800104e0 f i SP3301.obj
 0001:0000f570       ??0?$_Ranit@V?$basic_string@DU?$char_traits@D@std@@V?$allocator@D@2@@std@@_JPEBV12@AEBV12@@std@@QEAA@XZ 0000000180010570 f i SP3301.obj
 0001:0000f5a0       ??0?$_Bidit@USegHeader_t@ArbReader@@_JPEBU12@AEBU12@@std@@QEAA@XZ 00000001800105a0 f i SP3301.obj
 0001:0000f5d0       ??0?$_Bidit@UArbSeg_t@@_JPEBU1@AEBU1@@std@@QEAA@XZ 00000001800105d0 f i SP3301.obj
 0001:0000f600       ??0?$_Vector_iterator@PEAVISP1401@@V?$allocator@PEAVISP1401@@@std@@@std@@QEAA@AEBV01@@Z 0000000180010600 f i SP3301.obj
 0001:0000f630       ??0?$_Vector_iterator@PEAVCSP1401R1A@@V?$allocator@PEAVCSP1401R1A@@@std@@@std@@QEAA@AEBV01@@Z 0000000180010630 f i SP3301.obj
 0001:0000f660       ??0?$_Iterator_with_base@Urandom_access_iterator_tag@std@@V?$basic_string@DU?$char_traits@D@std@@V?$allocator@D@2@@2@_JPEBV32@AEBV32@V_Iterator_base@2@@std@@QEAA@XZ 0000000180010660 f i SP3301.obj
 0001:0000f690       ??0_Iterator_base@std@@QEAA@XZ 0000000180010690 f i SP3301.obj
 0001:0000f6c0       ??0?$_Iterator_with_base@Ubidirectional_iterator_tag@std@@USegHeader_t@ArbReader@@_JPEBU34@AEBU34@V_Iterator_base@2@@std@@QEAA@XZ 00000001800106c0 f i SP3301.obj
 0001:0000f6f0       ??0?$_Iterator_with_base@Ubidirectional_iterator_tag@std@@UArbSeg_t@@_JPEBU3@AEBU3@V_Iterator_base@2@@std@@QEAA@XZ 00000001800106f0 f i SP3301.obj
 0001:0000f720       ?_Prevnode@?$list@USegHeader_t@ArbReader@@V?$allocator@USegHeader_t@ArbReader@@@std@@@std@@KAAEAPEAU_Node@?$_List_nod@USegHeader_t@ArbReader@@V?$allocator@USegHeader_t@ArbReader@@@std@@@2@PEAU342@@Z 0000000180010720 f i SP3301.obj
 0001:0000f740       ?clear@?$list@USegHeader_t@ArbReader@@V?$allocator@USegHeader_t@ArbReader@@@std@@@std@@QEAAXXZ 0000000180010740 f i SP3301.obj
 0001:0000f850       ??0?$_List_ptr@USegHeader_t@ArbReader@@V?$allocator@USegHeader_t@ArbReader@@@std@@@std@@IEAA@V?$allocator@USegHeader_t@ArbReader@@@1@@Z 0000000180010850 f i SP3301.obj
 0001:0000f8c0       ??0?$allocator@USegHeader_t@ArbReader@@@std@@QEAA@AEBV01@@Z 00000001800108c0 f i SP3301.obj
 0001:0000f8e0       ?deallocate@?$allocator@U_Node@?$_List_nod@USegHeader_t@ArbReader@@V?$allocator@USegHeader_t@ArbReader@@@std@@@std@@@std@@QEAAXPEAU_Node@?$_List_nod@USegHeader_t@ArbReader@@V?$allocator@USegHeader_t@ArbReader@@@std@@@2@_K@Z 00000001800108e0 f i SP3301.obj
 0001:0000f910       ?allocate@?$allocator@U_Node@?$_List_nod@USegHeader_t@ArbReader@@V?$allocator@USegHeader_t@ArbReader@@@std@@@std@@@std@@QEAAPEAU_Node@?$_List_nod@USegHeader_t@ArbReader@@V?$allocator@USegHeader_t@ArbReader@@@std@@@2@_K@Z 0000000180010910 f i SP3301.obj
 0001:0000f940       ?construct@?$allocator@PEAU_Node@?$_List_nod@USegHeader_t@ArbReader@@V?$allocator@USegHeader_t@ArbReader@@@std@@@std@@@std@@QEAAXPEAPEAU_Node@?$_List_nod@USegHeader_t@ArbReader@@V?$allocator@USegHeader_t@ArbReader@@@std@@@2@AEBQEAU342@@Z 0000000180010940 f i SP3301.obj
 0001:0000f970       ?destroy@?$allocator@PEAU_Node@?$_List_nod@USegHeader_t@ArbReader@@V?$allocator@USegHeader_t@ArbReader@@@std@@@std@@@std@@QEAAXPEAPEAU_Node@?$_List_nod@USegHeader_t@ArbReader@@V?$allocator@USegHeader_t@ArbReader@@@std@@@2@@Z 0000000180010970 f i SP3301.obj
 0001:0000f9a0       ?_Prevnode@?$list@UArbSeg_t@@V?$allocator@UArbSeg_t@@@std@@@std@@KAAEAPEAU_Node@?$_List_nod@UArbSeg_t@@V?$allocator@UArbSeg_t@@@std@@@2@PEAU342@@Z 00000001800109a0 f i SP3301.obj
 0001:0000f9c0       ?_Myval@?$list@UArbSeg_t@@V?$allocator@UArbSeg_t@@@std@@@std@@KAAEAUArbSeg_t@@PEAU_Node@?$_List_nod@UArbSeg_t@@V?$allocator@UArbSeg_t@@@std@@@2@@Z 00000001800109c0 f i SP3301.obj
 0001:0000f9e0       ?clear@?$list@UArbSeg_t@@V?$allocator@UArbSeg_t@@@std@@@std@@QEAAXXZ 00000001800109e0 f i SP3301.obj
 0001:0000faf0       ??0?$_List_ptr@UArbSeg_t@@V?$allocator@UArbSeg_t@@@std@@@std@@IEAA@V?$allocator@UArbSeg_t@@@1@@Z 0000000180010af0 f i SP3301.obj
 0001:0000fb60       ??0?$allocator@UArbSeg_t@@@std@@QEAA@AEBV01@@Z 0000000180010b60 f i SP3301.obj
 0001:0000fb80       ?deallocate@?$allocator@U_Node@?$_List_nod@UArbSeg_t@@V?$allocator@UArbSeg_t@@@std@@@std@@@std@@QEAAXPEAU_Node@?$_List_nod@UArbSeg_t@@V?$allocator@UArbSeg_t@@@std@@@2@_K@Z 0000000180010b80 f i SP3301.obj
 0001:0000fbb0       ?allocate@?$allocator@U_Node@?$_List_nod@UArbSeg_t@@V?$allocator@UArbSeg_t@@@std@@@std@@@std@@QEAAPEAU_Node@?$_List_nod@UArbSeg_t@@V?$allocator@UArbSeg_t@@@std@@@2@_K@Z 0000000180010bb0 f i SP3301.obj
 0001:0000fbe0       ?construct@?$allocator@PEAU_Node@?$_List_nod@UArbSeg_t@@V?$allocator@UArbSeg_t@@@std@@@std@@@std@@QEAAXPEAPEAU_Node@?$_List_nod@UArbSeg_t@@V?$allocator@UArbSeg_t@@@std@@@2@AEBQEAU342@@Z 0000000180010be0 f i SP3301.obj
 0001:0000fc10       ?destroy@?$allocator@PEAU_Node@?$_List_nod@UArbSeg_t@@V?$allocator@UArbSeg_t@@@std@@@std@@@std@@QEAAXPEAPEAU_Node@?$_List_nod@UArbSeg_t@@V?$allocator@UArbSeg_t@@@std@@@2@@Z 0000000180010c10 f i SP3301.obj
 0001:0000fc40       ?_Nextnode@?$list@V?$list@UMarker_t@ArbReader@@V?$allocator@UMarker_t@ArbReader@@@std@@@std@@V?$allocator@V?$list@UMarker_t@ArbReader@@V?$allocator@UMarker_t@ArbReader@@@std@@@std@@@2@@std@@KAAEAPEAU_Node@?$_List_nod@V?$list@UMarker_t@ArbReader@@V?$allocator@UMarker_t@ArbReader@@@std@@@std@@V?$allocator@V?$list@UMarker_t@ArbReader@@V?$allocator@UMarker_t@ArbReader@@@std@@@std@@@2@@2@PEAU342@@Z 0000000180010c40 f i SP3301.obj
 0001:0000fc50       ?_Prevnode@?$list@V?$list@UMarker_t@ArbReader@@V?$allocator@UMarker_t@ArbReader@@@std@@@std@@V?$allocator@V?$list@UMarker_t@ArbReader@@V?$allocator@UMarker_t@ArbReader@@@std@@@std@@@2@@std@@KAAEAPEAU_Node@?$_List_nod@V?$list@UMarker_t@ArbReader@@V?$allocator@UMarker_t@ArbReader@@@std@@@std@@V?$allocator@V?$list@UMarker_t@ArbReader@@V?$allocator@UMarker_t@ArbReader@@@std@@@std@@@2@@2@PEAU342@@Z 0000000180010c50 f i SP3301.obj
 0001:0000fc70       ?clear@?$list@V?$list@UMarker_t@ArbReader@@V?$allocator@UMarker_t@ArbReader@@@std@@@std@@V?$allocator@V?$list@UMarker_t@ArbReader@@V?$allocator@UMarker_t@ArbReader@@@std@@@std@@@2@@std@@QEAAXXZ 0000000180010c70 f i SP3301.obj
 0001:0000fd80       ??0?$_List_ptr@V?$list@UMarker_t@ArbReader@@V?$allocator@UMarker_t@ArbReader@@@std@@@std@@V?$allocator@V?$list@UMarker_t@ArbReader@@V?$allocator@UMarker_t@ArbReader@@@std@@@std@@@2@@std@@IEAA@V?$allocator@V?$list@UMarker_t@ArbReader@@V?$allocator@UMarker_t@ArbReader@@@std@@@std@@@1@@Z 0000000180010d80 f i SP3301.obj
 0001:0000fdf0       ??0?$allocator@V?$list@UMarker_t@ArbReader@@V?$allocator@UMarker_t@ArbReader@@@std@@@std@@@std@@QEAA@AEBV01@@Z 0000000180010df0 f i SP3301.obj
 0001:0000fe10       ?deallocate@?$allocator@U_Node@?$_List_nod@V?$list@UMarker_t@ArbReader@@V?$allocator@UMarker_t@ArbReader@@@std@@@std@@V?$allocator@V?$list@UMarker_t@ArbReader@@V?$allocator@UMarker_t@ArbReader@@@std@@@std@@@2@@std@@@std@@QEAAXPEAU_Node@?$_List_nod@V?$list@UMarker_t@ArbReader@@V?$allocator@UMarker_t@ArbReader@@@std@@@std@@V?$allocator@V?$list@UMarker_t@ArbReader@@V?$allocator@UMarker_t@ArbReader@@@std@@@std@@@2@@2@_K@Z 0000000180010e10 f i SP3301.obj
 0001:0000fe40       ?allocate@?$allocator@U_Node@?$_List_nod@V?$list@UMarker_t@ArbReader@@V?$allocator@UMarker_t@ArbReader@@@std@@@std@@V?$allocator@V?$list@UMarker_t@ArbReader@@V?$allocator@UMarker_t@ArbReader@@@std@@@std@@@2@@std@@@std@@QEAAPEAU_Node@?$_List_nod@V?$list@UMarker_t@ArbReader@@V?$allocator@UMarker_t@ArbReader@@@std@@@std@@V?$allocator@V?$list@UMarker_t@ArbReader@@V?$allocator@UMarker_t@ArbReader@@@std@@@std@@@2@@2@_K@Z 0000000180010e40 f i SP3301.obj
 0001:0000fe70       ?construct@?$allocator@PEAU_Node@?$_List_nod@V?$list@UMarker_t@ArbReader@@V?$allocator@UMarker_t@ArbReader@@@std@@@std@@V?$allocator@V?$list@UMarker_t@ArbReader@@V?$allocator@UMarker_t@ArbReader@@@std@@@std@@@2@@std@@@std@@QEAAXPEAPEAU_Node@?$_List_nod@V?$list@UMarker_t@ArbReader@@V?$allocator@UMarker_t@ArbReader@@@std@@@std@@V?$allocator@V?$list@UMarker_t@ArbReader@@V?$allocator@UMarker_t@ArbReader@@@std@@@std@@@2@@2@AEBQEAU342@@Z 0000000180010e70 f i SP3301.obj
 0001:0000fea0       ?destroy@?$allocator@PEAU_Node@?$_List_nod@V?$list@UMarker_t@ArbReader@@V?$allocator@UMarker_t@ArbReader@@@std@@@std@@V?$allocator@V?$list@UMarker_t@ArbReader@@V?$allocator@UMarker_t@ArbReader@@@std@@@std@@@2@@std@@@std@@QEAAXPEAPEAU_Node@?$_List_nod@V?$list@UMarker_t@ArbReader@@V?$allocator@UMarker_t@ArbReader@@@std@@@std@@V?$allocator@V?$list@UMarker_t@ArbReader@@V?$allocator@UMarker_t@ArbReader@@@std@@@std@@@2@@2@@Z 0000000180010ea0 f i SP3301.obj
 0001:0000fed0       ?_Make_iter@?$vector@PEAVISP1401@@V?$allocator@PEAVISP1401@@@std@@@std@@QEBA?AV?$_Vector_iterator@PEAVISP1401@@V?$allocator@PEAVISP1401@@@std@@@2@V?$_Vector_const_iterator@PEAVISP1401@@V?$allocator@PEAVISP1401@@@std@@@2@@Z 0000000180010ed0 f i SP3301.obj
 0001:0000ff50       ?max_size@?$vector@PEAVISP1401@@V?$allocator@PEAVISP1401@@@std@@@std@@QEBA_KXZ 0000000180010f50 f i SP3301.obj
 0001:0000ff80       ?_Destroy@?$vector@PEAVISP1401@@V?$allocator@PEAVISP1401@@@std@@@std@@IEAAXPEAPEAVISP1401@@0@Z 0000000180010f80 f i SP3301.obj
 0001:0000ffc0       ?_Insert_n@?$vector@PEAVISP1401@@V?$allocator@PEAVISP1401@@@std@@@std@@IEAAXV?$_Vector_const_iterator@PEAVISP1401@@V?$allocator@PEAVISP1401@@@std@@@2@_KAEBQEAVISP1401@@@Z 0000000180010fc0 f i SP3301.obj
 0001:000106d0       ?_Xlen@?$vector@PEAVISP1401@@V?$allocator@PEAVISP1401@@@std@@@std@@KAXXZ 00000001800116d0 f i SP3301.obj
 0001:00010750       ??0length_error@std@@QEAA@AEBV?$basic_string@DU?$char_traits@D@std@@V?$allocator@D@2@@1@@Z 0000000180011750 f i SP3301.obj
 0001:000107a0       ??1length_error@std@@UEAA@XZ 00000001800117a0 f i SP3301.obj
 0001:000107d0       ??_Glength_error@std@@UEAAPEAXI@Z 00000001800117d0 f i SP3301.obj
 0001:000107d0       ??_Elength_error@std@@UEAAPEAXI@Z 00000001800117d0 f i SP3301.obj
 0001:00010820       ??0?$_Container_base_aux_alloc_empty@V?$allocator@PEAVISP1401@@@std@@@std@@IEAA@V?$allocator@PEAVISP1401@@@1@@Z 0000000180011820 f i SP3301.obj
 0001:00010850       ??0?$allocator@PEAVISP1401@@@std@@QEAA@AEBV01@@Z 0000000180011850 f i SP3301.obj
 0001:00010870       ?deallocate@?$allocator@PEAVISP1401@@@std@@QEAAXPEAPEAVISP1401@@_K@Z 0000000180011870 f i SP3301.obj
 0001:000108a0       ?allocate@?$allocator@PEAVISP1401@@@std@@QEAAPEAPEAVISP1401@@_K@Z 00000001800118a0 f i SP3301.obj
 0001:000108d0       ?_Make_iter@?$vector@PEAVCSP1401R1A@@V?$allocator@PEAVCSP1401R1A@@@std@@@std@@QEBA?AV?$_Vector_iterator@PEAVCSP1401R1A@@V?$allocator@PEAVCSP1401R1A@@@std@@@2@V?$_Vector_const_iterator@PEAVCSP1401R1A@@V?$allocator@PEAVCSP1401R1A@@@std@@@2@@Z 00000001800118d0 f i SP3301.obj
 0001:00010950       ?max_size@?$vector@PEAVCSP1401R1A@@V?$allocator@PEAVCSP1401R1A@@@std@@@std@@QEBA_KXZ 0000000180011950 f i SP3301.obj
 0001:00010980       ?_Destroy@?$vector@PEAVCSP1401R1A@@V?$allocator@PEAVCSP1401R1A@@@std@@@std@@IEAAXPEAPEAVCSP1401R1A@@0@Z 0000000180011980 f i SP3301.obj
 0001:000109c0       ?_Insert_n@?$vector@PEAVCSP1401R1A@@V?$allocator@PEAVCSP1401R1A@@@std@@@std@@IEAAXV?$_Vector_const_iterator@PEAVCSP1401R1A@@V?$allocator@PEAVCSP1401R1A@@@std@@@2@_KAEBQEAVCSP1401R1A@@@Z 00000001800119c0 f i SP3301.obj
 0001:000110d0       ?_Xlen@?$vector@PEAVCSP1401R1A@@V?$allocator@PEAVCSP1401R1A@@@std@@@std@@KAXXZ 00000001800120d0 f i SP3301.obj
 0001:00011150       ??0?$_Container_base_aux_alloc_empty@V?$allocator@PEAVCSP1401R1A@@@std@@@std@@IEAA@V?$allocator@PEAVCSP1401R1A@@@1@@Z 0000000180012150 f i SP3301.obj
 0001:00011180       ??0?$allocator@PEAVCSP1401R1A@@@std@@QEAA@AEBV01@@Z 0000000180012180 f i SP3301.obj
 0001:000111a0       ?deallocate@?$allocator@PEAVCSP1401R1A@@@std@@QEAAXPEAPEAVCSP1401R1A@@_K@Z 00000001800121a0 f i SP3301.obj
 0001:000111d0       ?allocate@?$allocator@PEAVCSP1401R1A@@@std@@QEAAPEAPEAVCSP1401R1A@@_K@Z 00000001800121d0 f i SP3301.obj
 0001:00011200       ?_Make_iter@?$vector@PEAVCSP1401R1C@@V?$allocator@PEAVCSP1401R1C@@@std@@@std@@QEBA?AV?$_Vector_iterator@PEAVCSP1401R1C@@V?$allocator@PEAVCSP1401R1C@@@std@@@2@V?$_Vector_const_iterator@PEAVCSP1401R1C@@V?$allocator@PEAVCSP1401R1C@@@std@@@2@@Z 0000000180012200 f i SP3301.obj
 0001:00011280       ?max_size@?$vector@PEAVCSP1401R1C@@V?$allocator@PEAVCSP1401R1C@@@std@@@std@@QEBA_KXZ 0000000180012280 f i SP3301.obj
 0001:000112b0       ?_Destroy@?$vector@PEAVCSP1401R1C@@V?$allocator@PEAVCSP1401R1C@@@std@@@std@@IEAAXPEAPEAVCSP1401R1C@@0@Z 00000001800122b0 f i SP3301.obj
 0001:000112f0       ?_Insert_n@?$vector@PEAVCSP1401R1C@@V?$allocator@PEAVCSP1401R1C@@@std@@@std@@IEAAXV?$_Vector_const_iterator@PEAVCSP1401R1C@@V?$allocator@PEAVCSP1401R1C@@@std@@@2@_KAEBQEAVCSP1401R1C@@@Z 00000001800122f0 f i SP3301.obj
 0001:00011a00       ?_Xlen@?$vector@PEAVCSP1401R1C@@V?$allocator@PEAVCSP1401R1C@@@std@@@std@@KAXXZ 0000000180012a00 f i SP3301.obj
 0001:00011a80       ??0?$_Container_base_aux_alloc_empty@V?$allocator@PEAVCSP1401R1C@@@std@@@std@@IEAA@V?$allocator@PEAVCSP1401R1C@@@1@@Z 0000000180012a80 f i SP3301.obj
 0001:00011ab0       ??0?$allocator@PEAVCSP1401R1C@@@std@@QEAA@AEBV01@@Z 0000000180012ab0 f i SP3301.obj
 0001:00011ad0       ?deallocate@?$allocator@PEAVCSP1401R1C@@@std@@QEAAXPEAPEAVCSP1401R1C@@_K@Z 0000000180012ad0 f i SP3301.obj
 0001:00011b00       ?allocate@?$allocator@PEAVCSP1401R1C@@@std@@QEAAPEAPEAVCSP1401R1C@@_K@Z 0000000180012b00 f i SP3301.obj
 0001:00011b30       ?_Make_iter@?$vector@PEAVCSP2401R1A@@V?$allocator@PEAVCSP2401R1A@@@std@@@std@@QEBA?AV?$_Vector_iterator@PEAVCSP2401R1A@@V?$allocator@PEAVCSP2401R1A@@@std@@@2@V?$_Vector_const_iterator@PEAVCSP2401R1A@@V?$allocator@PEAVCSP2401R1A@@@std@@@2@@Z 0000000180012b30 f i SP3301.obj
 0001:00011bb0       ?max_size@?$vector@PEAVCSP2401R1A@@V?$allocator@PEAVCSP2401R1A@@@std@@@std@@QEBA_KXZ 0000000180012bb0 f i SP3301.obj
 0001:00011be0       ?_Destroy@?$vector@PEAVCSP2401R1A@@V?$allocator@PEAVCSP2401R1A@@@std@@@std@@IEAAXPEAPEAVCSP2401R1A@@0@Z 0000000180012be0 f i SP3301.obj
 0001:00011c20       ?_Insert_n@?$vector@PEAVCSP2401R1A@@V?$allocator@PEAVCSP2401R1A@@@std@@@std@@IEAAXV?$_Vector_const_iterator@PEAVCSP2401R1A@@V?$allocator@PEAVCSP2401R1A@@@std@@@2@_KAEBQEAVCSP2401R1A@@@Z 0000000180012c20 f i SP3301.obj
 0001:00012330       ?_Xlen@?$vector@PEAVCSP2401R1A@@V?$allocator@PEAVCSP2401R1A@@@std@@@std@@KAXXZ 0000000180013330 f i SP3301.obj
 0001:000123b0       ??0?$_Container_base_aux_alloc_empty@V?$allocator@PEAVCSP2401R1A@@@std@@@std@@IEAA@V?$allocator@PEAVCSP2401R1A@@@1@@Z 00000001800133b0 f i SP3301.obj
 0001:000123e0       ??0?$allocator@PEAVCSP2401R1A@@@std@@QEAA@AEBV01@@Z 00000001800133e0 f i SP3301.obj
 0001:00012400       ?deallocate@?$allocator@PEAVCSP2401R1A@@@std@@QEAAXPEAPEAVCSP2401R1A@@_K@Z 0000000180013400 f i SP3301.obj
 0001:00012430       ?allocate@?$allocator@PEAVCSP2401R1A@@@std@@QEAAPEAPEAVCSP2401R1A@@_K@Z 0000000180013430 f i SP3301.obj
 0001:00012460       ?max_size@?$vector@V?$basic_string@DU?$char_traits@D@std@@V?$allocator@D@2@@std@@V?$allocator@V?$basic_string@DU?$char_traits@D@std@@V?$allocator@D@2@@std@@@2@@std@@QEBA_KXZ 0000000180013460 f i SP3301.obj
 0001:00012490       ?_Destroy@?$vector@V?$basic_string@DU?$char_traits@D@std@@V?$allocator@D@2@@std@@V?$allocator@V?$basic_string@DU?$char_traits@D@std@@V?$allocator@D@2@@std@@@2@@std@@IEAAXPEAV?$basic_string@DU?$char_traits@D@std@@V?$allocator@D@2@@2@0@Z 0000000180013490 f i SP3301.obj
 0001:000124d0       ?_Xlen@?$vector@V?$basic_string@DU?$char_traits@D@std@@V?$allocator@D@2@@std@@V?$allocator@V?$basic_string@DU?$char_traits@D@std@@V?$allocator@D@2@@std@@@2@@std@@KAXXZ 00000001800134d0 f i SP3301.obj
 0001:00012550       ??0?$_Container_base_aux_alloc_empty@V?$allocator@V?$basic_string@DU?$char_traits@D@std@@V?$allocator@D@2@@std@@@std@@@std@@IEAA@V?$allocator@V?$basic_string@DU?$char_traits@D@std@@V?$allocator@D@2@@std@@@1@@Z 0000000180013550 f i SP3301.obj
 0001:00012580       ??0?$allocator@V?$basic_string@DU?$char_traits@D@std@@V?$allocator@D@2@@std@@@std@@QEAA@AEBV01@@Z 0000000180013580 f i SP3301.obj
 0001:000125a0       ?deallocate@?$allocator@V?$basic_string@DU?$char_traits@D@std@@V?$allocator@D@2@@std@@@std@@QEAAXPEAV?$basic_string@DU?$char_traits@D@std@@V?$allocator@D@2@@2@_K@Z 00000001800135a0 f i SP3301.obj
 0001:000125d0       ?allocate@?$allocator@V?$basic_string@DU?$char_traits@D@std@@V?$allocator@D@2@@std@@@std@@QEAAPEAV?$basic_string@DU?$char_traits@D@std@@V?$allocator@D@2@@2@_K@Z 00000001800135d0 f i SP3301.obj
 0001:00012600       ??0?$_Vector_const_iterator@V?$basic_string@DU?$char_traits@D@std@@V?$allocator@D@2@@std@@V?$allocator@V?$basic_string@DU?$char_traits@D@std@@V?$allocator@D@2@@std@@@2@@std@@QEAA@PEAV?$basic_string@DU?$char_traits@D@std@@V?$allocator@D@2@@1@PEBV_Container_base_secure@1@@Z 0000000180013600 f i SP3301.obj
 0001:00012710       ??D?$_Vector_const_iterator@V?$basic_string@DU?$char_traits@D@std@@V?$allocator@D@2@@std@@V?$allocator@V?$basic_string@DU?$char_traits@D@std@@V?$allocator@D@2@@std@@@2@@std@@QEBAAEBV?$basic_string@DU?$char_traits@D@std@@V?$allocator@D@2@@1@XZ 0000000180013710 f i SP3301.obj
 0001:00012810       ??E?$_Vector_const_iterator@V?$basic_string@DU?$char_traits@D@std@@V?$allocator@D@2@@std@@V?$allocator@V?$basic_string@DU?$char_traits@D@std@@V?$allocator@D@2@@std@@@2@@std@@QEAAAEAV01@XZ 0000000180013810 f i SP3301.obj
 0001:000129b0       ?_Getmycont@_Iterator_base@std@@QEBAPEBV_Container_base_secure@2@XZ 00000001800139b0 f i SP3301.obj
 0001:000129d0       ?_Has_container@_Iterator_base@std@@QEBA_NXZ 00000001800139d0 f i SP3301.obj
 0001:00012a10       ?_Compat@?$_Vector_const_iterator@V?$basic_string@DU?$char_traits@D@std@@V?$allocator@D@2@@std@@V?$allocator@V?$basic_string@DU?$char_traits@D@std@@V?$allocator@D@2@@std@@@2@@std@@QEBAXAEBV12@@Z 0000000180013a10 f i SP3301.obj
 0001:00012af0       ??0?$_Const_iterator@$00@?$list@USegHeader_t@ArbReader@@V?$allocator@USegHeader_t@ArbReader@@@std@@@std@@QEAA@PEAU_Node@?$_List_nod@USegHeader_t@ArbReader@@V?$allocator@USegHeader_t@ArbReader@@@std@@@2@PEBV12@@Z 0000000180013af0 f i SP3301.obj
 0001:00012b60       ??E?$_Const_iterator@$00@?$list@USegHeader_t@ArbReader@@V?$allocator@USegHeader_t@ArbReader@@@std@@@std@@QEAAAEAV012@XZ 0000000180013b60 f i SP3301.obj
 0001:00012c80       ?_Compat@?$_Const_iterator@$00@?$list@USegHeader_t@ArbReader@@V?$allocator@USegHeader_t@ArbReader@@@std@@@std@@QEBAXAEBV123@@Z 0000000180013c80 f i SP3301.obj
 0001:00012d70       ??0?$_Const_iterator@$00@?$list@UArbSeg_t@@V?$allocator@UArbSeg_t@@@std@@@std@@QEAA@PEAU_Node@?$_List_nod@UArbSeg_t@@V?$allocator@UArbSeg_t@@@std@@@2@PEBV12@@Z 0000000180013d70 f i SP3301.obj
 0001:00012de0       ??E?$_Const_iterator@$00@?$list@UArbSeg_t@@V?$allocator@UArbSeg_t@@@std@@@std@@QEAAAEAV012@XZ 0000000180013de0 f i SP3301.obj
 0001:00012f00       ??0?$_Vector_iterator@PEAVISP1401@@V?$allocator@PEAVISP1401@@@std@@@std@@QEAA@PEAPEAVISP1401@@PEBV_Container_base_secure@1@@Z 0000000180013f00 f i SP3301.obj
 0001:00012f40       ??Y?$_Vector_iterator@PEAVISP1401@@V?$allocator@PEAVISP1401@@@std@@@std@@QEAAAEAV01@_J@Z 0000000180013f40 f i SP3301.obj
 0001:00012f70       ??D?$_Vector_const_iterator@PEAVISP1401@@V?$allocator@PEAVISP1401@@@std@@@std@@QEBAAEBQEAVISP1401@@XZ 0000000180013f70 f i SP3301.obj
 0001:00013070       ??G?$_Vector_const_iterator@PEAVISP1401@@V?$allocator@PEAVISP1401@@@std@@@std@@QEBA_JAEBV01@@Z 0000000180014070 f i SP3301.obj
 0001:000130c0       ??9?$_Vector_const_iterator@PEAVISP1401@@V?$allocator@PEAVISP1401@@@std@@@std@@QEBA_NAEBV01@@Z 00000001800140c0 f i SP3301.obj
 0001:00013110       ??M?$_Vector_const_iterator@PEAVISP1401@@V?$allocator@PEAVISP1401@@@std@@@std@@QEBA_NAEBV01@@Z 0000000180014110 f i SP3301.obj
 0001:00013170       ??0?$_Vector_iterator@PEAVCSP1401R1A@@V?$allocator@PEAVCSP1401R1A@@@std@@@std@@QEAA@PEAPEAVCSP1401R1A@@PEBV_Container_base_secure@1@@Z 0000000180014170 f i SP3301.obj
 0001:000131b0       ??Y?$_Vector_iterator@PEAVCSP1401R1A@@V?$allocator@PEAVCSP1401R1A@@@std@@@std@@QEAAAEAV01@_J@Z 00000001800141b0 f i SP3301.obj
 0001:000131e0       ??D?$_Vector_const_iterator@PEAVCSP1401R1A@@V?$allocator@PEAVCSP1401R1A@@@std@@@std@@QEBAAEBQEAVCSP1401R1A@@XZ 00000001800141e0 f i SP3301.obj
 0001:000132e0       ??G?$_Vector_const_iterator@PEAVCSP1401R1A@@V?$allocator@PEAVCSP1401R1A@@@std@@@std@@QEBA_JAEBV01@@Z 00000001800142e0 f i SP3301.obj
 0001:00013330       ??9?$_Vector_const_iterator@PEAVCSP1401R1A@@V?$allocator@PEAVCSP1401R1A@@@std@@@std@@QEBA_NAEBV01@@Z 0000000180014330 f i SP3301.obj
 0001:00013380       ??M?$_Vector_const_iterator@PEAVCSP1401R1A@@V?$allocator@PEAVCSP1401R1A@@@std@@@std@@QEBA_NAEBV01@@Z 0000000180014380 f i SP3301.obj
 0001:000133e0       ??0?$_Vector_iterator@PEAVCSP1401R1C@@V?$allocator@PEAVCSP1401R1C@@@std@@@std@@QEAA@PEAPEAVCSP1401R1C@@PEBV_Container_base_secure@1@@Z 00000001800143e0 f i SP3301.obj
 0001:00013420       ??H?$_Vector_iterator@PEAVCSP1401R1C@@V?$allocator@PEAVCSP1401R1C@@@std@@@std@@QEBA?AV01@_J@Z 0000000180014420 f i SP3301.obj
 0001:000134b0       ??G?$_Vector_const_iterator@PEAVCSP1401R1C@@V?$allocator@PEAVCSP1401R1C@@@std@@@std@@QEBA_JAEBV01@@Z 00000001800144b0 f i SP3301.obj
 0001:00013500       ??9?$_Vector_const_iterator@PEAVCSP1401R1C@@V?$allocator@PEAVCSP1401R1C@@@std@@@std@@QEBA_NAEBV01@@Z 0000000180014500 f i SP3301.obj
 0001:00013550       ??M?$_Vector_const_iterator@PEAVCSP1401R1C@@V?$allocator@PEAVCSP1401R1C@@@std@@@std@@QEBA_NAEBV01@@Z 0000000180014550 f i SP3301.obj
 0001:000135b0       ??0?$_Vector_iterator@PEAVCSP2401R1A@@V?$allocator@PEAVCSP2401R1A@@@std@@@std@@QEAA@PEAPEAVCSP2401R1A@@PEBV_Container_base_secure@1@@Z 00000001800145b0 f i SP3301.obj
 0001:000135f0       ??H?$_Vector_iterator@PEAVCSP2401R1A@@V?$allocator@PEAVCSP2401R1A@@@std@@@std@@QEBA?AV01@_J@Z 00000001800145f0 f i SP3301.obj
 0001:00013680       ??G?$_Vector_const_iterator@PEAVCSP2401R1A@@V?$allocator@PEAVCSP2401R1A@@@std@@@std@@QEBA_JAEBV01@@Z 0000000180014680 f i SP3301.obj
 0001:000136d0       ??9?$_Vector_const_iterator@PEAVCSP2401R1A@@V?$allocator@PEAVCSP2401R1A@@@std@@@std@@QEBA_NAEBV01@@Z 00000001800146d0 f i SP3301.obj
 0001:00013720       ??M?$_Vector_const_iterator@PEAVCSP2401R1A@@V?$allocator@PEAVCSP2401R1A@@@std@@@std@@QEBA_NAEBV01@@Z 0000000180014720 f i SP3301.obj
 0001:00013780       ??0length_error@std@@QEAA@AEBV01@@Z 0000000180014780 f i SP3301.obj
 0001:000137d0       ??0?$_Vector_iterator@PEAVCSP1401R1C@@V?$allocator@PEAVCSP1401R1C@@@std@@@std@@QEAA@AEBV01@@Z 00000001800147d0 f i SP3301.obj
 0001:00013800       ??0?$_Vector_iterator@PEAVCSP2401R1A@@V?$allocator@PEAVCSP2401R1A@@@std@@@std@@QEAA@AEBV01@@Z 0000000180014800 f i SP3301.obj
 0001:00013830       ?_Orphan_ptr@?$list@USegHeader_t@ArbReader@@V?$allocator@USegHeader_t@ArbReader@@@std@@@std@@IEBAXAEAV12@PEAU_Node@?$_List_nod@USegHeader_t@ArbReader@@V?$allocator@USegHeader_t@ArbReader@@@std@@@2@@Z 0000000180014830 f i SP3301.obj
 0001:00013910       ??0?$_List_nod@USegHeader_t@ArbReader@@V?$allocator@USegHeader_t@ArbReader@@@std@@@std@@IEAA@V?$allocator@USegHeader_t@ArbReader@@@1@@Z 0000000180014910 f i SP3301.obj
 0001:00013980       ?destroy@?$allocator@U_Node@?$_List_nod@USegHeader_t@ArbReader@@V?$allocator@USegHeader_t@ArbReader@@@std@@@std@@@std@@QEAAXPEAU_Node@?$_List_nod@USegHeader_t@ArbReader@@V?$allocator@USegHeader_t@ArbReader@@@std@@@2@@Z 0000000180014980 f i SP3301.obj
 0001:000139b0       ?_Orphan_ptr@?$list@UArbSeg_t@@V?$allocator@UArbSeg_t@@@std@@@std@@IEBAXAEAV12@PEAU_Node@?$_List_nod@UArbSeg_t@@V?$allocator@UArbSeg_t@@@std@@@2@@Z 00000001800149b0 f i SP3301.obj
 0001:00013a90       ??0?$_List_nod@UArbSeg_t@@V?$allocator@UArbSeg_t@@@std@@@std@@IEAA@V?$allocator@UArbSeg_t@@@1@@Z 0000000180014a90 f i SP3301.obj
 0001:00013b00       ?destroy@?$allocator@U_Node@?$_List_nod@UArbSeg_t@@V?$allocator@UArbSeg_t@@@std@@@std@@@std@@QEAAXPEAU_Node@?$_List_nod@UArbSeg_t@@V?$allocator@UArbSeg_t@@@std@@@2@@Z 0000000180014b00 f i SP3301.obj
 0001:00013b30       ?_Orphan_ptr@?$list@V?$list@UMarker_t@ArbReader@@V?$allocator@UMarker_t@ArbReader@@@std@@@std@@V?$allocator@V?$list@UMarker_t@ArbReader@@V?$allocator@UMarker_t@ArbReader@@@std@@@std@@@2@@std@@IEBAXAEAV12@PEAU_Node@?$_List_nod@V?$list@UMarker_t@ArbReader@@V?$allocator@UMarker_t@ArbReader@@@std@@@std@@V?$allocator@V?$list@UMarker_t@ArbReader@@V?$allocator@UMarker_t@ArbReader@@@std@@@std@@@2@@2@@Z 0000000180014b30 f i SP3301.obj
 0001:00013c10       ??0?$_List_nod@V?$list@UMarker_t@ArbReader@@V?$allocator@UMarker_t@ArbReader@@@std@@@std@@V?$allocator@V?$list@UMarker_t@ArbReader@@V?$allocator@UMarker_t@ArbReader@@@std@@@std@@@2@@std@@IEAA@V?$allocator@V?$list@UMarker_t@ArbReader@@V?$allocator@UMarker_t@ArbReader@@@std@@@std@@@1@@Z 0000000180014c10 f i SP3301.obj
 0001:00013c80       ?destroy@?$allocator@U_Node@?$_List_nod@V?$list@UMarker_t@ArbReader@@V?$allocator@UMarker_t@ArbReader@@@std@@@std@@V?$allocator@V?$list@UMarker_t@ArbReader@@V?$allocator@UMarker_t@ArbReader@@@std@@@std@@@2@@std@@@std@@QEAAXPEAU_Node@?$_List_nod@V?$list@UMarker_t@ArbReader@@V?$allocator@UMarker_t@ArbReader@@@std@@@std@@V?$allocator@V?$list@UMarker_t@ArbReader@@V?$allocator@UMarker_t@ArbReader@@@std@@@std@@@2@@2@@Z 0000000180014c80 f i SP3301.obj
 0001:00013cb0       ?max_size@?$allocator@PEAVISP1401@@@std@@QEBA_KXZ 0000000180014cb0 f i SP3301.obj
 0001:00013d00       ?max_size@?$allocator@PEAVCSP1401R1A@@@std@@QEBA_KXZ 0000000180014d00 f i SP3301.obj
 0001:00013d50       ?max_size@?$allocator@PEAVCSP1401R1C@@@std@@QEBA_KXZ 0000000180014d50 f i SP3301.obj
 0001:00013da0       ?max_size@?$allocator@PEAVCSP2401R1A@@@std@@QEBA_KXZ 0000000180014da0 f i SP3301.obj
 0001:00013df0       ?max_size@?$allocator@V?$basic_string@DU?$char_traits@D@std@@V?$allocator@D@2@@std@@@std@@QEBA_KXZ 0000000180014df0 f i SP3301.obj
 0001:00013e40       ??0?$_Vector_const_iterator@PEAVISP1401@@V?$allocator@PEAVISP1401@@@std@@@std@@QEAA@PEAPEAVISP1401@@PEBV_Container_base_secure@1@@Z 0000000180014e40 f i SP3301.obj
 0001:00013f50       ??Y?$_Vector_const_iterator@PEAVISP1401@@V?$allocator@PEAVISP1401@@@std@@@std@@QEAAAEAV01@_J@Z 0000000180014f50 f i SP3301.obj
 0001:000140f0       ??8?$_Vector_const_iterator@PEAVISP1401@@V?$allocator@PEAVISP1401@@@std@@@std@@QEBA_NAEBV01@@Z 00000001800150f0 f i SP3301.obj
 0001:00014150       ?_Compat@?$_Vector_const_iterator@PEAVISP1401@@V?$allocator@PEAVISP1401@@@std@@@std@@QEBAXAEBV12@@Z 0000000180015150 f i SP3301.obj
 0001:00014230       ??0?$_Vector_const_iterator@PEAVCSP1401R1A@@V?$allocator@PEAVCSP1401R1A@@@std@@@std@@QEAA@PEAPEAVCSP1401R1A@@PEBV_Container_base_secure@1@@Z 0000000180015230 f i SP3301.obj
 0001:00014340       ??Y?$_Vector_const_iterator@PEAVCSP1401R1A@@V?$allocator@PEAVCSP1401R1A@@@std@@@std@@QEAAAEAV01@_J@Z 0000000180015340 f i SP3301.obj
 0001:000144e0       ??8?$_Vector_const_iterator@PEAVCSP1401R1A@@V?$allocator@PEAVCSP1401R1A@@@std@@@std@@QEBA_NAEBV01@@Z 00000001800154e0 f i SP3301.obj
 0001:00014540       ?_Compat@?$_Vector_const_iterator@PEAVCSP1401R1A@@V?$allocator@PEAVCSP1401R1A@@@std@@@std@@QEBAXAEBV12@@Z 0000000180015540 f i SP3301.obj
 0001:00014620       ??Y?$_Vector_iterator@PEAVCSP1401R1C@@V?$allocator@PEAVCSP1401R1C@@@std@@@std@@QEAAAEAV01@_J@Z 0000000180015620 f i SP3301.obj
 0001:00014650       ??0?$_Vector_const_iterator@PEAVCSP1401R1C@@V?$allocator@PEAVCSP1401R1C@@@std@@@std@@QEAA@PEAPEAVCSP1401R1C@@PEBV_Container_base_secure@1@@Z 0000000180015650 f i SP3301.obj
 0001:00014760       ??8?$_Vector_const_iterator@PEAVCSP1401R1C@@V?$allocator@PEAVCSP1401R1C@@@std@@@std@@QEBA_NAEBV01@@Z 0000000180015760 f i SP3301.obj
 0001:000147c0       ?_Compat@?$_Vector_const_iterator@PEAVCSP1401R1C@@V?$allocator@PEAVCSP1401R1C@@@std@@@std@@QEBAXAEBV12@@Z 00000001800157c0 f i SP3301.obj
 0001:000148a0       ??Y?$_Vector_iterator@PEAVCSP2401R1A@@V?$allocator@PEAVCSP2401R1A@@@std@@@std@@QEAAAEAV01@_J@Z 00000001800158a0 f i SP3301.obj
 0001:000148d0       ??0?$_Vector_const_iterator@PEAVCSP2401R1A@@V?$allocator@PEAVCSP2401R1A@@@std@@@std@@QEAA@PEAPEAVCSP2401R1A@@PEBV_Container_base_secure@1@@Z 00000001800158d0 f i SP3301.obj
 0001:000149e0       ??8?$_Vector_const_iterator@PEAVCSP2401R1A@@V?$allocator@PEAVCSP2401R1A@@@std@@@std@@QEBA_NAEBV01@@Z 00000001800159e0 f i SP3301.obj
 0001:00014a40       ?_Compat@?$_Vector_const_iterator@PEAVCSP2401R1A@@V?$allocator@PEAVCSP2401R1A@@@std@@@std@@QEBAXAEBV12@@Z 0000000180015a40 f i SP3301.obj
 0001:00014b20       ??0?$_Ranit@PEAVISP1401@@_JPEBQEAV1@AEBQEAV1@@std@@QEAA@XZ 0000000180015b20 f i SP3301.obj
 0001:00014b50       ??0?$_Ranit@PEAVCSP1401R1A@@_JPEBQEAV1@AEBQEAV1@@std@@QEAA@XZ 0000000180015b50 f i SP3301.obj
 0001:00014b80       ??0?$_Ranit@PEAVCSP1401R1C@@_JPEBQEAV1@AEBQEAV1@@std@@QEAA@XZ 0000000180015b80 f i SP3301.obj
 0001:00014bb0       ??0?$_Ranit@PEAVCSP2401R1A@@_JPEBQEAV1@AEBQEAV1@@std@@QEAA@XZ 0000000180015bb0 f i SP3301.obj
 0001:00014be0       ??0?$_Iterator_with_base@Urandom_access_iterator_tag@std@@PEAVISP1401@@_JPEBQEAV3@AEBQEAV3@V_Iterator_base@2@@std@@QEAA@XZ 0000000180015be0 f i SP3301.obj
 0001:00014c10       ??0?$_Iterator_with_base@Urandom_access_iterator_tag@std@@PEAVCSP1401R1A@@_JPEBQEAV3@AEBQEAV3@V_Iterator_base@2@@std@@QEAA@XZ 0000000180015c10 f i SP3301.obj
 0001:00014c40       ??0?$_Iterator_with_base@Urandom_access_iterator_tag@std@@PEAVCSP1401R1C@@_JPEBQEAV3@AEBQEAV3@V_Iterator_base@2@@std@@QEAA@XZ 0000000180015c40 f i SP3301.obj
 0001:00014c70       ??0?$_Iterator_with_base@Urandom_access_iterator_tag@std@@PEAVCSP2401R1A@@_JPEBQEAV3@AEBQEAV3@V_Iterator_base@2@@std@@QEAA@XZ 0000000180015c70 f i SP3301.obj
 0001:00014ca0       ??0?$_Container_base_aux_alloc_empty@V?$allocator@USegHeader_t@ArbReader@@@std@@@std@@IEAA@V?$allocator@USegHeader_t@ArbReader@@@1@@Z 0000000180015ca0 f i SP3301.obj
 0001:00014cd0       ??0?$_Container_base_aux_alloc_empty@V?$allocator@UArbSeg_t@@@std@@@std@@IEAA@V?$allocator@UArbSeg_t@@@1@@Z 0000000180015cd0 f i SP3301.obj
 0001:00014d00       ??0?$_Container_base_aux_alloc_empty@V?$allocator@V?$list@UMarker_t@ArbReader@@V?$allocator@UMarker_t@ArbReader@@@std@@@std@@@std@@@std@@IEAA@V?$allocator@V?$list@UMarker_t@ArbReader@@V?$allocator@UMarker_t@ArbReader@@@std@@@std@@@1@@Z 0000000180015d00 f i SP3301.obj
 0001:00014d30       ??Y?$_Vector_const_iterator@PEAVCSP1401R1C@@V?$allocator@PEAVCSP1401R1C@@@std@@@std@@QEAAAEAV01@_J@Z 0000000180015d30 f i SP3301.obj
 0001:00014ed0       ??Y?$_Vector_const_iterator@PEAVCSP2401R1A@@V?$allocator@PEAVCSP2401R1A@@@std@@@std@@QEAAAEAV01@_J@Z 0000000180015ed0 f i SP3301.obj
 0001:00015070       ??$unchecked_copy@PEAPEAVISP1401@@PEAPEAV1@@stdext@@YAPEAPEAVISP1401@@PEAPEAV1@00@Z 0000000180016070 f i SP3301.obj
 0001:00015130       ??$unchecked_uninitialized_fill_n@PEAPEAVISP1401@@_KPEAV1@V?$allocator@PEAVISP1401@@@std@@@stdext@@YAXPEAPEAVISP1401@@_KAEBQEAV1@AEAV?$allocator@PEAVISP1401@@@std@@@Z 0000000180016130 f i SP3301.obj
 0001:000151c0       ??$unchecked_copy@PEAPEAVCSP1401R1A@@PEAPEAV1@@stdext@@YAPEAPEAVCSP1401R1A@@PEAPEAV1@00@Z 00000001800161c0 f i SP3301.obj
 0001:00015280       ??$unchecked_uninitialized_fill_n@PEAPEAVCSP1401R1A@@_KPEAV1@V?$allocator@PEAVCSP1401R1A@@@std@@@stdext@@YAXPEAPEAVCSP1401R1A@@_KAEBQEAV1@AEAV?$allocator@PEAVCSP1401R1A@@@std@@@Z 0000000180016280 f i SP3301.obj
 0001:00015310       ??$unchecked_copy@PEAPEAVCSP1401R1C@@PEAPEAV1@@stdext@@YAPEAPEAVCSP1401R1C@@PEAPEAV1@00@Z 0000000180016310 f i SP3301.obj
 0001:000153d0       ??$unchecked_uninitialized_fill_n@PEAPEAVCSP1401R1C@@_KPEAV1@V?$allocator@PEAVCSP1401R1C@@@std@@@stdext@@YAXPEAPEAVCSP1401R1C@@_KAEBQEAV1@AEAV?$allocator@PEAVCSP1401R1C@@@std@@@Z 00000001800163d0 f i SP3301.obj
 0001:00015460       ??$unchecked_copy@PEAPEAVCSP2401R1A@@PEAPEAV1@@stdext@@YAPEAPEAVCSP2401R1A@@PEAPEAV1@00@Z 0000000180016460 f i SP3301.obj
 0001:00015520       ??$unchecked_uninitialized_fill_n@PEAPEAVCSP2401R1A@@_KPEAV1@V?$allocator@PEAVCSP2401R1A@@@std@@@stdext@@YAXPEAPEAVCSP2401R1A@@_KAEBQEAV1@AEAV?$allocator@PEAVCSP2401R1A@@@std@@@Z 0000000180016520 f i SP3301.obj
 0001:000155b0       ??$?0USegHeader_t@ArbReader@@@?$allocator@PEAU_Node@?$_List_nod@USegHeader_t@ArbReader@@V?$allocator@USegHeader_t@ArbReader@@@std@@@std@@@std@@QEAA@AEBV?$allocator@USegHeader_t@ArbReader@@@1@@Z 00000001800165b0 f i SP3301.obj
 0001:000155d0       ??$_Allocate@U_Node@?$_List_nod@USegHeader_t@ArbReader@@V?$allocator@USegHeader_t@ArbReader@@@std@@@std@@@std@@YAPEAU_Node@?$_List_nod@USegHeader_t@ArbReader@@V?$allocator@USegHeader_t@ArbReader@@@std@@@0@_KPEAU120@@Z 00000001800165d0 f i SP3301.obj
 0001:00015660       ??0bad_alloc@std@@QEAA@PEBD@Z 0000000180016660 f i SP3301.obj
 0001:000156b0       ??1bad_alloc@std@@UEAA@XZ  00000001800166b0 f i SP3301.obj
 0001:000156f0       ??_Gbad_alloc@std@@UEAAPEAXI@Z 00000001800166f0 f i SP3301.obj
 0001:000156f0       ??_Ebad_alloc@std@@UEAAPEAXI@Z 00000001800166f0 f i SP3301.obj
 0001:00015740       ??0bad_alloc@std@@QEAA@AEBV01@@Z 0000000180016740 f i SP3301.obj
 0001:00015790       ??$_Construct@PEAU_Node@?$_List_nod@USegHeader_t@ArbReader@@V?$allocator@USegHeader_t@ArbReader@@@std@@@std@@PEAU123@@std@@YAXPEAPEAU_Node@?$_List_nod@USegHeader_t@ArbReader@@V?$allocator@USegHeader_t@ArbReader@@@std@@@0@AEBQEAU120@@Z 0000000180016790 f i SP3301.obj
 0001:00015810       ??2@YAPEAX_KPEAX@Z         0000000180016810 f i SP3301.obj
 0001:00015830       ??$_Destroy@PEAU_Node@?$_List_nod@USegHeader_t@ArbReader@@V?$allocator@USegHeader_t@ArbReader@@@std@@@std@@@std@@YAXPEAPEAU_Node@?$_List_nod@USegHeader_t@ArbReader@@V?$allocator@USegHeader_t@ArbReader@@@std@@@0@@Z 0000000180016830 f i SP3301.obj
 0001:00015840       ??$?0UArbSeg_t@@@?$allocator@PEAU_Node@?$_List_nod@UArbSeg_t@@V?$allocator@UArbSeg_t@@@std@@@std@@@std@@QEAA@AEBV?$allocator@UArbSeg_t@@@1@@Z 0000000180016840 f i SP3301.obj
[...]
 0002:000049d0       ??_R2type_info@@8          00000001800259d0     MSVCRTD:ti_inst.obj
 0002:000049e0       ??_R1A@?0A@EA@type_info@@8 00000001800259e0     MSVCRTD:ti_inst.obj
 0002:00004b30       __rtc_iaa                  0000000180025b30     MSVCRTD:_initsect_.obj
 0002:00004c40       __rtc_izz                  0000000180025c40     MSVCRTD:_initsect_.obj
 0002:00004d50       __rtc_taa                  0000000180025d50     MSVCRTD:_initsect_.obj
 0002:00004e60       __rtc_tzz                  0000000180025e60     MSVCRTD:_initsect_.obj
 0002:00008cb8       _TI3?AVout_of_range@std@@  0000000180029cb8     SP3301.obj
 0002:00008cd8       _CTA3?AVout_of_range@std@@ 0000000180029cd8     SP3301.obj
 0002:00008cf8       _CT??_R0?AVout_of_range@std@@@8??0out_of_range@std@@QEAA@AEBV01@@Z72 0000000180029cf8     SP3301.obj
 0002:00008d20       _CT??_R0?AVlogic_error@std@@@8??0logic_error@std@@QEAA@AEBV01@@Z72 0000000180029d20     SP3301.obj
 0002:00008d48       _CT??_R0?AVexception@std@@@8??0exception@std@@QEAA@AEBV01@@Z24 0000000180029d48     SP3301.obj
 0002:00008d70       _TI3?AVlength_error@std@@  0000000180029d70     SP3301.obj
 0002:00008d90       _CTA3?AVlength_error@std@@ 0000000180029d90     SP3301.obj
 0002:00008db0       _CT??_R0?AVlength_error@std@@@8??0length_error@std@@QEAA@AEBV01@@Z72 0000000180029db0     SP3301.obj
 0002:00008dd8       _TI2?AVbad_alloc@std@@     0000000180029dd8     SP3301.obj
 0002:00008df8       _CTA2?AVbad_alloc@std@@    0000000180029df8     SP3301.obj
 0002:00008e10       _CT??_R0?AVbad_alloc@std@@@8??0bad_alloc@std@@QEAA@AEBV01@@Z24 0000000180029e10     SP3301.obj
 0003:00000010       ??_R0?AVCSP3301@@@8        000000018002b010     SP3301.obj
 0003:00000038       ??_R0?AVout_of_range@std@@@8 000000018002b038     SP3301.obj
 0003:00000068       ??_R0?AVlogic_error@std@@@8 000000018002b068     SP3301.obj
 0003:00000098       ??_R0?AVexception@std@@@8  000000018002b098     SP3301.obj
 0003:000000c8       ??_R0?AVlength_error@std@@@8 000000018002b0c8     SP3301.obj
 0003:000000f8       ??_R0?AVbad_alloc@std@@@8  000000018002b0f8     SP3301.obj
 0003:00000128       ?pDriveVer@@3PEBDEB        000000018002b128     version_.obj
 0003:00000134       _fltused                   000000018002b134     MSVCRTD:dllsupp.obj
 0003:00000138       ??_R0?AVtype_info@@@8      000000018002b138     MSVCRTD:ti_inst.obj
 0003:00000158       __security_cookie          000000018002b158     MSVCRTD:gs_cookie.obj
 0003:00000160       __security_cookie_complement 000000018002b160     MSVCRTD:gs_cookie.obj
 0003:00000170       __native_dllmain_reason    000000018002b170     MSVCRTD:natstart.obj
 0003:00000174       __native_vcclrit_reason    000000018002b174     MSVCRTD:natstart.obj
 0003:00002310       _forceCRTManifestRTM       000000018002d310     MSVCRTD:crtmanifestrtm.obj
 0003:00002318       ?__type_info_root_node@@3U__type_info_node@@A 000000018002d318     MSVCRTD:tncleanup.obj
 0003:00002328       __native_startup_state     000000018002d328     <common>
 0003:00002338       __native_startup_lock      000000018002d338     <common>
 0003:00002340       __dyn_tls_init_callback    000000018002d340     <common>
 0003:00002358       __onexitend                000000018002d358     <common>
 0003:00002370       __onexitbegin              000000018002d370     <common>
 0005:00000000       __IMPORT_DESCRIPTOR_MSVCP90D 0000000180031000     msvcprtd:MSVCP90D.dll
 0005:00000014       __IMPORT_DESCRIPTOR_libLog 0000000180031014     libLog:libLog.dll
 0005:00000028       __IMPORT_DESCRIPTOR_libBusDriver 0000000180031028     libBusDriver:libBusDriver.dll
 0005:0000003c       __IMPORT_DESCRIPTOR_libSP1401 000000018003103c     libSP1401:libSP1401.dll
 0005:00000050       __IMPORT_DESCRIPTOR_libSP2401 0000000180031050     libSP2401:libSP2401.dll
 0005:00000064       __IMPORT_DESCRIPTOR_MSVCR90D 0000000180031064     MSVCRTD:MSVCR90D.dll
 0005:00000078       __IMPORT_DESCRIPTOR_KERNEL32 0000000180031078     kernel32:KERNEL32.dll
 0005:0000008c       __NULL_IMPORT_DESCRIPTOR   000000018003108c     msvcprtd:MSVCP90D.dll
 0005:00000830       __imp_TerminateProcess     0000000180031830     kernel32:KERNEL32.dll
 0005:00000838       __imp_GetCurrentProcess    0000000180031838     kernel32:KERNEL32.dll
 0005:00000840       __imp_UnhandledExceptionFilter 0000000180031840     kernel32:KERNEL32.dll
 0005:00000848       __imp_SetUnhandledExceptionFilter 0000000180031848     kernel32:KERNEL32.dll
 0005:00000850       __imp_IsDebuggerPresent    0000000180031850     kernel32:KERNEL32.dll
 0005:00000858       __imp_RtlVirtualUnwind     0000000180031858     kernel32:KERNEL32.dll
 0005:00000860       __imp_RtlLookupFunctionEntry 0000000180031860     kernel32:KERNEL32.dll
 0005:00000868       __imp_RtlCaptureContext    0000000180031868     kernel32:KERNEL32.dll
 0005:00000870       __imp_QueryPerformanceCounter 0000000180031870     kernel32:KERNEL32.dll
 0005:00000878       __imp_GetTickCount         0000000180031878     kernel32:KERNEL32.dll
 0005:00000880       __imp_DisableThreadLibraryCalls 0000000180031880     kernel32:KERNEL32.dll
 0005:00000888       __imp_GetSystemTimeAsFileTime 0000000180031888     kernel32:KERNEL32.dll
 0005:00000890       __imp_GetCurrentProcessId  0000000180031890     kernel32:KERNEL32.dll
 0005:00000898       __imp_GetCurrentThreadId   0000000180031898     kernel32:KERNEL32.dll
 0005:000008a0       __imp_Sleep                00000001800318a0     kernel32:KERNEL32.dll
 0005:000008a8       \177KERNEL32_NULL_THUNK_DATA 00000001800318a8     kernel32:KERNEL32.dll
 0005:00000918       __imp_??0_Container_base_secure@std@@QEAA@XZ 0000000180031918     msvcprtd:MSVCP90D.dll
 0005:00000920       __imp_?_Orphan_all@_Container_base_secure@std@@QEBAXXZ 0000000180031920     msvcprtd:MSVCP90D.dll
 0005:00000928       __imp_??1_Container_base_secure@std@@QEAA@XZ 0000000180031928     msvcprtd:MSVCP90D.dll
 0005:00000930       __imp_??0?$basic_string@DU?$char_traits@D@std@@V?$allocator@D@2@@std@@QEAA@PEBD@Z 0000000180031930     msvcprtd:MSVCP90D.dll
 0005:00000938       __imp_??0?$basic_string@DU?$char_traits@D@std@@V?$allocator@D@2@@std@@QEAA@AEBV01@@Z 0000000180031938     msvcprtd:MSVCP90D.dll
 0005:00000940       __imp_?_Debug_message@std@@YAXPEB_W0I@Z 0000000180031940     msvcprtd:MSVCP90D.dll
 0005:00000948       __imp_??0_Lockit@std@@QEAA@H@Z 0000000180031948     msvcprtd:MSVCP90D.dll
 0005:00000950       __imp_??1_Lockit@std@@QEAA@XZ 0000000180031950     msvcprtd:MSVCP90D.dll
 0005:00000958       __imp_?c_str@?$basic_string@DU?$char_traits@D@std@@V?$allocator@D@2@@std@@QEBAPEBDXZ 0000000180031958     msvcprtd:MSVCP90D.dll
 0005:00000960       __imp_??1?$basic_string@DU?$char_traits@D@std@@V?$allocator@D@2@@std@@QEAA@XZ 0000000180031960     msvcprtd:MSVCP90D.dll
 0005:00000968       \177MSVCP90D_NULL_THUNK_DATA 0000000180031968     msvcprtd:MSVCP90D.dll
 0005:000009d0       __imp___clean_type_info_names_internal 00000001800319d0     MSVCRTD:MSVCR90D.dll
 0005:000009d8       __imp___crt_debugger_hook  00000001800319d8     MSVCRTD:MSVCR90D.dll
 0005:000009e0       __imp_?_type_info_dtor_internal_method@type_info@@QEAAXXZ 00000001800319e0     MSVCRTD:MSVCR90D.dll
 0005:000009e8       __imp___CppXcptFilter      00000001800319e8     MSVCRTD:MSVCR90D.dll
 0005:000009f0       __imp__amsg_exit           00000001800319f0     MSVCRTD:MSVCR90D.dll
 0005:000009f8       __imp__initterm_e          00000001800319f8     MSVCRTD:MSVCR90D.dll
 0005:00000a00       __imp__initterm            0000000180031a00     MSVCRTD:MSVCR90D.dll
 0005:00000a08       __imp__CrtSetCheckCount    0000000180031a08     MSVCRTD:MSVCR90D.dll
 0005:00000a10       __imp__encoded_null        0000000180031a10     MSVCRTD:MSVCR90D.dll
 0005:00000a18       __imp__free_dbg            0000000180031a18     MSVCRTD:MSVCR90D.dll
 0005:00000a20       __imp__malloc_dbg          0000000180031a20     MSVCRTD:MSVCR90D.dll
 0005:00000a28       __imp_?terminate@@YAXXZ    0000000180031a28     MSVCRTD:MSVCR90D.dll
 0005:00000a30       __imp__decode_pointer      0000000180031a30     MSVCRTD:MSVCR90D.dll
 0005:00000a38       __imp__onexit              0000000180031a38     MSVCRTD:MSVCR90D.dll
 0005:00000a40       __imp__lock                0000000180031a40     MSVCRTD:MSVCR90D.dll
 0005:00000a48       __imp__encode_pointer      0000000180031a48     MSVCRTD:MSVCR90D.dll
 0005:00000a50       __imp___dllonexit          0000000180031a50     MSVCRTD:MSVCR90D.dll
 0005:00000a58       __imp__unlock              0000000180031a58     MSVCRTD:MSVCR90D.dll
 0005:00000a60       __imp___C_specific_handler 0000000180031a60     MSVCRTD:MSVCR90D.dll
 0005:00000a68       __imp_memmove_s            0000000180031a68     MSVCRTD:MSVCR90D.dll
 0005:00000a70       __imp_?what@exception@std@@UEBAPEBDXZ 0000000180031a70     MSVCRTD:MSVCR90D.dll
 0005:00000a78       __imp_??0exception@std@@QEAA@AEBQEBD@Z 0000000180031a78     MSVCRTD:MSVCR90D.dll
 0005:00000a80       __imp_??0exception@std@@QEAA@XZ 0000000180031a80     MSVCRTD:MSVCR90D.dll
 0005:00000a88       __imp_??1exception@std@@UEAA@XZ 0000000180031a88     MSVCRTD:MSVCR90D.dll
 0005:00000a90       __imp_??0exception@std@@QEAA@AEBV01@@Z 0000000180031a90     MSVCRTD:MSVCR90D.dll
 0005:00000a98       __imp__CxxThrowException   0000000180031a98     MSVCRTD:MSVCR90D.dll
 0005:00000aa0       __imp__CrtDbgReportW       0000000180031aa0     MSVCRTD:MSVCR90D.dll
 0005:00000aa8       __imp__invalid_parameter   0000000180031aa8     MSVCRTD:MSVCR90D.dll
 0005:00000ab0       __imp_fread                0000000180031ab0     MSVCRTD:MSVCR90D.dll
 0005:00000ab8       __imp_memset               0000000180031ab8     MSVCRTD:MSVCR90D.dll
 0005:00000ac0       __imp_strcat               0000000180031ac0     MSVCRTD:MSVCR90D.dll
 0005:00000ac8       __imp_sprintf              0000000180031ac8     MSVCRTD:MSVCR90D.dll
 0005:00000ad0       __imp_strcmp               0000000180031ad0     MSVCRTD:MSVCR90D.dll
 0005:00000ad8       __imp_strcpy               0000000180031ad8     MSVCRTD:MSVCR90D.dll
 0005:00000ae0       __imp_??2@YAPEAX_K@Z       0000000180031ae0     MSVCRTD:MSVCR90D.dll
 0005:00000ae8       __imp_??3@YAXPEAX@Z        0000000180031ae8     MSVCRTD:MSVCR90D.dll
 0005:00000af0       __imp___CxxFrameHandler3   0000000180031af0     MSVCRTD:MSVCR90D.dll
 0005:00000af8       \177MSVCR90D_NULL_THUNK_DATA 0000000180031af8     MSVCRTD:MSVCR90D.dll
 0005:00000b88       __imp_??0viPCIDev@@QEAA@XZ 0000000180031b88     libBusDriver:libBusDriver.dll
 0005:00000b90       __imp_??0CGeneralIniFile@@QEAA@PEBD@Z 0000000180031b90     libBusDriver:libBusDriver.dll
 0005:00000b98       __imp_?GetConfigStringValue@CGeneralIniFile@@QEAAHPEBD0PEAD@Z 0000000180031b98     libBusDriver:libBusDriver.dll
 0005:00000ba0       __imp_?GetDevices@viPCIDev@@UEAAHAEAV?$vector@V?$basic_string@DU?$char_traits@D@std@@V?$allocator@D@2@@std@@V?$allocator@V?$basic_string@DU?$char_traits@D@std@@V?$allocator@D@2@@std@@@2@@std@@@Z 0000000180031ba0     libBusDriver:libBusDriver.dll
 0005:00000ba8       __imp_??0viPCIDev@@QEAA@PEBD@Z 0000000180031ba8     libBusDriver:libBusDriver.dll
 0005:00000bb0       __imp_??1viPCIDev@@UEAA@XZ 0000000180031bb0     libBusDriver:libBusDriver.dll
 0005:00000bb8       \177libBusDriver_NULL_THUNK_DATA 0000000180031bb8     libBusDriver:libBusDriver.dll
 0005:00000c18       __imp_?Instance@CLog@@SAPEAV1@XZ 0000000180031c18     libLog:libLog.dll
 0005:00000c20       __imp_?SetLastError@CLog@@QEAAXPEBDZZ 0000000180031c20     libLog:libLog.dll
 0005:00000c28       \177libLog_NULL_THUNK_DATA 0000000180031c28     libLog:libLog.dll
 0005:00000c80       __imp_?GetTxTemp@CSP1401R1A@@QEAAHAEAN@Z 0000000180031c80     libSP1401:libSP1401.dll
 0005:00000c88       __imp_?GetRxTemp@CSP1401R1A@@QEAAHAEAN@Z 0000000180031c88     libSP1401:libSP1401.dll
 0005:00000c90       __imp_?RSendPhyAddr@DMAMgr@@QEAAHPEAVviPCIDev@@@Z 0000000180031c90     libSP1401:libSP1401.dll
 0005:00000c98       __imp_?GetTemp5TxLO1@CSP1401R1C@@QEAAHPEAN@Z 0000000180031c98     libSP1401:libSP1401.dll
 0005:00000ca0       __imp_?GetTemp6TxPA4@CSP1401R1C@@QEAAHPEAN@Z 0000000180031ca0     libSP1401:libSP1401.dll
 0005:00000ca8       __imp_?GetTemp7TxPA3@CSP1401R1C@@QEAAHPEAN@Z 0000000180031ca8     libSP1401:libSP1401.dll
 0005:00000cb0       __imp_?GetTemp0RxLO2@CSP1401R1C@@QEAAHPEAN@Z 0000000180031cb0     libSP1401:libSP1401.dll
 0005:00000cb8       __imp_?GetTemp1RxLNA@CSP1401R1C@@QEAAHPEAN@Z 0000000180031cb8     libSP1401:libSP1401.dll
 0005:00000cc0       __imp_?GetTemp2RxLO1@CSP1401R1C@@QEAAHPEAN@Z 0000000180031cc0     libSP1401:libSP1401.dll
 0005:00000cc8       __imp_?GetTemp3RxPA1@CSP1401R1C@@QEAAHPEAN@Z 0000000180031cc8     libSP1401:libSP1401.dll
 0005:00000cd0       __imp_?GetTemp4TxLO2@CSP1401R1C@@QEAAHPEAN@Z 0000000180031cd0     libSP1401:libSP1401.dll
 0005:00000cd8       __imp_?Get@RxFilter_80M_TableR1C@@QEAAX_KPEAUDataM@1@@Z 0000000180031cd8     libSP1401:libSP1401.dll
 0005:00000ce0       __imp_??0CSP1401R1C@@QEAA@II@Z 0000000180031ce0     libSP1401:libSP1401.dll
 0005:00000ce8       __imp_??0CSP1401R1A@@QEAA@II@Z 0000000180031ce8     libSP1401:libSP1401.dll
 0005:00000cf0       __imp_?Get@X9119TableR1C@@QEAAXAEAFAEAM@Z 0000000180031cf0     libSP1401:libSP1401.dll
 0005:00000cf8       __imp_?Get@X9119TableR1A@@QEAAXAEAF@Z 0000000180031cf8     libSP1401:libSP1401.dll
 0005:00000d00       __imp_?_2Double@DataM@RxFilter_80M_TableR1C@@QEAAXPEAN0@Z 0000000180031d00     libSP1401:libSP1401.dll
 0005:00000d08       __imp_?Get@RxFilter_160M_TableR1C@@QEAAX_KPEAUDataM@1@@Z 0000000180031d08     libSP1401:libSP1401.dll
 0005:00000d10       __imp_?_2Double@DataM@RxFilter_160M_TableR1C@@QEAAXPEAN0@Z 0000000180031d10     libSP1401:libSP1401.dll
 0005:00000d18       __imp_?Get@RxRefTableR1A@@QEAAX_KNW4IOMode@SP1401@@AEA_JAEAW4RxLNAAtt@3@AEANAEAH@Z 0000000180031d18     libSP1401:libSP1401.dll
 0005:00000d20       __imp_?SetRxAtt@CSP1401R1A@@QEAAHNH@Z 0000000180031d20     libSP1401:libSP1401.dll
 0005:00000d28       __imp_?Get@RxRefOPTableR1C@@QEAAX_KNPEAURxStateM@1@@Z 0000000180031d28     libSP1401:libSP1401.dll
 0005:00000d30       __imp_?Get@RxAttOPTableR1C@@QEAAH_KN@Z 0000000180031d30     libSP1401:libSP1401.dll
 0005:00000d38       __imp_?Get@RxRefIOTableR1C@@QEAAX_KNPEAURxStateM@RxRefOPTableR1C@@@Z 0000000180031d38     libSP1401:libSP1401.dll
 0005:00000d40       __imp_?Get@RxAttIOTableR1C@@QEAAH_KN@Z 0000000180031d40     libSP1401:libSP1401.dll
 0005:00000d48       __imp_?SetRxAtt019Sw@CSP1401R1C@@QEAAHW4RxAtt019@SP1401@@@Z 0000000180031d48     libSP1401:libSP1401.dll
 0005:00000d50       __imp_?SetRxAtt@CSP1401R1C@@QEAAHNNN@Z 0000000180031d50     libSP1401:libSP1401.dll
 0005:00000d58       __imp_?Load@ArbReader@@QEAAHPEBD@Z 0000000180031d58     libSP1401:libSP1401.dll
 0005:00000d60       __imp_?IsLoaded@ArbReader@@QEAA_NXZ 0000000180031d60     libSP1401:libSP1401.dll
 0005:00000d68       __imp_?Load@ArbReader@@QEAAPEAU_iobuf@@PEAUParam_t@1@PEAV?$vector@V?$vector@UData_t@ArbReader@@V?$allocator@UData_t@ArbReader@@@std@@@std@@V?$allocator@V?$vector@UData_t@ArbReader@@V?$allocator@UData_t@ArbReader@@@std@@@std@@@2@@std@@@Z 0000000180031d68     libSP1401:libSP1401.dll
 0005:00000d70       __imp_?GetUsrSpc@DMAMgr@@QEBAPEAIXZ 0000000180031d70     libSP1401:libSP1401.dll
 0005:00000d78       __imp_?FpgaRead@DMAMgr@@QEAAHPEAVviPCIDev@@PEAIIPEAM@Z 0000000180031d78     libSP1401:libSP1401.dll
 0005:00000d80       __imp_?Get@TxFilter_80M_TableR1C@@QEAAX_KPEAUDataM@1@@Z 0000000180031d80     libSP1401:libSP1401.dll
 0005:00000d88       __imp_?_2Double@DataM@TxFilter_80M_TableR1C@@QEAAXPEAN0@Z 0000000180031d88     libSP1401:libSP1401.dll
 0005:00000d90       __imp_?Get@TxFilter_160M_TableR1C@@QEAAX_KPEAUDataM@1@@Z 0000000180031d90     libSP1401:libSP1401.dll
 0005:00000d98       __imp_?_2Double@DataM@TxFilter_160M_TableR1C@@QEAAXPEAN0@Z 0000000180031d98     libSP1401:libSP1401.dll
 0005:00000da0       __imp_?Get@TxSidebandTableR1A@@QEAAX_KAEANAEAG2@Z 0000000180031da0     libSP1401:libSP1401.dll
 0005:00000da8       __imp_?Get@TxLOLeakageTableR1A@@QEAAX_KAEAF1@Z 0000000180031da8     libSP1401:libSP1401.dll
 0005:00000db0       __imp_?Get@TxLOLeakageTableR1C@@QEAAX_KPEAUDataM@1@@Z 0000000180031db0     libSP1401:libSP1401.dll
 0005:00000db8       __imp_?Get@TxSidebandTableR1C@@QEAAX_KPEAUDataM@1@@Z 0000000180031db8     libSP1401:libSP1401.dll
 0005:00000dc0       __imp_?GetBw@ICalFile@@QEAA?AW4BW@SP1401@@XZ 0000000180031dc0     libSP1401:libSP1401.dll
 0005:00000dc8       __imp_?GetTxPower@CalFileR1A@@QEAAX_KNW4IOMode@SP1401@@AEANAEAH3AEAW4TxPAAtt@3@3@Z 0000000180031dc8     libSP1401:libSP1401.dll
 0005:00000dd0       __imp_?GetTxAtt@CalFileR1A@@QEAAX_KW4IOMode@SP1401@@HAEAN@Z 0000000180031dd0     libSP1401:libSP1401.dll
 0005:00000dd8       __imp_?SetTxPAAttSw@CSP1401R1A@@QEAAHW4TxPAAtt@SP1401@@@Z 0000000180031dd8     libSP1401:libSP1401.dll
 0005:00000de0       __imp_?SyncSetTxGain@CSP1401R1A@@QEAAHHHHN@Z 0000000180031de0     libSP1401:libSP1401.dll
 0005:00000de8       __imp_?Get@TxPowerOPTableR1C@@QEAAX_KNPEAUDataM@1@@Z 0000000180031de8     libSP1401:libSP1401.dll
 0005:00000df0       __imp_?Get@TxAttOPTableR1C@@QEAAM_KN@Z 0000000180031df0     libSP1401:libSP1401.dll
 0005:00000df8       __imp_?Get@TxPowerIOTableR1C@@QEAAX_KNPEAUDataM@1@@Z 0000000180031df8     libSP1401:libSP1401.dll
 0005:00000e00       __imp_?Get@TxAttIOTableR1C@@QEAAM_KN@Z 0000000180031e00     libSP1401:libSP1401.dll
 0005:00000e08       __imp_?Instance@DMAMgr@@SAPEAV1@XZ 0000000180031e08     libSP1401:libSP1401.dll
 0005:00000e10       __imp_?RAlloc@DMAMgr@@QEAAHXZ 0000000180031e10     libSP1401:libSP1401.dll
 0005:00000e18       __imp_?WAlloc@DMAMgr@@QEAAHXZ 0000000180031e18     libSP1401:libSP1401.dll
 0005:00000e20       __imp_?IsValidSN@ISP1401@@SAHPEBD@Z 0000000180031e20     libSP1401:libSP1401.dll
 0005:00000e28       __imp_?GetHwVer@ISP1401@@SAHPEBDAEAW4HwVer@1@@Z 0000000180031e28     libSP1401:libSP1401.dll
 0005:00000e30       __imp_?WSendPhyAddr@DMAMgr@@QEAAHPEAVviPCIDev@@@Z 0000000180031e30     libSP1401:libSP1401.dll
 0005:00000e38       \177libSP1401_NULL_THUNK_DATA 0000000180031e38     libSP1401:libSP1401.dll
 0005:00000ee8       __imp_?SetRxFilter@CSP2401R1A@@QEAAHPEAN0@Z 0000000180031ee8     libSP2401:libSP2401.dll
 0005:00000ef0       __imp_?SetDDC@CSP2401R1A@@QEAAHN@Z 0000000180031ef0     libSP2401:libSP2401.dll
 0005:00000ef8       __imp_?SetRxPowerComp@CSP2401R1A@@QEAAHH@Z 0000000180031ef8     libSP2401:libSP2401.dll
 0005:00000f00       __imp_?SetDDS1@CSP2401R1A@@QEAAHN@Z 0000000180031f00     libSP2401:libSP2401.dll
 0005:00000f08       __imp_?SetTxFilter@CSP2401R1A@@QEAAHPEAN0@Z 0000000180031f08     libSP2401:libSP2401.dll
 0005:00000f10       __imp_?SetTxPhaseRotateI@CSP2401R1A@@QEAAHN@Z 0000000180031f10     libSP2401:libSP2401.dll
 0005:00000f18       __imp_?SetTxAmplitudeBalance@CSP2401R1A@@QEAAHGG@Z 0000000180031f18     libSP2401:libSP2401.dll
 0005:00000f20       __imp_?SetTxDCOffset@CSP2401R1A@@QEAAHGG@Z 0000000180031f20     libSP2401:libSP2401.dll
 0005:00000f28       __imp_?SetDUCDDS@CSP2401R1A@@QEAAHN@Z 0000000180031f28     libSP2401:libSP2401.dll
 0005:00000f30       __imp_?SetFpgaBit@CSP2401R1A@@QEAAHPEBDH@Z 0000000180031f30     libSP2401:libSP2401.dll
 0005:00000f38       __imp_?OpenBoard@CSP2401R1A@@QEAAHPEAVviPCIDev@@0@Z 0000000180031f38     libSP2401:libSP2401.dll
 0005:00000f40       __imp_?GetS6Ver@CSP2401R1A@@QEAAIAEAI@Z 0000000180031f40     libSP2401:libSP2401.dll
 0005:00000f48       __imp_??0CSP2401R1A@@QEAA@I@Z 0000000180031f48     libSP2401:libSP2401.dll
 0005:00000f50       __imp_?SetDDSSrc@CSP2401R1A@@QEAAHW4DASrc@1@@Z 0000000180031f50     libSP2401:libSP2401.dll
 0005:00000f58       \177libSP2401_NULL_THUNK_DATA 0000000180031f58     libSP2401:libSP2401.dll

 entry point at        0001:00019b90

