 libSP3301

 Timestamp is 59e71c46 (Wed Oct 18 17:17:58 2017)

 Preferred load address is 0000000180000000

 Start         Length     Name                   Class
 0001:00000000 0001b3feH .text                   CODE
 0001:0001b400 00003346H .text$x                 CODE
 0001:0001e750 000010c3H .text$yd                CODE
 0002:00000000 00000109H .CRT$XCA                DATA
 0002:00000110 00000109H .CRT$XCZ                DATA
 0002:00000220 00000109H .CRT$XIA                DATA
 0002:00000330 00000109H .CRT$XIAA               DATA
 0002:00000440 00000109H .CRT$XIZ                DATA
 0002:00000550 00003fb6H .rdata                  DATA
 0002:00004508 00000148H .rdata$debug            DATA
 0002:00004650 000004deH .rdata$r                DATA
 0002:00004b30 00000109H .rtc$IAA                DATA
 0002:00004c40 00000109H .rtc$IZZ                DATA
 0002:00004d50 00000109H .rtc$TAA                DATA
 0002:00004e60 00000109H .rtc$TZZ                DATA
 0002:00004f6c 00003d46H .xdata                  DATA
 0002:00008cb8 000002abH .xdata$x                DATA
 0002:00008f70 00000c2eH .edata                  DATA
 0003:00000000 0000028fH .data                   DATA
 0003:00000290 000020e8H .bss                    DATA
 0004:00000000 00002304H .pdata                  DATA
 0005:00000000 0000008cH .idata$2                DATA
 0005:0000008c 00000014H .idata$3                DATA
 0005:000000a0 00000790H .idata$4                DATA
 0005:00000830 00000790H .idata$5                DATA
 0005:00000fc0 000017b4H .idata$6                DATA
 0006:00000000 00000169H .rsrc$01                DATA
 0006:00000170 00000a99H .rsrc$02                DATA

  Address         Publics by Value              Rva+Base               Lib:Object

 0000:00000000       ___safe_se_handler_table   0000000000000000     <absolute>
 0000:00000000       ___safe_se_handler_count   0000000000000000     <absolute>
 0000:00000000       __ImageBase                0000000180000000     <linker-defined>
 0001:000017d0       ??0CSP3301@@QEAA@I@Z       00000001800027d0 f   SP3301.obj
 0001:00001d30       ??1CSP3301@@UEAA@XZ        0000000180002d30 f   SP3301.obj
 0001:00002050       ??4CSP3301@@AEAAAEAV0@AEAV0@@Z 0000000180003050 f   SP3301.obj
 0001:00002070       ?Instance@CSP3301@@SAAEAV1@I@Z 0000000180003070 f   SP3301.obj
 0001:00002270       ??0RFUInfo@CSP3301@@QEAA@PEBD000@Z 0000000180003270 f   SP3301.obj
 0001:00002310       ?GetActive@CSP3301@@QEAA?AUActive@1@XZ 0000000180003310 f   SP3301.obj
 0001:00002360       ?GetInfo@CSP3301@@QEAA?AURFUInfo@1@XZ 0000000180003360 f   SP3301.obj
 0001:000023c0       ?GetOCXO@CSP3301@@QEAAHAEAF@Z 00000001800033c0 f   SP3301.obj
 0001:000023f0       ?Boot@CSP3301@@QEAAHXZ     00000001800033f0 f   SP3301.obj
 0001:000041c0       ?SetLoadBit@CSP3301@@QEAAH_N0PEAD1@Z 00000001800051c0 f   SP3301.obj
 0001:00004240       ?LoadBit@CSP3301@@QEAAHXZ  0000000180005240 f   SP3301.obj
 0001:00004320       ?GetRfPort@CSP3301@@QEAAHXZ 0000000180005320 f   SP3301.obj
 0001:00004380       ?GetSN@CSP3301@@QEAAHPEAD@Z 0000000180005380 f   SP3301.obj
 0001:000043c0       ?GetVer@CSP3301@@QEAAHPEAD@Z 00000001800053c0 f   SP3301.obj
 0001:000043f0       ?GetDriverVer@CSP3301@@QEAAPEBDXZ 00000001800053f0 f   SP3301.obj
 0001:00004410       ?AssK7Name@CSP3301@@QEAA?AV?$basic_string@DU?$char_traits@D@std@@V?$allocator@D@2@@std@@II@Z 0000000180005410 f   SP3301.obj
 0001:00004500       ?AssS6Name@CSP3301@@QEAA?AV?$basic_string@DU?$char_traits@D@std@@V?$allocator@D@2@@std@@I@Z 0000000180005500 f   SP3301.obj
 0001:000045e0       ?RF_SetTxState@CSP3301@@QEAAHI_N@Z 00000001800055e0 f   SP3301.obj
 0001:00004740       ?RF_SetTxPower@CSP3301@@QEAAHIM@Z 0000000180005740 f   SP3301.obj
 0001:00004ce0       ?RF_SetTxFreq@CSP3301@@QEAAHI_K@Z 0000000180005ce0 f   SP3301.obj
 0001:00005130       ?RF_SetTxBW@CSP3301@@QEAAHIW4BW@SP1401@@@Z 0000000180006130 f   SP3301.obj
 0001:00005380       ?RF_SetTxDelay@CSP3301@@QEAAHIN@Z 0000000180006380 f   SP3301.obj
 0001:000053a0       ?RF_SetTxSource@CSP3301@@QEAAHIW4DASrc@CSP2401R1A@@@Z 00000001800063a0 f   SP3301.obj
 0001:00005440       ?RF_SetSrcFreq@CSP3301@@QEAAHI_K@Z 0000000180006440 f   SP3301.obj
 0001:000054f0       ?ArbLoad@CSP3301@@QEAAHIPEAD@Z 00000001800064f0 f   SP3301.obj
 0001:00006430       ?RF_SetArbEn@CSP3301@@QEAAHI_N@Z 0000000180007430 f   SP3301.obj
 0001:00006450       ?RF_SetArbTrigSrc@CSP3301@@QEAAHIW4ARB_TRIGGERMODE@1@@Z 0000000180007450 f   SP3301.obj
 0001:00006470       ?RF_SetArbTrig@CSP3301@@QEAAHI@Z 0000000180007470 f   SP3301.obj
 0001:00006490       ?RF_SetArbCount@CSP3301@@QEAAHIH@Z 0000000180007490 f   SP3301.obj
 0001:000064b0       ?RF_SetRxLevel@CSP3301@@QEAAHIN@Z 00000001800074b0 f   SP3301.obj
 0001:00006900       ?RF_SetRxFreq@CSP3301@@QEAAHI_K@Z 0000000180007900 f   SP3301.obj
 0001:00006ac0       ?RF_SetRxBW@CSP3301@@QEAAHIW4BW@SP1401@@@Z 0000000180007ac0 f   SP3301.obj
 0001:00006d10       ?RF_SetRxDelay@CSP3301@@QEAAHIN@Z 0000000180007d10 f   SP3301.obj
 0001:00006d30       ?RF_SetIOMode@CSP3301@@QEAAHIW4IOMode@SP1401@@@Z 0000000180007d30 f   SP3301.obj
 0001:00006de0       ?RF_SetTrigSrc@CSP3301@@QEAAHIW4RFU_TRIGGERSOURCE@1@@Z 0000000180007de0 f   SP3301.obj
 0001:00006e00       ?RF_SetTrigMode@CSP3301@@QEAAHIW4IQCapSrcs@ISP1401@@@Z 0000000180007e00 f   SP3301.obj
 0001:00006ea0       ?RF_SetTrigLevel@CSP3301@@QEAAHIM@Z 0000000180007ea0 f   SP3301.obj
 0001:00006f40       ?RF_SetTrigOffset@CSP3301@@QEAAHII@Z 0000000180007f40 f   SP3301.obj
 0001:00006fe0       ?RF_SetIQCapLength@CSP3301@@QEAAHII@Z 0000000180007fe0 f   SP3301.obj
 0001:00007080       ?RF_SetIQDataMap@CSP3301@@QEAAHIPEAG@Z 0000000180008080 f   SP3301.obj
 0001:000070a0       ?RF_InitPowerMeas@CSP3301@@QEAAHI@Z 00000001800080a0 f   SP3301.obj
 0001:00007160       ?RF_AbortPowerMeas@CSP3301@@QEAAHI@Z 0000000180008160 f   SP3301.obj
 0001:00007200       ?RF_GetPowerProc@CSP3301@@QEAAHIAEAW4PowerMeasState@ISP1401@@@Z 0000000180008200 f   SP3301.obj
 0001:000072a0       ?RF_GetMeasResult@CSP3301@@QEAAHIAEAM0@Z 00000001800082a0 f   SP3301.obj
 0001:000073d0       ?RF_InitIQCap@CSP3301@@QEAAHI@Z 00000001800083d0 f   SP3301.obj
 0001:000073f0       ?RF_AbortIQCap@CSP3301@@QEAAHI@Z 00000001800083f0 f   SP3301.obj
 0001:00007490       ?RF_GetTemp@CSP3301@@QEAAHIAEAN0@Z 0000000180008490 f   SP3301.obj
 0001:00008ef0       ??0Active@CSP3301@@QEAA@XZ 0000000180009ef0 f i SP3301.obj
 0001:00008f60       ??_ECSP3301@@UEAAPEAXI@Z   0000000180009f60 f i SP3301.obj
 0001:00008f60       ??_GCSP3301@@UEAAPEAXI@Z   0000000180009f60 f i SP3301.obj
 0001:00008fb0       ??1?$_Vector_iterator@V?$basic_string@DU?$char_traits@D@std@@V?$allocator@D@2@@std@@V?$allocator@V?$basic_string@DU?$char_traits@D@std@@V?$allocator@D@2@@std@@@2@@std@@QEAA@XZ 0000000180009fb0 f i SP3301.obj
 0001:00008fd0       ??4?$_Vector_iterator@V?$basic_string@DU?$char_traits@D@std@@V?$allocator@D@2@@std@@V?$allocator@V?$basic_string@DU?$char_traits@D@std@@V?$allocator@D@2@@std@@@2@@std@@QEAAAEAV01@AEBV01@@Z 0000000180009fd0 f i SP3301.obj
 0001:00009000       ??1?$_Vector_const_iterator@V?$basic_string@DU?$char_traits@D@std@@V?$allocator@D@2@@std@@V?$allocator@V?$basic_string@DU?$char_traits@D@std@@V?$allocator@D@2@@std@@@2@@std@@QEAA@XZ 000000018000a000 f i SP3301.obj
 0001:00009020       ??4?$_Vector_const_iterator@V?$basic_string@DU?$char_traits@D@std@@V?$allocator@D@2@@std@@V?$allocator@V?$basic_string@DU?$char_traits@D@std@@V?$allocator@D@2@@std@@@2@@std@@QEAAAEAV01@AEBV01@@Z 000000018000a020 f i SP3301.obj
 0001:00009070       ??1?$_Ranit@V?$basic_string@DU?$char_traits@D@std@@V?$allocator@D@2@@std@@_JPEBV12@AEBV12@@std@@QEAA@XZ 000000018000a070 f i SP3301.obj
 0001:00009090       ??4?$_Ranit@V?$basic_string@DU?$char_traits@D@std@@V?$allocator@D@2@@std@@_JPEBV12@AEBV12@@std@@QEAAAEAU01@AEBU01@@Z 000000018000a090 f i SP3301.obj
 0001:000090c0       ??1?$_Iterator_with_base@Urandom_access_iterator_tag@std@@V?$basic_string@DU?$char_traits@D@std@@V?$allocator@D@2@@2@_JPEBV32@AEBV32@V_Iterator_base@2@@std@@QEAA@XZ 000000018000a0c0 f i SP3301.obj
 0001:000090e0       ??1_Iterator_base@std@@QEAA@XZ 000000018000a0e0 f i SP3301.obj
 0001:00009130       ?_Orphan_me@_Iterator_base@std@@QEAAXXZ 000000018000a130 f i SP3301.obj
 0001:00009200       ??4?$_Iterator_with_base@Urandom_access_iterator_tag@std@@V?$basic_string@DU?$char_traits@D@std@@V?$allocator@D@2@@2@_JPEBV32@AEBV32@V_Iterator_base@2@@std@@QEAAAEAU01@AEBU01@@Z 000000018000a200 f i SP3301.obj
 0001:00009230       ??4_Iterator_base@std@@QEAAAEAV01@AEBV01@@Z 000000018000a230 f i SP3301.obj
 0001:000092c0       ?_Adopt@_Iterator_base@std@@QEAAXPEBV_Container_base_secure@2@@Z 000000018000a2c0 f i SP3301.obj
 0001:00009380       ??0Param_t@ArbReader@@QEAA@XZ 000000018000a380 f i SP3301.obj
 0001:000093f0       ??1Param_t@ArbReader@@QEAA@XZ 000000018000a3f0 f i SP3301.obj
 0001:00009450       ??1?$_Iterator@$00@?$list@USegHeader_t@ArbReader@@V?$allocator@USegHeader_t@ArbReader@@@std@@@std@@QEAA@XZ 000000018000a450 f i SP3301.obj
 0001:00009470       ??1?$_Iterator@$00@?$list@UArbSeg_t@@V?$allocator@UArbSeg_t@@@std@@@std@@QEAA@XZ 000000018000a470 f i SP3301.obj
 0001:00009490       ??4?$_Iterator@$00@?$list@USegHeader_t@ArbReader@@V?$allocator@USegHeader_t@ArbReader@@@std@@@std@@QEAAAEAV012@AEBV012@@Z 000000018000a490 f i SP3301.obj
 0001:000094c0       ??4?$_Iterator@$00@?$list@UArbSeg_t@@V?$allocator@UArbSeg_t@@@std@@@std@@QEAAAEAV012@AEBV012@@Z 000000018000a4c0 f i SP3301.obj
 0001:000094f0       ??1?$_Const_iterator@$00@?$list@USegHeader_t@ArbReader@@V?$allocator@USegHeader_t@ArbReader@@@std@@@std@@QEAA@XZ 000000018000a4f0 f i SP3301.obj
 0001:00009510       ??1?$_Const_iterator@$00@?$list@UArbSeg_t@@V?$allocator@UArbSeg_t@@@std@@@std@@QEAA@XZ 000000018000a510 f i SP3301.obj
 0001:00009530       ??4?$_Const_iterator@$00@?$list@USegHeader_t@ArbReader@@V?$allocator@USegHeader_t@ArbReader@@@std@@@std@@QEAAAEAV012@AEBV012@@Z 000000018000a530 f i SP3301.obj
 0001:00009580       ??4?$_Const_iterator@$00@?$list@UArbSeg_t@@V?$allocator@UArbSeg_t@@@std@@@std@@QEAAAEAV012@AEBV012@@Z 000000018000a580 f i SP3301.obj
 0001:000095d0       ??1?$_Bidit@USegHeader_t@ArbReader@@_JPEBU12@AEBU12@@std@@QEAA@XZ 000000018000a5d0 f i SP3301.obj
 0001:000095f0       ??1?$_Bidit@UArbSeg_t@@_JPEBU1@AEBU1@@std@@QEAA@XZ 000000018000a5f0 f i SP3301.obj
 0001:00009610       ??4?$_Bidit@USegHeader_t@ArbReader@@_JPEBU12@AEBU12@@std@@QEAAAEAU01@AEBU01@@Z 000000018000a610 f i SP3301.obj
 0001:00009640       ??4?$_Bidit@UArbSeg_t@@_JPEBU1@AEBU1@@std@@QEAAAEAU01@AEBU01@@Z 000000018000a640 f i SP3301.obj
 0001:00009670       ??1?$_Iterator_with_base@Ubidirectional_iterator_tag@std@@USegHeader_t@ArbReader@@_JPEBU34@AEBU34@V_Iterator_base@2@@std@@QEAA@XZ 000000018000a670 f i SP3301.obj
 0001:00009690       ??1?$_Iterator_with_base@Ubidirectional_iterator_tag@std@@UArbSeg_t@@_JPEBU3@AEBU3@V_Iterator_base@2@@std@@QEAA@XZ 000000018000a690 f i SP3301.obj
 0001:000096b0       ??4?$_Iterator_with_base@Ubidirectional_iterator_tag@std@@USegHeader_t@ArbReader@@_JPEBU34@AEBU34@V_Iterator_base@2@@std@@QEAAAEAU01@AEBU01@@Z 000000018000a6b0 f i SP3301.obj
 0001:000096e0       ??4?$_Iterator_with_base@Ubidirectional_iterator_tag@std@@UArbSeg_t@@_JPEBU3@AEBU3@V_Iterator_base@2@@std@@QEAAAEAU01@AEBU01@@Z 000000018000a6e0 f i SP3301.obj
 0001:00009710       ??0?$list@USegHeader_t@ArbReader@@V?$allocator@USegHeader_t@ArbReader@@@std@@@std@@QEAA@XZ 000000018000a710 f i SP3301.obj
 0001:00009790       ??1?$list@USegHeader_t@ArbReader@@V?$allocator@USegHeader_t@ArbReader@@@std@@@std@@QEAA@XZ 000000018000a790 f i SP3301.obj
 0001:000097d0       ?begin@?$list@USegHeader_t@ArbReader@@V?$allocator@USegHeader_t@ArbReader@@@std@@@std@@QEAA?AV?$_Iterator@$00@12@XZ 000000018000a7d0 f i SP3301.obj
 0001:00009830       ?end@?$list@USegHeader_t@ArbReader@@V?$allocator@USegHeader_t@ArbReader@@@std@@@std@@QEAA?AV?$_Iterator@$00@12@XZ 000000018000a830 f i SP3301.obj
 0001:00009890       ??0?$list@UArbSeg_t@@V?$allocator@UArbSeg_t@@@std@@@std@@QEAA@XZ 000000018000a890 f i SP3301.obj
 0001:00009910       ??1?$list@UArbSeg_t@@V?$allocator@UArbSeg_t@@@std@@@std@@QEAA@XZ 000000018000a910 f i SP3301.obj
 0001:00009950       ?begin@?$list@UArbSeg_t@@V?$allocator@UArbSeg_t@@@std@@@std@@QEAA?AV?$_Iterator@$00@12@XZ 000000018000a950 f i SP3301.obj
 0001:000099b0       ??0?$list@V?$list@UMarker_t@ArbReader@@V?$allocator@UMarker_t@ArbReader@@@std@@@std@@V?$allocator@V?$list@UMarker_t@ArbReader@@V?$allocator@UMarker_t@ArbReader@@@std@@@std@@@2@@std@@QEAA@XZ 000000018000a9b0 f i SP3301.obj
 0001:00009a30       ??1?$list@V?$list@UMarker_t@ArbReader@@V?$allocator@UMarker_t@ArbReader@@@std@@@std@@V?$allocator@V?$list@UMarker_t@ArbReader@@V?$allocator@UMarker_t@ArbReader@@@std@@@std@@@2@@std@@QEAA@XZ 000000018000aa30 f i SP3301.obj
 0001:00009a70       ??0?$vector@PEAVISP1401@@V?$allocator@PEAVISP1401@@@std@@@std@@QEAA@XZ 000000018000aa70 f i SP3301.obj
 0001:00009ad0       ??1?$vector@PEAVISP1401@@V?$allocator@PEAVISP1401@@@std@@@std@@QEAA@XZ 000000018000aad0 f i SP3301.obj
 0001:00009b10       ?at@?$vector@PEAVISP1401@@V?$allocator@PEAVISP1401@@@std@@@std@@QEAAAEAPEAVISP1401@@_K@Z 000000018000ab10 f i SP3301.obj
 0001:00009bf0       ??A?$vector@PEAVISP1401@@V?$allocator@PEAVISP1401@@@std@@@std@@QEAAAEAPEAVISP1401@@_K@Z 000000018000abf0 f i SP3301.obj
 0001:00009d60       ?push_back@?$vector@PEAVISP1401@@V?$allocator@PEAVISP1401@@@std@@@std@@QEAAXAEBQEAVISP1401@@@Z 000000018000ad60 f i SP3301.obj
 0001:00009ed0       ?clear@?$vector@PEAVISP1401@@V?$allocator@PEAVISP1401@@@std@@@std@@QEAAXXZ 000000018000aed0 f i SP3301.obj
 0001:0000a030       ??0?$vector@PEAVCSP1401R1A@@V?$allocator@PEAVCSP1401R1A@@@std@@@std@@QEAA@XZ 000000018000b030 f i SP3301.obj
 0001:0000a090       ??1?$vector@PEAVCSP1401R1A@@V?$allocator@PEAVCSP1401R1A@@@std@@@std@@QEAA@XZ 000000018000b090 f i SP3301.obj
 0001:0000a0d0       ?size@?$vector@PEAVCSP1401R1A@@V?$allocator@PEAVCSP1401R1A@@@std@@@std@@QEBA_KXZ 000000018000b0d0 f i SP3301.obj
 0001:0000a100       ?at@?$vector@PEAVCSP1401R1A@@V?$allocator@PEAVCSP1401R1A@@@std@@@std@@QEAAAEAPEAVCSP1401R1A@@_K@Z 000000018000b100 f i SP3301.obj
 0001:0000a1e0       ??A?$vector@PEAVCSP1401R1A@@V?$allocator@PEAVCSP1401R1A@@@std@@@std@@QEAAAEAPEAVCSP1401R1A@@_K@Z 000000018000b1e0 f i SP3301.obj
 0001:0000a350       ?push_back@?$vector@PEAVCSP1401R1A@@V?$allocator@PEAVCSP1401R1A@@@std@@@std@@QEAAXAEBQEAVCSP1401R1A@@@Z 000000018000b350 f i SP3301.obj
 0001:0000a4c0       ?clear@?$vector@PEAVCSP1401R1A@@V?$allocator@PEAVCSP1401R1A@@@std@@@std@@QEAAXXZ 000000018000b4c0 f i SP3301.obj
 0001:0000a620       ??0?$vector@PEAVCSP1401R1C@@V?$allocator@PEAVCSP1401R1C@@@std@@@std@@QEAA@XZ 000000018000b620 f i SP3301.obj
 0001:0000a680       ??1?$vector@PEAVCSP1401R1C@@V?$allocator@PEAVCSP1401R1C@@@std@@@std@@QEAA@XZ 000000018000b680 f i SP3301.obj
 0001:0000a6c0       ?size@?$vector@PEAVCSP1401R1C@@V?$allocator@PEAVCSP1401R1C@@@std@@@std@@QEBA_KXZ 000000018000b6c0 f i SP3301.obj
 0001:0000a6f0       ??A?$vector@PEAVCSP1401R1C@@V?$allocator@PEAVCSP1401R1C@@@std@@@std@@QEAAAEAPEAVCSP1401R1C@@_K@Z 000000018000b6f0 f i SP3301.obj
 0001:0000a860       ?push_back@?$vector@PEAVCSP1401R1C@@V?$allocator@PEAVCSP1401R1C@@@std@@@std@@QEAAXAEBQEAVCSP1401R1C@@@Z 000000018000b860 f i SP3301.obj
 0001:0000a9d0       ?clear@?$vector@PEAVCSP1401R1C@@V?$allocator@PEAVCSP1401R1C@@@std@@@std@@QEAAXXZ 000000018000b9d0 f i SP3301.obj
 0001:0000ab30       ??0?$vector@PEAVCSP2401R1A@@V?$allocator@PEAVCSP2401R1A@@@std@@@std@@QEAA@XZ 000000018000bb30 f i SP3301.obj
 0001:0000ab90       ??1?$vector@PEAVCSP2401R1A@@V?$allocator@PEAVCSP2401R1A@@@std@@@std@@QEAA@XZ 000000018000bb90 f i SP3301.obj
 0001:0000abd0       ?size@?$vector@PEAVCSP2401R1A@@V?$allocator@PEAVCSP2401R1A@@@std@@@std@@QEBA_KXZ 000000018000bbd0 f i SP3301.obj
 0001:0000ac00       ??A?$vector@PEAVCSP2401R1A@@V?$allocator@PEAVCSP2401R1A@@@std@@@std@@QEAAAEAPEAVCSP2401R1A@@_K@Z 000000018000bc00 f i SP3301.obj
 0001:0000ad70       ?push_back@?$vector@PEAVCSP2401R1A@@V?$allocator@PEAVCSP2401R1A@@@std@@@std@@QEAAXAEBQEAVCSP2401R1A@@@Z 000000018000bd70 f i SP3301.obj
 0001:0000aee0       ?clear@?$vector@PEAVCSP2401R1A@@V?$allocator@PEAVCSP2401R1A@@@std@@@std@@QEAAXXZ 000000018000bee0 f i SP3301.obj
 0001:0000b040       ??0?$vector@V?$basic_string@DU?$char_traits@D@std@@V?$allocator@D@2@@std@@V?$allocator@V?$basic_string@DU?$char_traits@D@std@@V?$allocator@D@2@@std@@@2@@std@@QEAA@XZ 000000018000c040 f i SP3301.obj
 0001:0000b0a0       ??1?$vector@V?$basic_string@DU?$char_traits@D@std@@V?$allocator@D@2@@std@@V?$allocator@V?$basic_string@DU?$char_traits@D@std@@V?$allocator@D@2@@std@@@2@@std@@QEAA@XZ 000000018000c0a0 f i SP3301.obj
 0001:0000b0e0       ?begin@?$vector@V?$basic_string@DU?$char_traits@D@std@@V?$allocator@D@2@@std@@V?$allocator@V?$basic_string@DU?$char_traits@D@std@@V?$allocator@D@2@@std@@@2@@std@@QEAA?AV?$_Vector_iterator@V?$basic_string@DU?$char_traits@D@std@@V?$allocator@D@2@@std@@V?$allocator@V?$basic_string@DU?$char_traits@D@std@@V?$allocator@D@2@@std@@@2@@2@XZ 000000018000c0e0 f i SP3301.obj
 0001:0000b140       ?end@?$vector@V?$basic_string@DU?$char_traits@D@std@@V?$allocator@D@2@@std@@V?$allocator@V?$basic_string@DU?$char_traits@D@std@@V?$allocator@D@2@@std@@@2@@std@@QEAA?AV?$_Vector_iterator@V?$basic_string@DU?$char_traits@D@std@@V?$allocator@D@2@@std@@V?$allocator@V?$basic_string@DU?$char_traits@D@std@@V?$allocator@D@2@@std@@@2@@2@XZ 000000018000c140 f i SP3301.obj
 0001:0000b1a0       ??0?$_Vector_iterator@V?$basic_string@DU?$char_traits@D@std@@V?$allocator@D@2@@std@@V?$allocator@V?$basic_string@DU?$char_traits@D@std@@V?$allocator@D@2@@std@@@2@@std@@QEAA@XZ 000000018000c1a0 f i SP3301.obj
 0001:0000b1d0       ??C?$_Vector_iterator@V?$basic_string@DU?$char_traits@D@std@@V?$allocator@D@2@@std@@V?$allocator@V?$basic_string@DU?$char_traits@D@std@@V?$allocator@D@2@@std@@@2@@std@@QEBAPEAV?$basic_string@DU?$char_traits@D@std@@V?$allocator@D@2@@1@XZ 000000018000c1d0 f i SP3301.obj
 0001:0000b1f0       ??E?$_Vector_iterator@V?$basic_string@DU?$char_traits@D@std@@V?$allocator@D@2@@std@@V?$allocator@V?$basic_string@DU?$char_traits@D@std@@V?$allocator@D@2@@std@@@2@@std@@QEAA?AV01@H@Z 000000018000c1f0 f i SP3301.obj
 0001:0000b280       ??9?$_Vector_const_iterator@V?$basic_string@DU?$char_traits@D@std@@V?$allocator@D@2@@std@@V?$allocator@V?$basic_string@DU?$char_traits@D@std@@V?$allocator@D@2@@std@@@2@@std@@QEBA_NAEBV01@@Z 000000018000c280 f i SP3301.obj
 0001:0000b2d0       ??0?$_Iterator@$00@?$list@USegHeader_t@ArbReader@@V?$allocator@USegHeader_t@ArbReader@@@std@@@std@@QEAA@XZ 000000018000c2d0 f i SP3301.obj
 0001:0000b300       ??E?$_Iterator@$00@?$list@USegHeader_t@ArbReader@@V?$allocator@USegHeader_t@ArbReader@@@std@@@std@@QEAA?AV012@H@Z 000000018000c300 f i SP3301.obj
 0001:0000b390       ??9?$_Const_iterator@$00@?$list@USegHeader_t@ArbReader@@V?$allocator@USegHeader_t@ArbReader@@@std@@@std@@QEBA_NAEBV012@@Z 000000018000c390 f i SP3301.obj
 0001:0000b3e0       ??0?$_Iterator@$00@?$list@UArbSeg_t@@V?$allocator@UArbSeg_t@@@std@@@std@@QEAA@XZ 000000018000c3e0 f i SP3301.obj
 0001:0000b410       ??D?$_Iterator@$00@?$list@UArbSeg_t@@V?$allocator@UArbSeg_t@@@std@@@std@@QEBAAEAUArbSeg_t@@XZ 000000018000c410 f i SP3301.obj
 0001:0000b430       ??E?$_Iterator@$00@?$list@UArbSeg_t@@V?$allocator@UArbSeg_t@@@std@@@std@@QEAA?AV012@H@Z 000000018000c430 f i SP3301.obj
 0001:0000b4c0       ??1?$_List_val@USegHeader_t@ArbReader@@V?$allocator@USegHeader_t@ArbReader@@@std@@@std@@QEAA@XZ 000000018000c4c0 f i SP3301.obj
 0001:0000b4e0       ??1?$_List_val@UArbSeg_t@@V?$allocator@UArbSeg_t@@@std@@@std@@QEAA@XZ 000000018000c4e0 f i SP3301.obj
 0001:0000b500       ??1?$_List_val@V?$list@UMarker_t@ArbReader@@V?$allocator@UMarker_t@ArbReader@@@std@@@std@@V?$allocator@V?$list@UMarker_t@ArbReader@@V?$allocator@UMarker_t@ArbReader@@@std@@@std@@@2@@std@@QEAA@XZ 000000018000c500 f i SP3301.obj
 0001:0000b520       ??1?$_Vector_val@PEAVISP1401@@V?$allocator@PEAVISP1401@@@std@@@std@@QEAA@XZ 000000018000c520 f i SP3301.obj
 0001:0000b540       ??1?$_Vector_iterator@PEAVISP1401@@V?$allocator@PEAVISP1401@@@std@@@std@@QEAA@XZ 000000018000c540 f i SP3301.obj
 0001:0000b560       ??0?$_Vector_const_iterator@PEAVISP1401@@V?$allocator@PEAVISP1401@@@std@@@std@@QEAA@AEBV01@@Z 000000018000c560 f i SP3301.obj
 0001:0000b5b0       ??1?$_Vector_const_iterator@PEAVISP1401@@V?$allocator@PEAVISP1401@@@std@@@std@@QEAA@XZ 000000018000c5b0 f i SP3301.obj
 0001:0000b5d0       ??1?$_Vector_val@PEAVCSP1401R1A@@V?$allocator@PEAVCSP1401R1A@@@std@@@std@@QEAA@XZ 000000018000c5d0 f i SP3301.obj
 0001:0000b5f0       ??1?$_Vector_iterator@PEAVCSP1401R1A@@V?$allocator@PEAVCSP1401R1A@@@std@@@std@@QEAA@XZ 000000018000c5f0 f i SP3301.obj
 0001:0000b610       ??0?$_Vector_const_iterator@PEAVCSP1401R1A@@V?$allocator@PEAVCSP1401R1A@@@std@@@std@@QEAA@AEBV01@@Z 000000018000c610 f i SP3301.obj
 0001:0000b660       ??1?$_Vector_const_iterator@PEAVCSP1401R1A@@V?$allocator@PEAVCSP1401R1A@@@std@@@std@@QEAA@XZ 000000018000c660 f i SP3301.obj
 0001:0000b680       ??1?$_Vector_val@PEAVCSP1401R1C@@V?$allocator@PEAVCSP1401R1C@@@std@@@std@@QEAA@XZ 000000018000c680 f i SP3301.obj
 0001:0000b6a0       ??1?$_Vector_iterator@PEAVCSP1401R1C@@V?$allocator@PEAVCSP1401R1C@@@std@@@std@@QEAA@XZ 000000018000c6a0 f i SP3301.obj
 0001:0000b6c0       ??0?$_Vector_const_iterator@PEAVCSP1401R1C@@V?$allocator@PEAVCSP1401R1C@@@std@@@std@@QEAA@AEBV01@@Z 000000018000c6c0 f i SP3301.obj
 0001:0000b710       ??1?$_Vector_const_iterator@PEAVCSP1401R1C@@V?$allocator@PEAVCSP1401R1C@@@std@@@std@@QEAA@XZ 000000018000c710 f i SP3301.obj
 0001:0000b730       ??1?$_Vector_val@PEAVCSP2401R1A@@V?$allocator@PEAVCSP2401R1A@@@std@@@std@@QEAA@XZ 000000018000c730 f i SP3301.obj
 0001:0000b750       ??1?$_Vector_iterator@PEAVCSP2401R1A@@V?$allocator@PEAVCSP2401R1A@@@std@@@std@@QEAA@XZ 000000018000c750 f i SP3301.obj
 0001:0000b770       ??0?$_Vector_const_iterator@PEAVCSP2401R1A@@V?$allocator@PEAVCSP2401R1A@@@std@@@std@@QEAA@AEBV01@@Z 000000018000c770 f i SP3301.obj
 0001:0000b7c0       ??1?$_Vector_const_iterator@PEAVCSP2401R1A@@V?$allocator@PEAVCSP2401R1A@@@std@@@std@@QEAA@XZ 000000018000c7c0 f i SP3301.obj
 0001:0000b7e0       ??1?$_Vector_val@V?$basic_string@DU?$char_traits@D@std@@V?$allocator@D@2@@std@@V?$allocator@V?$basic_string@DU?$char_traits@D@std@@V?$allocator@D@2@@std@@@2@@std@@QEAA@XZ 000000018000c7e0 f i SP3301.obj
 0001:0000b800       ??0?$_Vector_iterator@V?$basic_string@DU?$char_traits@D@std@@V?$allocator@D@2@@std@@V?$allocator@V?$basic_string@DU?$char_traits@D@std@@V?$allocator@D@2@@std@@@2@@std@@QEAA@AEBV01@@Z 000000018000c800 f i SP3301.obj
 0001:0000b830       ??0?$_Iterator@$00@?$list@USegHeader_t@ArbReader@@V?$allocator@USegHeader_t@ArbReader@@@std@@@std@@QEAA@AEBV012@@Z 000000018000c830 f i SP3301.obj
 0001:0000b860       ??0?$_Iterator@$00@?$list@UArbSeg_t@@V?$allocator@UArbSeg_t@@@std@@@std@@QEAA@AEBV012@@Z 000000018000c860 f i SP3301.obj
 0001:0000b890       ??1?$_List_ptr@USegHeader_t@ArbReader@@V?$allocator@USegHeader_t@ArbReader@@@std@@@std@@QEAA@XZ 000000018000c890 f i SP3301.obj
 0001:0000b8b0       ??1?$_List_ptr@UArbSeg_t@@V?$allocator@UArbSeg_t@@@std@@@std@@QEAA@XZ 000000018000c8b0 f i SP3301.obj
 0001:0000b8d0       ??1?$_List_ptr@V?$list@UMarker_t@ArbReader@@V?$allocator@UMarker_t@ArbReader@@@std@@@std@@V?$allocator@V?$list@UMarker_t@ArbReader@@V?$allocator@UMarker_t@ArbReader@@@std@@@std@@@2@@std@@QEAA@XZ 000000018000c8d0 f i SP3301.obj
 0001:0000b8f0       ??0?$_Ranit@PEAVISP1401@@_JPEBQEAV1@AEBQEAV1@@std@@QEAA@AEBU01@@Z 000000018000c8f0 f i SP3301.obj
 0001:0000b920       ??1?$_Ranit@PEAVISP1401@@_JPEBQEAV1@AEBQEAV1@@std@@QEAA@XZ 000000018000c920 f i SP3301.obj
 0001:0000b940       ??0?$_Ranit@PEAVCSP1401R1A@@_JPEBQEAV1@AEBQEAV1@@std@@QEAA@AEBU01@@Z 000000018000c940 f i SP3301.obj
 0001:0000b970       ??1?$_Ranit@PEAVCSP1401R1A@@_JPEBQEAV1@AEBQEAV1@@std@@QEAA@XZ 000000018000c970 f i SP3301.obj
 0001:0000b990       ??0?$_Ranit@PEAVCSP1401R1C@@_JPEBQEAV1@AEBQEAV1@@std@@QEAA@AEBU01@@Z 000000018000c990 f i SP3301.obj
 0001:0000b9c0       ??1?$_Ranit@PEAVCSP1401R1C@@_JPEBQEAV1@AEBQEAV1@@std@@QEAA@XZ 000000018000c9c0 f i SP3301.obj
 0001:0000b9e0       ??0?$_Ranit@PEAVCSP2401R1A@@_JPEBQEAV1@AEBQEAV1@@std@@QEAA@AEBU01@@Z 000000018000c9e0 f i SP3301.obj
 0001:0000ba10       ??1?$_Ranit@PEAVCSP2401R1A@@_JPEBQEAV1@AEBQEAV1@@std@@QEAA@XZ 000000018000ca10 f i SP3301.obj
 0001:0000ba30       ??0?$_Vector_const_iterator@V?$basic_string@DU?$char_traits@D@std@@V?$allocator@D@2@@std@@V?$allocator@V?$basic_string@DU?$char_traits@D@std@@V?$allocator@D@2@@std@@@2@@std@@QEAA@AEBV01@@Z 000000018000ca30 f i SP3301.obj
 0001:0000ba80       ??0?$_Const_iterator@$00@?$list@USegHeader_t@ArbReader@@V?$allocator@USegHeader_t@ArbReader@@@std@@@std@@QEAA@AEBV012@@Z 000000018000ca80 f i SP3301.obj
 0001:0000bad0       ??0?$_Const_iterator@$00@?$list@UArbSeg_t@@V?$allocator@UArbSeg_t@@@std@@@std@@QEAA@AEBV012@@Z 000000018000cad0 f i SP3301.obj
 0001:0000bb20       ??1?$_List_nod@USegHeader_t@ArbReader@@V?$allocator@USegHeader_t@ArbReader@@@std@@@std@@QEAA@XZ 000000018000cb20 f i SP3301.obj
 0001:0000bb40       ??1?$_List_nod@UArbSeg_t@@V?$allocator@UArbSeg_t@@@std@@@std@@QEAA@XZ 000000018000cb40 f i SP3301.obj
 0001:0000bb60       ??1?$_List_nod@V?$list@UMarker_t@ArbReader@@V?$allocator@UMarker_t@ArbReader@@@std@@@std@@V?$allocator@V?$list@UMarker_t@ArbReader@@V?$allocator@UMarker_t@ArbReader@@@std@@@std@@@2@@std@@QEAA@XZ 000000018000cb60 f i SP3301.obj
 0001:0000bb80       ??0?$_Iterator_with_base@Urandom_access_iterator_tag@std@@PEAVISP1401@@_JPEBQEAV3@AEBQEAV3@V_Iterator_base@2@@std@@QEAA@AEBU01@@Z 000000018000cb80 f i SP3301.obj
 0001:0000bbb0       ??0_Iterator_base@std@@QEAA@AEBV01@@Z 000000018000cbb0 f i SP3301.obj
 0001:0000bc00       ??1?$_Iterator_with_base@Urandom_access_iterator_tag@std@@PEAVISP1401@@_JPEBQEAV3@AEBQEAV3@V_Iterator_base@2@@std@@QEAA@XZ 000000018000cc00 f i SP3301.obj
 0001:0000bc20       ??0?$_Iterator_with_base@Urandom_access_iterator_tag@std@@PEAVCSP1401R1A@@_JPEBQEAV3@AEBQEAV3@V_Iterator_base@2@@std@@QEAA@AEBU01@@Z 000000018000cc20 f i SP3301.obj
 0001:0000bc50       ??1?$_Iterator_with_base@Urandom_access_iterator_tag@std@@PEAVCSP1401R1A@@_JPEBQEAV3@AEBQEAV3@V_Iterator_base@2@@std@@QEAA@XZ 000000018000cc50 f i SP3301.obj
 0001:0000bc70       ??0?$_Iterator_with_base@Urandom_access_iterator_tag@std@@PEAVCSP1401R1C@@_JPEBQEAV3@AEBQEAV3@V_Iterator_base@2@@std@@QEAA@AEBU01@@Z 000000018000cc70 f i SP3301.obj
 0001:0000bca0       ??1?$_Iterator_with_base@Urandom_access_iterator_tag@std@@PEAVCSP1401R1C@@_JPEBQEAV3@AEBQEAV3@V_Iterator_base@2@@std@@QEAA@XZ 000000018000cca0 f i SP3301.obj
 0001:0000bcc0       ??0?$_Iterator_with_base@Urandom_access_iterator_tag@std@@PEAVCSP2401R1A@@_JPEBQEAV3@AEBQEAV3@V_Iterator_base@2@@std@@QEAA@AEBU01@@Z 000000018000ccc0 f i SP3301.obj
 0001:0000bcf0       ??1?$_Iterator_with_base@Urandom_access_iterator_tag@std@@PEAVCSP2401R1A@@_JPEBQEAV3@AEBQEAV3@V_Iterator_base@2@@std@@QEAA@XZ 000000018000ccf0 f i SP3301.obj
 0001:0000bd10       ??0?$_Ranit@V?$basic_string@DU?$char_traits@D@std@@V?$allocator@D@2@@std@@_JPEBV12@AEBV12@@std@@QEAA@AEBU01@@Z 000000018000cd10 f i SP3301.obj
 0001:0000bd40       ??0?$_Bidit@USegHeader_t@ArbReader@@_JPEBU12@AEBU12@@std@@QEAA@AEBU01@@Z 000000018000cd40 f i SP3301.obj
 0001:0000bd70       ??0?$_Bidit@UArbSeg_t@@_JPEBU1@AEBU1@@std@@QEAA@AEBU01@@Z 000000018000cd70 f i SP3301.obj
 0001:0000bda0       ??0?$_Iterator_with_base@Urandom_access_iterator_tag@std@@V?$basic_string@DU?$char_traits@D@std@@V?$allocator@D@2@@2@_JPEBV32@AEBV32@V_Iterator_base@2@@std@@QEAA@AEBU01@@Z 000000018000cda0 f i SP3301.obj
 0001:0000bdd0       ??0?$_Iterator_with_base@Ubidirectional_iterator_tag@std@@USegHeader_t@ArbReader@@_JPEBU34@AEBU34@V_Iterator_base@2@@std@@QEAA@AEBU01@@Z 000000018000cdd0 f i SP3301.obj
 0001:0000be00       ??0?$_Iterator_with_base@Ubidirectional_iterator_tag@std@@UArbSeg_t@@_JPEBU3@AEBU3@V_Iterator_base@2@@std@@QEAA@AEBU01@@Z 000000018000ce00 f i SP3301.obj
 0001:0000be30       ?_Nextnode@?$list@USegHeader_t@ArbReader@@V?$allocator@USegHeader_t@ArbReader@@@std@@@std@@KAAEAPEAU_Node@?$_List_nod@USegHeader_t@ArbReader@@V?$allocator@USegHeader_t@ArbReader@@@std@@@2@PEAU342@@Z 000000018000ce30 f i SP3301.obj
 0001:0000be40       ?_Buynode@?$list@USegHeader_t@ArbReader@@V?$allocator@USegHeader_t@ArbReader@@@std@@@std@@IEAAPEAU_Node@?$_List_nod@USegHeader_t@ArbReader@@V?$allocator@USegHeader_t@ArbReader@@@std@@@2@XZ 000000018000ce40 f i SP3301.obj
 0001:0000bf00       ?_Tidy@?$list@USegHeader_t@ArbReader@@V?$allocator@USegHeader_t@ArbReader@@@std@@@std@@IEAAXXZ 000000018000cf00 f i SP3301.obj
 0001:0000bfa0       ??0?$_List_val@USegHeader_t@ArbReader@@V?$allocator@USegHeader_t@ArbReader@@@std@@@std@@QEAA@V?$allocator@USegHeader_t@ArbReader@@@1@@Z 000000018000cfa0 f i SP3301.obj
 0001:0000c010       ??1?$_Container_base_aux_alloc_empty@V?$allocator@USegHeader_t@ArbReader@@@std@@@std@@IEAA@XZ 000000018000d010 f i SP3301.obj
 0001:0000c030       ??0?$allocator@USegHeader_t@ArbReader@@@std@@QEAA@XZ 000000018000d030 f i SP3301.obj
 0001:0000c040       ?_Nextnode@?$list@UArbSeg_t@@V?$allocator@UArbSeg_t@@@std@@@std@@KAAEAPEAU_Node@?$_List_nod@UArbSeg_t@@V?$allocator@UArbSeg_t@@@std@@@2@PEAU342@@Z 000000018000d040 f i SP3301.obj
 0001:0000c050       ?_Buynode@?$list@UArbSeg_t@@V?$allocator@UArbSeg_t@@@std@@@std@@IEAAPEAU_Node@?$_List_nod@UArbSeg_t@@V?$allocator@UArbSeg_t@@@std@@@2@XZ 000000018000d050 f i SP3301.obj
 0001:0000c110       ?_Tidy@?$list@UArbSeg_t@@V?$allocator@UArbSeg_t@@@std@@@std@@IEAAXXZ 000000018000d110 f i SP3301.obj
 0001:0000c1b0       ??0?$_List_val@UArbSeg_t@@V?$allocator@UArbSeg_t@@@std@@@std@@QEAA@V?$allocator@UArbSeg_t@@@1@@Z 000000018000d1b0 f i SP3301.obj
 0001:0000c220       ??1?$_Container_base_aux_alloc_empty@V?$allocator@UArbSeg_t@@@std@@@std@@IEAA@XZ 000000018000d220 f i SP3301.obj
 0001:0000c240       ??0?$allocator@UArbSeg_t@@@std@@QEAA@XZ 000000018000d240 f i SP3301.obj
 0001:0000c250       ?_Buynode@?$list@V?$list@UMarker_t@ArbReader@@V?$allocator@UMarker_t@ArbReader@@@std@@@std@@V?$allocator@V?$list@UMarker_t@ArbReader@@V?$allocator@UMarker_t@ArbReader@@@std@@@std@@@2@@std@@IEAAPEAU_Node@?$_List_nod@V?$list@UMarker_t@ArbReader@@V?$allocator@UMarker_t@ArbReader@@@std@@@std@@V?$allocator@V?$list@UMarker_t@ArbReader@@V?$allocator@UMarker_t@ArbReader@@@std@@@std@@@2@@2@XZ 000000018000d250 f i SP3301.obj
 0001:0000c310       ?_Tidy@?$list@V?$list@UMarker_t@ArbReader@@V?$allocator@UMarker_t@ArbReader@@@std@@@std@@V?$allocator@V?$list@UMarker_t@ArbReader@@V?$allocator@UMarker_t@ArbReader@@@std@@@std@@@2@@std@@IEAAXXZ 000000018000d310 f i SP3301.obj
 0001:0000c3b0       ??0?$_List_val@V?$list@UMarker_t@ArbReader@@V?$allocator@UMarker_t@ArbReader@@@std@@@std@@V?$allocator@V?$list@UMarker_t@ArbReader@@V?$allocator@UMarker_t@ArbReader@@@std@@@std@@@2@@std@@QEAA@V?$allocator@V?$list@UMarker_t@ArbReader@@V?$allocator@UMarker_t@ArbReader@@@std@@@std@@@1@@Z 000000018000d3b0 f i SP3301.obj
 0001:0000c420       ??1?$_Container_base_aux_alloc_empty@V?$allocator@V?$list@UMarker_t@ArbReader@@V?$allocator@UMarker_t@ArbReader@@@std@@@std@@@std@@@std@@IEAA@XZ 000000018000d420 f i SP3301.obj
 0001:0000c440       ??0?$allocator@V?$list@UMarker_t@ArbReader@@V?$allocator@UMarker_t@ArbReader@@@std@@@std@@@std@@QEAA@XZ 000000018000d440 f i SP3301.obj
 0001:0000c450       ?capacity@?$vector@PEAVISP1401@@V?$allocator@PEAVISP1401@@@std@@@std@@QEBA_KXZ 000000018000d450 f i SP3301.obj
 0001:0000c4b0       ?begin@?$vector@PEAVISP1401@@V?$allocator@PEAVISP1401@@@std@@@std@@QEAA?AV?$_Vector_iterator@PEAVISP1401@@V?$allocator@PEAVISP1401@@@std@@@2@XZ 000000018000d4b0 f i SP3301.obj
 0001:0000c510       ?end@?$vector@PEAVISP1401@@V?$allocator@PEAVISP1401@@@std@@@std@@QEAA?AV?$_Vector_iterator@PEAVISP1401@@V?$allocator@PEAVISP1401@@@std@@@2@XZ 000000018000d510 f i SP3301.obj
 0001:0000c570       ?size@?$vector@PEAVISP1401@@V?$allocator@PEAVISP1401@@@std@@@std@@QEBA_KXZ 000000018000d570 f i SP3301.obj
 0001:0000c5a0       ?insert@?$vector@PEAVISP1401@@V?$allocator@PEAVISP1401@@@std@@@std@@QEAA?AV?$_Vector_iterator@PEAVISP1401@@V?$allocator@PEAVISP1401@@@std@@@2@V?$_Vector_const_iterator@PEAVISP1401@@V?$allocator@PEAVISP1401@@@std@@@2@AEBQEAVISP1401@@@Z 000000018000d5a0 f i SP3301.obj
 0001:0000c790       ?erase@?$vector@PEAVISP1401@@V?$allocator@PEAVISP1401@@@std@@@std@@QEAA?AV?$_Vector_iterator@PEAVISP1401@@V?$allocator@PEAVISP1401@@@std@@@2@V?$_Vector_const_iterator@PEAVISP1401@@V?$allocator@PEAVISP1401@@@std@@@2@0@Z 000000018000d790 f i SP3301.obj
 0001:0000ca30       ?_Buy@?$vector@PEAVISP1401@@V?$allocator@PEAVISP1401@@@std@@@std@@IEAA_N_K@Z 000000018000da30 f i SP3301.obj
 0001:0000cb10       ?_Tidy@?$vector@PEAVISP1401@@V?$allocator@PEAVISP1401@@@std@@@std@@IEAAXXZ 000000018000db10 f i SP3301.obj
 0001:0000cbd0       ?_Ufill@?$vector@PEAVISP1401@@V?$allocator@PEAVISP1401@@@std@@@std@@IEAAPEAPEAVISP1401@@PEAPEAV3@_KAEBQEAV3@@Z 000000018000dbd0 f i SP3301.obj
 0001:0000cc30       ?_Xran@?$vector@PEAVISP1401@@V?$allocator@PEAVISP1401@@@std@@@std@@KAXXZ 000000018000dc30 f i SP3301.obj
 0001:0000ccb0       ??0out_of_range@std@@QEAA@AEBV?$basic_string@DU?$char_traits@D@std@@V?$allocator@D@2@@1@@Z 000000018000dcb0 f i SP3301.obj
 0001:0000cd00       ??0logic_error@std@@QEAA@AEBV?$basic_string@DU?$char_traits@D@std@@V?$allocator@D@2@@1@@Z 000000018000dd00 f i SP3301.obj
 0001:0000cd70       ?what@logic_error@std@@UEBAPEBDXZ 000000018000dd70 f i SP3301.obj
 0001:0000cda0       ??_Elogic_error@std@@UEAAPEAXI@Z 000000018000dda0 f i SP3301.obj
 0001:0000cda0       ??_Glogic_error@std@@UEAAPEAXI@Z 000000018000dda0 f i SP3301.obj
 0001:0000cdf0       ??1logic_error@std@@UEAA@XZ 000000018000ddf0 f i SP3301.obj
 0001:0000ce40       ??1out_of_range@std@@UEAA@XZ 000000018000de40 f i SP3301.obj
 0001:0000ce70       ??_Gout_of_range@std@@UEAAPEAXI@Z 000000018000de70 f i SP3301.obj
 0001:0000ce70       ??_Eout_of_range@std@@UEAAPEAXI@Z 000000018000de70 f i SP3301.obj
 0001:0000cec0       ??0out_of_range@std@@QEAA@AEBV01@@Z 000000018000dec0 f i SP3301.obj
 0001:0000cf10       ??0logic_error@std@@QEAA@AEBV01@@Z 000000018000df10 f i SP3301.obj
 0001:0000cf80       ?_Orphan_range@?$vector@PEAVISP1401@@V?$allocator@PEAVISP1401@@@std@@@std@@IEBAXPEAPEAVISP1401@@0@Z 000000018000df80 f i SP3301.obj
 0001:0000d050       ??0?$_Vector_val@PEAVISP1401@@V?$allocator@PEAVISP1401@@@std@@@std@@IEAA@V?$allocator@PEAVISP1401@@@1@@Z 000000018000e050 f i SP3301.obj
 0001:0000d0c0       ??1?$_Container_base_aux_alloc_empty@V?$allocator@PEAVISP1401@@@std@@@std@@IEAA@XZ 000000018000e0c0 f i SP3301.obj
 0001:0000d0e0       ??0?$allocator@PEAVISP1401@@@std@@QEAA@XZ 000000018000e0e0 f i SP3301.obj
 0001:0000d0f0       ?capacity@?$vector@PEAVCSP1401R1A@@V?$allocator@PEAVCSP1401R1A@@@std@@@std@@QEBA_KXZ 000000018000e0f0 f i SP3301.obj
 0001:0000d150       ?begin@?$vector@PEAVCSP1401R1A@@V?$allocator@PEAVCSP1401R1A@@@std@@@std@@QEAA?AV?$_Vector_iterator@PEAVCSP1401R1A@@V?$allocator@PEAVCSP1401R1A@@@std@@@2@XZ 000000018000e150 f i SP3301.obj
 0001:0000d1b0       ?end@?$vector@PEAVCSP1401R1A@@V?$allocator@PEAVCSP1401R1A@@@std@@@std@@QEAA?AV?$_Vector_iterator@PEAVCSP1401R1A@@V?$allocator@PEAVCSP1401R1A@@@std@@@2@XZ 000000018000e1b0 f i SP3301.obj
 0001:0000d210       ?insert@?$vector@PEAVCSP1401R1A@@V?$allocator@PEAVCSP1401R1A@@@std@@@std@@QEAA?AV?$_Vector_iterator@PEAVCSP1401R1A@@V?$allocator@PEAVCSP1401R1A@@@std@@@2@V?$_Vector_const_iterator@PEAVCSP1401R1A@@V?$allocator@PEAVCSP1401R1A@@@std@@@2@AEBQEAVCSP1401R1A@@@Z 000000018000e210 f i SP3301.obj
 0001:0000d400       ?erase@?$vector@PEAVCSP1401R1A@@V?$allocator@PEAVCSP1401R1A@@@std@@@std@@QEAA?AV?$_Vector_iterator@PEAVCSP1401R1A@@V?$allocator@PEAVCSP1401R1A@@@std@@@2@V?$_Vector_const_iterator@PEAVCSP1401R1A@@V?$allocator@PEAVCSP1401R1A@@@std@@@2@0@Z 000000018000e400 f i SP3301.obj
 0001:0000d6a0       ?_Buy@?$vector@PEAVCSP1401R1A@@V?$allocator@PEAVCSP1401R1A@@@std@@@std@@IEAA_N_K@Z 000000018000e6a0 f i SP3301.obj
 0001:0000d780       ?_Tidy@?$vector@PEAVCSP1401R1A@@V?$allocator@PEAVCSP1401R1A@@@std@@@std@@IEAAXXZ 000000018000e780 f i SP3301.obj
 0001:0000d840       ?_Ufill@?$vector@PEAVCSP1401R1A@@V?$allocator@PEAVCSP1401R1A@@@std@@@std@@IEAAPEAPEAVCSP1401R1A@@PEAPEAV3@_KAEBQEAV3@@Z 000000018000e840 f i SP3301.obj
 0001:0000d8a0       ?_Xran@?$vector@PEAVCSP1401R1A@@V?$allocator@PEAVCSP1401R1A@@@std@@@std@@KAXXZ 000000018000e8a0 f i SP3301.obj
 0001:0000d920       ?_Orphan_range@?$vector@PEAVCSP1401R1A@@V?$allocator@PEAVCSP1401R1A@@@std@@@std@@IEBAXPEAPEAVCSP1401R1A@@0@Z 000000018000e920 f i SP3301.obj
 0001:0000d9f0       ??0?$_Vector_val@PEAVCSP1401R1A@@V?$allocator@PEAVCSP1401R1A@@@std@@@std@@IEAA@V?$allocator@PEAVCSP1401R1A@@@1@@Z 000000018000e9f0 f i SP3301.obj
 0001:0000da60       ??1?$_Container_base_aux_alloc_empty@V?$allocator@PEAVCSP1401R1A@@@std@@@std@@IEAA@XZ 000000018000ea60 f i SP3301.obj
 0001:0000da80       ??0?$allocator@PEAVCSP1401R1A@@@std@@QEAA@XZ 000000018000ea80 f i SP3301.obj
 0001:0000da90       ?capacity@?$vector@PEAVCSP1401R1C@@V?$allocator@PEAVCSP1401R1C@@@std@@@std@@QEBA_KXZ 000000018000ea90 f i SP3301.obj
 0001:0000daf0       ?begin@?$vector@PEAVCSP1401R1C@@V?$allocator@PEAVCSP1401R1C@@@std@@@std@@QEAA?AV?$_Vector_iterator@PEAVCSP1401R1C@@V?$allocator@PEAVCSP1401R1C@@@std@@@2@XZ 000000018000eaf0 f i SP3301.obj
 0001:0000db50       ?end@?$vector@PEAVCSP1401R1C@@V?$allocator@PEAVCSP1401R1C@@@std@@@std@@QEAA?AV?$_Vector_iterator@PEAVCSP1401R1C@@V?$allocator@PEAVCSP1401R1C@@@std@@@2@XZ 000000018000eb50 f i SP3301.obj
 0001:0000dbb0       ?insert@?$vector@PEAVCSP1401R1C@@V?$allocator@PEAVCSP1401R1C@@@std@@@std@@QEAA?AV?$_Vector_iterator@PEAVCSP1401R1C@@V?$allocator@PEAVCSP1401R1C@@@std@@@2@V?$_Vector_const_iterator@PEAVCSP1401R1C@@V?$allocator@PEAVCSP1401R1C@@@std@@@2@AEBQEAVCSP1401R1C@@@Z 000000018000ebb0 f i SP3301.obj
 0001:0000dda0       ?erase@?$vector@PEAVCSP1401R1C@@V?$allocator@PEAVCSP1401R1C@@@std@@@std@@QEAA?AV?$_Vector_iterator@PEAVCSP1401R1C@@V?$allocator@PEAVCSP1401R1C@@@std@@@2@V?$_Vector_const_iterator@PEAVCSP1401R1C@@V?$allocator@PEAVCSP1401R1C@@@std@@@2@0@Z 000000018000eda0 f i SP3301.obj
 0001:0000e040       ?_Buy@?$vector@PEAVCSP1401R1C@@V?$allocator@PEAVCSP1401R1C@@@std@@@std@@IEAA_N_K@Z 000000018000f040 f i SP3301.obj
 0001:0000e120       ?_Tidy@?$vector@PEAVCSP1401R1C@@V?$allocator@PEAVCSP1401R1C@@@std@@@std@@IEAAXXZ 000000018000f120 f i SP3301.obj
 0001:0000e1e0       ?_Ufill@?$vector@PEAVCSP1401R1C@@V?$allocator@PEAVCSP1401R1C@@@std@@@std@@IEAAPEAPEAVCSP1401R1C@@PEAPEAV3@_KAEBQEAV3@@Z 000000018000f1e0 f i SP3301.obj
 0001:0000e240       ?_Orphan_range@?$vector@PEAVCSP1401R1C@@V?$allocator@PEAVCSP1401R1C@@@std@@@std@@IEBAXPEAPEAVCSP1401R1C@@0@Z 000000018000f240 f i SP3301.obj
 0001:0000e310       ??0?$_Vector_val@PEAVCSP1401R1C@@V?$allocator@PEAVCSP1401R1C@@@std@@@std@@IEAA@V?$allocator@PEAVCSP1401R1C@@@1@@Z 000000018000f310 f i SP3301.obj
 0001:0000e380       ??1?$_Container_base_aux_alloc_empty@V?$allocator@PEAVCSP1401R1C@@@std@@@std@@IEAA@XZ 000000018000f380 f i SP3301.obj
 0001:0000e3a0       ??0?$allocator@PEAVCSP1401R1C@@@std@@QEAA@XZ 000000018000f3a0 f i SP3301.obj
 0001:0000e3b0       ?capacity@?$vector@PEAVCSP2401R1A@@V?$allocator@PEAVCSP2401R1A@@@std@@@std@@QEBA_KXZ 000000018000f3b0 f i SP3301.obj
 0001:0000e410       ?begin@?$vector@PEAVCSP2401R1A@@V?$allocator@PEAVCSP2401R1A@@@std@@@std@@QEAA?AV?$_Vector_iterator@PEAVCSP2401R1A@@V?$allocator@PEAVCSP2401R1A@@@std@@@2@XZ 000000018000f410 f i SP3301.obj
 0001:0000e470       ?end@?$vector@PEAVCSP2401R1A@@V?$allocator@PEAVCSP2401R1A@@@std@@@std@@QEAA?AV?$_Vector_iterator@PEAVCSP2401R1A@@V?$allocator@PEAVCSP2401R1A@@@std@@@2@XZ 000000018000f470 f i SP3301.obj
 0001:0000e4d0       ?insert@?$vector@PEAVCSP2401R1A@@V?$allocator@PEAVCSP2401R1A@@@std@@@std@@QEAA?AV?$_Vector_iterator@PEAVCSP2401R1A@@V?$allocator@PEAVCSP2401R1A@@@std@@@2@V?$_Vector_const_iterator@PEAVCSP2401R1A@@V?$allocator@PEAVCSP2401R1A@@@std@@@2@AEBQEAVCSP2401R1A@@@Z 000000018000f4d0 f i SP3301.obj
 0001:0000e6c0       ?erase@?$vector@PEAVCSP2401R1A@@V?$allocator@PEAVCSP2401R1A@@@std@@@std@@QEAA?AV?$_Vector_iterator@PEAVCSP2401R1A@@V?$allocator@PEAVCSP2401R1A@@@std@@@2@V?$_Vector_const_iterator@PEAVCSP2401R1A@@V?$allocator@PEAVCSP2401R1A@@@std@@@2@0@Z 000000018000f6c0 f i SP3301.obj
 0001:0000e960       ?_Buy@?$vector@PEAVCSP2401R1A@@V?$allocator@PEAVCSP2401R1A@@@std@@@std@@IEAA_N_K@Z 000000018000f960 f i SP3301.obj
 0001:0000ea40       ?_Tidy@?$vector@PEAVCSP2401R1A@@V?$allocator@PEAVCSP2401R1A@@@std@@@std@@IEAAXXZ 000000018000fa40 f i SP3301.obj
 0001:0000eb00       ?_Ufill@?$vector@PEAVCSP2401R1A@@V?$allocator@PEAVCSP2401R1A@@@std@@@std@@IEAAPEAPEAVCSP2401R1A@@PEAPEAV3@_KAEBQEAV3@@Z 000000018000fb00 f i SP3301.obj
 0001:0000eb60       ?_Orphan_range@?$vector@PEAVCSP2401R1A@@V?$allocator@PEAVCSP2401R1A@@@std@@@std@@IEBAXPEAPEAVCSP2401R1A@@0@Z 000000018000fb60 f i SP3301.obj
 0001:0000ec30       ??0?$_Vector_val@PEAVCSP2401R1A@@V?$allocator@PEAVCSP2401R1A@@@std@@@std@@IEAA@V?$allocator@PEAVCSP2401R1A@@@1@@Z 000000018000fc30 f i SP3301.obj
 0001:0000eca0       ??1?$_Container_base_aux_alloc_empty@V?$allocator@PEAVCSP2401R1A@@@std@@@std@@IEAA@XZ 000000018000fca0 f i SP3301.obj
 0001:0000ecc0       ??0?$allocator@PEAVCSP2401R1A@@@std@@QEAA@XZ 000000018000fcc0 f i SP3301.obj
 0001:0000ecd0       ?_Buy@?$vector@V?$basic_string@DU?$char_traits@D@std@@V?$allocator@D@2@@std@@V?$allocator@V?$basic_string@DU?$char_traits@D@std@@V?$allocator@D@2@@std@@@2@@std@@IEAA_N_K@Z 000000018000fcd0 f i SP3301.obj
 0001:0000edb0       ?_Tidy@?$vector@V?$basic_string@DU?$char_traits@D@std@@V?$allocator@D@2@@std@@V?$allocator@V?$basic_string@DU?$char_traits@D@std@@V?$allocator@D@2@@std@@@2@@std@@IEAAXXZ 000000018000fdb0 f i SP3301.obj
 0001:0000ee80       ??0?$_Vector_val@V?$basic_string@DU?$char_traits@D@std@@V?$allocator@D@2@@std@@V?$allocator@V?$basic_string@DU?$char_traits@D@std@@V?$allocator@D@2@@std@@@2@@std@@IEAA@V?$allocator@V?$basic_string@DU?$char_traits@D@std@@V?$allocator@D@2@@std@@@1@@Z 000000018000fe80 f i SP3301.obj
 0001:0000eef0       ??1?$_Container_base_aux_alloc_empty@V?$allocator@V?$basic_string@DU?$char_traits@D@std@@V?$allocator@D@2@@std@@@std@@@std@@IEAA@XZ 000000018000fef0 f i SP3301.obj
 0001:0000ef10       ??0?$allocator@V?$basic_string@DU?$char_traits@D@std@@V?$allocator@D@2@@std@@@std@@QEAA@XZ 000000018000ff10 f i SP3301.obj
 0001:0000ef20       ??0?$_Vector_iterator@V?$basic_string@DU?$char_traits@D@std@@V?$allocator@D@2@@std@@V?$allocator@V?$basic_string@DU?$char_traits@D@std@@V?$allocator@D@2@@std@@@2@@std@@QEAA@PEAV?$basic_string@DU?$char_traits@D@std@@V?$allocator@D@2@@1@PEBV_Container_base_secure@1@@Z 000000018000ff20 f i SP3301.obj
 0001:0000ef60       ??D?$_Vector_iterator@V?$basic_string@DU?$char_traits@D@std@@V?$allocator@D@2@@std@@V?$allocator@V?$basic_string@DU?$char_traits@D@std@@V?$allocator@D@2@@std@@@2@@std@@QEBAAEAV?$basic_string@DU?$char_traits@D@std@@V?$allocator@D@2@@1@XZ 000000018000ff60 f i SP3301.obj
 0001:0000ef80       ??E?$_Vector_iterator@V?$basic_string@DU?$char_traits@D@std@@V?$allocator@D@2@@std@@V?$allocator@V?$basic_string@DU?$char_traits@D@std@@V?$allocator@D@2@@std@@@2@@std@@QEAAAEAV01@XZ 000000018000ff80 f i SP3301.obj
 0001:0000efb0       ??0?$_Vector_const_iterator@V?$basic_string@DU?$char_traits@D@std@@V?$allocator@D@2@@std@@V?$allocator@V?$basic_string@DU?$char_traits@D@std@@V?$allocator@D@2@@std@@@2@@std@@QEAA@XZ 000000018000ffb0 f i SP3301.obj
 0001:0000eff0       ??8?$_Vector_const_iterator@V?$basic_string@DU?$char_traits@D@std@@V?$allocator@D@2@@std@@V?$allocator@V?$basic_string@DU?$char_traits@D@std@@V?$allocator@D@2@@std@@@2@@std@@QEBA_NAEBV01@@Z 000000018000fff0 f i SP3301.obj
 0001:0000f050       ??0?$_Iterator@$00@?$list@USegHeader_t@ArbReader@@V?$allocator@USegHeader_t@ArbReader@@@std@@@std@@QEAA@PEAU_Node@?$_List_nod@USegHeader_t@ArbReader@@V?$allocator@USegHeader_t@ArbReader@@@std@@@2@PEBV12@@Z 0000000180010050 f i SP3301.obj
 0001:0000f090       ??E?$_Iterator@$00@?$list@USegHeader_t@ArbReader@@V?$allocator@USegHeader_t@ArbReader@@@std@@@std@@QEAAAEAV012@XZ 0000000180010090 f i SP3301.obj
 0001:0000f0c0       ??0?$_Const_iterator@$00@?$list@USegHeader_t@ArbReader@@V?$allocator@USegHeader_t@ArbReader@@@std@@@std@@QEAA@XZ 00000001800100c0 f i SP3301.obj
 0001:0000f100       ??8?$_Const_iterator@$00@?$list@USegHeader_t@ArbReader@@V?$allocator@USegHeader_t@ArbReader@@@std@@@std@@QEBA_NAEBV012@@Z 0000000180010100 f i SP3301.obj
 0001:0000f160       ??0?$_Iterator@$00@?$list@UArbSeg_t@@V?$allocator@UArbSeg_t@@@std@@@std@@QEAA@PEAU_Node@?$_List_nod@UArbSeg_t@@V?$allocator@UArbSeg_t@@@std@@@2@PEBV12@@Z 0000000180010160 f i SP3301.obj
 0001:0000f1a0       ??E?$_Iterator@$00@?$list@UArbSeg_t@@V?$allocator@UArbSeg_t@@@std@@@std@@QEAAAEAV012@XZ 00000001800101a0 f i SP3301.obj
 0001:0000f1d0       ??0?$_Const_iterator@$00@?$list@UArbSeg_t@@V?$allocator@UArbSeg_t@@@std@@@std@@QEAA@XZ 00000001800101d0 f i SP3301.obj
 0001:0000f210       ??D?$_Const_iterator@$00@?$list@UArbSeg_t@@V?$allocator@UArbSeg_t@@@std@@@std@@QEBAAEBUArbSeg_t@@XZ 0000000180010210 f i SP3301.obj
 0001:0000f320       ??D?$_Vector_iterator@PEAVISP1401@@V?$allocator@PEAVISP1401@@@std@@@std@@QEBAAEAPEAVISP1401@@XZ 0000000180010320 f i SP3301.obj
 0001:0000f340       ??H?$_Vector_iterator@PEAVISP1401@@V?$allocator@PEAVISP1401@@@std@@@std@@QEBA?AV01@_J@Z 0000000180010340 f i SP3301.obj
 0001:0000f3d0       ??D?$_Vector_iterator@PEAVCSP1401R1A@@V?$allocator@PEAVCSP1401R1A@@@std@@@std@@QEBAAEAPEAVCSP1401R1A@@XZ 00000001800103d0 f i SP3301.obj
 0001:0000f3f0       ??H?$_Vector_iterator@PEAVCSP1401R1A@@V?$allocator@PEAVCSP1401R1A@@@std@@@std@@QEBA?AV01@_J@Z 00000001800103f0 f i SP3301.obj
 0001:0000f480       ??0?$_Ranit@V?$basic_string@DU?$char_traits@D@std@@V?$allocator@D@2@@std@@_JPEBV12@AEBV12@@std@@QEAA@XZ 0000000180010480 f i SP3301.obj
 0001:0000f4b0       ??0?$_Bidit@USegHeader_t@ArbReader@@_JPEBU12@AEBU12@@std@@QEAA@XZ 00000001800104b0 f i SP3301.obj
 0001:0000f4e0       ??0?$_Bidit@UArbSeg_t@@_JPEBU1@AEBU1@@std@@QEAA@XZ 00000001800104e0 f i SP3301.obj
 0001:0000f510       ??0?$_Vector_iterator@PEAVISP1401@@V?$allocator@PEAVISP1401@@@std@@@std@@QEAA@AEBV01@@Z 0000000180010510 f i SP3301.obj
 0001:0000f540       ??0?$_Vector_iterator@PEAVCSP1401R1A@@V?$allocator@PEAVCSP1401R1A@@@std@@@std@@QEAA@AEBV01@@Z 0000000180010540 f i SP3301.obj
 0001:0000f570       ??0?$_Iterator_with_base@Urandom_access_iterator_tag@std@@V?$basic_string@DU?$char_traits@D@std@@V?$allocator@D@2@@2@_JPEBV32@AEBV32@V_Iterator_base@2@@std@@QEAA@XZ 0000000180010570 f i SP3301.obj
 0001:0000f5a0       ??0_Iterator_base@std@@QEAA@XZ 00000001800105a0 f i SP3301.obj
 0001:0000f5d0       ??0?$_Iterator_with_base@Ubidirectional_iterator_tag@std@@USegHeader_t@ArbReader@@_JPEBU34@AEBU34@V_Iterator_base@2@@std@@QEAA@XZ 00000001800105d0 f i SP3301.obj
 0001:0000f600       ??0?$_Iterator_with_base@Ubidirectional_iterator_tag@std@@UArbSeg_t@@_JPEBU3@AEBU3@V_Iterator_base@2@@std@@QEAA@XZ 0000000180010600 f i SP3301.obj
 0001:0000f630       ?_Prevnode@?$list@USegHeader_t@ArbReader@@V?$allocator@USegHeader_t@ArbReader@@@std@@@std@@KAAEAPEAU_Node@?$_List_nod@USegHeader_t@ArbReader@@V?$allocator@USegHeader_t@ArbReader@@@std@@@2@PEAU342@@Z 0000000180010630 f i SP3301.obj
 0001:0000f650       ?clear@?$list@USegHeader_t@ArbReader@@V?$allocator@USegHeader_t@ArbReader@@@std@@@std@@QEAAXXZ 0000000180010650 f i SP3301.obj
 0001:0000f760       ??0?$_List_ptr@USegHeader_t@ArbReader@@V?$allocator@USegHeader_t@ArbReader@@@std@@@std@@IEAA@V?$allocator@USegHeader_t@ArbReader@@@1@@Z 0000000180010760 f i SP3301.obj
 0001:0000f7d0       ??0?$allocator@USegHeader_t@ArbReader@@@std@@QEAA@AEBV01@@Z 00000001800107d0 f i SP3301.obj
 0001:0000f7f0       ?deallocate@?$allocator@U_Node@?$_List_nod@USegHeader_t@ArbReader@@V?$allocator@USegHeader_t@ArbReader@@@std@@@std@@@std@@QEAAXPEAU_Node@?$_List_nod@USegHeader_t@ArbReader@@V?$allocator@USegHeader_t@ArbReader@@@std@@@2@_K@Z 00000001800107f0 f i SP3301.obj
 0001:0000f820       ?allocate@?$allocator@U_Node@?$_List_nod@USegHeader_t@ArbReader@@V?$allocator@USegHeader_t@ArbReader@@@std@@@std@@@std@@QEAAPEAU_Node@?$_List_nod@USegHeader_t@ArbReader@@V?$allocator@USegHeader_t@ArbReader@@@std@@@2@_K@Z 0000000180010820 f i SP3301.obj
 0001:0000f850       ?construct@?$allocator@PEAU_Node@?$_List_nod@USegHeader_t@ArbReader@@V?$allocator@USegHeader_t@ArbReader@@@std@@@std@@@std@@QEAAXPEAPEAU_Node@?$_List_nod@USegHeader_t@ArbReader@@V?$allocator@USegHeader_t@ArbReader@@@std@@@2@AEBQEAU342@@Z 0000000180010850 f i SP3301.obj
 0001:0000f880       ?destroy@?$allocator@PEAU_Node@?$_List_nod@USegHeader_t@ArbReader@@V?$allocator@USegHeader_t@ArbReader@@@std@@@std@@@std@@QEAAXPEAPEAU_Node@?$_List_nod@USegHeader_t@ArbReader@@V?$allocator@USegHeader_t@ArbReader@@@std@@@2@@Z 0000000180010880 f i SP3301.obj
 0001:0000f8b0       ?_Prevnode@?$list@UArbSeg_t@@V?$allocator@UArbSeg_t@@@std@@@std@@KAAEAPEAU_Node@?$_List_nod@UArbSeg_t@@V?$allocator@UArbSeg_t@@@std@@@2@PEAU342@@Z 00000001800108b0 f i SP3301.obj
 0001:0000f8d0       ?_Myval@?$list@UArbSeg_t@@V?$allocator@UArbSeg_t@@@std@@@std@@KAAEAUArbSeg_t@@PEAU_Node@?$_List_nod@UArbSeg_t@@V?$allocator@UArbSeg_t@@@std@@@2@@Z 00000001800108d0 f i SP3301.obj
 0001:0000f8f0       ?clear@?$list@UArbSeg_t@@V?$allocator@UArbSeg_t@@@std@@@std@@QEAAXXZ 00000001800108f0 f i SP3301.obj
 0001:0000fa00       ??0?$_List_ptr@UArbSeg_t@@V?$allocator@UArbSeg_t@@@std@@@std@@IEAA@V?$allocator@UArbSeg_t@@@1@@Z 0000000180010a00 f i SP3301.obj
 0001:0000fa70       ??0?$allocator@UArbSeg_t@@@std@@QEAA@AEBV01@@Z 0000000180010a70 f i SP3301.obj
 0001:0000fa90       ?deallocate@?$allocator@U_Node@?$_List_nod@UArbSeg_t@@V?$allocator@UArbSeg_t@@@std@@@std@@@std@@QEAAXPEAU_Node@?$_List_nod@UArbSeg_t@@V?$allocator@UArbSeg_t@@@std@@@2@_K@Z 0000000180010a90 f i SP3301.obj
 0001:0000fac0       ?allocate@?$allocator@U_Node@?$_List_nod@UArbSeg_t@@V?$allocator@UArbSeg_t@@@std@@@std@@@std@@QEAAPEAU_Node@?$_List_nod@UArbSeg_t@@V?$allocator@UArbSeg_t@@@std@@@2@_K@Z 0000000180010ac0 f i SP3301.obj
 0001:0000faf0       ?construct@?$allocator@PEAU_Node@?$_List_nod@UArbSeg_t@@V?$allocator@UArbSeg_t@@@std@@@std@@@std@@QEAAXPEAPEAU_Node@?$_List_nod@UArbSeg_t@@V?$allocator@UArbSeg_t@@@std@@@2@AEBQEAU342@@Z 0000000180010af0 f i SP3301.obj
 0001:0000fb20       ?destroy@?$allocator@PEAU_Node@?$_List_nod@UArbSeg_t@@V?$allocator@UArbSeg_t@@@std@@@std@@@std@@QEAAXPEAPEAU_Node@?$_List_nod@UArbSeg_t@@V?$allocator@UArbSeg_t@@@std@@@2@@Z 0000000180010b20 f i SP3301.obj
 0001:0000fb50       ?_Nextnode@?$list@V?$list@UMarker_t@ArbReader@@V?$allocator@UMarker_t@ArbReader@@@std@@@std@@V?$allocator@V?$list@UMarker_t@ArbReader@@V?$allocator@UMarker_t@ArbReader@@@std@@@std@@@2@@std@@KAAEAPEAU_Node@?$_List_nod@V?$list@UMarker_t@ArbReader@@V?$allocator@UMarker_t@ArbReader@@@std@@@std@@V?$allocator@V?$list@UMarker_t@ArbReader@@V?$allocator@UMarker_t@ArbReader@@@std@@@std@@@2@@2@PEAU342@@Z 0000000180010b50 f i SP3301.obj
 0001:0000fb60       ?_Prevnode@?$list@V?$list@UMarker_t@ArbReader@@V?$allocator@UMarker_t@ArbReader@@@std@@@std@@V?$allocator@V?$list@UMarker_t@ArbReader@@V?$allocator@UMarker_t@ArbReader@@@std@@@std@@@2@@std@@KAAEAPEAU_Node@?$_List_nod@V?$list@UMarker_t@ArbReader@@V?$allocator@UMarker_t@ArbReader@@@std@@@std@@V?$allocator@V?$list@UMarker_t@ArbReader@@V?$allocator@UMarker_t@ArbReader@@@std@@@std@@@2@@2@PEAU342@@Z 0000000180010b60 f i SP3301.obj
 0001:0000fb80       ?clear@?$list@V?$list@UMarker_t@ArbReader@@V?$allocator@UMarker_t@ArbReader@@@std@@@std@@V?$allocator@V?$list@UMarker_t@ArbReader@@V?$allocator@UMarker_t@ArbReader@@@std@@@std@@@2@@std@@QEAAXXZ 0000000180010b80 f i SP3301.obj
 0001:0000fc90       ??0?$_List_ptr@V?$list@UMarker_t@ArbReader@@V?$allocator@UMarker_t@ArbReader@@@std@@@std@@V?$allocator@V?$list@UMarker_t@ArbReader@@V?$allocator@UMarker_t@ArbReader@@@std@@@std@@@2@@std@@IEAA@V?$allocator@V?$list@UMarker_t@ArbReader@@V?$allocator@UMarker_t@ArbReader@@@std@@@std@@@1@@Z 0000000180010c90 f i SP3301.obj
 0001:0000fd00       ??0?$allocator@V?$list@UMarker_t@ArbReader@@V?$allocator@UMarker_t@ArbReader@@@std@@@std@@@std@@QEAA@AEBV01@@Z 0000000180010d00 f i SP3301.obj
 0001:0000fd20       ?deallocate@?$allocator@U_Node@?$_List_nod@V?$list@UMarker_t@ArbReader@@V?$allocator@UMarker_t@ArbReader@@@std@@@std@@V?$allocator@V?$list@UMarker_t@ArbReader@@V?$allocator@UMarker_t@ArbReader@@@std@@@std@@@2@@std@@@std@@QEAAXPEAU_Node@?$_List_nod@V?$list@UMarker_t@ArbReader@@V?$allocator@UMarker_t@ArbReader@@@std@@@std@@V?$allocator@V?$list@UMarker_t@ArbReader@@V?$allocator@UMarker_t@ArbReader@@@std@@@std@@@2@@2@_K@Z 0000000180010d20 f i SP3301.obj
 0001:0000fd50       ?allocate@?$allocator@U_Node@?$_List_nod@V?$list@UMarker_t@ArbReader@@V?$allocator@UMarker_t@ArbReader@@@std@@@std@@V?$allocator@V?$list@UMarker_t@ArbReader@@V?$allocator@UMarker_t@ArbReader@@@std@@@std@@@2@@std@@@std@@QEAAPEAU_Node@?$_List_nod@V?$list@UMarker_t@ArbReader@@V?$allocator@UMarker_t@ArbReader@@@std@@@std@@V?$allocator@V?$list@UMarker_t@ArbReader@@V?$allocator@UMarker_t@ArbReader@@@std@@@std@@@2@@2@_K@Z 0000000180010d50 f i SP3301.obj
 0001:0000fd80       ?construct@?$allocator@PEAU_Node@?$_List_nod@V?$list@UMarker_t@ArbReader@@V?$allocator@UMarker_t@ArbReader@@@std@@@std@@V?$allocator@V?$list@UMarker_t@ArbReader@@V?$allocator@UMarker_t@ArbReader@@@std@@@std@@@2@@std@@@std@@QEAAXPEAPEAU_Node@?$_List_nod@V?$list@UMarker_t@ArbReader@@V?$allocator@UMarker_t@ArbReader@@@std@@@std@@V?$allocator@V?$list@UMarker_t@ArbReader@@V?$allocator@UMarker_t@ArbReader@@@std@@@std@@@2@@2@AEBQEAU342@@Z 0000000180010d80 f i SP3301.obj
 0001:0000fdb0       ?destroy@?$allocator@PEAU_Node@?$_List_nod@V?$list@UMarker_t@ArbReader@@V?$allocator@UMarker_t@ArbReader@@@std@@@std@@V?$allocator@V?$list@UMarker_t@ArbReader@@V?$allocator@UMarker_t@ArbReader@@@std@@@std@@@2@@std@@@std@@QEAAXPEAPEAU_Node@?$_List_nod@V?$list@UMarker_t@ArbReader@@V?$allocator@UMarker_t@ArbReader@@@std@@@std@@V?$allocator@V?$list@UMarker_t@ArbReader@@V?$allocator@UMarker_t@ArbReader@@@std@@@std@@@2@@2@@Z 0000000180010db0 f i SP3301.obj
 0001:0000fde0       ?_Make_iter@?$vector@PEAVISP1401@@V?$allocator@PEAVISP1401@@@std@@@std@@QEBA?AV?$_Vector_iterator@PEAVISP1401@@V?$allocator@PEAVISP1401@@@std@@@2@V?$_Vector_const_iterator@PEAVISP1401@@V?$allocator@PEAVISP1401@@@std@@@2@@Z 0000000180010de0 f i SP3301.obj
 0001:0000fe60       ?max_size@?$vector@PEAVISP1401@@V?$allocator@PEAVISP1401@@@std@@@std@@QEBA_KXZ 0000000180010e60 f i SP3301.obj
 0001:0000fe90       ?_Destroy@?$vector@PEAVISP1401@@V?$allocator@PEAVISP1401@@@std@@@std@@IEAAXPEAPEAVISP1401@@0@Z 0000000180010e90 f i SP3301.obj
 0001:0000fed0       ?_Insert_n@?$vector@PEAVISP1401@@V?$allocator@PEAVISP1401@@@std@@@std@@IEAAXV?$_Vector_const_iterator@PEAVISP1401@@V?$allocator@PEAVISP1401@@@std@@@2@_KAEBQEAVISP1401@@@Z 0000000180010ed0 f i SP3301.obj
 0001:000105e0       ?_Xlen@?$vector@PEAVISP1401@@V?$allocator@PEAVISP1401@@@std@@@std@@KAXXZ 00000001800115e0 f i SP3301.obj
 0001:00010660       ??0length_error@std@@QEAA@AEBV?$basic_string@DU?$char_traits@D@std@@V?$allocator@D@2@@1@@Z 0000000180011660 f i SP3301.obj
 0001:000106b0       ??1length_error@std@@UEAA@XZ 00000001800116b0 f i SP3301.obj
 0001:000106e0       ??_Elength_error@std@@UEAAPEAXI@Z 00000001800116e0 f i SP3301.obj
 0001:000106e0       ??_Glength_error@std@@UEAAPEAXI@Z 00000001800116e0 f i SP3301.obj
 0001:00010730       ??0?$_Container_base_aux_alloc_empty@V?$allocator@PEAVISP1401@@@std@@@std@@IEAA@V?$allocator@PEAVISP1401@@@1@@Z 0000000180011730 f i SP3301.obj
 0001:00010760       ??0?$allocator@PEAVISP1401@@@std@@QEAA@AEBV01@@Z 0000000180011760 f i SP3301.obj
 0001:00010780       ?deallocate@?$allocator@PEAVISP1401@@@std@@QEAAXPEAPEAVISP1401@@_K@Z 0000000180011780 f i SP3301.obj
 0001:000107b0       ?allocate@?$allocator@PEAVISP1401@@@std@@QEAAPEAPEAVISP1401@@_K@Z 00000001800117b0 f i SP3301.obj
 0001:000107e0       ?_Make_iter@?$vector@PEAVCSP1401R1A@@V?$allocator@PEAVCSP1401R1A@@@std@@@std@@QEBA?AV?$_Vector_iterator@PEAVCSP1401R1A@@V?$allocator@PEAVCSP1401R1A@@@std@@@2@V?$_Vector_const_iterator@PEAVCSP1401R1A@@V?$allocator@PEAVCSP1401R1A@@@std@@@2@@Z 00000001800117e0 f i SP3301.obj
 0001:00010860       ?max_size@?$vector@PEAVCSP1401R1A@@V?$allocator@PEAVCSP1401R1A@@@std@@@std@@QEBA_KXZ 0000000180011860 f i SP3301.obj
 0001:00010890       ?_Destroy@?$vector@PEAVCSP1401R1A@@V?$allocator@PEAVCSP1401R1A@@@std@@@std@@IEAAXPEAPEAVCSP1401R1A@@0@Z 0000000180011890 f i SP3301.obj
 0001:000108d0       ?_Insert_n@?$vector@PEAVCSP1401R1A@@V?$allocator@PEAVCSP1401R1A@@@std@@@std@@IEAAXV?$_Vector_const_iterator@PEAVCSP1401R1A@@V?$allocator@PEAVCSP1401R1A@@@std@@@2@_KAEBQEAVCSP1401R1A@@@Z 00000001800118d0 f i SP3301.obj
 0001:00010fe0       ?_Xlen@?$vector@PEAVCSP1401R1A@@V?$allocator@PEAVCSP1401R1A@@@std@@@std@@KAXXZ 0000000180011fe0 f i SP3301.obj
 0001:00011060       ??0?$_Container_base_aux_alloc_empty@V?$allocator@PEAVCSP1401R1A@@@std@@@std@@IEAA@V?$allocator@PEAVCSP1401R1A@@@1@@Z 0000000180012060 f i SP3301.obj
 0001:00011090       ??0?$allocator@PEAVCSP1401R1A@@@std@@QEAA@AEBV01@@Z 0000000180012090 f i SP3301.obj
 0001:000110b0       ?deallocate@?$allocator@PEAVCSP1401R1A@@@std@@QEAAXPEAPEAVCSP1401R1A@@_K@Z 00000001800120b0 f i SP3301.obj
 0001:000110e0       ?allocate@?$allocator@PEAVCSP1401R1A@@@std@@QEAAPEAPEAVCSP1401R1A@@_K@Z 00000001800120e0 f i SP3301.obj
 0001:00011110       ?_Make_iter@?$vector@PEAVCSP1401R1C@@V?$allocator@PEAVCSP1401R1C@@@std@@@std@@QEBA?AV?$_Vector_iterator@PEAVCSP1401R1C@@V?$allocator@PEAVCSP1401R1C@@@std@@@2@V?$_Vector_const_iterator@PEAVCSP1401R1C@@V?$allocator@PEAVCSP1401R1C@@@std@@@2@@Z 0000000180012110 f i SP3301.obj
 0001:00011190       ?max_size@?$vector@PEAVCSP1401R1C@@V?$allocator@PEAVCSP1401R1C@@@std@@@std@@QEBA_KXZ 0000000180012190 f i SP3301.obj
 0001:000111c0       ?_Destroy@?$vector@PEAVCSP1401R1C@@V?$allocator@PEAVCSP1401R1C@@@std@@@std@@IEAAXPEAPEAVCSP1401R1C@@0@Z 00000001800121c0 f i SP3301.obj
 0001:00011200       ?_Insert_n@?$vector@PEAVCSP1401R1C@@V?$allocator@PEAVCSP1401R1C@@@std@@@std@@IEAAXV?$_Vector_const_iterator@PEAVCSP1401R1C@@V?$allocator@PEAVCSP1401R1C@@@std@@@2@_KAEBQEAVCSP1401R1C@@@Z 0000000180012200 f i SP3301.obj
 0001:00011910       ?_Xlen@?$vector@PEAVCSP1401R1C@@V?$allocator@PEAVCSP1401R1C@@@std@@@std@@KAXXZ 0000000180012910 f i SP3301.obj
 0001:00011990       ??0?$_Container_base_aux_alloc_empty@V?$allocator@PEAVCSP1401R1C@@@std@@@std@@IEAA@V?$allocator@PEAVCSP1401R1C@@@1@@Z 0000000180012990 f i SP3301.obj
 0001:000119c0       ??0?$allocator@PEAVCSP1401R1C@@@std@@QEAA@AEBV01@@Z 00000001800129c0 f i SP3301.obj
 0001:000119e0       ?deallocate@?$allocator@PEAVCSP1401R1C@@@std@@QEAAXPEAPEAVCSP1401R1C@@_K@Z 00000001800129e0 f i SP3301.obj
 0001:00011a10       ?allocate@?$allocator@PEAVCSP1401R1C@@@std@@QEAAPEAPEAVCSP1401R1C@@_K@Z 0000000180012a10 f i SP3301.obj
 0001:00011a40       ?_Make_iter@?$vector@PEAVCSP2401R1A@@V?$allocator@PEAVCSP2401R1A@@@std@@@std@@QEBA?AV?$_Vector_iterator@PEAVCSP2401R1A@@V?$allocator@PEAVCSP2401R1A@@@std@@@2@V?$_Vector_const_iterator@PEAVCSP2401R1A@@V?$allocator@PEAVCSP2401R1A@@@std@@@2@@Z 0000000180012a40 f i SP3301.obj
 0001:00011ac0       ?max_size@?$vector@PEAVCSP2401R1A@@V?$allocator@PEAVCSP2401R1A@@@std@@@std@@QEBA_KXZ 0000000180012ac0 f i SP3301.obj
 0001:00011af0       ?_Destroy@?$vector@PEAVCSP2401R1A@@V?$allocator@PEAVCSP2401R1A@@@std@@@std@@IEAAXPEAPEAVCSP2401R1A@@0@Z 0000000180012af0 f i SP3301.obj
 0001:00011b30       ?_Insert_n@?$vector@PEAVCSP2401R1A@@V?$allocator@PEAVCSP2401R1A@@@std@@@std@@IEAAXV?$_Vector_const_iterator@PEAVCSP2401R1A@@V?$allocator@PEAVCSP2401R1A@@@std@@@2@_KAEBQEAVCSP2401R1A@@@Z 0000000180012b30 f i SP3301.obj
 0001:00012240       ?_Xlen@?$vector@PEAVCSP2401R1A@@V?$allocator@PEAVCSP2401R1A@@@std@@@std@@KAXXZ 0000000180013240 f i SP3301.obj
 0001:000122c0       ??0?$_Container_base_aux_alloc_empty@V?$allocator@PEAVCSP2401R1A@@@std@@@std@@IEAA@V?$allocator@PEAVCSP2401R1A@@@1@@Z 00000001800132c0 f i SP3301.obj
 0001:000122f0       ??0?$allocator@PEAVCSP2401R1A@@@std@@QEAA@AEBV01@@Z 00000001800132f0 f i SP3301.obj
 0001:00012310       ?deallocate@?$allocator@PEAVCSP2401R1A@@@std@@QEAAXPEAPEAVCSP2401R1A@@_K@Z 0000000180013310 f i SP3301.obj
 0001:00012340       ?allocate@?$allocator@PEAVCSP2401R1A@@@std@@QEAAPEAPEAVCSP2401R1A@@_K@Z 0000000180013340 f i SP3301.obj
 0001:00012370       ?max_size@?$vector@V?$basic_string@DU?$char_traits@D@std@@V?$allocator@D@2@@std@@V?$allocator@V?$basic_string@DU?$char_traits@D@std@@V?$allocator@D@2@@std@@@2@@std@@QEBA_KXZ 0000000180013370 f i SP3301.obj
 0001:000123a0       ?_Destroy@?$vector@V?$basic_string@DU?$char_traits@D@std@@V?$allocator@D@2@@std@@V?$allocator@V?$basic_string@DU?$char_traits@D@std@@V?$allocator@D@2@@std@@@2@@std@@IEAAXPEAV?$basic_string@DU?$char_traits@D@std@@V?$allocator@D@2@@2@0@Z 00000001800133a0 f i SP3301.obj
 0001:000123e0       ?_Xlen@?$vector@V?$basic_string@DU?$char_traits@D@std@@V?$allocator@D@2@@std@@V?$allocator@V?$basic_string@DU?$char_traits@D@std@@V?$allocator@D@2@@std@@@2@@std@@KAXXZ 00000001800133e0 f i SP3301.obj
 0001:00012460       ??0?$_Container_base_aux_alloc_empty@V?$allocator@V?$basic_string@DU?$char_traits@D@std@@V?$allocator@D@2@@std@@@std@@@std@@IEAA@V?$allocator@V?$basic_string@DU?$char_traits@D@std@@V?$allocator@D@2@@std@@@1@@Z 0000000180013460 f i SP3301.obj
 0001:00012490       ??0?$allocator@V?$basic_string@DU?$char_traits@D@std@@V?$allocator@D@2@@std@@@std@@QEAA@AEBV01@@Z 0000000180013490 f i SP3301.obj
 0001:000124b0       ?deallocate@?$allocator@V?$basic_string@DU?$char_traits@D@std@@V?$allocator@D@2@@std@@@std@@QEAAXPEAV?$basic_string@DU?$char_traits@D@std@@V?$allocator@D@2@@2@_K@Z 00000001800134b0 f i SP3301.obj
 0001:000124e0       ?allocate@?$allocator@V?$basic_string@DU?$char_traits@D@std@@V?$allocator@D@2@@std@@@std@@QEAAPEAV?$basic_string@DU?$char_traits@D@std@@V?$allocator@D@2@@2@_K@Z 00000001800134e0 f i SP3301.obj
 0001:00012510       ??0?$_Vector_const_iterator@V?$basic_string@DU?$char_traits@D@std@@V?$allocator@D@2@@std@@V?$allocator@V?$basic_string@DU?$char_traits@D@std@@V?$allocator@D@2@@std@@@2@@std@@QEAA@PEAV?$basic_string@DU?$char_traits@D@std@@V?$allocator@D@2@@1@PEBV_Container_base_secure@1@@Z 0000000180013510 f i SP3301.obj
 0001:00012620       ??D?$_Vector_const_iterator@V?$basic_string@DU?$char_traits@D@std@@V?$allocator@D@2@@std@@V?$allocator@V?$basic_string@DU?$char_traits@D@std@@V?$allocator@D@2@@std@@@2@@std@@QEBAAEBV?$basic_string@DU?$char_traits@D@std@@V?$allocator@D@2@@1@XZ 0000000180013620 f i SP3301.obj
 0001:00012720       ??E?$_Vector_const_iterator@V?$basic_string@DU?$char_traits@D@std@@V?$allocator@D@2@@std@@V?$allocator@V?$basic_string@DU?$char_traits@D@std@@V?$allocator@D@2@@std@@@2@@std@@QEAAAEAV01@XZ 0000000180013720 f i SP3301.obj
 0001:000128c0       ?_Getmycont@_Iterator_base@std@@QEBAPEBV_Container_base_secure@2@XZ 00000001800138c0 f i SP3301.obj
 0001:000128e0       ?_Has_container@_Iterator_base@std@@QEBA_NXZ 00000001800138e0 f i SP3301.obj
 0001:00012920       ?_Compat@?$_Vector_const_iterator@V?$basic_string@DU?$char_traits@D@std@@V?$allocator@D@2@@std@@V?$allocator@V?$basic_string@DU?$char_traits@D@std@@V?$allocator@D@2@@std@@@2@@std@@QEBAXAEBV12@@Z 0000000180013920 f i SP3301.obj
 0001:00012a00       ??0?$_Const_iterator@$00@?$list@USegHeader_t@ArbReader@@V?$allocator@USegHeader_t@ArbReader@@@std@@@std@@QEAA@PEAU_Node@?$_List_nod@USegHeader_t@ArbReader@@V?$allocator@USegHeader_t@ArbReader@@@std@@@2@PEBV12@@Z 0000000180013a00 f i SP3301.obj
 0001:00012a70       ??E?$_Const_iterator@$00@?$list@USegHeader_t@ArbReader@@V?$allocator@USegHeader_t@ArbReader@@@std@@@std@@QEAAAEAV012@XZ 0000000180013a70 f i SP3301.obj
 0001:00012b90       ?_Compat@?$_Const_iterator@$00@?$list@USegHeader_t@ArbReader@@V?$allocator@USegHeader_t@ArbReader@@@std@@@std@@QEBAXAEBV123@@Z 0000000180013b90 f i SP3301.obj
 0001:00012c80       ??0?$_Const_iterator@$00@?$list@UArbSeg_t@@V?$allocator@UArbSeg_t@@@std@@@std@@QEAA@PEAU_Node@?$_List_nod@UArbSeg_t@@V?$allocator@UArbSeg_t@@@std@@@2@PEBV12@@Z 0000000180013c80 f i SP3301.obj
 0001:00012cf0       ??E?$_Const_iterator@$00@?$list@UArbSeg_t@@V?$allocator@UArbSeg_t@@@std@@@std@@QEAAAEAV012@XZ 0000000180013cf0 f i SP3301.obj
 0001:00012e10       ??0?$_Vector_iterator@PEAVISP1401@@V?$allocator@PEAVISP1401@@@std@@@std@@QEAA@PEAPEAVISP1401@@PEBV_Container_base_secure@1@@Z 0000000180013e10 f i SP3301.obj
 0001:00012e50       ??Y?$_Vector_iterator@PEAVISP1401@@V?$allocator@PEAVISP1401@@@std@@@std@@QEAAAEAV01@_J@Z 0000000180013e50 f i SP3301.obj
 0001:00012e80       ??D?$_Vector_const_iterator@PEAVISP1401@@V?$allocator@PEAVISP1401@@@std@@@std@@QEBAAEBQEAVISP1401@@XZ 0000000180013e80 f i SP3301.obj
 0001:00012f80       ??G?$_Vector_const_iterator@PEAVISP1401@@V?$allocator@PEAVISP1401@@@std@@@std@@QEBA_JAEBV01@@Z 0000000180013f80 f i SP3301.obj
 0001:00012fd0       ??9?$_Vector_const_iterator@PEAVISP1401@@V?$allocator@PEAVISP1401@@@std@@@std@@QEBA_NAEBV01@@Z 0000000180013fd0 f i SP3301.obj
 0001:00013020       ??M?$_Vector_const_iterator@PEAVISP1401@@V?$allocator@PEAVISP1401@@@std@@@std@@QEBA_NAEBV01@@Z 0000000180014020 f i SP3301.obj
 0001:00013080       ??0?$_Vector_iterator@PEAVCSP1401R1A@@V?$allocator@PEAVCSP1401R1A@@@std@@@std@@QEAA@PEAPEAVCSP1401R1A@@PEBV_Container_base_secure@1@@Z 0000000180014080 f i SP3301.obj
 0001:000130c0       ??Y?$_Vector_iterator@PEAVCSP1401R1A@@V?$allocator@PEAVCSP1401R1A@@@std@@@std@@QEAAAEAV01@_J@Z 00000001800140c0 f i SP3301.obj
 0001:000130f0       ??D?$_Vector_const_iterator@PEAVCSP1401R1A@@V?$allocator@PEAVCSP1401R1A@@@std@@@std@@QEBAAEBQEAVCSP1401R1A@@XZ 00000001800140f0 f i SP3301.obj
 0001:000131f0       ??G?$_Vector_const_iterator@PEAVCSP1401R1A@@V?$allocator@PEAVCSP1401R1A@@@std@@@std@@QEBA_JAEBV01@@Z 00000001800141f0 f i SP3301.obj
 0001:00013240       ??9?$_Vector_const_iterator@PEAVCSP1401R1A@@V?$allocator@PEAVCSP1401R1A@@@std@@@std@@QEBA_NAEBV01@@Z 0000000180014240 f i SP3301.obj
 0001:00013290       ??M?$_Vector_const_iterator@PEAVCSP1401R1A@@V?$allocator@PEAVCSP1401R1A@@@std@@@std@@QEBA_NAEBV01@@Z 0000000180014290 f i SP3301.obj
 0001:000132f0       ??0?$_Vector_iterator@PEAVCSP1401R1C@@V?$allocator@PEAVCSP1401R1C@@@std@@@std@@QEAA@PEAPEAVCSP1401R1C@@PEBV_Container_base_secure@1@@Z 00000001800142f0 f i SP3301.obj
 0001:00013330       ??H?$_Vector_iterator@PEAVCSP1401R1C@@V?$allocator@PEAVCSP1401R1C@@@std@@@std@@QEBA?AV01@_J@Z 0000000180014330 f i SP3301.obj
 0001:000133c0       ??G?$_Vector_const_iterator@PEAVCSP1401R1C@@V?$allocator@PEAVCSP1401R1C@@@std@@@std@@QEBA_JAEBV01@@Z 00000001800143c0 f i SP3301.obj
 0001:00013410       ??9?$_Vector_const_iterator@PEAVCSP1401R1C@@V?$allocator@PEAVCSP1401R1C@@@std@@@std@@QEBA_NAEBV01@@Z 0000000180014410 f i SP3301.obj
 0001:00013460       ??M?$_Vector_const_iterator@PEAVCSP1401R1C@@V?$allocator@PEAVCSP1401R1C@@@std@@@std@@QEBA_NAEBV01@@Z 0000000180014460 f i SP3301.obj
 0001:000134c0       ??0?$_Vector_iterator@PEAVCSP2401R1A@@V?$allocator@PEAVCSP2401R1A@@@std@@@std@@QEAA@PEAPEAVCSP2401R1A@@PEBV_Container_base_secure@1@@Z 00000001800144c0 f i SP3301.obj
 0001:00013500       ??H?$_Vector_iterator@PEAVCSP2401R1A@@V?$allocator@PEAVCSP2401R1A@@@std@@@std@@QEBA?AV01@_J@Z 0000000180014500 f i SP3301.obj
 0001:00013590       ??G?$_Vector_const_iterator@PEAVCSP2401R1A@@V?$allocator@PEAVCSP2401R1A@@@std@@@std@@QEBA_JAEBV01@@Z 0000000180014590 f i SP3301.obj
 0001:000135e0       ??9?$_Vector_const_iterator@PEAVCSP2401R1A@@V?$allocator@PEAVCSP2401R1A@@@std@@@std@@QEBA_NAEBV01@@Z 00000001800145e0 f i SP3301.obj
 0001:00013630       ??M?$_Vector_const_iterator@PEAVCSP2401R1A@@V?$allocator@PEAVCSP2401R1A@@@std@@@std@@QEBA_NAEBV01@@Z 0000000180014630 f i SP3301.obj
 0001:00013690       ??0length_error@std@@QEAA@AEBV01@@Z 0000000180014690 f i SP3301.obj
 0001:000136e0       ??0?$_Vector_iterator@PEAVCSP1401R1C@@V?$allocator@PEAVCSP1401R1C@@@std@@@std@@QEAA@AEBV01@@Z 00000001800146e0 f i SP3301.obj
 0001:00013710       ??0?$_Vector_iterator@PEAVCSP2401R1A@@V?$allocator@PEAVCSP2401R1A@@@std@@@std@@QEAA@AEBV01@@Z 0000000180014710 f i SP3301.obj
 0001:00013740       ?_Orphan_ptr@?$list@USegHeader_t@ArbReader@@V?$allocator@USegHeader_t@ArbReader@@@std@@@std@@IEBAXAEAV12@PEAU_Node@?$_List_nod@USegHeader_t@ArbReader@@V?$allocator@USegHeader_t@ArbReader@@@std@@@2@@Z 0000000180014740 f i SP3301.obj
 0001:00013820       ??0?$_List_nod@USegHeader_t@ArbReader@@V?$allocator@USegHeader_t@ArbReader@@@std@@@std@@IEAA@V?$allocator@USegHeader_t@ArbReader@@@1@@Z 0000000180014820 f i SP3301.obj
 0001:00013890       ?destroy@?$allocator@U_Node@?$_List_nod@USegHeader_t@ArbReader@@V?$allocator@USegHeader_t@ArbReader@@@std@@@std@@@std@@QEAAXPEAU_Node@?$_List_nod@USegHeader_t@ArbReader@@V?$allocator@USegHeader_t@ArbReader@@@std@@@2@@Z 0000000180014890 f i SP3301.obj
 0001:000138c0       ?_Orphan_ptr@?$list@UArbSeg_t@@V?$allocator@UArbSeg_t@@@std@@@std@@IEBAXAEAV12@PEAU_Node@?$_List_nod@UArbSeg_t@@V?$allocator@UArbSeg_t@@@std@@@2@@Z 00000001800148c0 f i SP3301.obj
 0001:000139a0       ??0?$_List_nod@UArbSeg_t@@V?$allocator@UArbSeg_t@@@std@@@std@@IEAA@V?$allocator@UArbSeg_t@@@1@@Z 00000001800149a0 f i SP3301.obj
 0001:00013a10       ?destroy@?$allocator@U_Node@?$_List_nod@UArbSeg_t@@V?$allocator@UArbSeg_t@@@std@@@std@@@std@@QEAAXPEAU_Node@?$_List_nod@UArbSeg_t@@V?$allocator@UArbSeg_t@@@std@@@2@@Z 0000000180014a10 f i SP3301.obj
 0001:00013a40       ?_Orphan_ptr@?$list@V?$list@UMarker_t@ArbReader@@V?$allocator@UMarker_t@ArbReader@@@std@@@std@@V?$allocator@V?$list@UMarker_t@ArbReader@@V?$allocator@UMarker_t@ArbReader@@@std@@@std@@@2@@std@@IEBAXAEAV12@PEAU_Node@?$_List_nod@V?$list@UMarker_t@ArbReader@@V?$allocator@UMarker_t@ArbReader@@@std@@@std@@V?$allocator@V?$list@UMarker_t@ArbReader@@V?$allocator@UMarker_t@ArbReader@@@std@@@std@@@2@@2@@Z 0000000180014a40 f i SP3301.obj
 0001:00013b20       ??0?$_List_nod@V?$list@UMarker_t@ArbReader@@V?$allocator@UMarker_t@ArbReader@@@std@@@std@@V?$allocator@V?$list@UMarker_t@ArbReader@@V?$allocator@UMarker_t@ArbReader@@@std@@@std@@@2@@std@@IEAA@V?$allocator@V?$list@UMarker_t@ArbReader@@V?$allocator@UMarker_t@ArbReader@@@std@@@std@@@1@@Z 0000000180014b20 f i SP3301.obj
 0001:00013b90       ?destroy@?$allocator@U_Node@?$_List_nod@V?$list@UMarker_t@ArbReader@@V?$allocator@UMarker_t@ArbReader@@@std@@@std@@V?$allocator@V?$list@UMarker_t@ArbReader@@V?$allocator@UMarker_t@ArbReader@@@std@@@std@@@2@@std@@@std@@QEAAXPEAU_Node@?$_List_nod@V?$list@UMarker_t@ArbReader@@V?$allocator@UMarker_t@ArbReader@@@std@@@std@@V?$allocator@V?$list@UMarker_t@ArbReader@@V?$allocator@UMarker_t@ArbReader@@@std@@@std@@@2@@2@@Z 0000000180014b90 f i SP3301.obj
 0001:00013bc0       ?max_size@?$allocator@PEAVISP1401@@@std@@QEBA_KXZ 0000000180014bc0 f i SP3301.obj
 0001:00013c10       ?max_size@?$allocator@PEAVCSP1401R1A@@@std@@QEBA_KXZ 0000000180014c10 f i SP3301.obj
 0001:00013c60       ?max_size@?$allocator@PEAVCSP1401R1C@@@std@@QEBA_KXZ 0000000180014c60 f i SP3301.obj
 0001:00013cb0       ?max_size@?$allocator@PEAVCSP2401R1A@@@std@@QEBA_KXZ 0000000180014cb0 f i SP3301.obj
 0001:00013d00       ?max_size@?$allocator@V?$basic_string@DU?$char_traits@D@std@@V?$allocator@D@2@@std@@@std@@QEBA_KXZ 0000000180014d00 f i SP3301.obj
 0001:00013d50       ??0?$_Vector_const_iterator@PEAVISP1401@@V?$allocator@PEAVISP1401@@@std@@@std@@QEAA@PEAPEAVISP1401@@PEBV_Container_base_secure@1@@Z 0000000180014d50 f i SP3301.obj
 0001:00013e60       ??Y?$_Vector_const_iterator@PEAVISP1401@@V?$allocator@PEAVISP1401@@@std@@@std@@QEAAAEAV01@_J@Z 0000000180014e60 f i SP3301.obj
 0001:00014000       ??8?$_Vector_const_iterator@PEAVISP1401@@V?$allocator@PEAVISP1401@@@std@@@std@@QEBA_NAEBV01@@Z 0000000180015000 f i SP3301.obj
 0001:00014060       ?_Compat@?$_Vector_const_iterator@PEAVISP1401@@V?$allocator@PEAVISP1401@@@std@@@std@@QEBAXAEBV12@@Z 0000000180015060 f i SP3301.obj
 0001:00014140       ??0?$_Vector_const_iterator@PEAVCSP1401R1A@@V?$allocator@PEAVCSP1401R1A@@@std@@@std@@QEAA@PEAPEAVCSP1401R1A@@PEBV_Container_base_secure@1@@Z 0000000180015140 f i SP3301.obj
 0001:00014250       ??Y?$_Vector_const_iterator@PEAVCSP1401R1A@@V?$allocator@PEAVCSP1401R1A@@@std@@@std@@QEAAAEAV01@_J@Z 0000000180015250 f i SP3301.obj
 0001:000143f0       ??8?$_Vector_const_iterator@PEAVCSP1401R1A@@V?$allocator@PEAVCSP1401R1A@@@std@@@std@@QEBA_NAEBV01@@Z 00000001800153f0 f i SP3301.obj
 0001:00014450       ?_Compat@?$_Vector_const_iterator@PEAVCSP1401R1A@@V?$allocator@PEAVCSP1401R1A@@@std@@@std@@QEBAXAEBV12@@Z 0000000180015450 f i SP3301.obj
 0001:00014530       ??Y?$_Vector_iterator@PEAVCSP1401R1C@@V?$allocator@PEAVCSP1401R1C@@@std@@@std@@QEAAAEAV01@_J@Z 0000000180015530 f i SP3301.obj
 0001:00014560       ??0?$_Vector_const_iterator@PEAVCSP1401R1C@@V?$allocator@PEAVCSP1401R1C@@@std@@@std@@QEAA@PEAPEAVCSP1401R1C@@PEBV_Container_base_secure@1@@Z 0000000180015560 f i SP3301.obj
 0001:00014670       ??8?$_Vector_const_iterator@PEAVCSP1401R1C@@V?$allocator@PEAVCSP1401R1C@@@std@@@std@@QEBA_NAEBV01@@Z 0000000180015670 f i SP3301.obj
 0001:000146d0       ?_Compat@?$_Vector_const_iterator@PEAVCSP1401R1C@@V?$allocator@PEAVCSP1401R1C@@@std@@@std@@QEBAXAEBV12@@Z 00000001800156d0 f i SP3301.obj
 0001:000147b0       ??Y?$_Vector_iterator@PEAVCSP2401R1A@@V?$allocator@PEAVCSP2401R1A@@@std@@@std@@QEAAAEAV01@_J@Z 00000001800157b0 f i SP3301.obj
 0001:000147e0       ??0?$_Vector_const_iterator@PEAVCSP2401R1A@@V?$allocator@PEAVCSP2401R1A@@@std@@@std@@QEAA@PEAPEAVCSP2401R1A@@PEBV_Container_base_secure@1@@Z 00000001800157e0 f i SP3301.obj
 0001:000148f0       ??8?$_Vector_const_iterator@PEAVCSP2401R1A@@V?$allocator@PEAVCSP2401R1A@@@std@@@std@@QEBA_NAEBV01@@Z 00000001800158f0 f i SP3301.obj
 0001:00014950       ?_Compat@?$_Vector_const_iterator@PEAVCSP2401R1A@@V?$allocator@PEAVCSP2401R1A@@@std@@@std@@QEBAXAEBV12@@Z 0000000180015950 f i SP3301.obj
 0001:00014a30       ??0?$_Ranit@PEAVISP1401@@_JPEBQEAV1@AEBQEAV1@@std@@QEAA@XZ 0000000180015a30 f i SP3301.obj
 0001:00014a60       ??0?$_Ranit@PEAVCSP1401R1A@@_JPEBQEAV1@AEBQEAV1@@std@@QEAA@XZ 0000000180015a60 f i SP3301.obj
 0001:00014a90       ??0?$_Ranit@PEAVCSP1401R1C@@_JPEBQEAV1@AEBQEAV1@@std@@QEAA@XZ 0000000180015a90 f i SP3301.obj
 0001:00014ac0       ??0?$_Ranit@PEAVCSP2401R1A@@_JPEBQEAV1@AEBQEAV1@@std@@QEAA@XZ 0000000180015ac0 f i SP3301.obj
 0001:00014af0       ??0?$_Iterator_with_base@Urandom_access_iterator_tag@std@@PEAVISP1401@@_JPEBQEAV3@AEBQEAV3@V_Iterator_base@2@@std@@QEAA@XZ 0000000180015af0 f i SP3301.obj
 0001:00014b20       ??0?$_Iterator_with_base@Urandom_access_iterator_tag@std@@PEAVCSP1401R1A@@_JPEBQEAV3@AEBQEAV3@V_Iterator_base@2@@std@@QEAA@XZ 0000000180015b20 f i SP3301.obj
 0001:00014b50       ??0?$_Iterator_with_base@Urandom_access_iterator_tag@std@@PEAVCSP1401R1C@@_JPEBQEAV3@AEBQEAV3@V_Iterator_base@2@@std@@QEAA@XZ 0000000180015b50 f i SP3301.obj
 0001:00014b80       ??0?$_Iterator_with_base@Urandom_access_iterator_tag@std@@PEAVCSP2401R1A@@_JPEBQEAV3@AEBQEAV3@V_Iterator_base@2@@std@@QEAA@XZ 0000000180015b80 f i SP3301.obj
 0001:00014bb0       ??0?$_Container_base_aux_alloc_empty@V?$allocator@USegHeader_t@ArbReader@@@std@@@std@@IEAA@V?$allocator@USegHeader_t@ArbReader@@@1@@Z 0000000180015bb0 f i SP3301.obj
 0001:00014be0       ??0?$_Container_base_aux_alloc_empty@V?$allocator@UArbSeg_t@@@std@@@std@@IEAA@V?$allocator@UArbSeg_t@@@1@@Z 0000000180015be0 f i SP3301.obj
 0001:00014c10       ??0?$_Container_base_aux_alloc_empty@V?$allocator@V?$list@UMarker_t@ArbReader@@V?$allocator@UMarker_t@ArbReader@@@std@@@std@@@std@@@std@@IEAA@V?$allocator@V?$list@UMarker_t@ArbReader@@V?$allocator@UMarker_t@ArbReader@@@std@@@std@@@1@@Z 0000000180015c10 f i SP3301.obj
 0001:00014c40       ??Y?$_Vector_const_iterator@PEAVCSP1401R1C@@V?$allocator@PEAVCSP1401R1C@@@std@@@std@@QEAAAEAV01@_J@Z 0000000180015c40 f i SP3301.obj
 0001:00014de0       ??Y?$_Vector_const_iterator@PEAVCSP2401R1A@@V?$allocator@PEAVCSP2401R1A@@@std@@@std@@QEAAAEAV01@_J@Z 0000000180015de0 f i SP3301.obj
 0001:00014f80       ??$unchecked_copy@PEAPEAVISP1401@@PEAPEAV1@@stdext@@YAPEAPEAVISP1401@@PEAPEAV1@00@Z 0000000180015f80 f i SP3301.obj
 0001:00015040       ??$unchecked_uninitialized_fill_n@PEAPEAVISP1401@@_KPEAV1@V?$allocator@PEAVISP1401@@@std@@@stdext@@YAXPEAPEAVISP1401@@_KAEBQEAV1@AEAV?$allocator@PEAVISP1401@@@std@@@Z 0000000180016040 f i SP3301.obj
 0001:000150d0       ??$unchecked_copy@PEAPEAVCSP1401R1A@@PEAPEAV1@@stdext@@YAPEAPEAVCSP1401R1A@@PEAPEAV1@00@Z 00000001800160d0 f i SP3301.obj
 0001:00015190       ??$unchecked_uninitialized_fill_n@PEAPEAVCSP1401R1A@@_KPEAV1@V?$allocator@PEAVCSP1401R1A@@@std@@@stdext@@YAXPEAPEAVCSP1401R1A@@_KAEBQEAV1@AEAV?$allocator@PEAVCSP1401R1A@@@std@@@Z 0000000180016190 f i SP3301.obj
 0001:00015220       ??$unchecked_copy@PEAPEAVCSP1401R1C@@PEAPEAV1@@stdext@@YAPEAPEAVCSP1401R1C@@PEAPEAV1@00@Z 0000000180016220 f i SP3301.obj
 0001:000152e0       ??$unchecked_uninitialized_fill_n@PEAPEAVCSP1401R1C@@_KPEAV1@V?$allocator@PEAVCSP1401R1C@@@std@@@stdext@@YAXPEAPEAVCSP1401R1C@@_KAEBQEAV1@AEAV?$allocator@PEAVCSP1401R1C@@@std@@@Z 00000001800162e0 f i SP3301.obj
 0001:00015370       ??$unchecked_copy@PEAPEAVCSP2401R1A@@PEAPEAV1@@stdext@@YAPEAPEAVCSP2401R1A@@PEAPEAV1@00@Z 0000000180016370 f i SP3301.obj
 0001:00015430       ??$unchecked_uninitialized_fill_n@PEAPEAVCSP2401R1A@@_KPEAV1@V?$allocator@PEAVCSP2401R1A@@@std@@@stdext@@YAXPEAPEAVCSP2401R1A@@_KAEBQEAV1@AEAV?$allocator@PEAVCSP2401R1A@@@std@@@Z 0000000180016430 f i SP3301.obj
 0001:000154c0       ??$?0USegHeader_t@ArbReader@@@?$allocator@PEAU_Node@?$_List_nod@USegHeader_t@ArbReader@@V?$allocator@USegHeader_t@ArbReader@@@std@@@std@@@std@@QEAA@AEBV?$allocator@USegHeader_t@ArbReader@@@1@@Z 00000001800164c0 f i SP3301.obj
 0001:000154e0       ??$_Allocate@U_Node@?$_List_nod@USegHeader_t@ArbReader@@V?$allocator@USegHeader_t@ArbReader@@@std@@@std@@@std@@YAPEAU_Node@?$_List_nod@USegHeader_t@ArbReader@@V?$allocator@USegHeader_t@ArbReader@@@std@@@0@_KPEAU120@@Z 00000001800164e0 f i SP3301.obj
 0001:00015570       ??0bad_alloc@std@@QEAA@PEBD@Z 0000000180016570 f i SP3301.obj
 0001:000155c0       ??1bad_alloc@std@@UEAA@XZ  00000001800165c0 f i SP3301.obj
 0001:00015600       ??_Gbad_alloc@std@@UEAAPEAXI@Z 0000000180016600 f i SP3301.obj
 0001:00015600       ??_Ebad_alloc@std@@UEAAPEAXI@Z 0000000180016600 f i SP3301.obj
 0001:00015650       ??0bad_alloc@std@@QEAA@AEBV01@@Z 0000000180016650 f i SP3301.obj
 0001:000156a0       ??$_Construct@PEAU_Node@?$_List_nod@USegHeader_t@ArbReader@@V?$allocator@USegHeader_t@ArbReader@@@std@@@std@@PEAU123@@std@@YAXPEAPEAU_Node@?$_List_nod@USegHeader_t@ArbReader@@V?$allocator@USegHeader_t@ArbReader@@@std@@@0@AEBQEAU120@@Z 00000001800166a0 f i SP3301.obj
 0001:00015720       ??2@YAPEAX_KPEAX@Z         0000000180016720 f i SP3301.obj
 0001:00015740       ??$_Destroy@PEAU_Node@?$_List_nod@USegHeader_t@ArbReader@@V?$allocator@USegHeader_t@ArbReader@@@std@@@std@@@std@@YAXPEAPEAU_Node@?$_List_nod@USegHeader_t@ArbReader@@V?$allocator@USegHeader_t@ArbReader@@@std@@@0@@Z 0000000180016740 f i SP3301.obj
 0001:00015750       ??$?0UArbSeg_t@@@?$allocator@PEAU_Node@?$_List_nod@UArbSeg_t@@V?$allocator@UArbSeg_t@@@std@@@std@@@std@@QEAA@AEBV?$allocator@UArbSeg_t@@@1@@Z 0000000180016750 f i SP3301.obj
[...]
 0002:000049d0       ??_R2type_info@@8          00000001800259d0     MSVCRTD:ti_inst.obj
 0002:000049e0       ??_R1A@?0A@EA@type_info@@8 00000001800259e0     MSVCRTD:ti_inst.obj
 0002:00004b30       __rtc_iaa                  0000000180025b30     MSVCRTD:_initsect_.obj
 0002:00004c40       __rtc_izz                  0000000180025c40     MSVCRTD:_initsect_.obj
 0002:00004d50       __rtc_taa                  0000000180025d50     MSVCRTD:_initsect_.obj
 0002:00004e60       __rtc_tzz                  0000000180025e60     MSVCRTD:_initsect_.obj
 0002:00008cb8       _TI3?AVout_of_range@std@@  0000000180029cb8     SP3301.obj
 0002:00008cd8       _CTA3?AVout_of_range@std@@ 0000000180029cd8     SP3301.obj
 0002:00008cf8       _CT??_R0?AVout_of_range@std@@@8??0out_of_range@std@@QEAA@AEBV01@@Z72 0000000180029cf8     SP3301.obj
 0002:00008d20       _CT??_R0?AVlogic_error@std@@@8??0logic_error@std@@QEAA@AEBV01@@Z72 0000000180029d20     SP3301.obj
 0002:00008d48       _CT??_R0?AVexception@std@@@8??0exception@std@@QEAA@AEBV01@@Z24 0000000180029d48     SP3301.obj
 0002:00008d70       _TI3?AVlength_error@std@@  0000000180029d70     SP3301.obj
 0002:00008d90       _CTA3?AVlength_error@std@@ 0000000180029d90     SP3301.obj
 0002:00008db0       _CT??_R0?AVlength_error@std@@@8??0length_error@std@@QEAA@AEBV01@@Z72 0000000180029db0     SP3301.obj
 0002:00008dd8       _TI2?AVbad_alloc@std@@     0000000180029dd8     SP3301.obj
 0002:00008df8       _CTA2?AVbad_alloc@std@@    0000000180029df8     SP3301.obj
 0002:00008e10       _CT??_R0?AVbad_alloc@std@@@8??0bad_alloc@std@@QEAA@AEBV01@@Z24 0000000180029e10     SP3301.obj
 0003:00000010       ??_R0?AVCSP3301@@@8        000000018002b010     SP3301.obj
 0003:00000038       ??_R0?AVout_of_range@std@@@8 000000018002b038     SP3301.obj
 0003:00000068       ??_R0?AVlogic_error@std@@@8 000000018002b068     SP3301.obj
 0003:00000098       ??_R0?AVexception@std@@@8  000000018002b098     SP3301.obj
 0003:000000c8       ??_R0?AVlength_error@std@@@8 000000018002b0c8     SP3301.obj
 0003:000000f8       ??_R0?AVbad_alloc@std@@@8  000000018002b0f8     SP3301.obj
 0003:00000128       ?pDriveVer@@3PEBDEB        000000018002b128     version_.obj
 0003:00000134       _fltused                   000000018002b134     MSVCRTD:dllsupp.obj
 0003:00000138       ??_R0?AVtype_info@@@8      000000018002b138     MSVCRTD:ti_inst.obj
 0003:00000158       __security_cookie          000000018002b158     MSVCRTD:gs_cookie.obj
 0003:00000160       __security_cookie_complement 000000018002b160     MSVCRTD:gs_cookie.obj
 0003:00000170       __native_dllmain_reason    000000018002b170     MSVCRTD:natstart.obj
 0003:00000174       __native_vcclrit_reason    000000018002b174     MSVCRTD:natstart.obj
 0003:00002310       _forceCRTManifestRTM       000000018002d310     MSVCRTD:crtmanifestrtm.obj
 0003:00002318       ?__type_info_root_node@@3U__type_info_node@@A 000000018002d318     MSVCRTD:tncleanup.obj
 0003:00002328       __native_startup_state     000000018002d328     <common>
 0003:00002338       __native_startup_lock      000000018002d338     <common>
 0003:00002340       __dyn_tls_init_callback    000000018002d340     <common>
 0003:00002358       __onexitend                000000018002d358     <common>
 0003:00002370       __onexitbegin              000000018002d370     <common>
 0005:00000000       __IMPORT_DESCRIPTOR_libSP2401 0000000180031000     libSP2401:libSP2401.dll
 0005:00000014       __IMPORT_DESCRIPTOR_libSP1401 0000000180031014     libSP1401:libSP1401.dll
 0005:00000028       __IMPORT_DESCRIPTOR_MSVCP90D 0000000180031028     msvcprtd:MSVCP90D.dll
 0005:0000003c       __IMPORT_DESCRIPTOR_libLog 000000018003103c     libLog:libLog.dll
 0005:00000050       __IMPORT_DESCRIPTOR_libBusDriver 0000000180031050     libBusDriver:libBusDriver.dll
 0005:00000064       __IMPORT_DESCRIPTOR_MSVCR90D 0000000180031064     MSVCRTD:MSVCR90D.dll
 0005:00000078       __IMPORT_DESCRIPTOR_KERNEL32 0000000180031078     kernel32:KERNEL32.dll
 0005:0000008c       __NULL_IMPORT_DESCRIPTOR   000000018003108c     libSP2401:libSP2401.dll
 0005:00000830       __imp_DisableThreadLibraryCalls 0000000180031830     kernel32:KERNEL32.dll
 0005:00000838       __imp_GetSystemTimeAsFileTime 0000000180031838     kernel32:KERNEL32.dll
 0005:00000840       __imp_GetCurrentProcessId  0000000180031840     kernel32:KERNEL32.dll
 0005:00000848       __imp_GetCurrentThreadId   0000000180031848     kernel32:KERNEL32.dll
 0005:00000850       __imp_GetTickCount         0000000180031850     kernel32:KERNEL32.dll
 0005:00000858       __imp_QueryPerformanceCounter 0000000180031858     kernel32:KERNEL32.dll
 0005:00000860       __imp_RtlCaptureContext    0000000180031860     kernel32:KERNEL32.dll
 0005:00000868       __imp_RtlLookupFunctionEntry 0000000180031868     kernel32:KERNEL32.dll
 0005:00000870       __imp_RtlVirtualUnwind     0000000180031870     kernel32:KERNEL32.dll
 0005:00000878       __imp_IsDebuggerPresent    0000000180031878     kernel32:KERNEL32.dll
 0005:00000880       __imp_SetUnhandledExceptionFilter 0000000180031880     kernel32:KERNEL32.dll
 0005:00000888       __imp_UnhandledExceptionFilter 0000000180031888     kernel32:KERNEL32.dll
 0005:00000890       __imp_GetCurrentProcess    0000000180031890     kernel32:KERNEL32.dll
 0005:00000898       __imp_TerminateProcess     0000000180031898     kernel32:KERNEL32.dll
 0005:000008a0       __imp_Sleep                00000001800318a0     kernel32:KERNEL32.dll
 0005:000008a8       \177KERNEL32_NULL_THUNK_DATA 00000001800318a8     kernel32:KERNEL32.dll
 0005:00000918       __imp_??0_Container_base_secure@std@@QEAA@XZ 0000000180031918     msvcprtd:MSVCP90D.dll
 0005:00000920       __imp_?_Orphan_all@_Container_base_secure@std@@QEBAXXZ 0000000180031920     msvcprtd:MSVCP90D.dll
 0005:00000928       __imp_??1_Container_base_secure@std@@QEAA@XZ 0000000180031928     msvcprtd:MSVCP90D.dll
 0005:00000930       __imp_??0?$basic_string@DU?$char_traits@D@std@@V?$allocator@D@2@@std@@QEAA@PEBD@Z 0000000180031930     msvcprtd:MSVCP90D.dll
 0005:00000938       __imp_??0?$basic_string@DU?$char_traits@D@std@@V?$allocator@D@2@@std@@QEAA@AEBV01@@Z 0000000180031938     msvcprtd:MSVCP90D.dll
 0005:00000940       __imp_?_Debug_message@std@@YAXPEB_W0I@Z 0000000180031940     msvcprtd:MSVCP90D.dll
 0005:00000948       __imp_??0_Lockit@std@@QEAA@H@Z 0000000180031948     msvcprtd:MSVCP90D.dll
 0005:00000950       __imp_??1_Lockit@std@@QEAA@XZ 0000000180031950     msvcprtd:MSVCP90D.dll
 0005:00000958       __imp_?c_str@?$basic_string@DU?$char_traits@D@std@@V?$allocator@D@2@@std@@QEBAPEBDXZ 0000000180031958     msvcprtd:MSVCP90D.dll
 0005:00000960       __imp_??1?$basic_string@DU?$char_traits@D@std@@V?$allocator@D@2@@std@@QEAA@XZ 0000000180031960     msvcprtd:MSVCP90D.dll
 0005:00000968       \177MSVCP90D_NULL_THUNK_DATA 0000000180031968     msvcprtd:MSVCP90D.dll
 0005:000009d0       __imp___clean_type_info_names_internal 00000001800319d0     MSVCRTD:MSVCR90D.dll
 0005:000009d8       __imp___crt_debugger_hook  00000001800319d8     MSVCRTD:MSVCR90D.dll
 0005:000009e0       __imp_?_type_info_dtor_internal_method@type_info@@QEAAXXZ 00000001800319e0     MSVCRTD:MSVCR90D.dll
 0005:000009e8       __imp___CppXcptFilter      00000001800319e8     MSVCRTD:MSVCR90D.dll
 0005:000009f0       __imp__amsg_exit           00000001800319f0     MSVCRTD:MSVCR90D.dll
 0005:000009f8       __imp__initterm_e          00000001800319f8     MSVCRTD:MSVCR90D.dll
 0005:00000a00       __imp__initterm            0000000180031a00     MSVCRTD:MSVCR90D.dll
 0005:00000a08       __imp__CrtSetCheckCount    0000000180031a08     MSVCRTD:MSVCR90D.dll
 0005:00000a10       __imp__encoded_null        0000000180031a10     MSVCRTD:MSVCR90D.dll
 0005:00000a18       __imp__free_dbg            0000000180031a18     MSVCRTD:MSVCR90D.dll
 0005:00000a20       __imp__malloc_dbg          0000000180031a20     MSVCRTD:MSVCR90D.dll
 0005:00000a28       __imp_?terminate@@YAXXZ    0000000180031a28     MSVCRTD:MSVCR90D.dll
 0005:00000a30       __imp__decode_pointer      0000000180031a30     MSVCRTD:MSVCR90D.dll
 0005:00000a38       __imp__onexit              0000000180031a38     MSVCRTD:MSVCR90D.dll
 0005:00000a40       __imp__lock                0000000180031a40     MSVCRTD:MSVCR90D.dll
 0005:00000a48       __imp__encode_pointer      0000000180031a48     MSVCRTD:MSVCR90D.dll
 0005:00000a50       __imp___dllonexit          0000000180031a50     MSVCRTD:MSVCR90D.dll
 0005:00000a58       __imp__unlock              0000000180031a58     MSVCRTD:MSVCR90D.dll
 0005:00000a60       __imp___C_specific_handler 0000000180031a60     MSVCRTD:MSVCR90D.dll
 0005:00000a68       __imp_memmove_s            0000000180031a68     MSVCRTD:MSVCR90D.dll
 0005:00000a70       __imp_?what@exception@std@@UEBAPEBDXZ 0000000180031a70     MSVCRTD:MSVCR90D.dll
 0005:00000a78       __imp_??0exception@std@@QEAA@AEBQEBD@Z 0000000180031a78     MSVCRTD:MSVCR90D.dll
 0005:00000a80       __imp_??0exception@std@@QEAA@XZ 0000000180031a80     MSVCRTD:MSVCR90D.dll
 0005:00000a88       __imp_??1exception@std@@UEAA@XZ 0000000180031a88     MSVCRTD:MSVCR90D.dll
 0005:00000a90       __imp_??0exception@std@@QEAA@AEBV01@@Z 0000000180031a90     MSVCRTD:MSVCR90D.dll
 0005:00000a98       __imp__CxxThrowException   0000000180031a98     MSVCRTD:MSVCR90D.dll
 0005:00000aa0       __imp__CrtDbgReportW       0000000180031aa0     MSVCRTD:MSVCR90D.dll
 0005:00000aa8       __imp__invalid_parameter   0000000180031aa8     MSVCRTD:MSVCR90D.dll
 0005:00000ab0       __imp_fread                0000000180031ab0     MSVCRTD:MSVCR90D.dll
 0005:00000ab8       __imp_memset               0000000180031ab8     MSVCRTD:MSVCR90D.dll
 0005:00000ac0       __imp_strcat               0000000180031ac0     MSVCRTD:MSVCR90D.dll
 0005:00000ac8       __imp_sprintf              0000000180031ac8     MSVCRTD:MSVCR90D.dll
 0005:00000ad0       __imp_strcmp               0000000180031ad0     MSVCRTD:MSVCR90D.dll
 0005:00000ad8       __imp_strcpy               0000000180031ad8     MSVCRTD:MSVCR90D.dll
 0005:00000ae0       __imp_??2@YAPEAX_K@Z       0000000180031ae0     MSVCRTD:MSVCR90D.dll
 0005:00000ae8       __imp_??3@YAXPEAX@Z        0000000180031ae8     MSVCRTD:MSVCR90D.dll
 0005:00000af0       __imp___CxxFrameHandler3   0000000180031af0     MSVCRTD:MSVCR90D.dll
 0005:00000af8       \177MSVCR90D_NULL_THUNK_DATA 0000000180031af8     MSVCRTD:MSVCR90D.dll
 0005:00000b88       __imp_??0viPCIDev@@QEAA@XZ 0000000180031b88     libBusDriver:libBusDriver.dll
 0005:00000b90       __imp_??0CGeneralIniFile@@QEAA@PEBD@Z 0000000180031b90     libBusDriver:libBusDriver.dll
 0005:00000b98       __imp_?GetConfigStringValue@CGeneralIniFile@@QEAAHPEBD0PEAD@Z 0000000180031b98     libBusDriver:libBusDriver.dll
 0005:00000ba0       __imp_?GetDevices@viPCIDev@@UEAAHAEAV?$vector@V?$basic_string@DU?$char_traits@D@std@@V?$allocator@D@2@@std@@V?$allocator@V?$basic_string@DU?$char_traits@D@std@@V?$allocator@D@2@@std@@@2@@std@@@Z 0000000180031ba0     libBusDriver:libBusDriver.dll
 0005:00000ba8       __imp_??1viPCIDev@@UEAA@XZ 0000000180031ba8     libBusDriver:libBusDriver.dll
 0005:00000bb0       __imp_??0viPCIDev@@QEAA@PEBD@Z 0000000180031bb0     libBusDriver:libBusDriver.dll
 0005:00000bb8       \177libBusDriver_NULL_THUNK_DATA 0000000180031bb8     libBusDriver:libBusDriver.dll
 0005:00000c18       __imp_?SetLastError@CLog@@QEAAXPEBDZZ 0000000180031c18     libLog:libLog.dll
 0005:00000c20       __imp_?Instance@CLog@@SAAEAV1@XZ 0000000180031c20     libLog:libLog.dll
 0005:00000c28       \177libLog_NULL_THUNK_DATA 0000000180031c28     libLog:libLog.dll
 0005:00000c80       __imp_?IsValidSN@ISP1401@@SAHPEBD@Z 0000000180031c80     libSP1401:libSP1401.dll
 0005:00000c88       __imp_?GetHwVer@ISP1401@@SAHPEBDAEAW4HwVer@1@@Z 0000000180031c88     libSP1401:libSP1401.dll
 0005:00000c90       __imp_?RSendPhyAddr@DMAMgr@@QEAAHPEAVviPCIDev@@@Z 0000000180031c90     libSP1401:libSP1401.dll
 0005:00000c98       __imp_?WAlloc@DMAMgr@@QEAAHXZ 0000000180031c98     libSP1401:libSP1401.dll
 0005:00000ca0       __imp_?GetX9119@ICalFile@@SAPEAVX9119Table@@XZ 0000000180031ca0     libSP1401:libSP1401.dll
 0005:00000ca8       __imp_?Get@X9119Table@@QEAAXAEAF@Z 0000000180031ca8     libSP1401:libSP1401.dll
 0005:00000cb0       __imp_??0CSP1401R1A@@QEAA@II@Z 0000000180031cb0     libSP1401:libSP1401.dll
 0005:00000cb8       __imp_?RAlloc@DMAMgr@@QEAAHXZ 0000000180031cb8     libSP1401:libSP1401.dll
 0005:00000cc0       __imp_?Get@TxAttIOTableR1C@@QEAAM_KN@Z 0000000180031cc0     libSP1401:libSP1401.dll
 0005:00000cc8       __imp_?Instance@DMAMgr@@SAAEAV1@XZ 0000000180031cc8     libSP1401:libSP1401.dll
 0005:00000cd0       __imp_?Get@TxPowerIOTableR1C@@QEAAX_KNPEAUDataM@1@@Z 0000000180031cd0     libSP1401:libSP1401.dll
 0005:00000cd8       __imp_?GetTxTemp@CSP1401R1A@@QEAAHAEAN@Z 0000000180031cd8     libSP1401:libSP1401.dll
 0005:00000ce0       __imp_?GetRxTemp@CSP1401R1A@@QEAAHAEAN@Z 0000000180031ce0     libSP1401:libSP1401.dll
 0005:00000ce8       __imp_?GetTemp4TxLO2@CSP1401R1C@@QEAAHPEAN@Z 0000000180031ce8     libSP1401:libSP1401.dll
 0005:00000cf0       __imp_?GetTemp5TxLO1@CSP1401R1C@@QEAAHPEAN@Z 0000000180031cf0     libSP1401:libSP1401.dll
 0005:00000cf8       __imp_?GetTemp6TxPA4@CSP1401R1C@@QEAAHPEAN@Z 0000000180031cf8     libSP1401:libSP1401.dll
 0005:00000d00       __imp_?GetTemp7TxPA3@CSP1401R1C@@QEAAHPEAN@Z 0000000180031d00     libSP1401:libSP1401.dll
 0005:00000d08       __imp_?GetTemp0RxLO2@CSP1401R1C@@QEAAHPEAN@Z 0000000180031d08     libSP1401:libSP1401.dll
 0005:00000d10       __imp_?GetTemp1RxLNA@CSP1401R1C@@QEAAHPEAN@Z 0000000180031d10     libSP1401:libSP1401.dll
 0005:00000d18       __imp_?GetTemp2RxLO1@CSP1401R1C@@QEAAHPEAN@Z 0000000180031d18     libSP1401:libSP1401.dll
 0005:00000d20       __imp_?GetTemp3RxPA1@CSP1401R1C@@QEAAHPEAN@Z 0000000180031d20     libSP1401:libSP1401.dll
 0005:00000d28       __imp_?Get@RxFilter_80M_TableR1C@@QEAAX_KPEAUDataM@1@@Z 0000000180031d28     libSP1401:libSP1401.dll
 0005:00000d30       __imp_?_2Double@DataM@RxFilter_80M_TableR1C@@QEAAXPEAN0@Z 0000000180031d30     libSP1401:libSP1401.dll
 0005:00000d38       __imp_?Get@RxFilter_160M_TableR1C@@QEAAX_KPEAUDataM@1@@Z 0000000180031d38     libSP1401:libSP1401.dll
 0005:00000d40       __imp_?_2Double@DataM@RxFilter_160M_TableR1C@@QEAAXPEAN0@Z 0000000180031d40     libSP1401:libSP1401.dll
 0005:00000d48       __imp_?Get@RxRefTableR1A@@QEAAX_KNW4IOMode@SP1401@@AEA_JAEAW4RxLNAAtt@3@AEANAEAH@Z 0000000180031d48     libSP1401:libSP1401.dll
 0005:00000d50       __imp_?SetRxAtt@CSP1401R1A@@QEAAHNH@Z 0000000180031d50     libSP1401:libSP1401.dll
 0005:00000d58       __imp_?Get@RxRefOPTableR1C@@QEAAX_KNPEAURxStateM@1@@Z 0000000180031d58     libSP1401:libSP1401.dll
 0005:00000d60       __imp_?Get@RxAttOPTableR1C@@QEAAH_KN@Z 0000000180031d60     libSP1401:libSP1401.dll
 0005:00000d68       __imp_?Get@RxRefIOTableR1C@@QEAAX_KNPEAURxStateM@RxRefOPTableR1C@@@Z 0000000180031d68     libSP1401:libSP1401.dll
 0005:00000d70       __imp_?Get@RxAttIOTableR1C@@QEAAH_KN@Z 0000000180031d70     libSP1401:libSP1401.dll
 0005:00000d78       __imp_?SetRxAtt019Sw@CSP1401R1C@@QEAAHW4RxAtt019@SP1401@@@Z 0000000180031d78     libSP1401:libSP1401.dll
 0005:00000d80       __imp_?SetRxAtt@CSP1401R1C@@QEAAHNNN@Z 0000000180031d80     libSP1401:libSP1401.dll
 0005:00000d88       __imp_?Load@ArbReader@@QEAAHPEBD@Z 0000000180031d88     libSP1401:libSP1401.dll
 0005:00000d90       __imp_?IsLoaded@ArbReader@@QEAA_NXZ 0000000180031d90     libSP1401:libSP1401.dll
 0005:00000d98       __imp_?Load@ArbReader@@QEAAPEAU_iobuf@@PEAUParam_t@1@PEAV?$vector@V?$vector@UData_t@ArbReader@@V?$allocator@UData_t@ArbReader@@@std@@@std@@V?$allocator@V?$vector@UData_t@ArbReader@@V?$allocator@UData_t@ArbReader@@@std@@@std@@@2@@std@@@Z 0000000180031d98     libSP1401:libSP1401.dll
 0005:00000da0       __imp_?GetUsrSpc@DMAMgr@@QEBAPEAIXZ 0000000180031da0     libSP1401:libSP1401.dll
 0005:00000da8       __imp_?FpgaRead@DMAMgr@@QEAAHPEAVviPCIDev@@PEAIIPEAM@Z 0000000180031da8     libSP1401:libSP1401.dll
 0005:00000db0       __imp_?Get@TxFilter_80M_TableR1C@@QEAAX_KPEAUDataM@1@@Z 0000000180031db0     libSP1401:libSP1401.dll
 0005:00000db8       __imp_?_2Double@DataM@TxFilter_80M_TableR1C@@QEAAXPEAN0@Z 0000000180031db8     libSP1401:libSP1401.dll
 0005:00000dc0       __imp_?Get@TxFilter_160M_TableR1C@@QEAAX_KPEAUDataM@1@@Z 0000000180031dc0     libSP1401:libSP1401.dll
 0005:00000dc8       __imp_?_2Double@DataM@TxFilter_160M_TableR1C@@QEAAXPEAN0@Z 0000000180031dc8     libSP1401:libSP1401.dll
 0005:00000dd0       __imp_?Get@TxSidebandTableR1A@@QEAAX_KAEANAEAG2@Z 0000000180031dd0     libSP1401:libSP1401.dll
 0005:00000dd8       __imp_?Get@TxLOLeakageTableR1A@@QEAAX_KAEAF1@Z 0000000180031dd8     libSP1401:libSP1401.dll
 0005:00000de0       __imp_?Get@TxLOLeakageTableR1C@@QEAAX_KPEAUDataM@1@@Z 0000000180031de0     libSP1401:libSP1401.dll
 0005:00000de8       __imp_?Get@TxSidebandTableR1C@@QEAAX_KPEAUDataM@1@@Z 0000000180031de8     libSP1401:libSP1401.dll
 0005:00000df0       __imp_?GetBw@ICalFile@@QEAA?AW4BW@SP1401@@XZ 0000000180031df0     libSP1401:libSP1401.dll
 0005:00000df8       __imp_?GetTxPower@CalFileR1A@@QEAAX_KNW4IOMode@SP1401@@AEANAEAH3AEAW4TxPAAtt@3@3@Z 0000000180031df8     libSP1401:libSP1401.dll
 0005:00000e00       __imp_?GetTxAtt@CalFileR1A@@QEAAX_KW4IOMode@SP1401@@HAEAN@Z 0000000180031e00     libSP1401:libSP1401.dll
 0005:00000e08       __imp_?SetTxPAAttSw@CSP1401R1A@@QEAAHW4TxPAAtt@SP1401@@@Z 0000000180031e08     libSP1401:libSP1401.dll
 0005:00000e10       __imp_?SyncSetTxGain@CSP1401R1A@@QEAAHHHHN@Z 0000000180031e10     libSP1401:libSP1401.dll
 0005:00000e18       __imp_?Get@TxPowerOPTableR1C@@QEAAX_KNPEAUDataM@1@@Z 0000000180031e18     libSP1401:libSP1401.dll
 0005:00000e20       __imp_?Get@TxAttOPTableR1C@@QEAAM_KN@Z 0000000180031e20     libSP1401:libSP1401.dll
 0005:00000e28       __imp_?WSendPhyAddr@DMAMgr@@QEAAHPEAVviPCIDev@@@Z 0000000180031e28     libSP1401:libSP1401.dll
 0005:00000e30       __imp_??0CSP1401R1C@@QEAA@II@Z 0000000180031e30     libSP1401:libSP1401.dll
 0005:00000e38       \177libSP1401_NULL_THUNK_DATA 0000000180031e38     libSP1401:libSP1401.dll
 0005:00000ee8       __imp_?SetRxFilter@CSP2401R1A@@QEAAHPEAN0@Z 0000000180031ee8     libSP2401:libSP2401.dll
 0005:00000ef0       __imp_?SetDDC@CSP2401R1A@@QEAAHN@Z 0000000180031ef0     libSP2401:libSP2401.dll
 0005:00000ef8       __imp_?SetRxPowerComp@CSP2401R1A@@QEAAHH@Z 0000000180031ef8     libSP2401:libSP2401.dll
 0005:00000f00       __imp_?SetDDS1@CSP2401R1A@@QEAAHN@Z 0000000180031f00     libSP2401:libSP2401.dll
 0005:00000f08       __imp_?SetDDSSrc@CSP2401R1A@@QEAAHW4DASrc@1@@Z 0000000180031f08     libSP2401:libSP2401.dll
 0005:00000f10       __imp_?SetTxFilter@CSP2401R1A@@QEAAHPEAN0@Z 0000000180031f10     libSP2401:libSP2401.dll
 0005:00000f18       __imp_?SetTxPhaseRotateI@CSP2401R1A@@QEAAHN@Z 0000000180031f18     libSP2401:libSP2401.dll
 0005:00000f20       __imp_?SetTxAmplitudeBalance@CSP2401R1A@@QEAAHGG@Z 0000000180031f20     libSP2401:libSP2401.dll
 0005:00000f28       __imp_?SetTxDCOffset@CSP2401R1A@@QEAAHGG@Z 0000000180031f28     libSP2401:libSP2401.dll
 0005:00000f30       __imp_?SetDUCDDS@CSP2401R1A@@QEAAHN@Z 0000000180031f30     libSP2401:libSP2401.dll
 0005:00000f38       __imp_?SetFpgaBit@CSP2401R1A@@QEAAHPEBDH@Z 0000000180031f38     libSP2401:libSP2401.dll
 0005:00000f40       __imp_?OpenBoard@CSP2401R1A@@QEAAHPEAVviPCIDev@@0@Z 0000000180031f40     libSP2401:libSP2401.dll
 0005:00000f48       __imp_?GetS6Ver@CSP2401R1A@@QEAAIAEAI@Z 0000000180031f48     libSP2401:libSP2401.dll
 0005:00000f50       __imp_??0CSP2401R1A@@QEAA@I@Z 0000000180031f50     libSP2401:libSP2401.dll
 0005:00000f58       \177libSP2401_NULL_THUNK_DATA 0000000180031f58     libSP2401:libSP2401.dll

 entry point at        0001:00019aa0

