 libRFU

 Timestamp is 59e71c48 (Wed Oct 18 17:18:00 2017)

 Preferred load address is 0000000180000000

 Start         Length     Name                   Class
 0001:00000000 0000901dH .text                   CODE
 0001:00009020 000018a8H .text$x                 CODE
 0001:0000a8d0 00001029H .text$yc                CODE
 0001:0000b900 0000101aH .text$yd                CODE
 0002:00000000 00000109H .CRT$XCA                DATA
 0002:00000110 00000109H .CRT$XCU                DATA
 0002:00000220 00000109H .CRT$XCZ                DATA
 0002:00000330 00000109H .CRT$XIA                DATA
 0002:00000440 00000109H .CRT$XIAA               DATA
 0002:00000550 00000109H .CRT$XIZ                DATA
 0002:00000660 00001eebH .rdata                  DATA
 0002:0000254c 00000144H .rdata$debug            DATA
 0002:00002690 000003aeH .rdata$r                DATA
 0002:00002a40 00000109H .rtc$IAA                DATA
 0002:00002b50 00000109H .rtc$IZZ                DATA
 0002:00002c60 00000109H .rtc$TAA                DATA
 0002:00002d70 00000109H .rtc$TZZ                DATA
 0002:00002e7c 00001207H .xdata                  DATA
 0002:00004088 00000236H .xdata$x                DATA
 0002:000042c0 00000750H .edata                  DATA
 0003:00000000 00000223H .data                   DATA
 0003:00000230 00000618H .bss                    DATA
 0004:00000000 00000b10H .pdata                  DATA
 0005:00000000 0000008cH .idata$2                DATA
 0005:0000008c 00000014H .idata$3                DATA
 0005:000000a0 000005f0H .idata$4                DATA
 0005:00000690 000005f0H .idata$5                DATA
 0005:00000c80 00000e77H .idata$6                DATA
 0006:00000000 00000169H .rsrc$01                DATA
 0006:00000170 00000a99H .rsrc$02                DATA

  Address         Publics by Value              Rva+Base               Lib:Object

 0000:00000000       ___safe_se_handler_table   0000000000000000     <absolute>
 0000:00000000       ___safe_se_handler_count   0000000000000000     <absolute>
 0000:00000000       __ImageBase                0000000180000000     <linker-defined>
 0001:00000830       RF_SetBitPath              0000000180001830 f   libRFU.obj
 0001:000008c0       RF_Boot                    00000001800018c0 f   libRFU.obj
 0001:00000b50       RF_GetRFUNumber            0000000180001b50 f   libRFU.obj
 0001:00001040       RF_GetRFPortNumber         0000000180002040 f   libRFU.obj
 0001:00001090       RF_GetRFUSerialNumber      0000000180002090 f   libRFU.obj
 0001:00001100       RF_GetRFUVersion           0000000180002100 f   libRFU.obj
 0001:00001130       RF_SetTxState              0000000180002130 f   libRFU.obj
 0001:00001150       RF_SetTxPower              0000000180002150 f   libRFU.obj
 0001:000011e0       RF_SetTxFrequency          00000001800021e0 f   libRFU.obj
 0001:00001270       RF_SetTxSampleRate         0000000180002270 f   libRFU.obj
 0001:00001290       RF_SetTxDelay              0000000180002290 f   libRFU.obj
 0001:000012b0       RF_SetTxSource             00000001800022b0 f   libRFU.obj
 0001:00001380       RF_SetSourceFrequency      0000000180002380 f   libRFU.obj
 0001:00001410       RF_LoadARBSource           0000000180002410 f   libRFU.obj
 0001:00001480       RF_SetARBEnable            0000000180002480 f   libRFU.obj
 0001:000014a0       RF_SetARBTriggerSource     00000001800024a0 f   libRFU.obj
 0001:000014c0       RF_ExcuteARBTrigger        00000001800024c0 f   libRFU.obj
 0001:000014d0       RF_SetARBCount             00000001800024d0 f   libRFU.obj
 0001:000014f0       BB_SetBBTestState          00000001800024f0 f   libRFU.obj
 0001:00001510       BB_SetTriggerMode          0000000180002510 f   libRFU.obj
 0001:00001530       BB_SetTriggerLevel         0000000180002530 f   libRFU.obj
 0001:00001550       BB_SetTriggerOffset        0000000180002550 f   libRFU.obj
 0001:00001570       BB_SetCaptureLength        0000000180002570 f   libRFU.obj
 0001:00001590       BB_InitBBTest              0000000180002590 f   libRFU.obj
 0001:000015a0       BB_AbortBBTest             00000001800025a0 f   libRFU.obj
 0001:000015b0       BB_GetBBTestProcess        00000001800025b0 f   libRFU.obj
 0001:000015d0       RF_SetRxLevel              00000001800025d0 f   libRFU.obj
 0001:00001660       RF_SetRxFrequency          0000000180002660 f   libRFU.obj
 0001:000016f0       RF_SetRxSampleRate         00000001800026f0 f   libRFU.obj
 0001:00001710       RF_SetRxDelay              0000000180002710 f   libRFU.obj
 0001:00001730       RF_SetConnector            0000000180002730 f   libRFU.obj
 0001:00001800       RF_SetClockSource          0000000180002800 f   libRFU.obj
 0001:00001820       RF_SetTriggerSource        0000000180002820 f   libRFU.obj
 0001:00001840       RF_SetTriggerMode          0000000180002840 f   libRFU.obj
 0001:00001900       RF_SetTriggerLevel         0000000180002900 f   libRFU.obj
 0001:00001990       RF_SetTriggerOffset        0000000180002990 f   libRFU.obj
 0001:000019b0       RF_SetCaptureLength        00000001800029b0 f   libRFU.obj
 0001:00001a40       RF_SetIQDataMap            0000000180002a40 f   libRFU.obj
 0001:00001a60       RF_InitPowerMeasure        0000000180002a60 f   libRFU.obj
 0001:00001af0       RF_AbortPowerMeasure       0000000180002af0 f   libRFU.obj
 0001:00001b80       RF_GetMeasProcess          0000000180002b80 f   libRFU.obj
 0001:00001c90       RF_GetMeasResult           0000000180002c90 f   libRFU.obj
 0001:00001d30       RF_InitIQCapture           0000000180002d30 f   libRFU.obj
 0001:00001d40       RF_AbortIQCapture          0000000180002d40 f   libRFU.obj
 0001:00001d50       RF_GetIQCaptureProcess     0000000180002d50 f   libRFU.obj
 0001:00001d70       RF_WarningInfo             0000000180002d70 f   libRFU.obj
 0001:00001d90       RF_GetTemperature          0000000180002d90 f   libRFU.obj
 0001:000023a0       ??0Active@CSP3301@@QEAA@XZ 00000001800033a0 f i libRFU.obj
 0001:00002410       ??_H@YAXPEAX_KHP6APEAX0@Z@Z 0000000180003410 f i libRFU.obj
 0001:00002470       ??_FRFUInfo@CSP3301@@QEAAXXZ 0000000180003470 f i libRFU.obj
 0001:000024c0       ??1?$_Vector_iterator@V?$basic_string@DU?$char_traits@D@std@@V?$allocator@D@2@@std@@V?$allocator@V?$basic_string@DU?$char_traits@D@std@@V?$allocator@D@2@@std@@@2@@std@@QEAA@XZ 00000001800034c0 f i libRFU.obj
 0001:000024e0       ??4?$_Vector_iterator@V?$basic_string@DU?$char_traits@D@std@@V?$allocator@D@2@@std@@V?$allocator@V?$basic_string@DU?$char_traits@D@std@@V?$allocator@D@2@@std@@@2@@std@@QEAAAEAV01@AEBV01@@Z 00000001800034e0 f i libRFU.obj
 0001:00002510       ??1?$_Vector_const_iterator@V?$basic_string@DU?$char_traits@D@std@@V?$allocator@D@2@@std@@V?$allocator@V?$basic_string@DU?$char_traits@D@std@@V?$allocator@D@2@@std@@@2@@std@@QEAA@XZ 0000000180003510 f i libRFU.obj
 0001:00002530       ??4?$_Vector_const_iterator@V?$basic_string@DU?$char_traits@D@std@@V?$allocator@D@2@@std@@V?$allocator@V?$basic_string@DU?$char_traits@D@std@@V?$allocator@D@2@@std@@@2@@std@@QEAAAEAV01@AEBV01@@Z 0000000180003530 f i libRFU.obj
 0001:00002580       ??1?$_Ranit@V?$basic_string@DU?$char_traits@D@std@@V?$allocator@D@2@@std@@_JPEBV12@AEBV12@@std@@QEAA@XZ 0000000180003580 f i libRFU.obj
 0001:000025a0       ??4?$_Ranit@V?$basic_string@DU?$char_traits@D@std@@V?$allocator@D@2@@std@@_JPEBV12@AEBV12@@std@@QEAAAEAU01@AEBU01@@Z 00000001800035a0 f i libRFU.obj
 0001:000025d0       ??1?$_Iterator_with_base@Urandom_access_iterator_tag@std@@V?$basic_string@DU?$char_traits@D@std@@V?$allocator@D@2@@2@_JPEBV32@AEBV32@V_Iterator_base@2@@std@@QEAA@XZ 00000001800035d0 f i libRFU.obj
 0001:000025f0       ??1_Iterator_base@std@@QEAA@XZ 00000001800035f0 f i libRFU.obj
 0001:00002640       ?_Orphan_me@_Iterator_base@std@@QEAAXXZ 0000000180003640 f i libRFU.obj
 0001:00002710       ??4?$_Iterator_with_base@Urandom_access_iterator_tag@std@@V?$basic_string@DU?$char_traits@D@std@@V?$allocator@D@2@@2@_JPEBV32@AEBV32@V_Iterator_base@2@@std@@QEAAAEAU01@AEBU01@@Z 0000000180003710 f i libRFU.obj
 0001:00002740       ??4_Iterator_base@std@@QEAAAEAV01@AEBV01@@Z 0000000180003740 f i libRFU.obj
 0001:000027d0       ?_Adopt@_Iterator_base@std@@QEAAXPEBV_Container_base_secure@2@@Z 00000001800037d0 f i libRFU.obj
 0001:00002890       ?size@?$vector@UAvailableModule@@V?$allocator@UAvailableModule@@@std@@@std@@QEBA_KXZ 0000000180003890 f i libRFU.obj
 0001:000028c0       ??A?$vector@UAvailableModule@@V?$allocator@UAvailableModule@@@std@@@std@@QEAAAEAUAvailableModule@@_K@Z 00000001800038c0 f i libRFU.obj
 0001:00002a30       ?push_back@?$vector@UAvailableModule@@V?$allocator@UAvailableModule@@@std@@@std@@QEAAXAEBUAvailableModule@@@Z 0000000180003a30 f i libRFU.obj
 0001:00002ba0       ?clear@?$vector@UAvailableModule@@V?$allocator@UAvailableModule@@@std@@@std@@QEAAXXZ 0000000180003ba0 f i libRFU.obj
 0001:00002d00       ??0?$vector@V?$basic_string@DU?$char_traits@D@std@@V?$allocator@D@2@@std@@V?$allocator@V?$basic_string@DU?$char_traits@D@std@@V?$allocator@D@2@@std@@@2@@std@@QEAA@XZ 0000000180003d00 f i libRFU.obj
 0001:00002d60       ??1?$vector@V?$basic_string@DU?$char_traits@D@std@@V?$allocator@D@2@@std@@V?$allocator@V?$basic_string@DU?$char_traits@D@std@@V?$allocator@D@2@@std@@@2@@std@@QEAA@XZ 0000000180003d60 f i libRFU.obj
 0001:00002da0       ?begin@?$vector@V?$basic_string@DU?$char_traits@D@std@@V?$allocator@D@2@@std@@V?$allocator@V?$basic_string@DU?$char_traits@D@std@@V?$allocator@D@2@@std@@@2@@std@@QEAA?AV?$_Vector_iterator@V?$basic_string@DU?$char_traits@D@std@@V?$allocator@D@2@@std@@V?$allocator@V?$basic_string@DU?$char_traits@D@std@@V?$allocator@D@2@@std@@@2@@2@XZ 0000000180003da0 f i libRFU.obj
 0001:00002e00       ?end@?$vector@V?$basic_string@DU?$char_traits@D@std@@V?$allocator@D@2@@std@@V?$allocator@V?$basic_string@DU?$char_traits@D@std@@V?$allocator@D@2@@std@@@2@@std@@QEAA?AV?$_Vector_iterator@V?$basic_string@DU?$char_traits@D@std@@V?$allocator@D@2@@std@@V?$allocator@V?$basic_string@DU?$char_traits@D@std@@V?$allocator@D@2@@std@@@2@@2@XZ 0000000180003e00 f i libRFU.obj
 0001:00002e60       ??0?$_Vector_iterator@V?$basic_string@DU?$char_traits@D@std@@V?$allocator@D@2@@std@@V?$allocator@V?$basic_string@DU?$char_traits@D@std@@V?$allocator@D@2@@std@@@2@@std@@QEAA@XZ 0000000180003e60 f i libRFU.obj
 0001:00002e90       ??C?$_Vector_iterator@V?$basic_string@DU?$char_traits@D@std@@V?$allocator@D@2@@std@@V?$allocator@V?$basic_string@DU?$char_traits@D@std@@V?$allocator@D@2@@std@@@2@@std@@QEBAPEAV?$basic_string@DU?$char_traits@D@std@@V?$allocator@D@2@@1@XZ 0000000180003e90 f i libRFU.obj
 0001:00002eb0       ??E?$_Vector_iterator@V?$basic_string@DU?$char_traits@D@std@@V?$allocator@D@2@@std@@V?$allocator@V?$basic_string@DU?$char_traits@D@std@@V?$allocator@D@2@@std@@@2@@std@@QEAA?AV01@H@Z 0000000180003eb0 f i libRFU.obj
 0001:00002f40       ??9?$_Vector_const_iterator@V?$basic_string@DU?$char_traits@D@std@@V?$allocator@D@2@@std@@V?$allocator@V?$basic_string@DU?$char_traits@D@std@@V?$allocator@D@2@@std@@@2@@std@@QEBA_NAEBV01@@Z 0000000180003f40 f i libRFU.obj
 0001:00002f90       ??1?$_Vector_iterator@UAvailableModule@@V?$allocator@UAvailableModule@@@std@@@std@@QEAA@XZ 0000000180003f90 f i libRFU.obj
 0001:00002fb0       ??0?$_Vector_const_iterator@UAvailableModule@@V?$allocator@UAvailableModule@@@std@@@std@@QEAA@AEBV01@@Z 0000000180003fb0 f i libRFU.obj
 0001:00003000       ??1?$_Vector_const_iterator@UAvailableModule@@V?$allocator@UAvailableModule@@@std@@@std@@QEAA@XZ 0000000180004000 f i libRFU.obj
 0001:00003020       ??1?$_Vector_val@V?$basic_string@DU?$char_traits@D@std@@V?$allocator@D@2@@std@@V?$allocator@V?$basic_string@DU?$char_traits@D@std@@V?$allocator@D@2@@std@@@2@@std@@QEAA@XZ 0000000180004020 f i libRFU.obj
 0001:00003040       ??0?$_Vector_iterator@V?$basic_string@DU?$char_traits@D@std@@V?$allocator@D@2@@std@@V?$allocator@V?$basic_string@DU?$char_traits@D@std@@V?$allocator@D@2@@std@@@2@@std@@QEAA@AEBV01@@Z 0000000180004040 f i libRFU.obj
 0001:00003070       ??0?$_Ranit@UAvailableModule@@_JPEBU1@AEBU1@@std@@QEAA@AEBU01@@Z 0000000180004070 f i libRFU.obj
 0001:000030a0       ??1?$_Ranit@UAvailableModule@@_JPEBU1@AEBU1@@std@@QEAA@XZ 00000001800040a0 f i libRFU.obj
 0001:000030c0       ??0?$_Vector_const_iterator@V?$basic_string@DU?$char_traits@D@std@@V?$allocator@D@2@@std@@V?$allocator@V?$basic_string@DU?$char_traits@D@std@@V?$allocator@D@2@@std@@@2@@std@@QEAA@AEBV01@@Z 00000001800040c0 f i libRFU.obj
 0001:00003110       ??0?$_Iterator_with_base@Urandom_access_iterator_tag@std@@UAvailableModule@@_JPEBU3@AEBU3@V_Iterator_base@2@@std@@QEAA@AEBU01@@Z 0000000180004110 f i libRFU.obj
 0001:00003140       ??0_Iterator_base@std@@QEAA@AEBV01@@Z 0000000180004140 f i libRFU.obj
 0001:00003190       ??1?$_Iterator_with_base@Urandom_access_iterator_tag@std@@UAvailableModule@@_JPEBU3@AEBU3@V_Iterator_base@2@@std@@QEAA@XZ 0000000180004190 f i libRFU.obj
 0001:000031b0       ??0?$_Ranit@V?$basic_string@DU?$char_traits@D@std@@V?$allocator@D@2@@std@@_JPEBV12@AEBV12@@std@@QEAA@AEBU01@@Z 00000001800041b0 f i libRFU.obj
 0001:000031e0       ??0?$_Iterator_with_base@Urandom_access_iterator_tag@std@@V?$basic_string@DU?$char_traits@D@std@@V?$allocator@D@2@@2@_JPEBV32@AEBV32@V_Iterator_base@2@@std@@QEAA@AEBU01@@Z 00000001800041e0 f i libRFU.obj
 0001:00003210       ?capacity@?$vector@UAvailableModule@@V?$allocator@UAvailableModule@@@std@@@std@@QEBA_KXZ 0000000180004210 f i libRFU.obj
 0001:00003270       ?begin@?$vector@UAvailableModule@@V?$allocator@UAvailableModule@@@std@@@std@@QEAA?AV?$_Vector_iterator@UAvailableModule@@V?$allocator@UAvailableModule@@@std@@@2@XZ 0000000180004270 f i libRFU.obj
 0001:000032d0       ?end@?$vector@UAvailableModule@@V?$allocator@UAvailableModule@@@std@@@std@@QEAA?AV?$_Vector_iterator@UAvailableModule@@V?$allocator@UAvailableModule@@@std@@@2@XZ 00000001800042d0 f i libRFU.obj
 0001:00003330       ?insert@?$vector@UAvailableModule@@V?$allocator@UAvailableModule@@@std@@@std@@QEAA?AV?$_Vector_iterator@UAvailableModule@@V?$allocator@UAvailableModule@@@std@@@2@V?$_Vector_const_iterator@UAvailableModule@@V?$allocator@UAvailableModule@@@std@@@2@AEBUAvailableModule@@@Z 0000000180004330 f i libRFU.obj
 0001:00003520       ?erase@?$vector@UAvailableModule@@V?$allocator@UAvailableModule@@@std@@@std@@QEAA?AV?$_Vector_iterator@UAvailableModule@@V?$allocator@UAvailableModule@@@std@@@2@V?$_Vector_const_iterator@UAvailableModule@@V?$allocator@UAvailableModule@@@std@@@2@0@Z 0000000180004520 f i libRFU.obj
 0001:000037c0       ?_Ufill@?$vector@UAvailableModule@@V?$allocator@UAvailableModule@@@std@@@std@@IEAAPEAUAvailableModule@@PEAU3@_KAEBU3@@Z 00000001800047c0 f i libRFU.obj
 0001:00003820       ?_Orphan_range@?$vector@UAvailableModule@@V?$allocator@UAvailableModule@@@std@@@std@@IEBAXPEAUAvailableModule@@0@Z 0000000180004820 f i libRFU.obj
 0001:000038f0       ?_Buy@?$vector@V?$basic_string@DU?$char_traits@D@std@@V?$allocator@D@2@@std@@V?$allocator@V?$basic_string@DU?$char_traits@D@std@@V?$allocator@D@2@@std@@@2@@std@@IEAA_N_K@Z 00000001800048f0 f i libRFU.obj
 0001:000039d0       ?_Tidy@?$vector@V?$basic_string@DU?$char_traits@D@std@@V?$allocator@D@2@@std@@V?$allocator@V?$basic_string@DU?$char_traits@D@std@@V?$allocator@D@2@@std@@@2@@std@@IEAAXXZ 00000001800049d0 f i libRFU.obj
 0001:00003aa0       ??0?$_Vector_val@V?$basic_string@DU?$char_traits@D@std@@V?$allocator@D@2@@std@@V?$allocator@V?$basic_string@DU?$char_traits@D@std@@V?$allocator@D@2@@std@@@2@@std@@IEAA@V?$allocator@V?$basic_string@DU?$char_traits@D@std@@V?$allocator@D@2@@std@@@1@@Z 0000000180004aa0 f i libRFU.obj
 0001:00003b10       ??1?$_Container_base_aux_alloc_empty@V?$allocator@V?$basic_string@DU?$char_traits@D@std@@V?$allocator@D@2@@std@@@std@@@std@@IEAA@XZ 0000000180004b10 f i libRFU.obj
 0001:00003b30       ??0?$allocator@V?$basic_string@DU?$char_traits@D@std@@V?$allocator@D@2@@std@@@std@@QEAA@XZ 0000000180004b30 f i libRFU.obj
 0001:00003b40       ??0?$_Vector_iterator@V?$basic_string@DU?$char_traits@D@std@@V?$allocator@D@2@@std@@V?$allocator@V?$basic_string@DU?$char_traits@D@std@@V?$allocator@D@2@@std@@@2@@std@@QEAA@PEAV?$basic_string@DU?$char_traits@D@std@@V?$allocator@D@2@@1@PEBV_Container_base_secure@1@@Z 0000000180004b40 f i libRFU.obj
 0001:00003b80       ??D?$_Vector_iterator@V?$basic_string@DU?$char_traits@D@std@@V?$allocator@D@2@@std@@V?$allocator@V?$basic_string@DU?$char_traits@D@std@@V?$allocator@D@2@@std@@@2@@std@@QEBAAEAV?$basic_string@DU?$char_traits@D@std@@V?$allocator@D@2@@1@XZ 0000000180004b80 f i libRFU.obj
 0001:00003ba0       ??E?$_Vector_iterator@V?$basic_string@DU?$char_traits@D@std@@V?$allocator@D@2@@std@@V?$allocator@V?$basic_string@DU?$char_traits@D@std@@V?$allocator@D@2@@std@@@2@@std@@QEAAAEAV01@XZ 0000000180004ba0 f i libRFU.obj
 0001:00003bd0       ??0?$_Vector_const_iterator@V?$basic_string@DU?$char_traits@D@std@@V?$allocator@D@2@@std@@V?$allocator@V?$basic_string@DU?$char_traits@D@std@@V?$allocator@D@2@@std@@@2@@std@@QEAA@XZ 0000000180004bd0 f i libRFU.obj
 0001:00003c10       ??8?$_Vector_const_iterator@V?$basic_string@DU?$char_traits@D@std@@V?$allocator@D@2@@std@@V?$allocator@V?$basic_string@DU?$char_traits@D@std@@V?$allocator@D@2@@std@@@2@@std@@QEBA_NAEBV01@@Z 0000000180004c10 f i libRFU.obj
 0001:00003c70       ??0?$_Ranit@V?$basic_string@DU?$char_traits@D@std@@V?$allocator@D@2@@std@@_JPEBV12@AEBV12@@std@@QEAA@XZ 0000000180004c70 f i libRFU.obj
 0001:00003ca0       ??0?$_Iterator_with_base@Urandom_access_iterator_tag@std@@V?$basic_string@DU?$char_traits@D@std@@V?$allocator@D@2@@2@_JPEBV32@AEBV32@V_Iterator_base@2@@std@@QEAA@XZ 0000000180004ca0 f i libRFU.obj
 0001:00003cd0       ??0_Iterator_base@std@@QEAA@XZ 0000000180004cd0 f i libRFU.obj
 0001:00003d00       ?_Make_iter@?$vector@UAvailableModule@@V?$allocator@UAvailableModule@@@std@@@std@@QEBA?AV?$_Vector_iterator@UAvailableModule@@V?$allocator@UAvailableModule@@@std@@@2@V?$_Vector_const_iterator@UAvailableModule@@V?$allocator@UAvailableModule@@@std@@@2@@Z 0000000180004d00 f i libRFU.obj
 0001:00003d80       ?_Destroy@?$vector@UAvailableModule@@V?$allocator@UAvailableModule@@@std@@@std@@IEAAXPEAUAvailableModule@@0@Z 0000000180004d80 f i libRFU.obj
 0001:00003dc0       ?_Insert_n@?$vector@UAvailableModule@@V?$allocator@UAvailableModule@@@std@@@std@@IEAAXV?$_Vector_const_iterator@UAvailableModule@@V?$allocator@UAvailableModule@@@std@@@2@_KAEBUAvailableModule@@@Z 0000000180004dc0 f i libRFU.obj
 0001:00004530       ?max_size@?$vector@UAvailableModule@@V?$allocator@UAvailableModule@@@std@@@std@@QEBA_KXZ 0000000180005530 f i libRFU.obj
 0001:00004560       ?_Xlen@?$vector@UAvailableModule@@V?$allocator@UAvailableModule@@@std@@@std@@KAXXZ 0000000180005560 f i libRFU.obj
 0001:000045e0       ??0length_error@std@@QEAA@AEBV?$basic_string@DU?$char_traits@D@std@@V?$allocator@D@2@@1@@Z 00000001800055e0 f i libRFU.obj
 0001:00004630       ??0logic_error@std@@QEAA@AEBV?$basic_string@DU?$char_traits@D@std@@V?$allocator@D@2@@1@@Z 0000000180005630 f i libRFU.obj
 0001:000046a0       ?what@logic_error@std@@UEBAPEBDXZ 00000001800056a0 f i libRFU.obj
 0001:000046d0       ??_Glogic_error@std@@UEAAPEAXI@Z 00000001800056d0 f i libRFU.obj
 0001:000046d0       ??_Elogic_error@std@@UEAAPEAXI@Z 00000001800056d0 f i libRFU.obj
 0001:00004720       ??1logic_error@std@@UEAA@XZ 0000000180005720 f i libRFU.obj
 0001:00004770       ??1length_error@std@@UEAA@XZ 0000000180005770 f i libRFU.obj
 0001:000047a0       ??_Glength_error@std@@UEAAPEAXI@Z 00000001800057a0 f i libRFU.obj
 0001:000047a0       ??_Elength_error@std@@UEAAPEAXI@Z 00000001800057a0 f i libRFU.obj
 0001:000047f0       ??0logic_error@std@@QEAA@AEBV01@@Z 00000001800057f0 f i libRFU.obj
 0001:00004860       ?deallocate@?$allocator@UAvailableModule@@@std@@QEAAXPEAUAvailableModule@@_K@Z 0000000180005860 f i libRFU.obj
 0001:00004890       ?allocate@?$allocator@UAvailableModule@@@std@@QEAAPEAUAvailableModule@@_K@Z 0000000180005890 f i libRFU.obj
 0001:000048c0       ?max_size@?$vector@V?$basic_string@DU?$char_traits@D@std@@V?$allocator@D@2@@std@@V?$allocator@V?$basic_string@DU?$char_traits@D@std@@V?$allocator@D@2@@std@@@2@@std@@QEBA_KXZ 00000001800058c0 f i libRFU.obj
 0001:000048f0       ?_Destroy@?$vector@V?$basic_string@DU?$char_traits@D@std@@V?$allocator@D@2@@std@@V?$allocator@V?$basic_string@DU?$char_traits@D@std@@V?$allocator@D@2@@std@@@2@@std@@IEAAXPEAV?$basic_string@DU?$char_traits@D@std@@V?$allocator@D@2@@2@0@Z 00000001800058f0 f i libRFU.obj
 0001:00004930       ?_Xlen@?$vector@V?$basic_string@DU?$char_traits@D@std@@V?$allocator@D@2@@std@@V?$allocator@V?$basic_string@DU?$char_traits@D@std@@V?$allocator@D@2@@std@@@2@@std@@KAXXZ 0000000180005930 f i libRFU.obj
 0001:000049b0       ??0?$_Container_base_aux_alloc_empty@V?$allocator@V?$basic_string@DU?$char_traits@D@std@@V?$allocator@D@2@@std@@@std@@@std@@IEAA@V?$allocator@V?$basic_string@DU?$char_traits@D@std@@V?$allocator@D@2@@std@@@1@@Z 00000001800059b0 f i libRFU.obj
 0001:000049e0       ??0?$allocator@V?$basic_string@DU?$char_traits@D@std@@V?$allocator@D@2@@std@@@std@@QEAA@AEBV01@@Z 00000001800059e0 f i libRFU.obj
 0001:00004a00       ?deallocate@?$allocator@V?$basic_string@DU?$char_traits@D@std@@V?$allocator@D@2@@std@@@std@@QEAAXPEAV?$basic_string@DU?$char_traits@D@std@@V?$allocator@D@2@@2@_K@Z 0000000180005a00 f i libRFU.obj
 0001:00004a30       ?allocate@?$allocator@V?$basic_string@DU?$char_traits@D@std@@V?$allocator@D@2@@std@@@std@@QEAAPEAV?$basic_string@DU?$char_traits@D@std@@V?$allocator@D@2@@2@_K@Z 0000000180005a30 f i libRFU.obj
 0001:00004a60       ??0?$_Vector_const_iterator@V?$basic_string@DU?$char_traits@D@std@@V?$allocator@D@2@@std@@V?$allocator@V?$basic_string@DU?$char_traits@D@std@@V?$allocator@D@2@@std@@@2@@std@@QEAA@PEAV?$basic_string@DU?$char_traits@D@std@@V?$allocator@D@2@@1@PEBV_Container_base_secure@1@@Z 0000000180005a60 f i libRFU.obj
 0001:00004b70       ??D?$_Vector_const_iterator@V?$basic_string@DU?$char_traits@D@std@@V?$allocator@D@2@@std@@V?$allocator@V?$basic_string@DU?$char_traits@D@std@@V?$allocator@D@2@@std@@@2@@std@@QEBAAEBV?$basic_string@DU?$char_traits@D@std@@V?$allocator@D@2@@1@XZ 0000000180005b70 f i libRFU.obj
 0001:00004c70       ??E?$_Vector_const_iterator@V?$basic_string@DU?$char_traits@D@std@@V?$allocator@D@2@@std@@V?$allocator@V?$basic_string@DU?$char_traits@D@std@@V?$allocator@D@2@@std@@@2@@std@@QEAAAEAV01@XZ 0000000180005c70 f i libRFU.obj
 0001:00004e10       ?_Getmycont@_Iterator_base@std@@QEBAPEBV_Container_base_secure@2@XZ 0000000180005e10 f i libRFU.obj
 0001:00004e30       ?_Has_container@_Iterator_base@std@@QEBA_NXZ 0000000180005e30 f i libRFU.obj
 0001:00004e70       ?_Compat@?$_Vector_const_iterator@V?$basic_string@DU?$char_traits@D@std@@V?$allocator@D@2@@std@@V?$allocator@V?$basic_string@DU?$char_traits@D@std@@V?$allocator@D@2@@std@@@2@@std@@QEBAXAEBV12@@Z 0000000180005e70 f i libRFU.obj
 0001:00004f50       ??0?$_Vector_iterator@UAvailableModule@@V?$allocator@UAvailableModule@@@std@@@std@@QEAA@PEAUAvailableModule@@PEBV_Container_base_secure@1@@Z 0000000180005f50 f i libRFU.obj
 0001:00004f90       ??H?$_Vector_iterator@UAvailableModule@@V?$allocator@UAvailableModule@@@std@@@std@@QEBA?AV01@_J@Z 0000000180005f90 f i libRFU.obj
 0001:00005020       ??G?$_Vector_const_iterator@UAvailableModule@@V?$allocator@UAvailableModule@@@std@@@std@@QEBA_JAEBV01@@Z 0000000180006020 f i libRFU.obj
 0001:00005070       ??9?$_Vector_const_iterator@UAvailableModule@@V?$allocator@UAvailableModule@@@std@@@std@@QEBA_NAEBV01@@Z 0000000180006070 f i libRFU.obj
 0001:000050c0       ??M?$_Vector_const_iterator@UAvailableModule@@V?$allocator@UAvailableModule@@@std@@@std@@QEBA_NAEBV01@@Z 00000001800060c0 f i libRFU.obj
 0001:00005120       ??0length_error@std@@QEAA@AEBV01@@Z 0000000180006120 f i libRFU.obj
 0001:00005170       ??0?$_Vector_iterator@UAvailableModule@@V?$allocator@UAvailableModule@@@std@@@std@@QEAA@AEBV01@@Z 0000000180006170 f i libRFU.obj
 0001:000051a0       ?max_size@?$allocator@UAvailableModule@@@std@@QEBA_KXZ 00000001800061a0 f i libRFU.obj
 0001:000051f0       ?max_size@?$allocator@V?$basic_string@DU?$char_traits@D@std@@V?$allocator@D@2@@std@@@std@@QEBA_KXZ 00000001800061f0 f i libRFU.obj
 0001:00005240       ??Y?$_Vector_iterator@UAvailableModule@@V?$allocator@UAvailableModule@@@std@@@std@@QEAAAEAV01@_J@Z 0000000180006240 f i libRFU.obj
 0001:00005270       ??0?$_Vector_const_iterator@UAvailableModule@@V?$allocator@UAvailableModule@@@std@@@std@@QEAA@PEAUAvailableModule@@PEBV_Container_base_secure@1@@Z 0000000180006270 f i libRFU.obj
 0001:00005380       ??8?$_Vector_const_iterator@UAvailableModule@@V?$allocator@UAvailableModule@@@std@@@std@@QEBA_NAEBV01@@Z 0000000180006380 f i libRFU.obj
 0001:000053e0       ?_Compat@?$_Vector_const_iterator@UAvailableModule@@V?$allocator@UAvailableModule@@@std@@@std@@QEBAXAEBV12@@Z 00000001800063e0 f i libRFU.obj
 0001:000054c0       ??0?$_Ranit@UAvailableModule@@_JPEBU1@AEBU1@@std@@QEAA@XZ 00000001800064c0 f i libRFU.obj
 0001:000054f0       ??0?$_Iterator_with_base@Urandom_access_iterator_tag@std@@UAvailableModule@@_JPEBU3@AEBU3@V_Iterator_base@2@@std@@QEAA@XZ 00000001800064f0 f i libRFU.obj
 0001:00005520       ??Y?$_Vector_const_iterator@UAvailableModule@@V?$allocator@UAvailableModule@@@std@@@std@@QEAAAEAV01@_J@Z 0000000180006520 f i libRFU.obj
 0001:000056c0       ??$unchecked_copy@PEAUAvailableModule@@PEAU1@@stdext@@YAPEAUAvailableModule@@PEAU1@00@Z 00000001800066c0 f i libRFU.obj
 0001:00005780       ??$unchecked_uninitialized_fill_n@PEAUAvailableModule@@_KU1@V?$allocator@UAvailableModule@@@std@@@stdext@@YAXPEAUAvailableModule@@_KAEBU1@AEAV?$allocator@UAvailableModule@@@std@@@Z 0000000180006780 f i libRFU.obj
 0001:00005810       ??$_Destroy_range@V?$allocator@UAvailableModule@@@std@@@std@@YAXPEAUAvailableModule@@0AEAV?$allocator@UAvailableModule@@@0@@Z 0000000180006810 f i libRFU.obj
 0001:00005870       ??$_Umove@PEAUAvailableModule@@@?$vector@UAvailableModule@@V?$allocator@UAvailableModule@@@std@@@std@@IEAAPEAUAvailableModule@@PEAU2@00@Z 0000000180006870 f i libRFU.obj
 0001:000058c0       ??$fill@PEAUAvailableModule@@U1@@std@@YAXPEAUAvailableModule@@0AEBU1@@Z 00000001800068c0 f i libRFU.obj
 0001:00005920       ??$_Unchecked_move_backward@PEAUAvailableModule@@PEAU1@@stdext@@YAPEAUAvailableModule@@PEAU1@00@Z 0000000180006920 f i libRFU.obj
 0001:000059d0       ??$_Allocate@UAvailableModule@@@std@@YAPEAUAvailableModule@@_KPEAU1@@Z 00000001800069d0 f i libRFU.obj
 0001:00005a50       ??0bad_alloc@std@@QEAA@PEBD@Z 0000000180006a50 f i libRFU.obj
 0001:00005aa0       ??1bad_alloc@std@@UEAA@XZ  0000000180006aa0 f i libRFU.obj
 0001:00005ae0       ??_Gbad_alloc@std@@UEAAPEAXI@Z 0000000180006ae0 f i libRFU.obj
 0001:00005ae0       ??_Ebad_alloc@std@@UEAAPEAXI@Z 0000000180006ae0 f i libRFU.obj
 0001:00005b30       ??0bad_alloc@std@@QEAA@AEBV01@@Z 0000000180006b30 f i libRFU.obj
 0001:00005b80       ??$_Destroy_range@V?$allocator@V?$basic_string@DU?$char_traits@D@std@@V?$allocator@D@2@@std@@@std@@@std@@YAXPEAV?$basic_string@DU?$char_traits@D@std@@V?$allocator@D@2@@0@0AEAV?$allocator@V?$basic_string@DU?$char_traits@D@std@@V?$allocator@D@2@@std@@@0@@Z 0000000180006b80 f i libRFU.obj
 0001:00005be0       ??$_Allocate@V?$basic_string@DU?$char_traits@D@std@@V?$allocator@D@2@@std@@@std@@YAPEAV?$basic_string@DU?$char_traits@D@std@@V?$allocator@D@2@@0@_KPEAV10@@Z 0000000180006be0 f i libRFU.obj
 0001:00005c60       ??$_Checked_base@PEAUAvailableModule@@@std@@YAPEAUAvailableModule@@AEAPEAU1@@Z 0000000180006c60 f i libRFU.obj
 0001:00005c90       ??$_Iter_random@PEAUAvailableModule@@PEAU1@@std@@YA?AUrandom_access_iterator_tag@0@AEBQEAUAvailableModule@@0@Z 0000000180006c90 f i libRFU.obj
 0001:00005cc0       ??$_Ptr_cat@PEAUAvailableModule@@PEAU1@@std@@YA?AU_Nonscalar_ptr_iterator_tag@0@AEAPEAUAvailableModule@@0@Z 0000000180006cc0 f i libRFU.obj
 0001:00005ce0       ??$_Copy_opt@PEAUAvailableModule@@PEAU1@@std@@YAPEAUAvailableModule@@PEAU1@00Urandom_access_iterator_tag@0@U_Nonscalar_ptr_iterator_tag@0@U_Range_checked_iterator_tag@0@@Z 0000000180006ce0 f i libRFU.obj
 0001:00005da0       ??$_Uninit_fill_n@PEAUAvailableModule@@_KU1@V?$allocator@UAvailableModule@@@std@@@std@@YAXPEAUAvailableModule@@_KAEBU1@AEAV?$allocator@UAvailableModule@@@0@U_Nonscalar_ptr_iterator_tag@0@U_Range_checked_iterator_tag@0@@Z 0000000180006da0 f i libRFU.obj
 0001:00005e30       ??$_Destroy_range@V?$allocator@UAvailableModule@@@std@@@std@@YAXPEAUAvailableModule@@0AEAV?$allocator@UAvailableModule@@@0@U_Nonscalar_ptr_iterator_tag@0@@Z 0000000180006e30 f i libRFU.obj
 0001:00005e90       ??$_Unchecked_uninitialized_move@PEAUAvailableModule@@PEAU1@V?$allocator@UAvailableModule@@@std@@@stdext@@YAPEAUAvailableModule@@PEAU1@00AEAV?$allocator@UAvailableModule@@@std@@@Z 0000000180006e90 f i libRFU.obj
 0001:00005f30       ??$_Fill@PEAUAvailableModule@@U1@@std@@YAXPEAUAvailableModule@@0AEBU1@@Z 0000000180006f30 f i libRFU.obj
 0001:00005fd0       ??$_Move_cat@PEAUAvailableModule@@@std@@YA?AU_Undefined_move_tag@0@AEBQEAUAvailableModule@@@Z 0000000180006fd0 f i libRFU.obj
 0001:00005ff0       ??$_Move_backward_opt@PEAUAvailableModule@@PEAU1@Urandom_access_iterator_tag@std@@U_Undefined_move_tag@3@@std@@YAPEAUAvailableModule@@PEAU1@00Urandom_access_iterator_tag@0@U_Undefined_move_tag@0@U_Range_checked_iterator_tag@0@@Z 0000000180006ff0 f i libRFU.obj
 0001:00006080       ??$_Ptr_cat@PEAV?$basic_string@DU?$char_traits@D@std@@V?$allocator@D@2@@std@@PEAV12@@std@@YA?AU_Nonscalar_ptr_iterator_tag@0@AEAPEAV?$basic_string@DU?$char_traits@D@std@@V?$allocator@D@2@@0@0@Z 0000000180007080 f i libRFU.obj
 0001:000060a0       ??$_Destroy_range@V?$allocator@V?$basic_string@DU?$char_traits@D@std@@V?$allocator@D@2@@std@@@std@@@std@@YAXPEAV?$basic_string@DU?$char_traits@D@std@@V?$allocator@D@2@@0@0AEAV?$allocator@V?$basic_string@DU?$char_traits@D@std@@V?$allocator@D@2@@std@@@0@U_Nonscalar_ptr_iterator_tag@0@@Z 00000001800070a0 f i libRFU.obj
 0001:00006100       ?construct@?$allocator@UAvailableModule@@@std@@QEAAXPEAUAvailableModule@@AEBU3@@Z 0000000180007100 f i libRFU.obj
 0001:00006130       ?destroy@?$allocator@UAvailableModule@@@std@@QEAAXPEAUAvailableModule@@@Z 0000000180007130 f i libRFU.obj
 0001:00006160       ?destroy@?$allocator@V?$basic_string@DU?$char_traits@D@std@@V?$allocator@D@2@@std@@@std@@QEAAXPEAV?$basic_string@DU?$char_traits@D@std@@V?$allocator@D@2@@2@@Z 0000000180007160 f i libRFU.obj
 0001:00006190       ??$_Checked_base@PEAUAvailableModule@@@std@@YAPEAUAvailableModule@@AEAPEAU1@U_Unchanged_checked_iterator_base_type_tag@0@@Z 0000000180007190 f i libRFU.obj
 0001:000061b0       ??$_Copy_opt@PEAUAvailableModule@@PEAU1@Uforward_iterator_tag@std@@@std@@YAPEAUAvailableModule@@PEAU1@00Uforward_iterator_tag@0@U_Nonscalar_ptr_iterator_tag@0@U_Range_checked_iterator_tag@0@@Z 00000001800071b0 f i libRFU.obj
 0001:00006270       ??$_Uninit_move@PEAUAvailableModule@@PEAU1@V?$allocator@UAvailableModule@@@std@@U_Undefined_move_tag@3@@std@@YAPEAUAvailableModule@@PEAU1@00AEAV?$allocator@UAvailableModule@@@0@U_Undefined_move_tag@0@U_Range_checked_iterator_tag@0@@Z 0000000180007270 f i libRFU.obj
 0001:000062c0       ??$_Debug_range@PEAUAvailableModule@@@std@@YAXPEAUAvailableModule@@0PEB_WI@Z 00000001800072c0 f i libRFU.obj
 0001:00006320       ??$_Copy_backward_opt@PEAUAvailableModule@@PEAU1@@std@@YAPEAUAvailableModule@@PEAU1@00Urandom_access_iterator_tag@0@U_Nonscalar_ptr_iterator_tag@0@U_Range_checked_iterator_tag@0@@Z 0000000180007320 f i libRFU.obj
 0001:000063e0       ??$_Construct@UAvailableModule@@U1@@std@@YAXPEAUAvailableModule@@AEBU1@@Z 00000001800073e0 f i libRFU.obj
 0001:00006480       ??2@YAPEAX_KPEAX@Z         0000000180007480 f i libRFU.obj
 0001:000064a0       ??$_Destroy@UAvailableModule@@@std@@YAXPEAUAvailableModule@@@Z 00000001800074a0 f i libRFU.obj
 0001:000064b0       ??$_Destroy@V?$basic_string@DU?$char_traits@D@std@@V?$allocator@D@2@@std@@@std@@YAXPEAV?$basic_string@DU?$char_traits@D@std@@V?$allocator@D@2@@0@@Z 00000001800074b0 f i libRFU.obj
 0001:000064d0       ??_G?$basic_string@DU?$char_traits@D@std@@V?$allocator@D@2@@std@@QEAAPEAXI@Z 00000001800074d0 f i libRFU.obj
 0001:00006520       ??$unchecked_uninitialized_copy@PEAUAvailableModule@@PEAU1@V?$allocator@UAvailableModule@@@std@@@stdext@@YAPEAUAvailableModule@@PEAU1@00AEAV?$allocator@UAvailableModule@@@std@@@Z 0000000180007520 f i libRFU.obj
 0001:000065c0       ??$_Iter_cat@PEAUAvailableModule@@@std@@YA?AUrandom_access_iterator_tag@0@AEBQEAUAvailableModule@@@Z 00000001800075c0 f i libRFU.obj
 0001:000065e0       ??$_Debug_range2@PEAUAvailableModule@@@std@@YAXPEAUAvailableModule@@0PEB_WIUrandom_access_iterator_tag@0@@Z 00000001800075e0 f i libRFU.obj
 0001:00006680       ??$_Copy_backward_opt@PEAUAvailableModule@@PEAU1@Uforward_iterator_tag@std@@@std@@YAPEAUAvailableModule@@PEAU1@00Uforward_iterator_tag@0@U_Nonscalar_ptr_iterator_tag@0@U_Range_checked_iterator_tag@0@@Z 0000000180007680 f i libRFU.obj
 0001:00006740       ??$_Uninit_copy@PEAUAvailableModule@@PEAU1@V?$allocator@UAvailableModule@@@std@@@std@@YAPEAUAvailableModule@@PEAU1@00AEAV?$allocator@UAvailableModule@@@0@U_Nonscalar_ptr_iterator_tag@0@U_Range_checked_iterator_tag@0@@Z 0000000180007740 f i libRFU.obj
 0001:00006820       ??$_Debug_pointer@UAvailableModule@@@std@@YAXPEAUAvailableModule@@PEB_WI@Z 0000000180007820 f i libRFU.obj
 0001:00006870       ??0?$vector@UAvailableModule@@V?$allocator@UAvailableModule@@@std@@@std@@QEAA@XZ 0000000180007870 f i libRFU.obj
 0001:000068d0       ??1?$_Vector_val@UAvailableModule@@V?$allocator@UAvailableModule@@@std@@@std@@QEAA@XZ 00000001800078d0 f i libRFU.obj
 0001:000068f0       ?_Buy@?$vector@UAvailableModule@@V?$allocator@UAvailableModule@@@std@@@std@@IEAA_N_K@Z 00000001800078f0 f i libRFU.obj
 0001:000069d0       ??0?$_Vector_val@UAvailableModule@@V?$allocator@UAvailableModule@@@std@@@std@@IEAA@V?$allocator@UAvailableModule@@@1@@Z 00000001800079d0 f i libRFU.obj
 0001:00006a40       ??1?$_Container_base_aux_alloc_empty@V?$allocator@UAvailableModule@@@std@@@std@@IEAA@XZ 0000000180007a40 f i libRFU.obj
 0001:00006a60       ??0?$allocator@UAvailableModule@@@std@@QEAA@XZ 0000000180007a60 f i libRFU.obj
 0001:00006a70       ??0?$_Container_base_aux_alloc_empty@V?$allocator@UAvailableModule@@@std@@@std@@IEAA@V?$allocator@UAvailableModule@@@1@@Z 0000000180007a70 f i libRFU.obj
 0001:00006aa0       ??0?$allocator@UAvailableModule@@@std@@QEAA@AEBV01@@Z 0000000180007aa0 f i libRFU.obj
 0001:00006ac0       ??1?$vector@UAvailableModule@@V?$allocator@UAvailableModule@@@std@@@std@@QEAA@XZ 0000000180007ac0 f i libRFU.obj
 0001:00006b00       ?_Tidy@?$vector@UAvailableModule@@V?$allocator@UAvailableModule@@@std@@@std@@IEAAXXZ 0000000180007b00 f i libRFU.obj
 0001:00006bbe       ?SetLoadBit@CSP3301@@QEAAH_N0PEAD1@Z 0000000180007bbe f   libSP3301:libSP3301.dll
 0001:00006bc4       ?Instance@CSP3301@@SAAEAV1@I@Z 0000000180007bc4 f   libSP3301:libSP3301.dll
 0001:00006bca       ?GetActive@CSP3301@@QEAA?AUActive@1@XZ 0000000180007bca f   libSP3301:libSP3301.dll
 0001:00006bd0       ?GetOCXO@CSP3301@@QEAAHAEAF@Z 0000000180007bd0 f   libSP3301:libSP3301.dll
 0001:00006bd6       ?LoadBit@CSP3301@@QEAAHXZ  0000000180007bd6 f   libSP3301:libSP3301.dll
 0001:00006bdc       ?Boot@CSP3301@@QEAAHXZ     0000000180007bdc f   libSP3301:libSP3301.dll
 0001:00006be2       ??0RFUInfo@CSP3301@@QEAA@PEBD000@Z 0000000180007be2 f   libSP3301:libSP3301.dll
 0001:00006be8       ?GetRfPort@CSP3301@@QEAAHXZ 0000000180007be8 f   libSP3301:libSP3301.dll
 0001:00006bee       ?GetSN@CSP3301@@QEAAHPEAD@Z 0000000180007bee f   libSP3301:libSP3301.dll
 0001:00006bf4       ?GetVer@CSP3301@@QEAAHPEAD@Z 0000000180007bf4 f   libSP3301:libSP3301.dll
 0001:00006bfa       ?RF_SetTxPower@CSP3301@@QEAAHIM@Z 0000000180007bfa f   libSP3301:libSP3301.dll
 0001:00006c00       ?RF_SetTxFreq@CSP3301@@QEAAHI_K@Z 0000000180007c00 f   libSP3301:libSP3301.dll
 0001:00006c06       ?RF_SetTxSource@CSP3301@@QEAAHIW4DASrc@CSP2401R1A@@@Z 0000000180007c06 f   libSP3301:libSP3301.dll
 0001:00006c0c       ?RF_SetSrcFreq@CSP3301@@QEAAHI_K@Z 0000000180007c0c f   libSP3301:libSP3301.dll
 0001:00006c12       ?RF_SetRxLevel@CSP3301@@QEAAHIN@Z 0000000180007c12 f   libSP3301:libSP3301.dll
 0001:00006c18       ?RF_SetRxFreq@CSP3301@@QEAAHI_K@Z 0000000180007c18 f   libSP3301:libSP3301.dll
 0001:00006c1e       ?RF_SetIOMode@CSP3301@@QEAAHIW4IOMode@SP1401@@@Z 0000000180007c1e f   libSP3301:libSP3301.dll
 0001:00006c24       ?RF_SetTrigMode@CSP3301@@QEAAHIW4IQCapSrcs@ISP1401@@@Z 0000000180007c24 f   libSP3301:libSP3301.dll
 0001:00006c2a       ?RF_SetTrigLevel@CSP3301@@QEAAHIM@Z 0000000180007c2a f   libSP3301:libSP3301.dll
 0001:00006c30       ?RF_SetIQCapLength@CSP3301@@QEAAHII@Z 0000000180007c30 f   libSP3301:libSP3301.dll
 0001:00006c36       ?RF_InitPowerMeas@CSP3301@@QEAAHI@Z 0000000180007c36 f   libSP3301:libSP3301.dll
 0001:00006c3c       ?RF_AbortPowerMeas@CSP3301@@QEAAHI@Z 0000000180007c3c f   libSP3301:libSP3301.dll
 0001:00006c42       ?RF_GetPowerProc@CSP3301@@QEAAHIAEAW4PowerMeasState@ISP1401@@@Z 0000000180007c42 f   libSP3301:libSP3301.dll
 0001:00006c48       ?RF_GetMeasResult@CSP3301@@QEAAHIAEAM0@Z 0000000180007c48 f   libSP3301:libSP3301.dll
 0001:00006c4e       ?RF_GetTemp@CSP3301@@QEAAHIAEAN0@Z 0000000180007c4e f   libSP3301:libSP3301.dll
 0001:00006c54       ?Vol9119@CSP3501@@QEAAHF@Z 0000000180007c54 f   libSP3501:libSP3501.dll
 0001:00006c5a       ?OpenBoard@CSP3501@@QEAAHXZ 0000000180007c5a f   libSP3501:libSP3501.dll
 0001:00006c60       ?Instance@CSP3501@@SAAEAV1@XZ 0000000180007c60 f   libSP3501:libSP3501.dll
 0001:00006c66       ?c_str@?$basic_string@DU?$char_traits@D@std@@V?$allocator@D@2@@std@@QEBAPEBDXZ 0000000180007c66 f   msvcprtd:MSVCP90D.dll
 0001:00006c6c       ??1_Lockit@std@@QEAA@XZ    0000000180007c6c f   msvcprtd:MSVCP90D.dll
 0001:00006c72       ??0_Lockit@std@@QEAA@H@Z   0000000180007c72 f   msvcprtd:MSVCP90D.dll
 0001:00006c78       ?_Debug_message@std@@YAXPEB_W0I@Z 0000000180007c78 f   msvcprtd:MSVCP90D.dll
 0001:00006c7e       ?_Orphan_all@_Container_base_secure@std@@QEBAXXZ 0000000180007c7e f   msvcprtd:MSVCP90D.dll
 0001:00006c84       ??1_Container_base_secure@std@@QEAA@XZ 0000000180007c84 f   msvcprtd:MSVCP90D.dll
 0001:00006c8a       ??1?$basic_string@DU?$char_traits@D@std@@V?$allocator@D@2@@std@@QEAA@XZ 0000000180007c8a f   msvcprtd:MSVCP90D.dll
 0001:00006c90       ??0?$basic_string@DU?$char_traits@D@std@@V?$allocator@D@2@@std@@QEAA@PEBD@Z 0000000180007c90 f   msvcprtd:MSVCP90D.dll
 0001:00006c96       ??0?$basic_string@DU?$char_traits@D@std@@V?$allocator@D@2@@std@@QEAA@AEBV01@@Z 0000000180007c96 f   msvcprtd:MSVCP90D.dll
 0001:00006c9c       ??0_Container_base_secure@std@@QEAA@XZ 0000000180007c9c f   msvcprtd:MSVCP90D.dll
 0001:00006ca2       ?SetEnable@CLog@@QEAAXW4LogSw@@_N@Z 0000000180007ca2 f   libLog:libLog.dll
 0001:00006ca8       ?Instance@CLog@@SAAEAV1@XZ 0000000180007ca8 f   libLog:libLog.dll
 0001:00006cae       ??1viPCIDev@@UEAA@XZ       0000000180007cae f   libBusDriver:libBusDriver.dll
 0001:00006cb4       ?GetDevices@viPCIDev@@UEAAHAEAV?$vector@V?$basic_string@DU?$char_traits@D@std@@V?$allocator@D@2@@std@@V?$allocator@V?$basic_string@DU?$char_traits@D@std@@V?$allocator@D@2@@std@@@2@@std@@@Z 0000000180007cb4 f   libBusDriver:libBusDriver.dll
 0001:00006cba       ?GetConfigStringValue@CGeneralIniFile@@QEAAHPEBD0PEAD@Z 0000000180007cba f   libBusDriver:libBusDriver.dll
 0001:00006cc0       ??0CGeneralIniFile@@QEAA@PEBD@Z 0000000180007cc0 f   libBusDriver:libBusDriver.dll
 0001:00006cc6       ??0viPCIDev@@QEAA@XZ       0000000180007cc6 f   libBusDriver:libBusDriver.dll
 0001:00006cd0       __GSHandlerCheck           0000000180007cd0 f   MSVCRTD:gshandler.obj
 0001:00006d10       __GSHandlerCheckCommon     0000000180007d10 f   MSVCRTD:gshandler.obj
 0001:00006e20       __security_check_cookie    0000000180007e20 f   MSVCRTD:amdsecgs.obj
 0001:00006e40       strcmp                     0000000180007e40 f   MSVCRTD:MSVCR90D.dll
 0001:00006e46       sprintf                    0000000180007e46 f   MSVCRTD:MSVCR90D.dll
 0001:00006e4c       strcat                     0000000180007e4c f   MSVCRTD:MSVCR90D.dll
 0001:00006e52       strcpy                     0000000180007e52 f   MSVCRTD:MSVCR90D.dll
 0001:00006e58       memset                     0000000180007e58 f   MSVCRTD:MSVCR90D.dll
 0001:00006e5e       __CxxFrameHandler3         0000000180007e5e f   MSVCRTD:MSVCR90D.dll
 0001:00006e64       _invalid_parameter         0000000180007e64 f   MSVCRTD:MSVCR90D.dll
 0001:00006e6a       _CrtDbgReportW             0000000180007e6a f   MSVCRTD:MSVCR90D.dll
 0001:00006e70       _CxxThrowException         0000000180007e70 f   MSVCRTD:MSVCR90D.dll
 0001:00006e80       ??0type_info@@AEAA@AEBV0@@Z 0000000180007e80 f   MSVCRTD:ti_inst.obj
 0001:00006ea0       ??_Etype_info@@UEAAPEAXI@Z 0000000180007ea0 f i MSVCRTD:ti_inst.obj
 0001:00006f30       ??4type_info@@AEAAAEAV0@AEBV0@@Z 0000000180007f30 f   MSVCRTD:ti_inst.obj
 0001:00006f40       ??0exception@std@@QEAA@AEBV01@@Z 0000000180007f40 f   MSVCRTD:MSVCR90D.dll
 0001:00006f46       ??1exception@std@@UEAA@XZ  0000000180007f46 f   MSVCRTD:MSVCR90D.dll
 0001:00006f4c       ??0exception@std@@QEAA@XZ  0000000180007f4c f   MSVCRTD:MSVCR90D.dll
 0001:00006f52       ??3@YAXPEAX@Z              0000000180007f52 f   MSVCRTD:MSVCR90D.dll
 0001:00006f58       ??2@YAPEAX_K@Z             0000000180007f58 f   MSVCRTD:MSVCR90D.dll
 0001:00006f5e       ??0exception@std@@QEAA@AEBQEBD@Z 0000000180007f5e f   MSVCRTD:MSVCR90D.dll
 0001:00006f64       ?what@exception@std@@UEBAPEBDXZ 0000000180007f64 f   MSVCRTD:MSVCR90D.dll
 0001:00006f70       _onexit                    0000000180007f70 f   MSVCRTD:atonexit.obj
 0001:00007030       atexit                     0000000180008030 f   MSVCRTD:atonexit.obj
 0001:00007100       _CRT_INIT                  0000000180008100 f   MSVCRTD:crtdll.obj
 0001:000074b0       NtCurrentTeb               00000001800084b0 f i MSVCRTD:crtdll.obj
 0001:000074c0       _DllMainCRTStartup         00000001800084c0 f   MSVCRTD:crtdll.obj
 0001:00007680       __report_gsfailure         0000000180008680 f   MSVCRTD:gs_report.obj
 0001:000077d0       ??_M@YAXPEAX_KHP6AX0@Z@Z   00000001800087d0 f   MSVCRTD:ehvecdtr.obj
 0001:00007870       ?__ArrayUnwind@@YAXPEAX_KHP6AX0@Z@Z 0000000180008870 f   MSVCRTD:ehvecdtr.obj
 0001:000078fa       __C_specific_handler       00000001800088fa f   MSVCRTD:MSVCR90D.dll
 0001:00007900       _unlock                    0000000180008900 f   MSVCRTD:MSVCR90D.dll
 0001:00007906       __dllonexit                0000000180008906 f   MSVCRTD:MSVCR90D.dll
 0001:0000790c       _encode_pointer            000000018000890c f   MSVCRTD:MSVCR90D.dll
 0001:00007912       _lock                      0000000180008912 f   MSVCRTD:MSVCR90D.dll
 0001:00007918       _decode_pointer            0000000180008918 f   MSVCRTD:MSVCR90D.dll
 0001:00007920       __clean_type_info_names    0000000180008920 f   MSVCRTD:tncleanup.obj
 0001:00007940       _RTC_Initialize            0000000180008940 f   MSVCRTD:_initsect_.obj
 0001:00007980       _RTC_Terminate             0000000180008980 f   MSVCRTD:_initsect_.obj
 0001:000079be       _malloc_dbg                00000001800089be f   MSVCRTD:MSVCR90D.dll
 0001:000079c4       _free_dbg                  00000001800089c4 f   MSVCRTD:MSVCR90D.dll
 0001:000079ca       _encoded_null              00000001800089ca f   MSVCRTD:MSVCR90D.dll
 0001:000079d0       _CrtSetCheckCount          00000001800089d0 f   MSVCRTD:MSVCR90D.dll
 0001:000079e0       _ValidateImageBase         00000001800089e0 f   MSVCRTD:pesect.obj
 0001:00007a60       _FindPESection             0000000180008a60 f   MSVCRTD:pesect.obj
 0001:00007b10       _IsNonwritableInCurrentImage 0000000180008b10 f   MSVCRTD:pesect.obj
 0001:00007b9c       _initterm                  0000000180008b9c f   MSVCRTD:MSVCR90D.dll
 0001:00007ba2       _initterm_e                0000000180008ba2 f   MSVCRTD:MSVCR90D.dll
 0001:00007ba8       _amsg_exit                 0000000180008ba8 f   MSVCRTD:MSVCR90D.dll
 0001:00007bb0       __security_init_cookie     0000000180008bb0 f   MSVCRTD:gs_support.obj
 0001:00007cae       __CppXcptFilter            0000000180008cae f   MSVCRTD:MSVCR90D.dll
 0001:00007cc0       DllMain                    0000000180008cc0 f   MSVCRTD:dllmain.obj
 0001:00007cf8       __crt_debugger_hook        0000000180008cf8 f   MSVCRTD:MSVCR90D.dll
 0001:00007cfe       ?terminate@@YAXXZ          0000000180008cfe f   MSVCRTD:MSVCR90D.dll
 0001:00007d04       ??1type_info@@UEAA@XZ      0000000180008d04 f   MSVCRTD:MSVCR90D.dll
 0001:00007d04       ?_type_info_dtor_internal_method@type_info@@QEAAXXZ 0000000180008d04 f   MSVCRTD:MSVCR90D.dll
 0001:00007d0a       __clean_type_info_names_internal 0000000180008d0a f   MSVCRTD:MSVCR90D.dll
 0001:00007d10       Sleep                      0000000180008d10 f   kernel32:KERNEL32.dll
 0001:00007d16       TerminateProcess           0000000180008d16 f   kernel32:KERNEL32.dll
 0001:00007d1c       GetCurrentProcess          0000000180008d1c f   kernel32:KERNEL32.dll
 0001:00007d22       UnhandledExceptionFilter   0000000180008d22 f   kernel32:KERNEL32.dll
 0001:00007d28       SetUnhandledExceptionFilter 0000000180008d28 f   kernel32:KERNEL32.dll
 0001:00007d2e       IsDebuggerPresent          0000000180008d2e f   kernel32:KERNEL32.dll
 0001:00007d34       RtlVirtualUnwind           0000000180008d34 f   kernel32:KERNEL32.dll
 0001:00007d3a       RtlLookupFunctionEntry     0000000180008d3a f   kernel32:KERNEL32.dll
 0001:00007d40       RtlCaptureContext          0000000180008d40 f   kernel32:KERNEL32.dll
 0001:00007d46       QueryPerformanceCounter    0000000180008d46 f   kernel32:KERNEL32.dll
 0001:00007d4c       GetTickCount               0000000180008d4c f   kernel32:KERNEL32.dll
 0001:00007d52       GetCurrentThreadId         0000000180008d52 f   kernel32:KERNEL32.dll
 0001:00007d58       GetCurrentProcessId        0000000180008d58 f   kernel32:KERNEL32.dll
 0001:00007d5e       GetSystemTimeAsFileTime    0000000180008d5e f   kernel32:KERNEL32.dll
 0001:00007d64       DisableThreadLibraryCalls  0000000180008d64 f   kernel32:KERNEL32.dll
 0002:00000000       __xc_a                     000000018000e000     MSVCRTD:cinitexe.obj
 0002:00000220       __xc_z                     000000018000e220     MSVCRTD:cinitexe.obj
 0002:00000330       __xi_a                     000000018000e330     MSVCRTD:cinitexe.obj
 0002:00000550       __xi_z                     000000018000e550     MSVCRTD:cinitexe.obj
 0002:0000071a       ?_Value@?$_Is_swap_move@U_Swap_move_tag@std@@@std@@2_NB 000000018000e71a     libRFU.obj
 0002:0000071c       ?collate@?$_Locbase@H@std@@2HB 000000018000e71c     libRFU.obj
 0002:00000720       ?ctype@?$_Locbase@H@std@@2HB 000000018000e720     libRFU.obj
 0002:00000724       ?monetary@?$_Locbase@H@std@@2HB 000000018000e724     libRFU.obj
 0002:00000728       ?numeric@?$_Locbase@H@std@@2HB 000000018000e728     libRFU.obj
 0002:0000072c       ?time@?$_Locbase@H@std@@2HB 000000018000e72c     libRFU.obj
 0002:00000730       ?messages@?$_Locbase@H@std@@2HB 000000018000e730     libRFU.obj
 0002:00000734       ?all@?$_Locbase@H@std@@2HB 000000018000e734     libRFU.obj
 0002:00000738       ?none@?$_Locbase@H@std@@2HB 000000018000e738     libRFU.obj
 0002:0000073c       ?skipws@?$_Iosb@H@std@@2W4_Fmtflags@12@B 000000018000e73c     libRFU.obj
 0002:00000740       ?unitbuf@?$_Iosb@H@std@@2W4_Fmtflags@12@B 000000018000e740     libRFU.obj
 0002:00000744       ?uppercase@?$_Iosb@H@std@@2W4_Fmtflags@12@B 000000018000e744     libRFU.obj
 0002:00000748       ?showbase@?$_Iosb@H@std@@2W4_Fmtflags@12@B 000000018000e748     libRFU.obj
 0002:0000074c       ?showpoint@?$_Iosb@H@std@@2W4_Fmtflags@12@B 000000018000e74c     libRFU.obj
 0002:00000750       ?showpos@?$_Iosb@H@std@@2W4_Fmtflags@12@B 000000018000e750     libRFU.obj
 0002:00000754       ?left@?$_Iosb@H@std@@2W4_Fmtflags@12@B 000000018000e754     libRFU.obj
 0002:00000758       ?right@?$_Iosb@H@std@@2W4_Fmtflags@12@B 000000018000e758     libRFU.obj
 0002:0000075c       ?internal@?$_Iosb@H@std@@2W4_Fmtflags@12@B 000000018000e75c     libRFU.obj
 0002:00000760       ?dec@?$_Iosb@H@std@@2W4_Fmtflags@12@B 000000018000e760     libRFU.obj
 0002:00000764       ?oct@?$_Iosb@H@std@@2W4_Fmtflags@12@B 000000018000e764     libRFU.obj
 0002:00000768       ?hex@?$_Iosb@H@std@@2W4_Fmtflags@12@B 000000018000e768     libRFU.obj
 0002:0000076c       ?scientific@?$_Iosb@H@std@@2W4_Fmtflags@12@B 000000018000e76c     libRFU.obj
 0002:00000770       ?fixed@?$_Iosb@H@std@@2W4_Fmtflags@12@B 000000018000e770     libRFU.obj
 0002:00000774       ?hexfloat@?$_Iosb@H@std@@2W4_Fmtflags@12@B 000000018000e774     libRFU.obj
 0002:00000778       ?boolalpha@?$_Iosb@H@std@@2W4_Fmtflags@12@B 000000018000e778     libRFU.obj
 0002:0000077c       ?_Stdio@?$_Iosb@H@std@@2W4_Fmtflags@12@B 000000018000e77c     libRFU.obj
 0002:00000780       ?adjustfield@?$_Iosb@H@std@@2W4_Fmtflags@12@B 000000018000e780     libRFU.obj
 0002:00000784       ?basefield@?$_Iosb@H@std@@2W4_Fmtflags@12@B 000000018000e784     libRFU.obj
 0002:00000788       ?floatfield@?$_Iosb@H@std@@2W4_Fmtflags@12@B 000000018000e788     libRFU.obj
 0002:0000078c       ?goodbit@?$_Iosb@H@std@@2W4_Iostate@12@B 000000018000e78c     libRFU.obj
 0002:00000790       ?eofbit@?$_Iosb@H@std@@2W4_Iostate@12@B 000000018000e790     libRFU.obj
 0002:00000794       ?failbit@?$_Iosb@H@std@@2W4_Iostate@12@B 000000018000e794     libRFU.obj
 0002:00000798       ?badbit@?$_Iosb@H@std@@2W4_Iostate@12@B 000000018000e798     libRFU.obj
 0002:0000079c       ?_Hardfail@?$_Iosb@H@std@@2W4_Iostate@12@B 000000018000e79c     libRFU.obj
 0002:000007a0       ?in@?$_Iosb@H@std@@2W4_Openmode@12@B 000000018000e7a0     libRFU.obj
 0002:000007a4       ?out@?$_Iosb@H@std@@2W4_Openmode@12@B 000000018000e7a4     libRFU.obj
 0002:000007a8       ?ate@?$_Iosb@H@std@@2W4_Openmode@12@B 000000018000e7a8     libRFU.obj
 0002:000007ac       ?app@?$_Iosb@H@std@@2W4_Openmode@12@B 000000018000e7ac     libRFU.obj
 0002:000007b0       ?trunc@?$_Iosb@H@std@@2W4_Openmode@12@B 000000018000e7b0     libRFU.obj
 0002:000007b4       ?_Nocreate@?$_Iosb@H@std@@2W4_Openmode@12@B 000000018000e7b4     libRFU.obj
 0002:000007b8       ?_Noreplace@?$_Iosb@H@std@@2W4_Openmode@12@B 000000018000e7b8     libRFU.obj
 0002:000007bc       ?binary@?$_Iosb@H@std@@2W4_Openmode@12@B 000000018000e7bc     libRFU.obj
 0002:000007c0       ?beg@?$_Iosb@H@std@@2W4_Seekdir@12@B 000000018000e7c0     libRFU.obj
 0002:000007c4       ?cur@?$_Iosb@H@std@@2W4_Seekdir@12@B 000000018000e7c4     libRFU.obj
 0002:000007c8       ?end@?$_Iosb@H@std@@2W4_Seekdir@12@B 000000018000e7c8     libRFU.obj
 0002:000007cc       ?value@?$integral_constant@_N$0A@@tr1@std@@2_NB 000000018000e7cc     libRFU.obj
 0002:000007cd       ?value@?$integral_constant@_N$00@tr1@std@@2_NB 000000018000e7cd     libRFU.obj
 0002:000007ce       ??_C@_00CNPNBAHC@?$AA@     000000018000e7ce     libRFU.obj
 0002:00000800       ??_C@_1DC@POOIKBAO@?$AAI?$AAT?$AAE?$AAR?$AAA?$AAT?$AAO?$AAR?$AA?5?$AAL?$AAI?$AAS?$AAT?$AA?5?$AAC?$AAO?$AAR?$AAR?$AAU?$AAP?$AAT?$AAE?$AAD?$AA?$CB?$AA?$AA@ 000000018000e800     libRFU.obj
 0002:00000840       ??_C@_1IO@BBMNBHMA@?$AAC?$AA?3?$AA?2?$AAP?$AAr?$AAo?$AAg?$AAr?$AAa?$AAm?$AA?5?$AAF?$AAi?$AAl?$AAe?$AAs?$AA?5?$AA?$CI?$AAx?$AA8?$AA6?$AA?$CJ?$AA?2?$AAM?$AAi?$AAc?$AAr?$AAo?$AAs?$AAo?$AAf?$AAt@ 000000018000e840     libRFU.obj
 0002:00000950       ??_C@_1CK@POGJDOKA@?$AA?$CI?$AA?$CC?$AA_?$AAP?$AAo?$AAs?$AA?5?$AA?$DM?$AA?5?$AAs?$AAi?$AAz?$AAe?$AA?$CI?$AA?$CJ?$AA?$CC?$AA?0?$AA?5?$AA0?$AA?$CJ?$AA?$AA@ 000000018000e950     libRFU.obj
 0002:00000988       ??_C@_1BO@MEPPHOO@?$AA?$CC?$AAo?$AAu?$AAt?$AA?5?$AAo?$AAf?$AA?5?$AAr?$AAa?$AAn?$AAg?$AAe?$AA?$CC?$AA?$AA@ 000000018000e988     libRFU.obj
 0002:000009b0       ??_C@_1LO@JNEPCDFA@?$AAs?$AAt?$AAd?$AA?3?$AA?3?$AAv?$AAe?$AAc?$AAt?$AAo?$AAr?$AA?$DM?$AAs?$AAt?$AAr?$AAu?$AAc?$AAt?$AA?5?$AAA?$AAv?$AAa?$AAi?$AAl?$AAa?$AAb?$AAl?$AAe?$AAM?$AAo?$AAd?$AAu@ 000000018000e9b0     libRFU.obj
 0002:00000aa0       ??_C@_1FG@CMLDHNON@?$AA?$CI?$AA?$CC?$AAS?$AAt?$AAa?$AAn?$AAd?$AAa?$AAr?$AAd?$AA?5?$AAC?$AA?$CL?$AA?$CL?$AA?5?$AAL?$AAi?$AAb?$AAr?$AAa?$AAr?$AAi?$AAe?$AAs?$AA?5?$AAO?$AAu?$AAt?$AA?5?$AAo?$AAf?$AA?5@ 000000018000eaa0     libRFU.obj
 0002:00000b08       ??_C@_1DM@LHGCHCBA@?$AAv?$AAe?$AAc?$AAt?$AAo?$AAr?$AA?5?$AAs?$AAu?$AAb?$AAs?$AAc?$AAr?$AAi?$AAp?$AAt?$AA?5?$AAo?$AAu?$AAt?$AA?5?$AAo?$AAf?$AA?5?$AAr?$AAa?$AAn?$AAg?$AAe?$AA?$AA@ 000000018000eb08     libRFU.obj
 0002:00000b50       ??_C@_1IK@PFPAGNAC@?$AAC?$AA?3?$AA?2?$AAP?$AAr?$AAo?$AAg?$AAr?$AAa?$AAm?$AA?5?$AAF?$AAi?$AAl?$AAe?$AAs?$AA?5?$AA?$CI?$AAx?$AA8?$AA6?$AA?$CJ?$AA?2?$AAM?$AAi?$AAc?$AAr?$AAo?$AAs?$AAo?$AAf?$AAt@ 000000018000eb50     libRFU.obj
 0002:00000d50       ??_C@_1EI@HGIDLLCM@?$AAv?$AAe?$AAc?$AAt?$AAo?$AAr?$AA?5?$AAe?$AAr?$AAa?$AAs?$AAe?$AA?5?$AAi?$AAt?$AAe?$AAr?$AAa?$AAt?$AAo?$AAr?$AA?5?$AAo?$AAu?$AAt?$AAs?$AAi?$AAd?$AAe?$AA?5?$AAr?$AAa@ 000000018000ed50     libRFU.obj
 0002:00000e10       ??_C@_1EK@EEHFMKDC@?$AAv?$AAe?$AAc?$AAt?$AAo?$AAr?$AA?5?$AAi?$AAn?$AAs?$AAe?$AAr?$AAt?$AA?5?$AAi?$AAt?$AAe?$AAr?$AAa?$AAt?$AAo?$AAr?$AA?5?$AAo?$AAu?$AAt?$AAs?$AAi?$AAd?$AAe?$AA?5?$AAr@ 000000018000ee10     libRFU.obj
 0002:00000e98       ??_C@_0BD@OLBABOEK@vector?$DMT?$DO?5too?5long?$AA@ 000000018000ee98     libRFU.obj
 0002:00000eb8       ??_7length_error@std@@6B@  000000018000eeb8     libRFU.obj
 0002:00000f08       ??_7logic_error@std@@6B@   000000018000ef08     libRFU.obj
 0002:00000fb0       ??_C@_1CG@JNLFBNGN@?$AA?$CC?$AAi?$AAn?$AAv?$AAa?$AAl?$AAi?$AAd?$AA?5?$AAa?$AAr?$AAg?$AAu?$AAm?$AAe?$AAn?$AAt?$AA?$CC?$AA?$AA@ 000000018000efb0     libRFU.obj
 0002:00000fe0       ??_C@_1BPK@MNCDPEOO@?$AAs?$AAt?$AAd?$AA?3?$AA?3?$AA_?$AAV?$AAe?$AAc?$AAt?$AAo?$AAr?$AA_?$AAc?$AAo?$AAn?$AAs?$AAt?$AA_?$AAi?$AAt?$AAe?$AAr?$AAa?$AAt?$AAo?$AAr?$AA?$DM?$AAc?$AAl?$AAa?$AAs@ 000000018000efe0     libRFU.obj
 0002:00001240       ??_C@_1NK@JLHOCNGO@?$AA?$CI?$AA?$CC?$AA_?$AAP?$AAv?$AAe?$AAc?$AAt?$AAo?$AAr?$AA?5?$AA?$DN?$AA?$DN?$AA?5?$AAN?$AAU?$AAL?$AAL?$AA?5?$AA?$HM?$AA?$HM?$AA?5?$AA?$CI?$AA?$CI?$AA?$CI?$AA_?$AAM?$AAy?$AAv?$AAe?$AAc?$AA?5@ 000000018000f240     libRFU.obj
 0002:00001350       ??_C@_1BOC@BMIIFNLH@?$AAs?$AAt?$AAd?$AA?3?$AA?3?$AA_?$AAV?$AAe?$AAc?$AAt?$AAo?$AAr?$AA_?$AAc?$AAo?$AAn?$AAs?$AAt?$AA_?$AAi?$AAt?$AAe?$AAr?$AAa?$AAt?$AAo?$AAr?$AA?$DM?$AAc?$AAl?$AAa?$AAs@ 000000018000f350     libRFU.obj
 0002:000015a0       ??_C@_1EG@FOHJJHAC@?$AAv?$AAe?$AAc?$AAt?$AAo?$AAr?$AA?5?$AAi?$AAt?$AAe?$AAr?$AAa?$AAt?$AAo?$AAr?$AA?5?$AAn?$AAo?$AAt?$AA?5?$AAd?$AAe?$AAr?$AAe?$AAf?$AAe?$AAr?$AAe?$AAn?$AAc?$AAa?$AAb@ 000000018000f5a0     libRFU.obj
 0002:00001600       ??_C@_1EE@EJDKCLKB@?$AAv?$AAe?$AAc?$AAt?$AAo?$AAr?$AA?5?$AAi?$AAt?$AAe?$AAr?$AAa?$AAt?$AAo?$AAr?$AA?5?$AAn?$AAo?$AAt?$AA?5?$AAi?$AAn?$AAc?$AAr?$AAe?$AAm?$AAe?$AAn?$AAt?$AAa?$AAb?$AAl@ 000000018000f600     libRFU.obj
 0002:00001660       ??_C@_1HE@NMBDDEHP@?$AA?$CI?$AA?$CC?$AA_?$AAM?$AAy?$AAp?$AAt?$AAr?$AA?5?$AA?$DM?$AA?5?$AA?$CI?$AA?$CI?$AA_?$AAM?$AAy?$AAv?$AAe?$AAc?$AA?5?$AA?$CK?$AA?$CJ?$AA?$CI?$AAt?$AAh?$AAi?$AAs?$AA?9?$AA?$DO?$AA_?$AAG?$AAe@ 000000018000f660     libRFU.obj
 0002:000016f0       ??_C@_1BOE@CDBPCCE@?$AAs?$AAt?$AAd?$AA?3?$AA?3?$AA_?$AAV?$AAe?$AAc?$AAt?$AAo?$AAr?$AA_?$AAc?$AAo?$AAn?$AAs?$AAt?$AA_?$AAi?$AAt?$AAe?$AAr?$AAa?$AAt?$AAo?$AAr?$AA?$DM?$AAc?$AAl?$AAa?$AAs@ 000000018000f6f0     libRFU.obj
 0002:00001938       ??_C@_1DM@LBMEEJPP@?$AA?$CI?$AA?$CC?$AAt?$AAh?$AAi?$AAs?$AA?9?$AA?$DO?$AA_?$AAH?$AAa?$AAs?$AA_?$AAc?$AAo?$AAn?$AAt?$AAa?$AAi?$AAn?$AAe?$AAr?$AA?$CI?$AA?$CJ?$AA?$CC?$AA?0?$AA?5?$AA0?$AA?$CJ?$AA?$AA@ 000000018000f938     libRFU.obj
 0002:00001980       ??_C@_1BNM@BEDNJHNI@?$AAs?$AAt?$AAd?$AA?3?$AA?3?$AA_?$AAV?$AAe?$AAc?$AAt?$AAo?$AAr?$AA_?$AAc?$AAo?$AAn?$AAs?$AAt?$AA_?$AAi?$AAt?$AAe?$AAr?$AAa?$AAt?$AAo?$AAr?$AA?$DM?$AAc?$AAl?$AAa?$AAs@ 000000018000f980     libRFU.obj
 0002:00001bc0       ??_C@_1FO@OCPOOAIA@?$AA?$CI?$AA?$CC?$AAS?$AAt?$AAa?$AAn?$AAd?$AAa?$AAr?$AAd?$AA?5?$AAC?$AA?$CL?$AA?$CL?$AA?5?$AAL?$AAi?$AAb?$AAr?$AAa?$AAr?$AAi?$AAe?$AAs?$AA?5?$AAI?$AAn?$AAv?$AAa?$AAl?$AAi?$AAd@ 000000018000fbc0     libRFU.obj
 0002:00001c30       ??_C@_1DM@HINDPMBP@?$AAv?$AAe?$AAc?$AAt?$AAo?$AAr?$AA?5?$AAi?$AAt?$AAe?$AAr?$AAa?$AAt?$AAo?$AAr?$AAs?$AA?5?$AAi?$AAn?$AAc?$AAo?$AAm?$AAp?$AAa?$AAt?$AAi?$AAb?$AAl?$AAe?$AA?$AA@ 000000018000fc30     libRFU.obj
 0002:00001ce0       ??_C@_1PE@HAIDMGCI@?$AAs?$AAt?$AAd?$AA?3?$AA?3?$AA_?$AAV?$AAe?$AAc?$AAt?$AAo?$AAr?$AA_?$AAc?$AAo?$AAn?$AAs?$AAt?$AA_?$AAi?$AAt?$AAe?$AAr?$AAa?$AAt?$AAo?$AAr?$AA?$DM?$AAs?$AAt?$AAr?$AAu@ 000000018000fce0     libRFU.obj
 0002:00001e10       ??_C@_1NG@DDFJKKKN@?$AAs?$AAt?$AAd?$AA?3?$AA?3?$AA_?$AAV?$AAe?$AAc?$AAt?$AAo?$AAr?$AA_?$AAc?$AAo?$AAn?$AAs?$AAt?$AA_?$AAi?$AAt?$AAe?$AAr?$AAa?$AAt?$AAo?$AAr?$AA?$DM?$AAs?$AAt?$AAr?$AAu@ 000000018000fe10     libRFU.obj
 0002:00001f10       ??_C@_1BAC@KBDNDJPK@?$AA?$CI?$AA?$CC?$AA_?$AAM?$AAy?$AAp?$AAt?$AAr?$AA?5?$AA?$CL?$AA?5?$AA_?$AAO?$AAf?$AAf?$AA?5?$AA?$DM?$AA?$DN?$AA?5?$AA?$CI?$AA?$CI?$AA_?$AAM?$AAy?$AAv?$AAe?$AAc?$AA?5?$AA?$CK?$AA?$CJ?$AA?$CI?$AAt@ 000000018000ff10     libRFU.obj
 0002:00002050       ??_C@_1NO@LKMDBPFJ@?$AAs?$AAt?$AAd?$AA?3?$AA?3?$AA_?$AAV?$AAe?$AAc?$AAt?$AAo?$AAr?$AA_?$AAc?$AAo?$AAn?$AAs?$AAt?$AA_?$AAi?$AAt?$AAe?$AAr?$AAa?$AAt?$AAo?$AAr?$AA?$DM?$AAs?$AAt?$AAr?$AAu@ 0000000180010050     libRFU.obj
 0002:00002168       ??_7bad_alloc@std@@6B@     0000000180010168     libRFU.obj
 0002:000021b0       ??_C@_1CO@DGLIKNHI@?$AAi?$AAn?$AAv?$AAa?$AAl?$AAi?$AAd?$AA?5?$AAi?$AAt?$AAe?$AAr?$AAa?$AAt?$AAo?$AAr?$AA?5?$AAr?$AAa?$AAn?$AAg?$AAe?$AA?$AA@ 00000001800101b0     libRFU.obj
 0002:00002220       ??_C@_1IK@ILCLOBAJ@?$AAC?$AA?3?$AA?2?$AAP?$AAr?$AAo?$AAg?$AAr?$AAa?$AAm?$AA?5?$AAF?$AAi?$AAl?$AAe?$AAs?$AA?5?$AA?$CI?$AAx?$AA8?$AA6?$AA?$CJ?$AA?2?$AAM?$AAi?$AAc?$AAr?$AAo?$AAs?$AAo?$AAf?$AAt@ 0000000180010220     libRFU.obj
 0002:000022c8       ??_C@_1CK@EOPGIILJ@?$AAi?$AAn?$AAv?$AAa?$AAl?$AAi?$AAd?$AA?5?$AAn?$AAu?$AAl?$AAl?$AA?5?$AAp?$AAo?$AAi?$AAn?$AAt?$AAe?$AAr?$AA?$AA@ 00000001800102c8     libRFU.obj
 0002:00002368       ??_7type_info@@6B@         0000000180010368     MSVCRTD:ti_inst.obj
 0002:00002370       _pRawDllMain               0000000180010370     MSVCRTD:crtdll.obj
 0002:00002370       _pDefaultRawDllMain        0000000180010370     MSVCRTD:crtdll.obj
 0002:00002378       ??_C@_0DF@EBFKANAI@f?3?2dd?2vctools?2crt_bld?2self_64_am@ 0000000180010378     MSVCRTD:crtdll.obj
 0002:000023c0       ?ProcessDetach@NativeDll@<CrtImplementationDetails>@@0IB 00000001800103c0     MSVCRTD:tncleanup.obj
 0002:000023c4       ?ProcessAttach@NativeDll@<CrtImplementationDetails>@@0IB 00000001800103c4     MSVCRTD:tncleanup.obj
 0002:000023c8       ?ThreadAttach@NativeDll@<CrtImplementationDetails>@@0IB 00000001800103c8     MSVCRTD:tncleanup.obj
 0002:000023cc       ?ThreadDetach@NativeDll@<CrtImplementationDetails>@@0IB 00000001800103cc     MSVCRTD:tncleanup.obj
 0002:000023d0       ?ProcessVerifier@NativeDll@<CrtImplementationDetails>@@0IB 00000001800103d0     MSVCRTD:tncleanup.obj
 0002:00002690       ??_R4length_error@std@@6B@ 0000000180010690     libRFU.obj
 0002:000026c0       ??_R3length_error@std@@8   00000001800106c0     libRFU.obj
 0002:000026d8       ??_R2length_error@std@@8   00000001800106d8     libRFU.obj
 0002:00002700       ??_R1A@?0A@EA@length_error@std@@8 0000000180010700     libRFU.obj
 0002:00002730       ??_R1A@?0A@EA@logic_error@std@@8 0000000180010730     libRFU.obj
 0002:00002760       ??_R3logic_error@std@@8    0000000180010760     libRFU.obj
 0002:00002778       ??_R2logic_error@std@@8    0000000180010778     libRFU.obj
 0002:00002790       ??_R1A@?0A@EA@exception@std@@8 0000000180010790     libRFU.obj
 0002:000027c0       ??_R3exception@std@@8      00000001800107c0     libRFU.obj
 0002:000027d8       ??_R2exception@std@@8      00000001800107d8     libRFU.obj
 0002:000027e8       ??_R4logic_error@std@@6B@  00000001800107e8     libRFU.obj
 0002:00002818       ??_R4bad_alloc@std@@6B@    0000000180010818     libRFU.obj
 0002:00002848       ??_R3bad_alloc@std@@8      0000000180010848     libRFU.obj
 0002:00002860       ??_R2bad_alloc@std@@8      0000000180010860     libRFU.obj
 0002:00002878       ??_R1A@?0A@EA@bad_alloc@std@@8 0000000180010878     libRFU.obj
 0002:000028a8       ??_R4type_info@@6B@        00000001800108a8     MSVCRTD:ti_inst.obj
 0002:000028d0       ??_R3type_info@@8          00000001800108d0     MSVCRTD:ti_inst.obj
 0002:000028e8       ??_R2type_info@@8          00000001800108e8     MSVCRTD:ti_inst.obj
 0002:000028f8       ??_R1A@?0A@EA@type_info@@8 00000001800108f8     MSVCRTD:ti_inst.obj
 0002:00002a40       __rtc_iaa                  0000000180010a40     MSVCRTD:_initsect_.obj
 0002:00002b50       __rtc_izz                  0000000180010b50     MSVCRTD:_initsect_.obj
 0002:00002c60       __rtc_taa                  0000000180010c60     MSVCRTD:_initsect_.obj
 0002:00002d70       __rtc_tzz                  0000000180010d70     MSVCRTD:_initsect_.obj
 0002:00004088       _TI3?AVlength_error@std@@  0000000180012088     libRFU.obj
 0002:000040a8       _CTA3?AVlength_error@std@@ 00000001800120a8     libRFU.obj
 0002:000040c8       _CT??_R0?AVlength_error@std@@@8??0length_error@std@@QEAA@AEBV01@@Z72 00000001800120c8     libRFU.obj
 0002:000040f0       _CT??_R0?AVlogic_error@std@@@8??0logic_error@std@@QEAA@AEBV01@@Z72 00000001800120f0     libRFU.obj
 0002:00004118       _CT??_R0?AVexception@std@@@8??0exception@std@@QEAA@AEBV01@@Z24 0000000180012118     libRFU.obj
 0002:00004140       _TI2?AVbad_alloc@std@@     0000000180012140     libRFU.obj
 0002:00004160       _CTA2?AVbad_alloc@std@@    0000000180012160     libRFU.obj
 0002:00004178       _CT??_R0?AVbad_alloc@std@@@8??0bad_alloc@std@@QEAA@AEBV01@@Z24 0000000180012178     libRFU.obj
 0003:00000010       ??_R0?AVlength_error@std@@@8 0000000180013010     libRFU.obj
 0003:00000040       ??_R0?AVlogic_error@std@@@8 0000000180013040     libRFU.obj
 0003:00000070       ??_R0?AVexception@std@@@8  0000000180013070     libRFU.obj
 0003:000000a0       ??_R0?AVbad_alloc@std@@@8  00000001800130a0     libRFU.obj
 0003:000000d0       __security_cookie          00000001800130d0     MSVCRTD:gs_cookie.obj
 0003:000000d8       __security_cookie_complement 00000001800130d8     MSVCRTD:gs_cookie.obj
 0003:000000e0       _fltused                   00000001800130e0     MSVCRTD:dllsupp.obj
 0003:000000e8       ??_R0?AVtype_info@@@8      00000001800130e8     MSVCRTD:ti_inst.obj
 0003:00000108       __native_dllmain_reason    0000000180013108     MSVCRTD:natstart.obj
 0003:0000010c       __native_vcclrit_reason    000000018001310c     MSVCRTD:natstart.obj
 0003:00000230       ?g_Module@@3V?$vector@UAvailableModule@@V?$allocator@UAvailableModule@@@std@@@std@@A 0000000180013230     libRFU.obj
 0003:000007e0       _forceCRTManifestRTM       00000001800137e0     MSVCRTD:crtmanifestrtm.obj
 0003:000007e8       ?__type_info_root_node@@3U__type_info_node@@A 00000001800137e8     MSVCRTD:tncleanup.obj
 0003:000007f8       __native_startup_state     00000001800137f8     <common>
 0003:00000808       __native_startup_lock      0000000180013808     <common>
 0003:00000810       __dyn_tls_init_callback    0000000180013810     <common>
 0003:00000828       __onexitend                0000000180013828     <common>
 0003:00000840       __onexitbegin              0000000180013840     <common>
 0005:00000000       __IMPORT_DESCRIPTOR_libSP3301 0000000180015000     libSP3301:libSP3301.dll
 0005:00000014       __IMPORT_DESCRIPTOR_libSP3501 0000000180015014     libSP3501:libSP3501.dll
 0005:00000028       __IMPORT_DESCRIPTOR_MSVCP90D 0000000180015028     msvcprtd:MSVCP90D.dll
 0005:0000003c       __IMPORT_DESCRIPTOR_libLog 000000018001503c     libLog:libLog.dll
 0005:00000050       __IMPORT_DESCRIPTOR_libBusDriver 0000000180015050     libBusDriver:libBusDriver.dll
 0005:00000064       __IMPORT_DESCRIPTOR_MSVCR90D 0000000180015064     MSVCRTD:MSVCR90D.dll
 0005:00000078       __IMPORT_DESCRIPTOR_KERNEL32 0000000180015078     kernel32:KERNEL32.dll
 0005:0000008c       __NULL_IMPORT_DESCRIPTOR   000000018001508c     libSP3301:libSP3301.dll
 0005:00000690       __imp_DisableThreadLibraryCalls 0000000180015690     kernel32:KERNEL32.dll
 0005:00000698       __imp_GetSystemTimeAsFileTime 0000000180015698     kernel32:KERNEL32.dll
 0005:000006a0       __imp_GetCurrentProcessId  00000001800156a0     kernel32:KERNEL32.dll
 0005:000006a8       __imp_GetCurrentThreadId   00000001800156a8     kernel32:KERNEL32.dll
 0005:000006b0       __imp_GetTickCount         00000001800156b0     kernel32:KERNEL32.dll
 0005:000006b8       __imp_QueryPerformanceCounter 00000001800156b8     kernel32:KERNEL32.dll
 0005:000006c0       __imp_RtlCaptureContext    00000001800156c0     kernel32:KERNEL32.dll
 0005:000006c8       __imp_RtlLookupFunctionEntry 00000001800156c8     kernel32:KERNEL32.dll
 0005:000006d0       __imp_RtlVirtualUnwind     00000001800156d0     kernel32:KERNEL32.dll
 0005:000006d8       __imp_IsDebuggerPresent    00000001800156d8     kernel32:KERNEL32.dll
 0005:000006e0       __imp_SetUnhandledExceptionFilter 00000001800156e0     kernel32:KERNEL32.dll
 0005:000006e8       __imp_UnhandledExceptionFilter 00000001800156e8     kernel32:KERNEL32.dll
 0005:000006f0       __imp_GetCurrentProcess    00000001800156f0     kernel32:KERNEL32.dll
 0005:000006f8       __imp_TerminateProcess     00000001800156f8     kernel32:KERNEL32.dll
 0005:00000700       __imp_Sleep                0000000180015700     kernel32:KERNEL32.dll
 0005:00000708       \177KERNEL32_NULL_THUNK_DATA 0000000180015708     kernel32:KERNEL32.dll
 0005:00000778       __imp_??0_Container_base_secure@std@@QEAA@XZ 0000000180015778     msvcprtd:MSVCP90D.dll
 0005:00000780       __imp_??0?$basic_string@DU?$char_traits@D@std@@V?$allocator@D@2@@std@@QEAA@AEBV01@@Z 0000000180015780     msvcprtd:MSVCP90D.dll
 0005:00000788       __imp_??0?$basic_string@DU?$char_traits@D@std@@V?$allocator@D@2@@std@@QEAA@PEBD@Z 0000000180015788     msvcprtd:MSVCP90D.dll
 0005:00000790       __imp_??1?$basic_string@DU?$char_traits@D@std@@V?$allocator@D@2@@std@@QEAA@XZ 0000000180015790     msvcprtd:MSVCP90D.dll
 0005:00000798       __imp_??1_Container_base_secure@std@@QEAA@XZ 0000000180015798     msvcprtd:MSVCP90D.dll
 0005:000007a0       __imp_?_Orphan_all@_Container_base_secure@std@@QEBAXXZ 00000001800157a0     msvcprtd:MSVCP90D.dll
 0005:000007a8       __imp_?_Debug_message@std@@YAXPEB_W0I@Z 00000001800157a8     msvcprtd:MSVCP90D.dll
 0005:000007b0       __imp_??0_Lockit@std@@QEAA@H@Z 00000001800157b0     msvcprtd:MSVCP90D.dll
 0005:000007b8       __imp_??1_Lockit@std@@QEAA@XZ 00000001800157b8     msvcprtd:MSVCP90D.dll
 0005:000007c0       __imp_?c_str@?$basic_string@DU?$char_traits@D@std@@V?$allocator@D@2@@std@@QEBAPEBDXZ 00000001800157c0     msvcprtd:MSVCP90D.dll
 0005:000007c8       \177MSVCP90D_NULL_THUNK_DATA 00000001800157c8     msvcprtd:MSVCP90D.dll
 0005:00000830       __imp__free_dbg            0000000180015830     MSVCRTD:MSVCR90D.dll
 0005:00000838       __imp__malloc_dbg          0000000180015838     MSVCRTD:MSVCR90D.dll
 0005:00000840       __imp__decode_pointer      0000000180015840     MSVCRTD:MSVCR90D.dll
 0005:00000848       __imp__encoded_null        0000000180015848     MSVCRTD:MSVCR90D.dll
 0005:00000850       __imp__CrtSetCheckCount    0000000180015850     MSVCRTD:MSVCR90D.dll
 0005:00000858       __imp__initterm            0000000180015858     MSVCRTD:MSVCR90D.dll
 0005:00000860       __imp__initterm_e          0000000180015860     MSVCRTD:MSVCR90D.dll
 0005:00000868       __imp__amsg_exit           0000000180015868     MSVCRTD:MSVCR90D.dll
 0005:00000870       __imp___CppXcptFilter      0000000180015870     MSVCRTD:MSVCR90D.dll
 0005:00000878       __imp_?terminate@@YAXXZ    0000000180015878     MSVCRTD:MSVCR90D.dll
 0005:00000880       __imp_?_type_info_dtor_internal_method@type_info@@QEAAXXZ 0000000180015880     MSVCRTD:MSVCR90D.dll
 0005:00000888       __imp___clean_type_info_names_internal 0000000180015888     MSVCRTD:MSVCR90D.dll
 0005:00000890       __imp___crt_debugger_hook  0000000180015890     MSVCRTD:MSVCR90D.dll
 0005:00000898       __imp__onexit              0000000180015898     MSVCRTD:MSVCR90D.dll
 0005:000008a0       __imp__lock                00000001800158a0     MSVCRTD:MSVCR90D.dll
 0005:000008a8       __imp__encode_pointer      00000001800158a8     MSVCRTD:MSVCR90D.dll
 0005:000008b0       __imp___dllonexit          00000001800158b0     MSVCRTD:MSVCR90D.dll
 0005:000008b8       __imp__unlock              00000001800158b8     MSVCRTD:MSVCR90D.dll
 0005:000008c0       __imp___C_specific_handler 00000001800158c0     MSVCRTD:MSVCR90D.dll
 0005:000008c8       __imp_?what@exception@std@@UEBAPEBDXZ 00000001800158c8     MSVCRTD:MSVCR90D.dll
 0005:000008d0       __imp_??0exception@std@@QEAA@AEBQEBD@Z 00000001800158d0     MSVCRTD:MSVCR90D.dll
 0005:000008d8       __imp_??2@YAPEAX_K@Z       00000001800158d8     MSVCRTD:MSVCR90D.dll
 0005:000008e0       __imp_strcmp               00000001800158e0     MSVCRTD:MSVCR90D.dll
 0005:000008e8       __imp_sprintf              00000001800158e8     MSVCRTD:MSVCR90D.dll
 0005:000008f0       __imp_strcat               00000001800158f0     MSVCRTD:MSVCR90D.dll
 0005:000008f8       __imp_strcpy               00000001800158f8     MSVCRTD:MSVCR90D.dll
 0005:00000900       __imp_memset               0000000180015900     MSVCRTD:MSVCR90D.dll
 0005:00000908       __imp___CxxFrameHandler3   0000000180015908     MSVCRTD:MSVCR90D.dll
 0005:00000910       __imp__invalid_parameter   0000000180015910     MSVCRTD:MSVCR90D.dll
 0005:00000918       __imp__CrtDbgReportW       0000000180015918     MSVCRTD:MSVCR90D.dll
 0005:00000920       __imp__CxxThrowException   0000000180015920     MSVCRTD:MSVCR90D.dll
 0005:00000928       __imp_??0exception@std@@QEAA@AEBV01@@Z 0000000180015928     MSVCRTD:MSVCR90D.dll
 0005:00000930       __imp_??1exception@std@@UEAA@XZ 0000000180015930     MSVCRTD:MSVCR90D.dll
 0005:00000938       __imp_??0exception@std@@QEAA@XZ 0000000180015938     MSVCRTD:MSVCR90D.dll
 0005:00000940       __imp_??3@YAXPEAX@Z        0000000180015940     MSVCRTD:MSVCR90D.dll
 0005:00000948       \177MSVCR90D_NULL_THUNK_DATA 0000000180015948     MSVCRTD:MSVCR90D.dll
 0005:000009d8       __imp_??0viPCIDev@@QEAA@XZ 00000001800159d8     libBusDriver:libBusDriver.dll
 0005:000009e0       __imp_??0CGeneralIniFile@@QEAA@PEBD@Z 00000001800159e0     libBusDriver:libBusDriver.dll
 0005:000009e8       __imp_?GetConfigStringValue@CGeneralIniFile@@QEAAHPEBD0PEAD@Z 00000001800159e8     libBusDriver:libBusDriver.dll
 0005:000009f0       __imp_?GetDevices@viPCIDev@@UEAAHAEAV?$vector@V?$basic_string@DU?$char_traits@D@std@@V?$allocator@D@2@@std@@V?$allocator@V?$basic_string@DU?$char_traits@D@std@@V?$allocator@D@2@@std@@@2@@std@@@Z 00000001800159f0     libBusDriver:libBusDriver.dll
 0005:000009f8       __imp_??1viPCIDev@@UEAA@XZ 00000001800159f8     libBusDriver:libBusDriver.dll
 0005:00000a00       \177libBusDriver_NULL_THUNK_DATA 0000000180015a00     libBusDriver:libBusDriver.dll
 0005:00000a60       __imp_?Instance@CLog@@SAAEAV1@XZ 0000000180015a60     libLog:libLog.dll
 0005:00000a68       __imp_?SetEnable@CLog@@QEAAXW4LogSw@@_N@Z 0000000180015a68     libLog:libLog.dll
 0005:00000a70       \177libLog_NULL_THUNK_DATA 0000000180015a70     libLog:libLog.dll
 0005:00000ac8       __imp_?Instance@CSP3301@@SAAEAV1@I@Z 0000000180015ac8     libSP3301:libSP3301.dll
 0005:00000ad0       __imp_?GetActive@CSP3301@@QEAA?AUActive@1@XZ 0000000180015ad0     libSP3301:libSP3301.dll
 0005:00000ad8       __imp_?GetOCXO@CSP3301@@QEAAHAEAF@Z 0000000180015ad8     libSP3301:libSP3301.dll
 0005:00000ae0       __imp_?LoadBit@CSP3301@@QEAAHXZ 0000000180015ae0     libSP3301:libSP3301.dll
 0005:00000ae8       __imp_?RF_GetTemp@CSP3301@@QEAAHIAEAN0@Z 0000000180015ae8     libSP3301:libSP3301.dll
 0005:00000af0       __imp_?RF_GetMeasResult@CSP3301@@QEAAHIAEAM0@Z 0000000180015af0     libSP3301:libSP3301.dll
 0005:00000af8       __imp_?RF_GetPowerProc@CSP3301@@QEAAHIAEAW4PowerMeasState@ISP1401@@@Z 0000000180015af8     libSP3301:libSP3301.dll
 0005:00000b00       __imp_?RF_AbortPowerMeas@CSP3301@@QEAAHI@Z 0000000180015b00     libSP3301:libSP3301.dll
 0005:00000b08       __imp_?RF_InitPowerMeas@CSP3301@@QEAAHI@Z 0000000180015b08     libSP3301:libSP3301.dll
 0005:00000b10       __imp_?RF_SetIQCapLength@CSP3301@@QEAAHII@Z 0000000180015b10     libSP3301:libSP3301.dll
 0005:00000b18       __imp_?RF_SetTrigLevel@CSP3301@@QEAAHIM@Z 0000000180015b18     libSP3301:libSP3301.dll
 0005:00000b20       __imp_?RF_SetTrigMode@CSP3301@@QEAAHIW4IQCapSrcs@ISP1401@@@Z 0000000180015b20     libSP3301:libSP3301.dll
 0005:00000b28       __imp_?RF_SetIOMode@CSP3301@@QEAAHIW4IOMode@SP1401@@@Z 0000000180015b28     libSP3301:libSP3301.dll
 0005:00000b30       __imp_?RF_SetRxFreq@CSP3301@@QEAAHI_K@Z 0000000180015b30     libSP3301:libSP3301.dll
 0005:00000b38       __imp_?RF_SetRxLevel@CSP3301@@QEAAHIN@Z 0000000180015b38     libSP3301:libSP3301.dll
 0005:00000b40       __imp_?RF_SetSrcFreq@CSP3301@@QEAAHI_K@Z 0000000180015b40     libSP3301:libSP3301.dll
 0005:00000b48       __imp_?RF_SetTxSource@CSP3301@@QEAAHIW4DASrc@CSP2401R1A@@@Z 0000000180015b48     libSP3301:libSP3301.dll
 0005:00000b50       __imp_?RF_SetTxFreq@CSP3301@@QEAAHI_K@Z 0000000180015b50     libSP3301:libSP3301.dll
 0005:00000b58       __imp_?RF_SetTxPower@CSP3301@@QEAAHIM@Z 0000000180015b58     libSP3301:libSP3301.dll
 0005:00000b60       __imp_?GetVer@CSP3301@@QEAAHPEAD@Z 0000000180015b60     libSP3301:libSP3301.dll
 0005:00000b68       __imp_?GetSN@CSP3301@@QEAAHPEAD@Z 0000000180015b68     libSP3301:libSP3301.dll
 0005:00000b70       __imp_?GetRfPort@CSP3301@@QEAAHXZ 0000000180015b70     libSP3301:libSP3301.dll
 0005:00000b78       __imp_??0RFUInfo@CSP3301@@QEAA@PEBD000@Z 0000000180015b78     libSP3301:libSP3301.dll
 0005:00000b80       __imp_?Boot@CSP3301@@QEAAHXZ 0000000180015b80     libSP3301:libSP3301.dll
 0005:00000b88       __imp_?SetLoadBit@CSP3301@@QEAAH_N0PEAD1@Z 0000000180015b88     libSP3301:libSP3301.dll
 0005:00000b90       \177libSP3301_NULL_THUNK_DATA 0000000180015b90     libSP3301:libSP3301.dll
 0005:00000c10       __imp_?Instance@CSP3501@@SAAEAV1@XZ 0000000180015c10     libSP3501:libSP3501.dll
 0005:00000c18       __imp_?OpenBoard@CSP3501@@QEAAHXZ 0000000180015c18     libSP3501:libSP3501.dll
 0005:00000c20       __imp_?Vol9119@CSP3501@@QEAAHF@Z 0000000180015c20     libSP3501:libSP3501.dll
 0005:00000c28       \177libSP3501_NULL_THUNK_DATA 0000000180015c28     libSP3501:libSP3501.dll

 entry point at        0001:000074c0

