 libSP2401

 Timestamp is 59e71c3c (Wed Oct 18 17:17:48 2017)

 Preferred load address is 0000000180000000

 Start         Length     Name                   Class
 0001:00000000 0001f044H .text                   CODE
 0001:0001f050 0000140dH .text$x                 CODE
 0002:00000000 00000109H .CRT$XCA                DATA
 0002:00000110 00000109H .CRT$XCZ                DATA
 0002:00000220 00000109H .CRT$XIA                DATA
 0002:00000330 00000109H .CRT$XIAA               DATA
 0002:00000440 00000109H .CRT$XIZ                DATA
 0002:00000550 00006b6cH .rdata                  DATA
 0002:000070bc 00000148H .rdata$debug            DATA
 0002:00007208 00000216H .rdata$r                DATA
 0002:00007420 00000109H .rtc$IAA                DATA
 0002:00007530 00000109H .rtc$IZZ                DATA
 0002:00007640 00000109H .rtc$TAA                DATA
 0002:00007750 00000109H .rtc$TZZ                DATA
 0002:0000785c 00000e6bH .xdata                  DATA
 0002:000086d0 00000971H .edata                  DATA
 0003:00000000 0000019aH .data                   DATA
 0003:000001a0 000005e1H .bss                    DATA
 0004:00000000 000003a8H .pdata                  DATA
 0005:00000000 00000050H .idata$2                DATA
 0005:00000050 00000014H .idata$3                DATA
 0005:00000068 00000378H .idata$4                DATA
 0005:000003e0 00000378H .idata$5                DATA
 0005:00000758 00000607H .idata$6                DATA
 0006:00000000 00000169H .rsrc$01                DATA
 0006:00000170 00000a99H .rsrc$02                DATA

  Address         Publics by Value              Rva+Base               Lib:Object

 0000:00000000       ___safe_se_handler_count   0000000000000000     <absolute>
 0000:00000000       ___safe_se_handler_table   0000000000000000     <absolute>
 0000:00000000       __ImageBase                0000000180000000     <linker-defined>
 0001:00000190       ??0CSP2401R1A@@QEAA@I@Z    0000000180001190 f   SP2401R1A.obj
 0001:000001e0       ?OpenBoard@CSP2401R1A@@QEAAHPEAVviPCIDev@@0@Z 00000001800011e0 f   SP2401R1A.obj
 0001:00000400       ?OpenBoard@CSP2401R1A@@QEAAHPEAVviPCIDev@@@Z 0000000180001400 f   SP2401R1A.obj
 0001:00000430       ?GetS6Ver@CSP2401R1A@@QEAAIAEAI@Z 0000000180001430 f   SP2401R1A.obj
 0001:00000590       ?GetRfIdx@CSP2401R1A@@QEAAIXZ 0000000180001590 f   SP2401R1A.obj
 0001:000005b0       ?FpgaReset@CSP2401R1A@@QEAAHXZ 00000001800015b0 f   SP2401R1A.obj
 0001:000013a0       ?GetK7@CSP2401R1A@@QEAAPEAVIPCIDev@@XZ 00000001800023a0 f   SP2401R1A.obj
 0001:000013c0       ?GetS6@CSP2401R1A@@QEAAPEAVIPCIDev@@XZ 00000001800023c0 f   SP2401R1A.obj
 0001:000013e0       ?SetDAFreqMHz@CSP2401R1A@@QEAAHN@Z 00000001800023e0 f   SP2401R1A.obj
 0001:00002420       ?SetDASw@CSP2401R1A@@QEAAHW4ADAPort@1@@Z 0000000180003420 f   SP2401R1A.obj
 0001:00002790       ?DAReset@CSP2401R1A@@QEAAHXZ 0000000180003790 f   SP2401R1A.obj
 0001:00002be0       ?SetADFreqMHz@CSP2401R1A@@QEAAHN@Z 0000000180003be0 f   SP2401R1A.obj
 0001:00003c20       ?SetADSw@CSP2401R1A@@QEAAHW4ADAPort@1@@Z 0000000180004c20 f   SP2401R1A.obj
 0001:00003f90       ?SetTxPowerComp@CSP2401R1A@@QEAAHN@Z 0000000180004f90 f   SP2401R1A.obj
 0001:00004180       ?SetDDSSrc@CSP2401R1A@@QEAAHW4DASrc@1@@Z 0000000180005180 f   SP2401R1A.obj
 0001:00004330       ?SetDDS1@CSP2401R1A@@QEAAHN@Z 0000000180005330 f   SP2401R1A.obj
 0001:00005bf0       ?SetDDS2@CSP2401R1A@@QEAAHN@Z 0000000180006bf0 f   SP2401R1A.obj
 0001:00007480       ?SetDDSPowerComp@CSP2401R1A@@QEAAHN@Z 0000000180008480 f   SP2401R1A.obj
 0001:000076c0       ?SetDUCDDS@CSP2401R1A@@QEAAHN@Z 00000001800086c0 f   SP2401R1A.obj
 0001:00008ec0       ?SetTxFilterTruncation@CSP2401R1A@@QEAAHI@Z 0000000180009ec0 f   SP2401R1A.obj
 0001:00009200       ?SetTxFilterSw@CSP2401R1A@@QEAAH_N@Z 000000018000a200 f   SP2401R1A.obj
 0001:00009560       ?SetTxFilter@CSP2401R1A@@QEAAHPEAN0@Z 000000018000a560 f   SP2401R1A.obj
 0001:0000bef0       ?SetDDC@CSP2401R1A@@QEAAHN@Z 000000018000cef0 f   SP2401R1A.obj
 0001:0000d7a0       ?SetRxFilterTruncation@CSP2401R1A@@QEAAHI@Z 000000018000e7a0 f   SP2401R1A.obj
 0001:0000dae0       ?SetRxFilterSw@CSP2401R1A@@QEAAHW4RxFilter@1@@Z 000000018000eae0 f   SP2401R1A.obj
 0001:0000dcc0       ?SetRxFilter2I3D@CSP2401R1A@@QEAAHPEAN0@Z 000000018000ecc0 f   SP2401R1A.obj
 0001:0000fff0       ?SetRxFilter2I3D2Default@CSP2401R1A@@QEAAHXZ 0000000180010ff0 f   SP2401R1A.obj
 0001:000110e0       ?SetRxFilter@CSP2401R1A@@QEAAHPEAN0@Z 00000001800120e0 f   SP2401R1A.obj
 0001:00013a50       ?SetRxFilter2NB@CSP2401R1A@@QEAAHXZ 0000000180014a50 f   SP2401R1A.obj
 0001:000145a0       ?SetRxFilter2Default@CSP2401R1A@@QEAAHXZ 00000001800155a0 f   SP2401R1A.obj
 0001:000150f0       ?SetRxPowerComp@CSP2401R1A@@QEAAHH@Z 00000001800160f0 f   SP2401R1A.obj
 0001:00015310       ?SetTxDCOffset@CSP2401R1A@@QEAAHGG@Z 0000000180016310 f   SP2401R1A.obj
 0001:000154f0       ?SetTxPhaseRotateI@CSP2401R1A@@QEAAHN@Z 00000001800164f0 f   SP2401R1A.obj
 0001:00015750       ?SetTxAmplitudeBalance@CSP2401R1A@@QEAAHGG@Z 0000000180016750 f   SP2401R1A.obj
 0001:00015930       ?SetFpgaBit@CSP2401R1A@@QEAAHPEBDH@Z 0000000180016930 f   SP2401R1A.obj
 0001:00016e80       ?SetFpgaBit@@YAHHPEADPEAVviPCIDev@@H@Z 0000000180017e80 f   SP2401R1A.obj
 0001:0001ca70       ??_ECSP2401R1A@@UEAAPEAXI@Z 000000018001da70 f i SP2401R1A.obj
 0001:0001ca70       ??_GCSP2401R1A@@UEAAPEAXI@Z 000000018001da70 f i SP2401R1A.obj
 0001:0001cac0       ??1CSP2401R1A@@UEAA@XZ     000000018001dac0 f i SP2401R1A.obj
 0001:0001cada       ?SetLastError@CLog@@QEAAXPEBDZZ 000000018001dada f   libLog:libLog.dll
 0001:0001cae0       ?Instance@CLog@@SAAEAV1@XZ 000000018001dae0 f   libLog:libLog.dll
 0001:0001cae6       ?toui64@CGeneralInteger@@QEAAXAEAI0@Z 000000018001dae6 f   libBusDriver:libBusDriver.dll
 0001:0001caec       ??1CGeneralInteger@@QEAA@XZ 000000018001daec f   libBusDriver:libBusDriver.dll
 0001:0001caf2       ??KCGeneralInteger@@QEAA?AV0@_J@Z 000000018001daf2 f   libBusDriver:libBusDriver.dll
 0001:0001caf8       ??DCGeneralInteger@@QEAA?AV0@V0@@Z 000000018001daf8 f   libBusDriver:libBusDriver.dll
 0001:0001cafe       ??0CGeneralInteger@@QEAA@PEBD@Z 000000018001dafe f   libBusDriver:libBusDriver.dll
 0001:0001cb04       ?round@@YANNH@Z            000000018001db04 f   libBusDriver:libBusDriver.dll
 0001:0001cb10       ??_U@YAPEAX_K@Z            000000018001db10 f   msvcprtd:newaop_s.obj
 0001:0001cb30       ??0type_info@@AEAA@AEBV0@@Z 000000018001db30 f   MSVCRTD:ti_inst.obj
 0001:0001cb50       ??_Etype_info@@UEAAPEAXI@Z 000000018001db50 f i MSVCRTD:ti_inst.obj
 0001:0001cbe0       ??4type_info@@AEAAAEAV0@AEBV0@@Z 000000018001dbe0 f   MSVCRTD:ti_inst.obj
 0001:0001cbf0       ??3@YAXPEAX@Z              000000018001dbf0 f   MSVCRTD:MSVCR90D.dll
 0001:0001cc00       __GSHandlerCheck_EH        000000018001dc00 f   MSVCRTD:gshandlereh.obj
 0001:0001cca8       sprintf                    000000018001dca8 f   MSVCRTD:MSVCR90D.dll
 0001:0001ccc0       __security_check_cookie    000000018001dcc0 f   MSVCRTD:amdsecgs.obj
 0001:0001cce0       sqrt                       000000018001dce0 f   MSVCRTD:MSVCR90D.dll
 0001:0001cce6       sin                        000000018001dce6 f   MSVCRTD:MSVCR90D.dll
 0001:0001ccec       cos                        000000018001dcec f   MSVCRTD:MSVCR90D.dll
 0001:0001ccf2       system                     000000018001dcf2 f   MSVCRTD:MSVCR90D.dll
 0001:0001ccf8       fclose                     000000018001dcf8 f   MSVCRTD:MSVCR90D.dll
 0001:0001ccfe       ??_V@YAXPEAX@Z             000000018001dcfe f   MSVCRTD:MSVCR90D.dll
 0001:0001cd04       fread                      000000018001dd04 f   MSVCRTD:MSVCR90D.dll
 0001:0001cd0a       memset                     000000018001dd0a f   MSVCRTD:MSVCR90D.dll
 0001:0001cd10       ftell                      000000018001dd10 f   MSVCRTD:MSVCR90D.dll
 0001:0001cd16       fseek                      000000018001dd16 f   MSVCRTD:MSVCR90D.dll
 0001:0001cd1c       fopen                      000000018001dd1c f   MSVCRTD:MSVCR90D.dll
 0001:0001cd22       __CxxFrameHandler3         000000018001dd22 f   MSVCRTD:MSVCR90D.dll
 0001:0001cdc0       _CRT_INIT                  000000018001ddc0 f   MSVCRTD:crtdll.obj
 0001:0001d170       NtCurrentTeb               000000018001e170 f i MSVCRTD:crtdll.obj
 0001:0001d180       _DllMainCRTStartup         000000018001e180 f   MSVCRTD:crtdll.obj
 0001:0001d332       ??2@YAPEAX_K@Z             000000018001e332 f   MSVCRTD:MSVCR90D.dll
 0001:0001d340       ??_M@YAXPEAX_KHP6AX0@Z@Z   000000018001e340 f   MSVCRTD:ehvecdtr.obj
 0001:0001d3e0       ?__ArrayUnwind@@YAXPEAX_KHP6AX0@Z@Z 000000018001e3e0 f   MSVCRTD:ehvecdtr.obj
 0001:0001d470       __GSHandlerCheck           000000018001e470 f   MSVCRTD:gshandler.obj
 0001:0001d4b0       __GSHandlerCheckCommon     000000018001e4b0 f   MSVCRTD:gshandler.obj
 0001:0001d5b0       __report_gsfailure         000000018001e5b0 f   MSVCRTD:gs_report.obj
 0001:0001d700       __clean_type_info_names    000000018001e700 f   MSVCRTD:tncleanup.obj
 0001:0001d720       _onexit                    000000018001e720 f   MSVCRTD:atonexit.obj
 0001:0001d7e0       atexit                     000000018001e7e0 f   MSVCRTD:atonexit.obj
 0001:0001d820       _RTC_Initialize            000000018001e820 f   MSVCRTD:_initsect_.obj
 0001:0001d860       _RTC_Terminate             000000018001e860 f   MSVCRTD:_initsect_.obj
 0001:0001d89e       _encode_pointer            000000018001e89e f   MSVCRTD:MSVCR90D.dll
 0001:0001d8a4       _malloc_dbg                000000018001e8a4 f   MSVCRTD:MSVCR90D.dll
 0001:0001d8aa       _free_dbg                  000000018001e8aa f   MSVCRTD:MSVCR90D.dll
 0001:0001d8b0       _encoded_null              000000018001e8b0 f   MSVCRTD:MSVCR90D.dll
 0001:0001d8b6       _decode_pointer            000000018001e8b6 f   MSVCRTD:MSVCR90D.dll
 0001:0001d8bc       _CrtSetCheckCount          000000018001e8bc f   MSVCRTD:MSVCR90D.dll
 0001:0001d8d0       _ValidateImageBase         000000018001e8d0 f   MSVCRTD:pesect.obj
 0001:0001d950       _FindPESection             000000018001e950 f   MSVCRTD:pesect.obj
 0001:0001da00       _IsNonwritableInCurrentImage 000000018001ea00 f   MSVCRTD:pesect.obj
 0001:0001da8c       _initterm                  000000018001ea8c f   MSVCRTD:MSVCR90D.dll
 0001:0001da92       _initterm_e                000000018001ea92 f   MSVCRTD:MSVCR90D.dll
 0001:0001da98       _amsg_exit                 000000018001ea98 f   MSVCRTD:MSVCR90D.dll
 0001:0001daa0       __security_init_cookie     000000018001eaa0 f   MSVCRTD:gs_support.obj
 0001:0001db9e       __C_specific_handler       000000018001eb9e f   MSVCRTD:MSVCR90D.dll
 0001:0001dba4       __CppXcptFilter            000000018001eba4 f   MSVCRTD:MSVCR90D.dll
 0001:0001dbb0       DllMain                    000000018001ebb0 f   MSVCRTD:dllmain.obj
 0001:0001dbe8       ?terminate@@YAXXZ          000000018001ebe8 f   MSVCRTD:MSVCR90D.dll
 0001:0001dbee       ?_type_info_dtor_internal_method@type_info@@QEAAXXZ 000000018001ebee f   MSVCRTD:MSVCR90D.dll
 0001:0001dbee       ??1type_info@@UEAA@XZ      000000018001ebee f   MSVCRTD:MSVCR90D.dll
 0001:0001dbf4       __crt_debugger_hook        000000018001ebf4 f   MSVCRTD:MSVCR90D.dll
 0001:0001dbfa       __clean_type_info_names_internal 000000018001ebfa f   MSVCRTD:MSVCR90D.dll
 0001:0001dc00       _unlock                    000000018001ec00 f   MSVCRTD:MSVCR90D.dll
 0001:0001dc06       __dllonexit                000000018001ec06 f   MSVCRTD:MSVCR90D.dll
 0001:0001dc0c       _lock                      000000018001ec0c f   MSVCRTD:MSVCR90D.dll
 0001:0001dc12       Sleep                      000000018001ec12 f   kernel32:KERNEL32.dll
 0001:0001dc18       TerminateProcess           000000018001ec18 f   kernel32:KERNEL32.dll
 0001:0001dc1e       GetCurrentProcess          000000018001ec1e f   kernel32:KERNEL32.dll
 0001:0001dc24       UnhandledExceptionFilter   000000018001ec24 f   kernel32:KERNEL32.dll
 0001:0001dc2a       SetUnhandledExceptionFilter 000000018001ec2a f   kernel32:KERNEL32.dll
 0001:0001dc30       IsDebuggerPresent          000000018001ec30 f   kernel32:KERNEL32.dll
 0001:0001dc36       RtlVirtualUnwind           000000018001ec36 f   kernel32:KERNEL32.dll
 0001:0001dc3c       RtlLookupFunctionEntry     000000018001ec3c f   kernel32:KERNEL32.dll
 0001:0001dc42       RtlCaptureContext          000000018001ec42 f   kernel32:KERNEL32.dll
 0001:0001dc48       QueryPerformanceCounter    000000018001ec48 f   kernel32:KERNEL32.dll
 0001:0001dc4e       GetTickCount               000000018001ec4e f   kernel32:KERNEL32.dll
 0001:0001dc54       GetCurrentThreadId         000000018001ec54 f   kernel32:KERNEL32.dll
 0001:0001dc5a       GetCurrentProcessId        000000018001ec5a f   kernel32:KERNEL32.dll
 0001:0001dc60       GetSystemTimeAsFileTime    000000018001ec60 f   kernel32:KERNEL32.dll
 0001:0001dc66       DisableThreadLibraryCalls  000000018001ec66 f   kernel32:KERNEL32.dll
 0002:00000000       __xc_a                     0000000180022000     MSVCRTD:cinitexe.obj
 0002:00000110       __xc_z                     0000000180022110     MSVCRTD:cinitexe.obj
 0002:00000220       __xi_a                     0000000180022220     MSVCRTD:cinitexe.obj
 0002:00000440       __xi_z                     0000000180022440     MSVCRTD:cinitexe.obj
 0002:0000631c       ?_Value@?$_Is_swap_move@U_Swap_move_tag@std@@@std@@2_NB 000000018002831c     SP2401R1A.obj
 0002:00006320       ?collate@?$_Locbase@H@std@@2HB 0000000180028320     SP2401R1A.obj
 0002:00006324       ?ctype@?$_Locbase@H@std@@2HB 0000000180028324     SP2401R1A.obj
 0002:00006328       ?monetary@?$_Locbase@H@std@@2HB 0000000180028328     SP2401R1A.obj
 0002:0000632c       ?numeric@?$_Locbase@H@std@@2HB 000000018002832c     SP2401R1A.obj
 0002:00006330       ?time@?$_Locbase@H@std@@2HB 0000000180028330     SP2401R1A.obj
 0002:00006334       ?messages@?$_Locbase@H@std@@2HB 0000000180028334     SP2401R1A.obj
 0002:00006338       ?all@?$_Locbase@H@std@@2HB 0000000180028338     SP2401R1A.obj
 0002:0000633c       ?none@?$_Locbase@H@std@@2HB 000000018002833c     SP2401R1A.obj
 0002:00006340       ?skipws@?$_Iosb@H@std@@2W4_Fmtflags@12@B 0000000180028340     SP2401R1A.obj
 0002:00006344       ?unitbuf@?$_Iosb@H@std@@2W4_Fmtflags@12@B 0000000180028344     SP2401R1A.obj
 0002:00006348       ?uppercase@?$_Iosb@H@std@@2W4_Fmtflags@12@B 0000000180028348     SP2401R1A.obj
 0002:0000634c       ?showbase@?$_Iosb@H@std@@2W4_Fmtflags@12@B 000000018002834c     SP2401R1A.obj
 0002:00006350       ?showpoint@?$_Iosb@H@std@@2W4_Fmtflags@12@B 0000000180028350     SP2401R1A.obj
 0002:00006354       ?showpos@?$_Iosb@H@std@@2W4_Fmtflags@12@B 0000000180028354     SP2401R1A.obj
 0002:00006358       ?left@?$_Iosb@H@std@@2W4_Fmtflags@12@B 0000000180028358     SP2401R1A.obj
 0002:0000635c       ?right@?$_Iosb@H@std@@2W4_Fmtflags@12@B 000000018002835c     SP2401R1A.obj
 0002:00006360       ?internal@?$_Iosb@H@std@@2W4_Fmtflags@12@B 0000000180028360     SP2401R1A.obj
 0002:00006364       ?dec@?$_Iosb@H@std@@2W4_Fmtflags@12@B 0000000180028364     SP2401R1A.obj
 0002:00006368       ?oct@?$_Iosb@H@std@@2W4_Fmtflags@12@B 0000000180028368     SP2401R1A.obj
 0002:0000636c       ?hex@?$_Iosb@H@std@@2W4_Fmtflags@12@B 000000018002836c     SP2401R1A.obj
 0002:00006370       ?scientific@?$_Iosb@H@std@@2W4_Fmtflags@12@B 0000000180028370     SP2401R1A.obj
 0002:00006374       ?fixed@?$_Iosb@H@std@@2W4_Fmtflags@12@B 0000000180028374     SP2401R1A.obj
 0002:00006378       ?hexfloat@?$_Iosb@H@std@@2W4_Fmtflags@12@B 0000000180028378     SP2401R1A.obj
 0002:0000637c       ?boolalpha@?$_Iosb@H@std@@2W4_Fmtflags@12@B 000000018002837c     SP2401R1A.obj
 0002:00006380       ?_Stdio@?$_Iosb@H@std@@2W4_Fmtflags@12@B 0000000180028380     SP2401R1A.obj
 0002:00006384       ?adjustfield@?$_Iosb@H@std@@2W4_Fmtflags@12@B 0000000180028384     SP2401R1A.obj
 0002:00006388       ?basefield@?$_Iosb@H@std@@2W4_Fmtflags@12@B 0000000180028388     SP2401R1A.obj
 0002:0000638c       ?floatfield@?$_Iosb@H@std@@2W4_Fmtflags@12@B 000000018002838c     SP2401R1A.obj
 0002:00006390       ?goodbit@?$_Iosb@H@std@@2W4_Iostate@12@B 0000000180028390     SP2401R1A.obj
 0002:00006394       ?eofbit@?$_Iosb@H@std@@2W4_Iostate@12@B 0000000180028394     SP2401R1A.obj
 0002:00006398       ?failbit@?$_Iosb@H@std@@2W4_Iostate@12@B 0000000180028398     SP2401R1A.obj
 0002:0000639c       ?badbit@?$_Iosb@H@std@@2W4_Iostate@12@B 000000018002839c     SP2401R1A.obj
 0002:000063a0       ?_Hardfail@?$_Iosb@H@std@@2W4_Iostate@12@B 00000001800283a0     SP2401R1A.obj
 0002:000063a4       ?in@?$_Iosb@H@std@@2W4_Openmode@12@B 00000001800283a4     SP2401R1A.obj
 0002:000063a8       ?out@?$_Iosb@H@std@@2W4_Openmode@12@B 00000001800283a8     SP2401R1A.obj
 0002:000063ac       ?ate@?$_Iosb@H@std@@2W4_Openmode@12@B 00000001800283ac     SP2401R1A.obj
 0002:000063b0       ?app@?$_Iosb@H@std@@2W4_Openmode@12@B 00000001800283b0     SP2401R1A.obj
 0002:000063b4       ?trunc@?$_Iosb@H@std@@2W4_Openmode@12@B 00000001800283b4     SP2401R1A.obj
 0002:000063b8       ?_Nocreate@?$_Iosb@H@std@@2W4_Openmode@12@B 00000001800283b8     SP2401R1A.obj
 0002:000063bc       ?_Noreplace@?$_Iosb@H@std@@2W4_Openmode@12@B 00000001800283bc     SP2401R1A.obj
 0002:000063c0       ?binary@?$_Iosb@H@std@@2W4_Openmode@12@B 00000001800283c0     SP2401R1A.obj
 0002:000063c4       ?beg@?$_Iosb@H@std@@2W4_Seekdir@12@B 00000001800283c4     SP2401R1A.obj
 0002:000063c8       ?cur@?$_Iosb@H@std@@2W4_Seekdir@12@B 00000001800283c8     SP2401R1A.obj
 0002:000063cc       ?end@?$_Iosb@H@std@@2W4_Seekdir@12@B 00000001800283cc     SP2401R1A.obj
 0002:000063d8       ??_7CSP2401R1A@@6B@        00000001800283d8     SP2401R1A.obj
 0002:000063e8       __real@c196164c00000000    00000001800283e8     SP2401R1A.obj
 0002:000063f8       __real@417312d000000000    00000001800283f8     SP2401R1A.obj
 0002:00006408       __real@40770a6666666666    0000000180028408     SP2401R1A.obj
 0002:00006418       __real@407eb87ae147ae14    0000000180028418     SP2401R1A.obj
 0002:00006428       __real@4059000000000000    0000000180028428     SP2401R1A.obj
 0002:00006438       __real@4080000000000000    0000000180028438     SP2401R1A.obj
 0002:00006448       __real@40e0000000000000    0000000180028448     SP2401R1A.obj
 0002:00006458       __real@40c0000000000000    0000000180028458     SP2401R1A.obj
 0002:00006468       __real@419312d000000000    0000000180028468     SP2401R1A.obj
 0002:00006478       __real@40dfffc000000000    0000000180028478     SP2401R1A.obj
 0002:00006488       __real@40c8cf8000000000    0000000180028488     SP2401R1A.obj
 0002:00006498       __real@c0b4a80000000000    0000000180028498     SP2401R1A.obj
 0002:000064a8       __real@c0b7950000000000    00000001800284a8     SP2401R1A.obj
 0002:000064b8       __real@40a0ce0000000000    00000001800284b8     SP2401R1A.obj
 0002:000064c8       __real@40b0020000000000    00000001800284c8     SP2401R1A.obj
 0002:000064d8       __real@c08c680000000000    00000001800284d8     SP2401R1A.obj
 0002:000064e8       __real@c0a8360000000000    00000001800284e8     SP2401R1A.obj
 0002:000064f8       __real@406e200000000000    00000001800284f8     SP2401R1A.obj
 0002:00006508       __real@40a3180000000000    0000000180028508     SP2401R1A.obj
 0002:00006518       __real@4064e00000000000    0000000180028518     SP2401R1A.obj
 0002:00006528       __real@c09e940000000000    0000000180028528     SP2401R1A.obj
 0002:00006538       __real@c07ae00000000000    0000000180028538     SP2401R1A.obj
 0002:00006548       __real@4098740000000000    0000000180028548     SP2401R1A.obj
 0002:00006558       __real@4082a80000000000    0000000180028558     SP2401R1A.obj
 0002:00006568       __real@c093580000000000    0000000180028568     SP2401R1A.obj
 0002:00006578       __real@c085d80000000000    0000000180028578     SP2401R1A.obj
 0002:00006588       __real@408df00000000000    0000000180028588     SP2401R1A.obj
 0002:00006598       __real@4087700000000000    0000000180028598     SP2401R1A.obj
 0002:000065a8       __real@c086700000000000    00000001800285a8     SP2401R1A.obj
 0002:000065b8       __real@c087f80000000000    00000001800285b8     SP2401R1A.obj
 0002:000065c8       __real@407f800000000000    00000001800285c8     SP2401R1A.obj
 0002:000065d8       __real@4087480000000000    00000001800285d8     SP2401R1A.obj
 0002:000065e8       __real@c074900000000000    00000001800285e8     SP2401R1A.obj
 0002:000065f8       __real@c086100000000000    00000001800285f8     SP2401R1A.obj
 0002:00006608       __real@4066a00000000000    0000000180028608     SP2401R1A.obj
 0002:00006618       __real@4084500000000000    0000000180028618     SP2401R1A.obj
 0002:00006628       __real@c04d800000000000    0000000180028628     SP2401R1A.obj
 0002:00006638       __real@c082400000000000    0000000180028638     SP2401R1A.obj
 0002:00006648       __real@c044000000000000    0000000180028648     SP2401R1A.obj
 0002:00006658       __real@407fb00000000000    0000000180028658     SP2401R1A.obj
 0002:00006668       __real@405bc00000000000    0000000180028668     SP2401R1A.obj
 0002:00006678       __real@c07b000000000000    0000000180028678     SP2401R1A.obj
 0002:00006688       __real@c064a00000000000    0000000180028688     SP2401R1A.obj
 0002:00006698       __real@4076400000000000    0000000180028698     SP2401R1A.obj
 0002:000066a8       __real@4069200000000000    00000001800286a8     SP2401R1A.obj
 0002:000066b8       __real@c071b00000000000    00000001800286b8     SP2401R1A.obj
 0002:000066c8       __real@c06bc00000000000    00000001800286c8     SP2401R1A.obj
 0002:000066d8       __real@406ac00000000000    00000001800286d8     SP2401R1A.obj
 0002:000066e8       __real@406c800000000000    00000001800286e8     SP2401R1A.obj
 0002:000066f8       __real@c063000000000000    00000001800286f8     SP2401R1A.obj
 0002:00006708       __real@c06c000000000000    0000000180028708     SP2401R1A.obj
 0002:00006718       __real@4058800000000000    0000000180028718     SP2401R1A.obj
 0002:00006728       __real@406a600000000000    0000000180028728     SP2401R1A.obj
 0002:00006738       __real@c04a000000000000    0000000180028738     SP2401R1A.obj
 0002:00006748       __real@c067e00000000000    0000000180028748     SP2401R1A.obj
 0002:00006758       __real@402e000000000000    0000000180028758     SP2401R1A.obj
 0002:00006768       __real@4065000000000000    0000000180028768     SP2401R1A.obj
 0002:00006778       __real@402a000000000000    0000000180028778     SP2401R1A.obj
 0002:00006788       __real@c061c00000000000    0000000180028788     SP2401R1A.obj
 0002:00006798       __real@c040800000000000    0000000180028798     SP2401R1A.obj
 0002:000067a8       __real@405d000000000000    00000001800287a8     SP2401R1A.obj
 0002:000067b8       __real@4047000000000000    00000001800287b8     SP2401R1A.obj
 0002:000067c8       __real@c057000000000000    00000001800287c8     SP2401R1A.obj
 0002:000067d8       __real@c04a800000000000    00000001800287d8     SP2401R1A.obj
 0002:000067e8       __real@4051400000000000    00000001800287e8     SP2401R1A.obj
 0002:000067f8       __real@404b800000000000    00000001800287f8     SP2401R1A.obj
 0002:00006808       __real@c049000000000000    0000000180028808     SP2401R1A.obj
 0002:00006818       __real@c04b000000000000    0000000180028818     SP2401R1A.obj
 0002:00006828       __real@4040800000000000    0000000180028828     SP2401R1A.obj
 0002:00006838       __real@4048800000000000    0000000180028838     SP2401R1A.obj
 0002:00006848       __real@c035000000000000    0000000180028848     SP2401R1A.obj
 0002:00006858       __real@c047000000000000    0000000180028858     SP2401R1A.obj
 0002:00006868       __real@4042000000000000    0000000180028868     SP2401R1A.obj
 0002:00006878       __real@c03f000000000000    0000000180028878     SP2401R1A.obj
 0002:00006888       __real@bff0000000000000    0000000180028888     SP2401R1A.obj
 0002:00006898       __real@4035000000000000    0000000180028898     SP2401R1A.obj
 0002:000068a8       __real@4022000000000000    00000001800288a8     SP2401R1A.obj
 0002:000068b8       __real@c041800000000000    00000001800288b8     SP2401R1A.obj
 0002:000068c8       __real@c036000000000000    00000001800288c8     SP2401R1A.obj
 0002:000068d8       __real@40cfff8000000000    00000001800288d8     SP2401R1A.obj
 0002:000068e8       __real@40b8d80000000000    00000001800288e8     SP2401R1A.obj
 0002:000068f8       __real@c0a4920000000000    00000001800288f8     SP2401R1A.obj
 0002:00006908       __real@c0a79a0000000000    0000000180028908     SP2401R1A.obj
 0002:00006918       __real@4090940000000000    0000000180028918     SP2401R1A.obj
 0002:00006928       __real@409ff00000000000    0000000180028928     SP2401R1A.obj
 0002:00006938       __real@c07b800000000000    0000000180028938     SP2401R1A.obj
 0002:00006948       __real@c0980c0000000000    0000000180028948     SP2401R1A.obj
 0002:00006958       __real@405a800000000000    0000000180028958     SP2401R1A.obj
 0002:00006968       __real@4092d40000000000    0000000180028968     SP2401R1A.obj
 0002:00006978       __real@4057c00000000000    0000000180028978     SP2401R1A.obj
 0002:00006988       __real@c08de00000000000    0000000180028988     SP2401R1A.obj
 0002:00006998       __real@4087980000000000    0000000180028998     SP2401R1A.obj
 0002:000069a8       __real@4072c00000000000    00000001800289a8     SP2401R1A.obj
 0002:000069b8       __real@c082680000000000    00000001800289b8     SP2401R1A.obj
 0002:000069c8       __real@c075900000000000    00000001800289c8     SP2401R1A.obj
 0002:000069d8       __real@407be00000000000    00000001800289d8     SP2401R1A.obj
 0002:000069e8       __real@4076a00000000000    00000001800289e8     SP2401R1A.obj
 0002:000069f8       __real@c074600000000000    00000001800289f8     SP2401R1A.obj
 0002:00006a08       __real@c076a00000000000    0000000180028a08     SP2401R1A.obj
 0002:00006a18       __real@406be00000000000    0000000180028a18     SP2401R1A.obj
 0002:00006a28       __real@4075900000000000    0000000180028a28     SP2401R1A.obj
 0002:00006a38       __real@c061600000000000    0000000180028a38     SP2401R1A.obj
 0002:00006a48       __real@c074000000000000    0000000180028a48     SP2401R1A.obj
 0002:00006a58       __real@4071d00000000000    0000000180028a58     SP2401R1A.obj
 0002:00006a68       __real@c030000000000000    0000000180028a68     SP2401R1A.obj
 0002:00006a78       __real@c06f200000000000    0000000180028a78     SP2401R1A.obj
 0002:00006a88       __real@c03a000000000000    0000000180028a88     SP2401R1A.obj
 0002:00006a98       __real@406a000000000000    0000000180028a98     SP2401R1A.obj
 0002:00006aa8       __real@404a800000000000    0000000180028aa8     SP2401R1A.obj
 0002:00006ab8       __real@c065600000000000    0000000180028ab8     SP2401R1A.obj
 0002:00006ac8       __real@c052400000000000    0000000180028ac8     SP2401R1A.obj
 0002:00006ad8       __real@4060a00000000000    0000000180028ad8     SP2401R1A.obj
 0002:00006ae8       __real@c05a000000000000    0000000180028ae8     SP2401R1A.obj
 0002:00006af8       __real@c055800000000000    0000000180028af8     SP2401R1A.obj
 0002:00006b08       __real@4052400000000000    0000000180028b08     SP2401R1A.obj
 0002:00006b18       __real@4054000000000000    0000000180028b18     SP2401R1A.obj
 0002:00006b28       __real@c04b800000000000    0000000180028b28     SP2401R1A.obj
 0002:00006b38       __real@c055000000000000    0000000180028b38     SP2401R1A.obj
 0002:00006b48       __real@4039000000000000    0000000180028b48     SP2401R1A.obj
 0002:00006b58       __real@404e800000000000    0000000180028b58     SP2401R1A.obj
 0002:00006b68       __real@c045000000000000    0000000180028b68     SP2401R1A.obj
 0002:00006b78       __real@c05d400000000000    0000000180028b78     SP2401R1A.obj
 0002:00006b88       __real@c052800000000000    0000000180028b88     SP2401R1A.obj
 0002:00006b98       __real@409ba40000000000    0000000180028b98     SP2401R1A.obj
 0002:00006ba8       __real@4085580000000000    0000000180028ba8     SP2401R1A.obj
 0002:00006bb8       __real@c071f00000000000    0000000180028bb8     SP2401R1A.obj
 0002:00006bc8       __real@c074300000000000    0000000180028bc8     SP2401R1A.obj
 0002:00006bd8       __real@405dc00000000000    0000000180028bd8     SP2401R1A.obj
 0002:00006be8       __real@406b600000000000    0000000180028be8     SP2401R1A.obj
 0002:00006bf8       __real@4060400000000000    0000000180028bf8     SP2401R1A.obj
 0002:00006c08       __real@c034000000000000    0000000180028c08     SP2401R1A.obj
 0002:00006c18       __real@4054c00000000000    0000000180028c18     SP2401R1A.obj
 0002:00006c28       __real@403d000000000000    0000000180028c28     SP2401R1A.obj
 0002:00006c38       __real@c050400000000000    0000000180028c38     SP2401R1A.obj
 0002:00006c48       __real@c041000000000000    0000000180028c48     SP2401R1A.obj
 0002:00006c58       __real@4049000000000000    0000000180028c58     SP2401R1A.obj
 0002:00006c68       __real@c043000000000000    0000000180028c68     SP2401R1A.obj
 0002:00006c78       __real@c042000000000000    0000000180028c78     SP2401R1A.obj
 0002:00006c88       __real@403b000000000000    0000000180028c88     SP2401R1A.obj
 0002:00006c98       __real@c032000000000000    0000000180028c98     SP2401R1A.obj
 0002:00006ca8       __real@403f000000000000    0000000180028ca8     SP2401R1A.obj
 0002:00006cb8       __real@c014000000000000    0000000180028cb8     SP2401R1A.obj
 0002:00006cc8       __real@4038000000000000    0000000180028cc8     SP2401R1A.obj
 0002:00006cd8       __real@c033000000000000    0000000180028cd8     SP2401R1A.obj
 0002:00006ce8       __real@4030000000000000    0000000180028ce8     SP2401R1A.obj
 0002:00006cf8       __real@c028000000000000    0000000180028cf8     SP2401R1A.obj
 0002:00006d08       __real@4024000000000000    0000000180028d08     SP2401R1A.obj
 0002:00006d18       __real@401c000000000000    0000000180028d18     SP2401R1A.obj
 0002:00006d28       __real@c018000000000000    0000000180028d28     SP2401R1A.obj
 0002:00006d38       __real@c020000000000000    0000000180028d38     SP2401R1A.obj
 0002:00006d48       __real@4018000000000000    0000000180028d48     SP2401R1A.obj
 0002:00006d58       __real@c01c000000000000    0000000180028d58     SP2401R1A.obj
 0002:00006d68       __real@4008000000000000    0000000180028d68     SP2401R1A.obj
 0002:00006d78       __real@4028000000000000    0000000180028d78     SP2401R1A.obj
 0002:00006d88       __real@40d0000000000000    0000000180028d88     SP2401R1A.obj
 0002:00006d98       __real@400921fb54442d18    0000000180028d98     SP2401R1A.obj
 0002:00006da8       __real@4066800000000000    0000000180028da8     SP2401R1A.obj
 0002:00006db8       ??_C@_0P@GHFPNOJB@bad?5allocation?$AA@ 0000000180028db8     msvcprtd:newaop_s.obj
 0002:00006dd0       ??_7type_info@@6B@         0000000180028dd0     MSVCRTD:ti_inst.obj
 0002:00006dd8       _pRawDllMain               0000000180028dd8     MSVCRTD:crtdll.obj
 0002:00006dd8       _pDefaultRawDllMain        0000000180028dd8     MSVCRTD:crtdll.obj
 0002:00006de0       ??_C@_0DF@EBFKANAI@f?3?2dd?2vctools?2crt_bld?2self_64_am@ 0000000180028de0     MSVCRTD:crtdll.obj
 0002:00006e28       ?ProcessDetach@NativeDll@<CrtImplementationDetails>@@0IB 0000000180028e28     MSVCRTD:tncleanup.obj
 0002:00006e2c       ?ProcessAttach@NativeDll@<CrtImplementationDetails>@@0IB 0000000180028e2c     MSVCRTD:tncleanup.obj
 0002:00006e30       ?ThreadAttach@NativeDll@<CrtImplementationDetails>@@0IB 0000000180028e30     MSVCRTD:tncleanup.obj
 0002:00006e34       ?ThreadDetach@NativeDll@<CrtImplementationDetails>@@0IB 0000000180028e34     MSVCRTD:tncleanup.obj
 0002:00006e38       ?ProcessVerifier@NativeDll@<CrtImplementationDetails>@@0IB 0000000180028e38     MSVCRTD:tncleanup.obj
 0002:00007208       ??_R4CSP2401R1A@@6B@       0000000180029208     SP2401R1A.obj
 0002:00007238       ??_R3CSP2401R1A@@8         0000000180029238     SP2401R1A.obj
 0002:00007250       ??_R2CSP2401R1A@@8         0000000180029250     SP2401R1A.obj
 0002:00007260       ??_R1A@?0A@EA@CSP2401R1A@@8 0000000180029260     SP2401R1A.obj
 0002:00007290       ??_R4type_info@@6B@        0000000180029290     MSVCRTD:ti_inst.obj
 0002:000072b8       ??_R3type_info@@8          00000001800292b8     MSVCRTD:ti_inst.obj
 0002:000072d0       ??_R2type_info@@8          00000001800292d0     MSVCRTD:ti_inst.obj
 0002:000072e0       ??_R1A@?0A@EA@type_info@@8 00000001800292e0     MSVCRTD:ti_inst.obj
 0002:00007420       __rtc_iaa                  0000000180029420     MSVCRTD:_initsect_.obj
 0002:00007530       __rtc_izz                  0000000180029530     MSVCRTD:_initsect_.obj
 0002:00007640       __rtc_taa                  0000000180029640     MSVCRTD:_initsect_.obj
 0002:00007750       __rtc_tzz                  0000000180029750     MSVCRTD:_initsect_.obj
 0003:00000010       ??_R0?AVCSP2401R1A@@@8     000000018002c010     SP2401R1A.obj
 0003:00000040       ??_R0?AVtype_info@@@8      000000018002c040     MSVCRTD:ti_inst.obj
 0003:00000060       _fltused                   000000018002c060     MSVCRTD:dllsupp.obj
 0003:00000068       __security_cookie          000000018002c068     MSVCRTD:gs_cookie.obj
 0003:00000070       __security_cookie_complement 000000018002c070     MSVCRTD:gs_cookie.obj
 0003:00000080       __native_dllmain_reason    000000018002c080     MSVCRTD:natstart.obj
 0003:00000084       __native_vcclrit_reason    000000018002c084     MSVCRTD:natstart.obj
 0003:00000720       _forceCRTManifestRTM       000000018002c720     MSVCRTD:crtmanifestrtm.obj
 0003:00000728       ?__type_info_root_node@@3U__type_info_node@@A 000000018002c728     MSVCRTD:tncleanup.obj
 0003:00000738       __native_startup_state     000000018002c738     <common>
 0003:00000748       __native_startup_lock      000000018002c748     <common>
 0003:00000750       __onexitend                000000018002c750     <common>
 0003:00000768       __onexitbegin              000000018002c768     <common>
 0003:00000770       __dyn_tls_init_callback    000000018002c770     <common>
 0005:00000000       __IMPORT_DESCRIPTOR_libLog 000000018002e000     libLog:libLog.dll
 0005:00000014       __IMPORT_DESCRIPTOR_libBusDriver 000000018002e014     libBusDriver:libBusDriver.dll
 0005:00000028       __IMPORT_DESCRIPTOR_MSVCR90D 000000018002e028     MSVCRTD:MSVCR90D.dll
 0005:0000003c       __IMPORT_DESCRIPTOR_KERNEL32 000000018002e03c     kernel32:KERNEL32.dll
 0005:00000050       __NULL_IMPORT_DESCRIPTOR   000000018002e050     libLog:libLog.dll
 0005:000003e0       __imp_DisableThreadLibraryCalls 000000018002e3e0     kernel32:KERNEL32.dll
 0005:000003e8       __imp_GetSystemTimeAsFileTime 000000018002e3e8     kernel32:KERNEL32.dll
 0005:000003f0       __imp_GetCurrentProcessId  000000018002e3f0     kernel32:KERNEL32.dll
 0005:000003f8       __imp_GetCurrentThreadId   000000018002e3f8     kernel32:KERNEL32.dll
 0005:00000400       __imp_GetTickCount         000000018002e400     kernel32:KERNEL32.dll
 0005:00000408       __imp_QueryPerformanceCounter 000000018002e408     kernel32:KERNEL32.dll
 0005:00000410       __imp_RtlCaptureContext    000000018002e410     kernel32:KERNEL32.dll
 0005:00000418       __imp_RtlLookupFunctionEntry 000000018002e418     kernel32:KERNEL32.dll
 0005:00000420       __imp_RtlVirtualUnwind     000000018002e420     kernel32:KERNEL32.dll
 0005:00000428       __imp_SetUnhandledExceptionFilter 000000018002e428     kernel32:KERNEL32.dll
 0005:00000430       __imp_UnhandledExceptionFilter 000000018002e430     kernel32:KERNEL32.dll
 0005:00000438       __imp_GetCurrentProcess    000000018002e438     kernel32:KERNEL32.dll
 0005:00000440       __imp_TerminateProcess     000000018002e440     kernel32:KERNEL32.dll
 0005:00000448       __imp_Sleep                000000018002e448     kernel32:KERNEL32.dll
 0005:00000450       __imp_IsDebuggerPresent    000000018002e450     kernel32:KERNEL32.dll
 0005:00000458       \177KERNEL32_NULL_THUNK_DATA 000000018002e458     kernel32:KERNEL32.dll
 0005:000004c8       __imp_fclose               000000018002e4c8     MSVCRTD:MSVCR90D.dll
 0005:000004d0       __imp_??_V@YAXPEAX@Z       000000018002e4d0     MSVCRTD:MSVCR90D.dll
 0005:000004d8       __imp_fread                000000018002e4d8     MSVCRTD:MSVCR90D.dll
 0005:000004e0       __imp_memset               000000018002e4e0     MSVCRTD:MSVCR90D.dll
 0005:000004e8       __imp_ftell                000000018002e4e8     MSVCRTD:MSVCR90D.dll
 0005:000004f0       __imp_fseek                000000018002e4f0     MSVCRTD:MSVCR90D.dll
 0005:000004f8       __imp_fopen                000000018002e4f8     MSVCRTD:MSVCR90D.dll
 0005:00000500       __imp___CxxFrameHandler3   000000018002e500     MSVCRTD:MSVCR90D.dll
 0005:00000508       __imp_??2@YAPEAX_K@Z       000000018002e508     MSVCRTD:MSVCR90D.dll
 0005:00000510       __imp_system               000000018002e510     MSVCRTD:MSVCR90D.dll
 0005:00000518       __imp__malloc_dbg          000000018002e518     MSVCRTD:MSVCR90D.dll
 0005:00000520       __imp__free_dbg            000000018002e520     MSVCRTD:MSVCR90D.dll
 0005:00000528       __imp__encoded_null        000000018002e528     MSVCRTD:MSVCR90D.dll
 0005:00000530       __imp__decode_pointer      000000018002e530     MSVCRTD:MSVCR90D.dll
 0005:00000538       __imp__CrtSetCheckCount    000000018002e538     MSVCRTD:MSVCR90D.dll
 0005:00000540       __imp__initterm            000000018002e540     MSVCRTD:MSVCR90D.dll
 0005:00000548       __imp__initterm_e          000000018002e548     MSVCRTD:MSVCR90D.dll
 0005:00000550       __imp__amsg_exit           000000018002e550     MSVCRTD:MSVCR90D.dll
 0005:00000558       __imp___C_specific_handler 000000018002e558     MSVCRTD:MSVCR90D.dll
 0005:00000560       __imp___CppXcptFilter      000000018002e560     MSVCRTD:MSVCR90D.dll
 0005:00000568       __imp_?terminate@@YAXXZ    000000018002e568     MSVCRTD:MSVCR90D.dll
 0005:00000570       __imp_?_type_info_dtor_internal_method@type_info@@QEAAXXZ 000000018002e570     MSVCRTD:MSVCR90D.dll
 0005:00000578       __imp___crt_debugger_hook  000000018002e578     MSVCRTD:MSVCR90D.dll
 0005:00000580       __imp___clean_type_info_names_internal 000000018002e580     MSVCRTD:MSVCR90D.dll
 0005:00000588       __imp__unlock              000000018002e588     MSVCRTD:MSVCR90D.dll
 0005:00000590       __imp___dllonexit          000000018002e590     MSVCRTD:MSVCR90D.dll
 0005:00000598       __imp__lock                000000018002e598     MSVCRTD:MSVCR90D.dll
 0005:000005a0       __imp__onexit              000000018002e5a0     MSVCRTD:MSVCR90D.dll
 0005:000005a8       __imp_cos                  000000018002e5a8     MSVCRTD:MSVCR90D.dll
 0005:000005b0       __imp_sin                  000000018002e5b0     MSVCRTD:MSVCR90D.dll
 0005:000005b8       __imp_sqrt                 000000018002e5b8     MSVCRTD:MSVCR90D.dll
 0005:000005c0       __imp_sprintf              000000018002e5c0     MSVCRTD:MSVCR90D.dll
 0005:000005c8       __imp_??3@YAXPEAX@Z        000000018002e5c8     MSVCRTD:MSVCR90D.dll
 0005:000005d0       __imp__encode_pointer      000000018002e5d0     MSVCRTD:MSVCR90D.dll
 0005:000005d8       \177MSVCR90D_NULL_THUNK_DATA 000000018002e5d8     MSVCRTD:MSVCR90D.dll
 0005:00000660       __imp_?round@@YANNH@Z      000000018002e660     libBusDriver:libBusDriver.dll
 0005:00000668       __imp_??0CGeneralInteger@@QEAA@PEBD@Z 000000018002e668     libBusDriver:libBusDriver.dll
 0005:00000670       __imp_??DCGeneralInteger@@QEAA?AV0@V0@@Z 000000018002e670     libBusDriver:libBusDriver.dll
 0005:00000678       __imp_??KCGeneralInteger@@QEAA?AV0@_J@Z 000000018002e678     libBusDriver:libBusDriver.dll
 0005:00000680       __imp_??1CGeneralInteger@@QEAA@XZ 000000018002e680     libBusDriver:libBusDriver.dll
 0005:00000688       __imp_?toui64@CGeneralInteger@@QEAAXAEAI0@Z 000000018002e688     libBusDriver:libBusDriver.dll
 0005:00000690       \177libBusDriver_NULL_THUNK_DATA 000000018002e690     libBusDriver:libBusDriver.dll
 0005:000006f0       __imp_?Instance@CLog@@SAAEAV1@XZ 000000018002e6f0     libLog:libLog.dll
 0005:000006f8       __imp_?SetLastError@CLog@@QEAAXPEBDZZ 000000018002e6f8     libLog:libLog.dll
 0005:00000700       \177libLog_NULL_THUNK_DATA 000000018002e700     libLog:libLog.dll

 entry point at        0001:0001d180

