 libBusDriver

 Timestamp is 59968fec (Fri Aug 18 14:57:48 2017)

 Preferred load address is 0000000180000000

 Start         Length     Name                   Class
 0001:00000000 000065a6H .text                   CODE
 0001:000065b0 000015bfH .text$x                 CODE
 0002:00000000 00000109H .CRT$XCA                DATA
 0002:00000110 00000109H .CRT$XCZ                DATA
 0002:00000220 00000109H .CRT$XIA                DATA
 0002:00000330 00000109H .CRT$XIAA               DATA
 0002:00000440 00000109H .CRT$XIZ                DATA
 0002:00000550 00000932H .rdata                  DATA
 0002:00000e84 00000151H .rdata$debug            DATA
 0002:00000fd8 00000674H .rdata$r                DATA
 0002:00001650 00000109H .rtc$IAA                DATA
 0002:00001760 00000109H .rtc$IZZ                DATA
 0002:00001870 00000109H .rtc$TAA                DATA
 0002:00001980 00000109H .rtc$TZZ                DATA
 0002:00001a8c 00000d38H .xdata                  DATA
 0002:000027c8 00000236H .xdata$x                DATA
 0002:00002a00 00000e26H .edata                  DATA
 0003:00000000 00000325H .data                   DATA
 0003:00000330 000005e1H .bss                    DATA
 0004:00000000 00000768H .pdata                  DATA
 0005:00000000 00000064H .idata$2                DATA
 0005:00000064 00000014H .idata$3                DATA
 0005:00000078 000004e8H .idata$4                DATA
 0005:00000560 000004e8H .idata$5                DATA
 0005:00000a48 00000ad9H .idata$6                DATA
 0006:00000000 00000104H viRsrcMgr               DATA

  Address         Publics by Value              Rva+Base               Lib:Object

 0000:00000000       ___safe_se_handler_table   0000000000000000     <absolute>
 0000:00000000       ___safe_se_handler_count   0000000000000000     <absolute>
 0000:00000000       __ImageBase                0000000180000000     <linker-defined>
 0001:000005f0       ??0IGPIBDev@@QEAA@XZ       00000001800015f0 f   IGPIBDev.obj
 0001:00000630       ??1IGPIBDev@@UEAA@XZ       0000000180001630 f   IGPIBDev.obj
 0001:00000650       ?Init@IGPIBDev@@UEAA_NPEAD@Z 0000000180001650 f   IGPIBDev.obj
 0001:000006d0       ?Write@IGPIBDev@@UEAA_NPEBDZZ 00000001800016d0 f   IGPIBDev.obj
 0001:000007e0       ?Read@IGPIBDev@@UEAA_NPEADKK@Z 00000001800017e0 f   IGPIBDev.obj
 0001:00000990       ??_EIGPIBDev@@UEAAPEAXI@Z  0000000180001990 f i IGPIBDev.obj
 0001:00000990       ??_GIGPIBDev@@UEAAPEAXI@Z  0000000180001990 f i IGPIBDev.obj
 0001:000009e0       ??0viMemIO@@QEAA@XZ        00000001800019e0 f   viMemIO.obj
 0001:00000a40       ??1viMemIO@@UEAA@XZ        0000000180001a40 f   viMemIO.obj
 0001:00000a60       ??4viMemIO@@QEAAAEAV0@AEAV0@@Z 0000000180001a60 f   viMemIO.obj
 0001:00000a80       ?Alloc@viMemIO@@QEAAJK@Z   0000000180001a80 f   viMemIO.obj
 0001:00000ba0       ?Release@viMemIO@@QEAAJXZ  0000000180001ba0 f   viMemIO.obj
 0001:00000c10       ?Write8@viMemIO@@UEAAJPEAEK@Z 0000000180001c10 f   viMemIO.obj
 0001:00000c60       ?Write16@viMemIO@@UEAAJPEAGK@Z 0000000180001c60 f   viMemIO.obj
 0001:00000cb0       ?Write32@viMemIO@@UEAAJPEAKK@Z 0000000180001cb0 f   viMemIO.obj
 0001:00000d00       ?Read8@viMemIO@@UEAAJPEAEK@Z 0000000180001d00 f   viMemIO.obj
 0001:00000d50       ?Read16@viMemIO@@UEAAJPEAGK@Z 0000000180001d50 f   viMemIO.obj
 0001:00000da0       ?Read32@viMemIO@@UEAAJPEAKK@Z 0000000180001da0 f   viMemIO.obj
 0001:00000df0       ?pxi_isr@@YAJKKKPEAX@Z     0000000180001df0 f   viMemIO.obj
 0001:00000f10       ??_EviMemIO@@UEAAPEAXI@Z   0000000180001f10 f i viMemIO.obj
 0001:00000f10       ??_GviMemIO@@UEAAPEAXI@Z   0000000180001f10 f i viMemIO.obj
 0001:00000f60       ??0viPCIDev@@QEAA@XZ       0000000180001f60 f   viPCIDev.obj
 0001:00000fd0       ??0viPCIDev@@QEAA@PEBD@Z   0000000180001fd0 f   viPCIDev.obj
 0001:00001050       ??1viPCIDev@@UEAA@XZ       0000000180002050 f   viPCIDev.obj
 0001:00001080       ?GetDevices@viPCIDev@@UEAAJAEAV?$vector@V?$basic_string@DU?$char_traits@D@std@@V?$allocator@D@2@@std@@V?$allocator@V?$basic_string@DU?$char_traits@D@std@@V?$allocator@D@2@@std@@@2@@std@@@Z 0000000180002080 f   viPCIDev.obj
 0001:00001230       ?Init@viPCIDev@@UEAAJV?$basic_string@DU?$char_traits@D@std@@V?$allocator@D@2@@std@@@Z 0000000180002230 f   viPCIDev.obj
 0001:00001310       ?Init@viPCIDev@@UEAAJQEAD@Z 0000000180002310 f   viPCIDev.obj
 0001:000013b0       ?Init@viPCIDev@@UEAAJV?$basic_string@DU?$char_traits@D@std@@V?$allocator@D@2@@std@@KK@Z 00000001800023b0 f   viPCIDev.obj
 0001:000014a0       ?Init@viPCIDev@@UEAAJQEADKK@Z 00000001800024a0 f   viPCIDev.obj
 0001:000015e0       ?Close@viPCIDev@@UEAAJXZ   00000001800025e0 f   viPCIDev.obj
 0001:00001650       ?GetDes@viPCIDev@@UEAAPEADXZ 0000000180002650 f   viPCIDev.obj
 0001:00001670       ?W8@viPCIDev@@UEAAJW4AS@IPCIDev@@KE@Z 0000000180002670 f   viPCIDev.obj
 0001:000016b0       ?W16@viPCIDev@@UEAAJW4AS@IPCIDev@@KG@Z 00000001800026b0 f   viPCIDev.obj
 0001:000016f0       ?W32@viPCIDev@@UEAAJW4AS@IPCIDev@@KK@Z 00000001800026f0 f   viPCIDev.obj
 0001:00001730       ?W32@viPCIDev@@UEAAJW4AS@IPCIDev@@KKPEAK@Z 0000000180002730 f   viPCIDev.obj
 0001:00001780       ?R8@viPCIDev@@UEAAJW4AS@IPCIDev@@KPEAE@Z 0000000180002780 f   viPCIDev.obj
 0001:000017c0       ?R16@viPCIDev@@UEAAJW4AS@IPCIDev@@KPEAG@Z 00000001800027c0 f   viPCIDev.obj
 0001:00001800       ?R32@viPCIDev@@UEAAJW4AS@IPCIDev@@KPEAK@Z 0000000180002800 f   viPCIDev.obj
 0001:00001840       ?LLAW32@viPCIDev@@UEAAJKK@Z 0000000180002840 f   viPCIDev.obj
 0001:00001880       ?LLAR32@viPCIDev@@UEAAJKPEAK@Z 0000000180002880 f   viPCIDev.obj
 0001:000018c0       ?OpenDefaultRM@viPCIDev@@SAJXZ 00000001800028c0 f   viPCIDev.obj
 0001:000018f0       ?GetDefaultRM@viPCIDev@@SAKXZ 00000001800028f0 f   viPCIDev.obj
 0001:00001b60       ??0IPCIDev@@QEAA@XZ        0000000180002b60 f i viPCIDev.obj
 0001:00001b80       ??1IPCIDev@@UEAA@XZ        0000000180002b80 f i viPCIDev.obj
 0001:00001ba0       ?GetDevName@IPCIDev@@UEAAPEADXZ 0000000180002ba0 f i viPCIDev.obj
 0001:00001bc0       ??_EIPCIDev@@UEAAPEAXI@Z   0000000180002bc0 f i viPCIDev.obj
 0001:00001bc0       ??_GIPCIDev@@UEAAPEAXI@Z   0000000180002bc0 f i viPCIDev.obj
 0001:00001c10       ??_GviPCIDev@@UEAAPEAXI@Z  0000000180002c10 f i viPCIDev.obj
 0001:00001c10       ??_EviPCIDev@@UEAAPEAXI@Z  0000000180002c10 f i viPCIDev.obj
 0001:00001c60       ?push_back@?$vector@V?$basic_string@DU?$char_traits@D@std@@V?$allocator@D@2@@std@@V?$allocator@V?$basic_string@DU?$char_traits@D@std@@V?$allocator@D@2@@std@@@2@@std@@QEAAXAEBV?$basic_string@DU?$char_traits@D@std@@V?$allocator@D@2@@2@@Z 0000000180002c60 f i viPCIDev.obj
 0001:00001d70       ?pop_back@?$vector@V?$basic_string@DU?$char_traits@D@std@@V?$allocator@D@2@@std@@V?$allocator@V?$basic_string@DU?$char_traits@D@std@@V?$allocator@D@2@@std@@@2@@std@@QEAAXXZ 0000000180002d70 f i viPCIDev.obj
 0001:00001de0       ?clear@?$vector@V?$basic_string@DU?$char_traits@D@std@@V?$allocator@D@2@@std@@V?$allocator@V?$basic_string@DU?$char_traits@D@std@@V?$allocator@D@2@@std@@@2@@std@@QEAAXXZ 0000000180002de0 f i viPCIDev.obj
 0001:00001ee0       ?capacity@?$vector@V?$basic_string@DU?$char_traits@D@std@@V?$allocator@D@2@@std@@V?$allocator@V?$basic_string@DU?$char_traits@D@std@@V?$allocator@D@2@@std@@@2@@std@@QEBA_KXZ 0000000180002ee0 f i viPCIDev.obj
 0001:00001f40       ?begin@?$vector@V?$basic_string@DU?$char_traits@D@std@@V?$allocator@D@2@@std@@V?$allocator@V?$basic_string@DU?$char_traits@D@std@@V?$allocator@D@2@@std@@@2@@std@@QEAA?AV?$_Vector_iterator@V?$basic_string@DU?$char_traits@D@std@@V?$allocator@D@2@@std@@V?$allocator@V?$basic_string@DU?$char_traits@D@std@@V?$allocator@D@2@@std@@@2@@2@XZ 0000000180002f40 f i viPCIDev.obj
 0001:00001f80       ?end@?$vector@V?$basic_string@DU?$char_traits@D@std@@V?$allocator@D@2@@std@@V?$allocator@V?$basic_string@DU?$char_traits@D@std@@V?$allocator@D@2@@std@@@2@@std@@QEAA?AV?$_Vector_iterator@V?$basic_string@DU?$char_traits@D@std@@V?$allocator@D@2@@std@@V?$allocator@V?$basic_string@DU?$char_traits@D@std@@V?$allocator@D@2@@std@@@2@@2@XZ 0000000180002f80 f i viPCIDev.obj
 0001:00001fc0       ?size@?$vector@V?$basic_string@DU?$char_traits@D@std@@V?$allocator@D@2@@std@@V?$allocator@V?$basic_string@DU?$char_traits@D@std@@V?$allocator@D@2@@std@@@2@@std@@QEBA_KXZ 0000000180002fc0 f i viPCIDev.obj
 0001:00001ff0       ?empty@?$vector@V?$basic_string@DU?$char_traits@D@std@@V?$allocator@D@2@@std@@V?$allocator@V?$basic_string@DU?$char_traits@D@std@@V?$allocator@D@2@@std@@@2@@std@@QEBA_NXZ 0000000180002ff0 f i viPCIDev.obj
 0001:00002030       ?insert@?$vector@V?$basic_string@DU?$char_traits@D@std@@V?$allocator@D@2@@std@@V?$allocator@V?$basic_string@DU?$char_traits@D@std@@V?$allocator@D@2@@std@@@2@@std@@QEAA?AV?$_Vector_iterator@V?$basic_string@DU?$char_traits@D@std@@V?$allocator@D@2@@std@@V?$allocator@V?$basic_string@DU?$char_traits@D@std@@V?$allocator@D@2@@std@@@2@@2@V?$_Vector_const_iterator@V?$basic_string@DU?$char_traits@D@std@@V?$allocator@D@2@@std@@V?$allocator@V?$basic_string@DU?$char_traits@D@std@@V?$allocator@D@2@@std@@@2@@2@AEBV?$basic_string@DU?$char_traits@D@std@@V?$allocator@D@2@@2@@Z 0000000180003030 f i viPCIDev.obj
 0001:00002140       ?erase@?$vector@V?$basic_string@DU?$char_traits@D@std@@V?$allocator@D@2@@std@@V?$allocator@V?$basic_string@DU?$char_traits@D@std@@V?$allocator@D@2@@std@@@2@@std@@QEAA?AV?$_Vector_iterator@V?$basic_string@DU?$char_traits@D@std@@V?$allocator@D@2@@std@@V?$allocator@V?$basic_string@DU?$char_traits@D@std@@V?$allocator@D@2@@std@@@2@@2@V?$_Vector_const_iterator@V?$basic_string@DU?$char_traits@D@std@@V?$allocator@D@2@@std@@V?$allocator@V?$basic_string@DU?$char_traits@D@std@@V?$allocator@D@2@@std@@@2@@2@0@Z 0000000180003140 f i viPCIDev.obj
 0001:00002280       ?_Destroy@?$vector@V?$basic_string@DU?$char_traits@D@std@@V?$allocator@D@2@@std@@V?$allocator@V?$basic_string@DU?$char_traits@D@std@@V?$allocator@D@2@@std@@@2@@std@@IEAAXPEAV?$basic_string@DU?$char_traits@D@std@@V?$allocator@D@2@@2@0@Z 0000000180003280 f i viPCIDev.obj
 0001:000022c0       ?_Ufill@?$vector@V?$basic_string@DU?$char_traits@D@std@@V?$allocator@D@2@@std@@V?$allocator@V?$basic_string@DU?$char_traits@D@std@@V?$allocator@D@2@@std@@@2@@std@@IEAAPEAV?$basic_string@DU?$char_traits@D@std@@V?$allocator@D@2@@2@PEAV32@_KAEBV32@@Z 00000001800032c0 f i viPCIDev.obj
 0001:00002320       ?_Make_iter@?$vector@V?$basic_string@DU?$char_traits@D@std@@V?$allocator@D@2@@std@@V?$allocator@V?$basic_string@DU?$char_traits@D@std@@V?$allocator@D@2@@std@@@2@@std@@QEBA?AV?$_Vector_iterator@V?$basic_string@DU?$char_traits@D@std@@V?$allocator@D@2@@std@@V?$allocator@V?$basic_string@DU?$char_traits@D@std@@V?$allocator@D@2@@std@@@2@@2@V?$_Vector_const_iterator@V?$basic_string@DU?$char_traits@D@std@@V?$allocator@D@2@@std@@V?$allocator@V?$basic_string@DU?$char_traits@D@std@@V?$allocator@D@2@@std@@@2@@2@@Z 0000000180003320 f i viPCIDev.obj
 0001:00002370       ?_Insert_n@?$vector@V?$basic_string@DU?$char_traits@D@std@@V?$allocator@D@2@@std@@V?$allocator@V?$basic_string@DU?$char_traits@D@std@@V?$allocator@D@2@@std@@@2@@std@@IEAAXV?$_Vector_const_iterator@V?$basic_string@DU?$char_traits@D@std@@V?$allocator@D@2@@std@@V?$allocator@V?$basic_string@DU?$char_traits@D@std@@V?$allocator@D@2@@std@@@2@@2@_KAEBV?$basic_string@DU?$char_traits@D@std@@V?$allocator@D@2@@2@@Z 0000000180003370 f i viPCIDev.obj
 0001:00002a20       ??0?$_Vector_iterator@V?$basic_string@DU?$char_traits@D@std@@V?$allocator@D@2@@std@@V?$allocator@V?$basic_string@DU?$char_traits@D@std@@V?$allocator@D@2@@std@@@2@@std@@QEAA@PEAV?$basic_string@DU?$char_traits@D@std@@V?$allocator@D@2@@1@PEBV_Container_base_aux@1@@Z 0000000180003a20 f i viPCIDev.obj
 0001:00002a60       ??H?$_Vector_iterator@V?$basic_string@DU?$char_traits@D@std@@V?$allocator@D@2@@std@@V?$allocator@V?$basic_string@DU?$char_traits@D@std@@V?$allocator@D@2@@std@@@2@@std@@QEBA?AV01@_J@Z 0000000180003a60 f i viPCIDev.obj
 0001:00002b00       ??G?$_Vector_const_iterator@V?$basic_string@DU?$char_traits@D@std@@V?$allocator@D@2@@std@@V?$allocator@V?$basic_string@DU?$char_traits@D@std@@V?$allocator@D@2@@std@@@2@@std@@QEBA_JAEBV01@@Z 0000000180003b00 f i viPCIDev.obj
 0001:00002b80       ?_Same_container@_Iterator_base_aux@std@@QEBA_NAEBV12@@Z 0000000180003b80 f i viPCIDev.obj
 0001:00002bd0       ?_Has_container@_Iterator_base_aux@std@@QEBA_NXZ 0000000180003bd0 f i viPCIDev.obj
 0001:00002c10       ??9?$_Vector_const_iterator@V?$basic_string@DU?$char_traits@D@std@@V?$allocator@D@2@@std@@V?$allocator@V?$basic_string@DU?$char_traits@D@std@@V?$allocator@D@2@@std@@@2@@std@@QEBA_NAEBV01@@Z 0000000180003c10 f i viPCIDev.obj
 0001:00002c60       ?max_size@?$vector@V?$basic_string@DU?$char_traits@D@std@@V?$allocator@D@2@@std@@V?$allocator@V?$basic_string@DU?$char_traits@D@std@@V?$allocator@D@2@@std@@@2@@std@@QEBA_KXZ 0000000180003c60 f i viPCIDev.obj
 0001:00002c90       ?_Xlen@?$vector@V?$basic_string@DU?$char_traits@D@std@@V?$allocator@D@2@@std@@V?$allocator@V?$basic_string@DU?$char_traits@D@std@@V?$allocator@D@2@@std@@@2@@std@@KAXXZ 0000000180003c90 f i viPCIDev.obj
 0001:00002d10       ??0length_error@std@@QEAA@AEBV?$basic_string@DU?$char_traits@D@std@@V?$allocator@D@2@@1@@Z 0000000180003d10 f i viPCIDev.obj
 0001:00002d60       ??0logic_error@std@@QEAA@AEBV?$basic_string@DU?$char_traits@D@std@@V?$allocator@D@2@@1@@Z 0000000180003d60 f i viPCIDev.obj
 0001:00002dd0       ?what@logic_error@std@@UEBAPEBDXZ 0000000180003dd0 f i viPCIDev.obj
 0001:00002e00       ??_Elogic_error@std@@UEAAPEAXI@Z 0000000180003e00 f i viPCIDev.obj
 0001:00002e00       ??_Glogic_error@std@@UEAAPEAXI@Z 0000000180003e00 f i viPCIDev.obj
 0001:00002e50       ??1logic_error@std@@UEAA@XZ 0000000180003e50 f i viPCIDev.obj
 0001:00002ea0       ??1length_error@std@@UEAA@XZ 0000000180003ea0 f i viPCIDev.obj
 0001:00002ed0       ??_Glength_error@std@@UEAAPEAXI@Z 0000000180003ed0 f i viPCIDev.obj
 0001:00002ed0       ??_Elength_error@std@@UEAAPEAXI@Z 0000000180003ed0 f i viPCIDev.obj
 0001:00002f20       ??0logic_error@std@@QEAA@AEBV01@@Z 0000000180003f20 f i viPCIDev.obj
 0001:00002f90       ?deallocate@?$allocator@V?$basic_string@DU?$char_traits@D@std@@V?$allocator@D@2@@std@@@std@@QEAAXPEAV?$basic_string@DU?$char_traits@D@std@@V?$allocator@D@2@@2@_K@Z 0000000180003f90 f i viPCIDev.obj
 0001:00002fc0       ?allocate@?$allocator@V?$basic_string@DU?$char_traits@D@std@@V?$allocator@D@2@@std@@@std@@QEAAPEAV?$basic_string@DU?$char_traits@D@std@@V?$allocator@D@2@@2@_K@Z 0000000180003fc0 f i viPCIDev.obj
 0001:00002ff0       ??Y?$_Vector_iterator@V?$basic_string@DU?$char_traits@D@std@@V?$allocator@D@2@@std@@V?$allocator@V?$basic_string@DU?$char_traits@D@std@@V?$allocator@D@2@@std@@@2@@std@@QEAAAEAV01@_J@Z 0000000180003ff0 f i viPCIDev.obj
 0001:00003020       ??0?$_Vector_const_iterator@V?$basic_string@DU?$char_traits@D@std@@V?$allocator@D@2@@std@@V?$allocator@V?$basic_string@DU?$char_traits@D@std@@V?$allocator@D@2@@std@@@2@@std@@QEAA@PEAV?$basic_string@DU?$char_traits@D@std@@V?$allocator@D@2@@1@PEBV_Container_base_aux@1@@Z 0000000180004020 f i viPCIDev.obj
 0001:000030b0       ?_Set_container@_Iterator_base_aux@std@@QEAAXQEBV_Container_base_aux@2@@Z 00000001800040b0 f i viPCIDev.obj
 0001:000030e0       ??8?$_Vector_const_iterator@V?$basic_string@DU?$char_traits@D@std@@V?$allocator@D@2@@std@@V?$allocator@V?$basic_string@DU?$char_traits@D@std@@V?$allocator@D@2@@std@@@2@@std@@QEBA_NAEBV01@@Z 00000001800040e0 f i viPCIDev.obj
 0001:00003170       ??0length_error@std@@QEAA@AEBV01@@Z 0000000180004170 f i viPCIDev.obj
 0001:000031c0       ??0?$_Ranit@V?$basic_string@DU?$char_traits@D@std@@V?$allocator@D@2@@std@@_JPEBV12@AEBV12@@std@@QEAA@XZ 00000001800041c0 f i viPCIDev.obj
 0001:000031f0       ??0?$_Iterator_with_base@Urandom_access_iterator_tag@std@@V?$basic_string@DU?$char_traits@D@std@@V?$allocator@D@2@@2@_JPEBV32@AEBV32@V_Iterator_base_aux@2@@std@@QEAA@XZ 00000001800041f0 f i viPCIDev.obj
 0001:00003220       ??0_Iterator_base_aux@std@@QEAA@XZ 0000000180004220 f i viPCIDev.obj
 0001:00003240       ?max_size@?$allocator@V?$basic_string@DU?$char_traits@D@std@@V?$allocator@D@2@@std@@@std@@QEBA_KXZ 0000000180004240 f i viPCIDev.obj
 0001:00003290       ??Y?$_Vector_const_iterator@V?$basic_string@DU?$char_traits@D@std@@V?$allocator@D@2@@std@@V?$allocator@V?$basic_string@DU?$char_traits@D@std@@V?$allocator@D@2@@std@@@2@@std@@QEAAAEAV01@_J@Z 0000000180004290 f i viPCIDev.obj
 0001:00003350       ?_Getmycont@_Iterator_base_aux@std@@QEBAPEBV_Container_base_aux@2@XZ 0000000180004350 f i viPCIDev.obj
 0001:000033a0       ?_Getcont@_Aux_cont@std@@QEBAPEBV_Container_base_aux@2@XZ 00000001800043a0 f i viPCIDev.obj
 0001:000033c0       ??$unchecked_copy@PEAV?$basic_string@DU?$char_traits@D@std@@V?$allocator@D@2@@std@@PEAV12@@stdext@@YAPEAV?$basic_string@DU?$char_traits@D@std@@V?$allocator@D@2@@std@@PEAV12@00@Z 00000001800043c0 f i viPCIDev.obj
 0001:00003480       ??$_Destroy_range@V?$allocator@V?$basic_string@DU?$char_traits@D@std@@V?$allocator@D@2@@std@@@std@@@std@@YAXPEAV?$basic_string@DU?$char_traits@D@std@@V?$allocator@D@2@@0@0AEAV?$allocator@V?$basic_string@DU?$char_traits@D@std@@V?$allocator@D@2@@std@@@0@@Z 0000000180004480 f i viPCIDev.obj
 0001:000034e0       ??$unchecked_uninitialized_fill_n@PEAV?$basic_string@DU?$char_traits@D@std@@V?$allocator@D@2@@std@@_KV12@V?$allocator@V?$basic_string@DU?$char_traits@D@std@@V?$allocator@D@2@@std@@@2@@stdext@@YAXPEAV?$basic_string@DU?$char_traits@D@std@@V?$allocator@D@2@@std@@_KAEBV12@AEAV?$allocator@V?$basic_string@DU?$char_traits@D@std@@V?$allocator@D@2@@std@@@2@@Z 00000001800044e0 f i viPCIDev.obj
 0001:00003570       ??$_Umove@PEAV?$basic_string@DU?$char_traits@D@std@@V?$allocator@D@2@@std@@@?$vector@V?$basic_string@DU?$char_traits@D@std@@V?$allocator@D@2@@std@@V?$allocator@V?$basic_string@DU?$char_traits@D@std@@V?$allocator@D@2@@std@@@2@@std@@IEAAPEAV?$basic_string@DU?$char_traits@D@std@@V?$allocator@D@2@@1@PEAV21@00@Z 0000000180004570 f i viPCIDev.obj
 0001:000035c0       ??$fill@PEAV?$basic_string@DU?$char_traits@D@std@@V?$allocator@D@2@@std@@V12@@std@@YAXPEAV?$basic_string@DU?$char_traits@D@std@@V?$allocator@D@2@@0@0AEBV10@@Z 00000001800045c0 f i viPCIDev.obj
 0001:00003620       ??$_Unchecked_move_backward@PEAV?$basic_string@DU?$char_traits@D@std@@V?$allocator@D@2@@std@@PEAV12@@stdext@@YAPEAV?$basic_string@DU?$char_traits@D@std@@V?$allocator@D@2@@std@@PEAV12@00@Z 0000000180004620 f i viPCIDev.obj
 0001:000036d0       ??$_Allocate@V?$basic_string@DU?$char_traits@D@std@@V?$allocator@D@2@@std@@@std@@YAPEAV?$basic_string@DU?$char_traits@D@std@@V?$allocator@D@2@@0@_KPEAV10@@Z 00000001800046d0 f i viPCIDev.obj
 0001:00003750       ??0bad_alloc@std@@QEAA@PEBD@Z 0000000180004750 f i viPCIDev.obj
 0001:000037a0       ??1bad_alloc@std@@UEAA@XZ  00000001800047a0 f i viPCIDev.obj
 0001:000037e0       ??_Gbad_alloc@std@@UEAAPEAXI@Z 00000001800047e0 f i viPCIDev.obj
 0001:000037e0       ??_Ebad_alloc@std@@UEAAPEAXI@Z 00000001800047e0 f i viPCIDev.obj
 0001:00003830       ??0bad_alloc@std@@QEAA@AEBV01@@Z 0000000180004830 f i viPCIDev.obj
 0001:00003880       ??$_Checked_base@PEAV?$basic_string@DU?$char_traits@D@std@@V?$allocator@D@2@@std@@@std@@YAPEAV?$basic_string@DU?$char_traits@D@std@@V?$allocator@D@2@@0@AEAPEAV10@@Z 0000000180004880 f i viPCIDev.obj
 0001:000038b0       ??$_Iter_random@PEAV?$basic_string@DU?$char_traits@D@std@@V?$allocator@D@2@@std@@PEAV12@@std@@YA?AUrandom_access_iterator_tag@0@AEBQEAV?$basic_string@DU?$char_traits@D@std@@V?$allocator@D@2@@0@0@Z 00000001800048b0 f i viPCIDev.obj
 0001:000038e0       ??$_Ptr_cat@PEAV?$basic_string@DU?$char_traits@D@std@@V?$allocator@D@2@@std@@PEAV12@@std@@YA?AU_Nonscalar_ptr_iterator_tag@0@AEAPEAV?$basic_string@DU?$char_traits@D@std@@V?$allocator@D@2@@0@0@Z 00000001800048e0 f i viPCIDev.obj
 0001:00003900       ??$_Copy_opt@PEAV?$basic_string@DU?$char_traits@D@std@@V?$allocator@D@2@@std@@PEAV12@@std@@YAPEAV?$basic_string@DU?$char_traits@D@std@@V?$allocator@D@2@@0@PEAV10@00Urandom_access_iterator_tag@0@U_Nonscalar_ptr_iterator_tag@0@U_Range_checked_iterator_tag@0@@Z 0000000180004900 f i viPCIDev.obj
 0001:000039d0       ??$_Destroy_range@V?$allocator@V?$basic_string@DU?$char_traits@D@std@@V?$allocator@D@2@@std@@@std@@@std@@YAXPEAV?$basic_string@DU?$char_traits@D@std@@V?$allocator@D@2@@0@0AEAV?$allocator@V?$basic_string@DU?$char_traits@D@std@@V?$allocator@D@2@@std@@@0@U_Nonscalar_ptr_iterator_tag@0@@Z 00000001800049d0 f i viPCIDev.obj
 0001:00003a30       ??$_Uninit_fill_n@PEAV?$basic_string@DU?$char_traits@D@std@@V?$allocator@D@2@@std@@_KV12@V?$allocator@V?$basic_string@DU?$char_traits@D@std@@V?$allocator@D@2@@std@@@2@@std@@YAXPEAV?$basic_string@DU?$char_traits@D@std@@V?$allocator@D@2@@0@_KAEBV10@AEAV?$allocator@V?$basic_string@DU?$char_traits@D@std@@V?$allocator@D@2@@std@@@0@U_Nonscalar_ptr_iterator_tag@0@U_Range_checked_iterator_tag@0@@Z 0000000180004a30 f i viPCIDev.obj
 0001:00003ac0       ??$_Unchecked_uninitialized_move@PEAV?$basic_string@DU?$char_traits@D@std@@V?$allocator@D@2@@std@@PEAV12@V?$allocator@V?$basic_string@DU?$char_traits@D@std@@V?$allocator@D@2@@std@@@2@@stdext@@YAPEAV?$basic_string@DU?$char_traits@D@std@@V?$allocator@D@2@@std@@PEAV12@00AEAV?$allocator@V?$basic_string@DU?$char_traits@D@std@@V?$allocator@D@2@@std@@@2@@Z 0000000180004ac0 f i viPCIDev.obj
 0001:00003b60       ??$_Fill@PEAV?$basic_string@DU?$char_traits@D@std@@V?$allocator@D@2@@std@@V12@@std@@YAXPEAV?$basic_string@DU?$char_traits@D@std@@V?$allocator@D@2@@0@0AEBV10@@Z 0000000180004b60 f i viPCIDev.obj
 0001:00003bc0       ??$_Move_cat@PEAV?$basic_string@DU?$char_traits@D@std@@V?$allocator@D@2@@std@@@std@@YA?AU_Swap_move_tag@0@AEBQEAV?$basic_string@DU?$char_traits@D@std@@V?$allocator@D@2@@0@@Z 0000000180004bc0 f i viPCIDev.obj
 0001:00003be0       ??$_Move_backward_opt@PEAV?$basic_string@DU?$char_traits@D@std@@V?$allocator@D@2@@std@@PEAV12@@std@@YAPEAV?$basic_string@DU?$char_traits@D@std@@V?$allocator@D@2@@0@PEAV10@00Urandom_access_iterator_tag@0@U_Swap_move_tag@0@U_Range_checked_iterator_tag@0@@Z 0000000180004be0 f i viPCIDev.obj
 0001:00003ca0       ?construct@?$allocator@V?$basic_string@DU?$char_traits@D@std@@V?$allocator@D@2@@std@@@std@@QEAAXPEAV?$basic_string@DU?$char_traits@D@std@@V?$allocator@D@2@@2@AEBV32@@Z 0000000180004ca0 f i viPCIDev.obj
 0001:00003cd0       ?destroy@?$allocator@V?$basic_string@DU?$char_traits@D@std@@V?$allocator@D@2@@std@@@std@@QEAAXPEAV?$basic_string@DU?$char_traits@D@std@@V?$allocator@D@2@@2@@Z 0000000180004cd0 f i viPCIDev.obj
 0001:00003d00       ??$_Checked_base@PEAV?$basic_string@DU?$char_traits@D@std@@V?$allocator@D@2@@std@@@std@@YAPEAV?$basic_string@DU?$char_traits@D@std@@V?$allocator@D@2@@0@AEAPEAV10@U_Unchanged_checked_iterator_base_type_tag@0@@Z 0000000180004d00 f i viPCIDev.obj
 0001:00003d20       ??$_Copy_opt@PEAV?$basic_string@DU?$char_traits@D@std@@V?$allocator@D@2@@std@@PEAV12@Uforward_iterator_tag@2@@std@@YAPEAV?$basic_string@DU?$char_traits@D@std@@V?$allocator@D@2@@0@PEAV10@00Uforward_iterator_tag@0@U_Nonscalar_ptr_iterator_tag@0@U_Range_checked_iterator_tag@0@@Z 0000000180004d20 f i viPCIDev.obj
 0001:00003da0       ??$_Uninit_move@PEAV?$basic_string@DU?$char_traits@D@std@@V?$allocator@D@2@@std@@PEAV12@V?$allocator@V?$basic_string@DU?$char_traits@D@std@@V?$allocator@D@2@@std@@@2@@std@@YAPEAV?$basic_string@DU?$char_traits@D@std@@V?$allocator@D@2@@0@PEAV10@00AEAV?$allocator@V?$basic_string@DU?$char_traits@D@std@@V?$allocator@D@2@@std@@@0@U_Swap_move_tag@0@U_Range_checked_iterator_tag@0@@Z 0000000180004da0 f i viPCIDev.obj
 0001:00003ec0       ??$_Move_backward_opt@PEAV?$basic_string@DU?$char_traits@D@std@@V?$allocator@D@2@@std@@PEAV12@Uforward_iterator_tag@2@@std@@YAPEAV?$basic_string@DU?$char_traits@D@std@@V?$allocator@D@2@@0@PEAV10@00Uforward_iterator_tag@0@U_Swap_move_tag@0@U_Range_checked_iterator_tag@0@@Z 0000000180004ec0 f i viPCIDev.obj
 0001:00003f40       ??$_Construct@V?$basic_string@DU?$char_traits@D@std@@V?$allocator@D@2@@std@@V12@@std@@YAXPEAV?$basic_string@DU?$char_traits@D@std@@V?$allocator@D@2@@0@AEBV10@@Z 0000000180004f40 f i viPCIDev.obj
 0001:00003fd0       ??2@YAPEAX_KPEAX@Z         0000000180004fd0 f i viPCIDev.obj
 0001:00003ff0       ??3@YAXPEAX0@Z             0000000180004ff0 f i viPCIDev.obj
 0001:00004000       ??$_Destroy@V?$basic_string@DU?$char_traits@D@std@@V?$allocator@D@2@@std@@@std@@YAXPEAV?$basic_string@DU?$char_traits@D@std@@V?$allocator@D@2@@0@@Z 0000000180005000 f i viPCIDev.obj
 0001:00004020       ??_G?$basic_string@DU?$char_traits@D@std@@V?$allocator@D@2@@std@@QEAAPEAXI@Z 0000000180005020 f i viPCIDev.obj
 0001:00004070       ??$_Swap_adl@V?$basic_string@DU?$char_traits@D@std@@V?$allocator@D@2@@std@@@std@@YAXAEAV?$basic_string@DU?$char_traits@D@std@@V?$allocator@D@2@@0@0@Z 0000000180005070 f i viPCIDev.obj
 0001:000040a0       ??$swap@DU?$char_traits@D@std@@V?$allocator@D@2@@std@@YAXAEAV?$basic_string@DU?$char_traits@D@std@@V?$allocator@D@2@@0@0@Z 00000001800050a0 f i viPCIDev.obj
 0001:000040d0       ??0wdPCIDev@@QEAA@XZ       00000001800050d0 f   wdPCIDev.obj
 0001:00004120       ??0wdPCIDev@@QEAA@PEBD@Z   0000000180005120 f   wdPCIDev.obj
 0001:000041a0       ??1wdPCIDev@@UEAA@XZ       00000001800051a0 f   wdPCIDev.obj
 0001:000041d0       ?GetDevices@wdPCIDev@@UEAAJAEAV?$vector@V?$basic_string@DU?$char_traits@D@std@@V?$allocator@D@2@@std@@V?$allocator@V?$basic_string@DU?$char_traits@D@std@@V?$allocator@D@2@@std@@@2@@std@@@Z 00000001800051d0 f   wdPCIDev.obj
 0001:00004360       ?Init@wdPCIDev@@UEAAJV?$basic_string@DU?$char_traits@D@std@@V?$allocator@D@2@@std@@@Z 0000000180005360 f   wdPCIDev.obj
 0001:00004390       ?Init@wdPCIDev@@UEAAJV?$basic_string@DU?$char_traits@D@std@@V?$allocator@D@2@@std@@KK@Z 0000000180005390 f   wdPCIDev.obj
 0001:000043d0       ?Close@wdPCIDev@@UEAAJXZ   00000001800053d0 f   wdPCIDev.obj
 0001:000043e0       ?GetDes@wdPCIDev@@UEAAPEADXZ 00000001800053e0 f   wdPCIDev.obj
 0001:000043f0       ?W8@wdPCIDev@@UEAAJW4AS@IPCIDev@@KE@Z 00000001800053f0 f   wdPCIDev.obj
 0001:00004410       ?W16@wdPCIDev@@UEAAJW4AS@IPCIDev@@KG@Z 0000000180005410 f   wdPCIDev.obj
 0001:00004430       ?W32@wdPCIDev@@UEAAJW4AS@IPCIDev@@KK@Z 0000000180005430 f   wdPCIDev.obj
 0001:00004450       ?W32@wdPCIDev@@UEAAJW4AS@IPCIDev@@KKPEAK@Z 0000000180005450 f   wdPCIDev.obj
 0001:00004470       ?R8@wdPCIDev@@UEAAJW4AS@IPCIDev@@KPEAE@Z 0000000180005470 f   wdPCIDev.obj
 0001:00004490       ?R16@wdPCIDev@@UEAAJW4AS@IPCIDev@@KPEAG@Z 0000000180005490 f   wdPCIDev.obj
 0001:000044b0       ?R32@wdPCIDev@@UEAAJW4AS@IPCIDev@@KPEAK@Z 00000001800054b0 f   wdPCIDev.obj
 0001:000044d0       ?LLAW32@wdPCIDev@@UEAAJKK@Z 00000001800054d0 f   wdPCIDev.obj
 0001:000044f0       ?LLAR32@wdPCIDev@@UEAAJKPEAK@Z 00000001800054f0 f   wdPCIDev.obj
 0001:00004610       ??_GwdPCIDev@@UEAAPEAXI@Z  0000000180005610 f i wdPCIDev.obj
 0001:00004610       ??_EwdPCIDev@@UEAAPEAXI@Z  0000000180005610 f i wdPCIDev.obj
 0001:00004660       ??$sprintf_s@$0BAA@@@YAHAEAY0BAA@DPEBDZZ 0000000180005660 f i wdPCIDev.obj
 0001:000046b2       ??1?$basic_string@DU?$char_traits@D@std@@V?$allocator@D@2@@std@@QEAA@XZ 00000001800056b2 f   msvcprt:MSVCP90.dll
 0001:000046b8       ??0?$basic_string@DU?$char_traits@D@std@@V?$allocator@D@2@@std@@QEAA@PEBD@Z 00000001800056b8 f   msvcprt:MSVCP90.dll
 0001:000046be       ?copy@?$basic_string@DU?$char_traits@D@std@@V?$allocator@D@2@@std@@QEBA_KPEAD_K1@Z 00000001800056be f   msvcprt:MSVCP90.dll
 0001:000046c4       ?length@?$basic_string@DU?$char_traits@D@std@@V?$allocator@D@2@@std@@QEBA_KXZ 00000001800056c4 f   msvcprt:MSVCP90.dll
 0001:000046ca       ??0?$basic_string@DU?$char_traits@D@std@@V?$allocator@D@2@@std@@QEAA@AEBV01@@Z 00000001800056ca f   msvcprt:MSVCP90.dll
 0001:000046d0       ?c_str@?$basic_string@DU?$char_traits@D@std@@V?$allocator@D@2@@std@@QEBAPEBDXZ 00000001800056d0 f   msvcprt:MSVCP90.dll
 0001:000046d6       ??4?$basic_string@DU?$char_traits@D@std@@V?$allocator@D@2@@std@@QEAAAEAV01@AEBV01@@Z 00000001800056d6 f   msvcprt:MSVCP90.dll
 0001:000046dc       ??0?$basic_string@DU?$char_traits@D@std@@V?$allocator@D@2@@std@@QEAA@XZ 00000001800056dc f   msvcprt:MSVCP90.dll
 0001:000046e2       ?swap@?$basic_string@DU?$char_traits@D@std@@V?$allocator@D@2@@std@@QEAAXAEAV12@@Z 00000001800056e2 f   msvcprt:MSVCP90.dll
 0001:000046e8       ??4?$basic_string@DU?$char_traits@D@std@@V?$allocator@D@2@@std@@QEAAAEAV01@PEBD@Z 00000001800056e8 f   msvcprt:MSVCP90.dll
 0001:000046ee       ?clear@?$basic_string@DU?$char_traits@D@std@@V?$allocator@D@2@@std@@QEAAXXZ 00000001800056ee f   msvcprt:MSVCP90.dll
 0001:000046f4       ??0type_info@@AEAA@AEBV0@@Z 00000001800056f4 f   MSVCRT:ti_inst.obj
 0001:00004704       ??_Etype_info@@UEAAPEAXI@Z 0000000180005704 f i MSVCRT:ti_inst.obj
 0001:00004770       ??4type_info@@AEAAAEAV0@AEBV0@@Z 0000000180005770 f   MSVCRT:ti_inst.obj
 0001:00004774       _purecall                  0000000180005774 f   MSVCRT:MSVCR90.dll
 0001:0000477a       ??3@YAXPEAX@Z              000000018000577a f   MSVCRT:MSVCR90.dll
 0001:00004780       __GSHandlerCheckCommon     0000000180005780 f   MSVCRT:gshandler.obj
 0001:000047e4       __GSHandlerCheck           00000001800057e4 f   MSVCRT:gshandler.obj
 0001:00004802       strlen                     0000000180005802 f   MSVCRT:MSVCR90.dll
 0001:00004808       vsprintf_s                 0000000180005808 f   MSVCRT:MSVCR90.dll
 0001:0000480e       memset                     000000018000580e f   MSVCRT:MSVCR90.dll
 0001:00004830       __security_check_cookie    0000000180005830 f   MSVCRT:amdsecgs.obj
 0001:00004850       __CxxFrameHandler3         0000000180005850 f   MSVCRT:MSVCR90.dll
 0001:00004856       strcpy                     0000000180005856 f   MSVCRT:MSVCR90.dll
 0001:0000485c       __GSHandlerCheck_EH        000000018000585c f   MSVCRT:gshandlereh.obj
 0001:000048ec       _CxxThrowException         00000001800058ec f   MSVCRT:MSVCR90.dll
 0001:000048f2       _invalid_parameter_noinfo  00000001800058f2 f   MSVCRT:MSVCR90.dll
 0001:000048f8       ??0exception@std@@QEAA@AEBV01@@Z 00000001800058f8 f   MSVCRT:MSVCR90.dll
 0001:000048fe       ??1exception@std@@UEAA@XZ  00000001800058fe f   MSVCRT:MSVCR90.dll
 0001:00004904       ??0exception@std@@QEAA@XZ  0000000180005904 f   MSVCRT:MSVCR90.dll
 0001:0000490a       ??2@YAPEAX_K@Z             000000018000590a f   MSVCRT:MSVCR90.dll
 0001:00004910       ??0exception@std@@QEAA@AEBQEBD@Z 0000000180005910 f   MSVCRT:MSVCR90.dll
 0001:00004916       ?what@exception@std@@UEBAPEBDXZ 0000000180005916 f   MSVCRT:MSVCR90.dll
 0001:0000491c       NtCurrentTeb               000000018000591c f i MSVCRT:crtdll.obj
 0001:00004988       _CRT_INIT                  0000000180005988 f   MSVCRT:crtdll.obj
 0001:00004d1c       _DllMainCRTStartup         0000000180005d1c f   MSVCRT:crtdll.obj
 0001:00004d78       ?__ArrayUnwind@@YAXPEAX_KHP6AX0@Z@Z 0000000180005d78 f   MSVCRT:ehvecdtr.obj
 0001:00004dc4       ??_M@YAXPEAX_KHP6AX0@Z@Z   0000000180005dc4 f   MSVCRT:ehvecdtr.obj
 0001:00004e24       __report_gsfailure         0000000180005e24 f   MSVCRT:gs_report.obj
 0001:00004f70       __clean_type_info_names    0000000180005f70 f   MSVCRT:tncleanup.obj
 0001:00004f7c       _onexit                    0000000180005f7c f   MSVCRT:atonexit.obj
 0001:0000502c       atexit                     000000018000602c f   MSVCRT:atonexit.obj
 0001:00005044       _RTC_Initialize            0000000180006044 f   MSVCRT:_initsect_.obj
 0001:0000507c       _RTC_Terminate             000000018000607c f   MSVCRT:_initsect_.obj
 0001:000050b4       _encode_pointer            00000001800060b4 f   MSVCRT:MSVCR90.dll
 0001:000050ba       _malloc_crt                00000001800060ba f   MSVCRT:MSVCR90.dll
 0001:000050c0       _ValidateImageBase         00000001800060c0 f   MSVCRT:pesect.obj
 0001:000050f0       _FindPESection             00000001800060f0 f   MSVCRT:pesect.obj
 0001:00005140       _IsNonwritableInCurrentImage 0000000180006140 f   MSVCRT:pesect.obj
 0001:00005182       _initterm                  0000000180006182 f   MSVCRT:MSVCR90.dll
 0001:00005188       _initterm_e                0000000180006188 f   MSVCRT:MSVCR90.dll
 0001:0000518e       free                       000000018000618e f   MSVCRT:MSVCR90.dll
 0001:00005194       _encoded_null              0000000180006194 f   MSVCRT:MSVCR90.dll
 0001:0000519a       _decode_pointer            000000018000619a f   MSVCRT:MSVCR90.dll
 0001:000051a0       _amsg_exit                 00000001800061a0 f   MSVCRT:MSVCR90.dll
 0001:000051a6       __C_specific_handler       00000001800061a6 f   MSVCRT:MSVCR90.dll
 0001:000051ac       __CppXcptFilter            00000001800061ac f   MSVCRT:MSVCR90.dll
 0001:000051b4       DllMain                    00000001800061b4 f   MSVCRT:dllmain.obj
 0001:000051d8       __security_init_cookie     00000001800061d8 f   MSVCRT:gs_support.obj
 0001:0000528c       ?terminate@@YAXXZ          000000018000628c f   MSVCRT:MSVCR90.dll
 0001:00005292       ?_type_info_dtor_internal_method@type_info@@QEAAXXZ 0000000180006292 f   MSVCRT:MSVCR90.dll
 0001:00005292       ??1type_info@@UEAA@XZ      0000000180006292 f   MSVCRT:MSVCR90.dll
 0001:00005298       __crt_debugger_hook        0000000180006298 f   MSVCRT:MSVCR90.dll
 0001:0000529e       __clean_type_info_names_internal 000000018000629e f   MSVCRT:MSVCR90.dll
 0001:000052a4       _unlock                    00000001800062a4 f   MSVCRT:MSVCR90.dll
 0001:000052aa       __dllonexit                00000001800062aa f   MSVCRT:MSVCR90.dll
 0001:000052b0       _lock                      00000001800062b0 f   MSVCRT:MSVCR90.dll
 0001:000052b6       viClose                    00000001800062b6 f   visa64:visa64.dll
 0001:000052bc       viSetAttribute             00000001800062bc f   visa64:visa64.dll
 0001:000052c2       viOpen                     00000001800062c2 f   visa64:visa64.dll
 0001:000052c8       viWrite                    00000001800062c8 f   visa64:visa64.dll
 0001:000052ce       viRead                     00000001800062ce f   visa64:visa64.dll
 0001:000052d4       viGetAttribute             00000001800062d4 f   visa64:visa64.dll
 0001:000052da       viMemAlloc                 00000001800062da f   visa64:visa64.dll
 0001:000052e0       viMemFree                  00000001800062e0 f   visa64:visa64.dll
 0001:000052e6       viMoveOut8                 00000001800062e6 f   visa64:visa64.dll
 0001:000052ec       viMoveOut16                00000001800062ec f   visa64:visa64.dll
 0001:000052f2       viMoveOut32                00000001800062f2 f   visa64:visa64.dll
 0001:000052f8       viMoveIn8                  00000001800062f8 f   visa64:visa64.dll
 0001:000052fe       viMoveIn16                 00000001800062fe f   visa64:visa64.dll
 0001:00005304       viMoveIn32                 0000000180006304 f   visa64:visa64.dll
 0001:0000530a       viFindNext                 000000018000630a f   visa64:visa64.dll
 0001:00005310       viFindRsrc                 0000000180006310 f   visa64:visa64.dll
 0001:00005316       viOut8                     0000000180006316 f   visa64:visa64.dll
 0001:0000531c       viOut16                    000000018000631c f   visa64:visa64.dll
 0001:00005322       viOut32                    0000000180006322 f   visa64:visa64.dll
 0001:00005328       viIn8                      0000000180006328 f   visa64:visa64.dll
 0001:0000532e       viIn16                     000000018000632e f   visa64:visa64.dll
 0001:00005334       viIn32                     0000000180006334 f   visa64:visa64.dll
 0001:0000533a       viPoke32                   000000018000633a f   visa64:visa64.dll
 0001:00005340       viPeek32                   0000000180006340 f   visa64:visa64.dll
 0001:00005346       viOpenDefaultRM            0000000180006346 f   visa64:visa64.dll
 0001:0000534c       WDC_DriverOpen             000000018000634c f   wdapi1020:WDAPI1020.dll
 0001:00005352       WDC_PciScanDevices         0000000180006352 f   wdapi1020:WDAPI1020.dll
 0001:00005358       Sleep                      0000000180006358 f   kernel32:KERNEL32.dll
 0001:0000535e       TerminateProcess           000000018000635e f   kernel32:KERNEL32.dll
 0001:00005364       GetCurrentProcess          0000000180006364 f   kernel32:KERNEL32.dll
 0001:0000536a       UnhandledExceptionFilter   000000018000636a f   kernel32:KERNEL32.dll
 0001:00005370       SetUnhandledExceptionFilter 0000000180006370 f   kernel32:KERNEL32.dll
 0001:00005376       IsDebuggerPresent          0000000180006376 f   kernel32:KERNEL32.dll
 0001:0000537c       RtlVirtualUnwind           000000018000637c f   kernel32:KERNEL32.dll
 0001:00005382       RtlLookupFunctionEntry     0000000180006382 f   kernel32:KERNEL32.dll
 0001:00005388       RtlCaptureContext          0000000180006388 f   kernel32:KERNEL32.dll
 0001:0000538e       DisableThreadLibraryCalls  000000018000638e f   kernel32:KERNEL32.dll
 0001:00005394       QueryPerformanceCounter    0000000180006394 f   kernel32:KERNEL32.dll
 0001:0000539a       GetTickCount               000000018000639a f   kernel32:KERNEL32.dll
 0001:000053a0       GetCurrentThreadId         00000001800063a0 f   kernel32:KERNEL32.dll
 0001:000053a6       GetCurrentProcessId        00000001800063a6 f   kernel32:KERNEL32.dll
 0001:000053ac       GetSystemTimeAsFileTime    00000001800063ac f   kernel32:KERNEL32.dll
 0002:00000000       __xc_a                     0000000180009000     MSVCRT:cinitexe.obj
 0002:00000110       __xc_z                     0000000180009110     MSVCRT:cinitexe.obj
 0002:00000220       __xi_a                     0000000180009220     MSVCRT:cinitexe.obj
 0002:00000440       __xi_z                     0000000180009440     MSVCRT:cinitexe.obj
 0002:00000582       ?_Value@?$_Is_swap_move@U_Swap_move_tag@std@@@std@@2_NB 0000000180009582     IGPIBDev.obj
 0002:00000584       ?collate@?$_Locbase@H@std@@2HB 0000000180009584     IGPIBDev.obj
 0002:00000588       ?ctype@?$_Locbase@H@std@@2HB 0000000180009588     IGPIBDev.obj
 0002:0000058c       ?monetary@?$_Locbase@H@std@@2HB 000000018000958c     IGPIBDev.obj
 0002:00000590       ?numeric@?$_Locbase@H@std@@2HB 0000000180009590     IGPIBDev.obj
 0002:00000594       ?time@?$_Locbase@H@std@@2HB 0000000180009594     IGPIBDev.obj
 0002:00000598       ?messages@?$_Locbase@H@std@@2HB 0000000180009598     IGPIBDev.obj
 0002:0000059c       ?all@?$_Locbase@H@std@@2HB 000000018000959c     IGPIBDev.obj
 0002:000005a0       ?none@?$_Locbase@H@std@@2HB 00000001800095a0     IGPIBDev.obj
 0002:000005a4       ?skipws@?$_Iosb@H@std@@2W4_Fmtflags@12@B 00000001800095a4     IGPIBDev.obj
 0002:000005a8       ?unitbuf@?$_Iosb@H@std@@2W4_Fmtflags@12@B 00000001800095a8     IGPIBDev.obj
 0002:000005ac       ?uppercase@?$_Iosb@H@std@@2W4_Fmtflags@12@B 00000001800095ac     IGPIBDev.obj
 0002:000005b0       ?showbase@?$_Iosb@H@std@@2W4_Fmtflags@12@B 00000001800095b0     IGPIBDev.obj
 0002:000005b4       ?showpoint@?$_Iosb@H@std@@2W4_Fmtflags@12@B 00000001800095b4     IGPIBDev.obj
 0002:000005b8       ?showpos@?$_Iosb@H@std@@2W4_Fmtflags@12@B 00000001800095b8     IGPIBDev.obj
 0002:000005bc       ?left@?$_Iosb@H@std@@2W4_Fmtflags@12@B 00000001800095bc     IGPIBDev.obj
 0002:000005c0       ?right@?$_Iosb@H@std@@2W4_Fmtflags@12@B 00000001800095c0     IGPIBDev.obj
 0002:000005c4       ?internal@?$_Iosb@H@std@@2W4_Fmtflags@12@B 00000001800095c4     IGPIBDev.obj
 0002:000005c8       ?dec@?$_Iosb@H@std@@2W4_Fmtflags@12@B 00000001800095c8     IGPIBDev.obj
 0002:000005cc       ?oct@?$_Iosb@H@std@@2W4_Fmtflags@12@B 00000001800095cc     IGPIBDev.obj
 0002:000005d0       ?hex@?$_Iosb@H@std@@2W4_Fmtflags@12@B 00000001800095d0     IGPIBDev.obj
 0002:000005d4       ?scientific@?$_Iosb@H@std@@2W4_Fmtflags@12@B 00000001800095d4     IGPIBDev.obj
 0002:000005d8       ?fixed@?$_Iosb@H@std@@2W4_Fmtflags@12@B 00000001800095d8     IGPIBDev.obj
 0002:000005dc       ?hexfloat@?$_Iosb@H@std@@2W4_Fmtflags@12@B 00000001800095dc     IGPIBDev.obj
 0002:000005e0       ?boolalpha@?$_Iosb@H@std@@2W4_Fmtflags@12@B 00000001800095e0     IGPIBDev.obj
 0002:000005e4       ?_Stdio@?$_Iosb@H@std@@2W4_Fmtflags@12@B 00000001800095e4     IGPIBDev.obj
 0002:000005e8       ?adjustfield@?$_Iosb@H@std@@2W4_Fmtflags@12@B 00000001800095e8     IGPIBDev.obj
 0002:000005ec       ?basefield@?$_Iosb@H@std@@2W4_Fmtflags@12@B 00000001800095ec     IGPIBDev.obj
 0002:000005f0       ?floatfield@?$_Iosb@H@std@@2W4_Fmtflags@12@B 00000001800095f0     IGPIBDev.obj
 0002:000005f4       ?goodbit@?$_Iosb@H@std@@2W4_Iostate@12@B 00000001800095f4     IGPIBDev.obj
 0002:000005f8       ?eofbit@?$_Iosb@H@std@@2W4_Iostate@12@B 00000001800095f8     IGPIBDev.obj
 0002:000005fc       ?failbit@?$_Iosb@H@std@@2W4_Iostate@12@B 00000001800095fc     IGPIBDev.obj
 0002:00000600       ?badbit@?$_Iosb@H@std@@2W4_Iostate@12@B 0000000180009600     IGPIBDev.obj
 0002:00000604       ?_Hardfail@?$_Iosb@H@std@@2W4_Iostate@12@B 0000000180009604     IGPIBDev.obj
 0002:00000608       ?in@?$_Iosb@H@std@@2W4_Openmode@12@B 0000000180009608     IGPIBDev.obj
 0002:0000060c       ?out@?$_Iosb@H@std@@2W4_Openmode@12@B 000000018000960c     IGPIBDev.obj
 0002:00000610       ?ate@?$_Iosb@H@std@@2W4_Openmode@12@B 0000000180009610     IGPIBDev.obj
 0002:00000614       ?app@?$_Iosb@H@std@@2W4_Openmode@12@B 0000000180009614     IGPIBDev.obj
 0002:00000618       ?trunc@?$_Iosb@H@std@@2W4_Openmode@12@B 0000000180009618     IGPIBDev.obj
 0002:0000061c       ?_Nocreate@?$_Iosb@H@std@@2W4_Openmode@12@B 000000018000961c     IGPIBDev.obj
 0002:00000620       ?_Noreplace@?$_Iosb@H@std@@2W4_Openmode@12@B 0000000180009620     IGPIBDev.obj
 0002:00000624       ?binary@?$_Iosb@H@std@@2W4_Openmode@12@B 0000000180009624     IGPIBDev.obj
 0002:00000628       ?beg@?$_Iosb@H@std@@2W4_Seekdir@12@B 0000000180009628     IGPIBDev.obj
 0002:0000062c       ?cur@?$_Iosb@H@std@@2W4_Seekdir@12@B 000000018000962c     IGPIBDev.obj
 0002:00000630       ?end@?$_Iosb@H@std@@2W4_Seekdir@12@B 0000000180009630     IGPIBDev.obj
 0002:00000648       ??_7IGPIBDev@@6B@          0000000180009648     IGPIBDev.obj
 0002:000006c8       ??_7viMemIO@@6B@           00000001800096c8     viMemIO.obj
 0002:00000838       ??_7viPCIDev@@6B@          0000000180009838     viPCIDev.obj
 0002:000008f8       ??_7IPCIDev@@6B@           00000001800098f8     viPCIDev.obj
 0002:000009d8       ??_C@_0BD@OLBABOEK@vector?$DMT?$DO?5too?5long?$AA@ 00000001800099d8     viPCIDev.obj
 0002:000009f8       ??_7length_error@std@@6B@  00000001800099f8     viPCIDev.obj
 0002:00000a48       ??_7logic_error@std@@6B@   0000000180009a48     viPCIDev.obj
 0002:00000a98       ??_7bad_alloc@std@@6B@     0000000180009a98     viPCIDev.obj
 0002:00000c58       ??_7wdPCIDev@@6B@          0000000180009c58     wdPCIDev.obj
 0002:00000d00       ??_7type_info@@6B@         0000000180009d00     MSVCRT:ti_inst.obj
 0002:00000d08       _pDefaultRawDllMain        0000000180009d08     MSVCRT:crtdll.obj
 0002:00000d08       _pRawDllMain               0000000180009d08     MSVCRT:crtdll.obj
 0002:00000d20       ?ProcessDetach@NativeDll@<CrtImplementationDetails>@@0IB 0000000180009d20     MSVCRT:tncleanup.obj
 0002:00000d24       ?ProcessAttach@NativeDll@<CrtImplementationDetails>@@0IB 0000000180009d24     MSVCRT:tncleanup.obj
 0002:00000d28       ?ThreadAttach@NativeDll@<CrtImplementationDetails>@@0IB 0000000180009d28     MSVCRT:tncleanup.obj
 0002:00000d2c       ?ThreadDetach@NativeDll@<CrtImplementationDetails>@@0IB 0000000180009d2c     MSVCRT:tncleanup.obj
 0002:00000d30       ?ProcessVerifier@NativeDll@<CrtImplementationDetails>@@0IB 0000000180009d30     MSVCRT:tncleanup.obj
 0002:00000fd8       ??_R4IGPIBDev@@6B@         0000000180009fd8     IGPIBDev.obj
 0002:00001008       ??_R3IGPIBDev@@8           000000018000a008     IGPIBDev.obj
 0002:00001020       ??_R2IGPIBDev@@8           000000018000a020     IGPIBDev.obj
 0002:00001030       ??_R1A@?0A@EA@IGPIBDev@@8  000000018000a030     IGPIBDev.obj
 0002:00001060       ??_R4viMemIO@@6B@          000000018000a060     viMemIO.obj
 0002:00001090       ??_R3viMemIO@@8            000000018000a090     viMemIO.obj
 0002:000010a8       ??_R2viMemIO@@8            000000018000a0a8     viMemIO.obj
 0002:000010b8       ??_R1A@?0A@EA@viMemIO@@8   000000018000a0b8     viMemIO.obj
 0002:000010e8       ??_R4viPCIDev@@6B@         000000018000a0e8     viPCIDev.obj
 0002:00001118       ??_R3viPCIDev@@8           000000018000a118     viPCIDev.obj
 0002:00001130       ??_R2viPCIDev@@8           000000018000a130     viPCIDev.obj
 0002:00001148       ??_R1A@?0A@EA@viPCIDev@@8  000000018000a148     viPCIDev.obj
 0002:00001178       ??_R1A@?0A@EA@IPCIDev@@8   000000018000a178     viPCIDev.obj
 0002:000011a8       ??_R3IPCIDev@@8            000000018000a1a8     viPCIDev.obj
 0002:000011c0       ??_R2IPCIDev@@8            000000018000a1c0     viPCIDev.obj
 0002:000011d0       ??_R4IPCIDev@@6B@          000000018000a1d0     viPCIDev.obj
 0002:00001200       ??_R4length_error@std@@6B@ 000000018000a200     viPCIDev.obj
 0002:00001230       ??_R3length_error@std@@8   000000018000a230     viPCIDev.obj
 0002:00001248       ??_R2length_error@std@@8   000000018000a248     viPCIDev.obj
 0002:00001270       ??_R1A@?0A@EA@length_error@std@@8 000000018000a270     viPCIDev.obj
 0002:000012a0       ??_R1A@?0A@EA@logic_error@std@@8 000000018000a2a0     viPCIDev.obj
 0002:000012d0       ??_R3logic_error@std@@8    000000018000a2d0     viPCIDev.obj
 0002:000012e8       ??_R2logic_error@std@@8    000000018000a2e8     viPCIDev.obj
 0002:00001300       ??_R1A@?0A@EA@exception@std@@8 000000018000a300     viPCIDev.obj
 0002:00001330       ??_R3exception@std@@8      000000018000a330     viPCIDev.obj
 0002:00001348       ??_R2exception@std@@8      000000018000a348     viPCIDev.obj
 0002:00001358       ??_R4logic_error@std@@6B@  000000018000a358     viPCIDev.obj
 0002:00001388       ??_R4bad_alloc@std@@6B@    000000018000a388     viPCIDev.obj
 0002:000013b8       ??_R3bad_alloc@std@@8      000000018000a3b8     viPCIDev.obj
 0002:000013d0       ??_R2bad_alloc@std@@8      000000018000a3d0     viPCIDev.obj
 0002:000013e8       ??_R1A@?0A@EA@bad_alloc@std@@8 000000018000a3e8     viPCIDev.obj
 0002:00001418       ??_R4wdPCIDev@@6B@         000000018000a418     wdPCIDev.obj
 0002:00001448       ??_R3wdPCIDev@@8           000000018000a448     wdPCIDev.obj
 0002:00001460       ??_R2wdPCIDev@@8           000000018000a460     wdPCIDev.obj
 0002:00001478       ??_R1A@?0A@EA@wdPCIDev@@8  000000018000a478     wdPCIDev.obj
 0002:000014a8       ??_R4type_info@@6B@        000000018000a4a8     MSVCRT:ti_inst.obj
 0002:000014d0       ??_R3type_info@@8          000000018000a4d0     MSVCRT:ti_inst.obj
 0002:000014e8       ??_R2type_info@@8          000000018000a4e8     MSVCRT:ti_inst.obj
 0002:000014f8       ??_R1A@?0A@EA@type_info@@8 000000018000a4f8     MSVCRT:ti_inst.obj
 0002:00001650       __rtc_iaa                  000000018000a650     MSVCRT:_initsect_.obj
 0002:00001760       __rtc_izz                  000000018000a760     MSVCRT:_initsect_.obj
 0002:00001870       __rtc_taa                  000000018000a870     MSVCRT:_initsect_.obj
 0002:00001980       __rtc_tzz                  000000018000a980     MSVCRT:_initsect_.obj
 0002:000027c8       _TI3?AVlength_error@std@@  000000018000b7c8     viPCIDev.obj
 0002:000027e8       _CTA3?AVlength_error@std@@ 000000018000b7e8     viPCIDev.obj
 0002:00002808       _CT??_R0?AVlength_error@std@@@8??0length_error@std@@QEAA@AEBV01@@Z64 000000018000b808     viPCIDev.obj
 0002:00002830       _CT??_R0?AVlogic_error@std@@@8??0logic_error@std@@QEAA@AEBV01@@Z64 000000018000b830     viPCIDev.obj
 0002:00002858       _CT??_R0?AVexception@std@@@8??0exception@std@@QEAA@AEBV01@@Z24 000000018000b858     viPCIDev.obj
 0002:00002880       _TI2?AVbad_alloc@std@@     000000018000b880     viPCIDev.obj
 0002:000028a0       _CTA2?AVbad_alloc@std@@    000000018000b8a0     viPCIDev.obj
 0002:000028b8       _CT??_R0?AVbad_alloc@std@@@8??0bad_alloc@std@@QEAA@AEBV01@@Z24 000000018000b8b8     viPCIDev.obj
 0003:00000010       ??_R0?AVIGPIBDev@@@8       000000018000d010     IGPIBDev.obj
 0003:00000048       ??_R0?AVviMemIO@@@8        000000018000d048     viMemIO.obj
 0003:00000080       ??_R0?AVviPCIDev@@@8       000000018000d080     viPCIDev.obj
 0003:000000a8       ??_R0?AVIPCIDev@@@8        000000018000d0a8     viPCIDev.obj
 0003:000000d0       ??_R0?AVlength_error@std@@@8 000000018000d0d0     viPCIDev.obj
 0003:00000100       ??_R0?AVlogic_error@std@@@8 000000018000d100     viPCIDev.obj
 0003:00000130       ??_R0?AVexception@std@@@8  000000018000d130     viPCIDev.obj
 0003:00000160       ??_R0?AVbad_alloc@std@@@8  000000018000d160     viPCIDev.obj
 0003:000001a0       ??_R0?AVwdPCIDev@@@8       000000018000d1a0     wdPCIDev.obj
 0003:000001c8       ??_R0?AVtype_info@@@8      000000018000d1c8     MSVCRT:ti_inst.obj
 0003:000001e8       __security_cookie          000000018000d1e8     MSVCRT:gs_cookie.obj
 0003:000001f0       __security_cookie_complement 000000018000d1f0     MSVCRT:gs_cookie.obj
 0003:00000200       __native_dllmain_reason    000000018000d200     MSVCRT:natstart.obj
 0003:00000204       __native_vcclrit_reason    000000018000d204     MSVCRT:natstart.obj
 0003:000008b0       _forceCRTManifestRTM       000000018000d8b0     MSVCRT:crtmanifestrtm.obj
 0003:000008b8       ?__type_info_root_node@@3U__type_info_node@@A 000000018000d8b8     MSVCRT:tncleanup.obj
 0003:000008c8       __native_startup_state     000000018000d8c8     <common>
 0003:000008d8       __native_startup_lock      000000018000d8d8     <common>
 0003:000008e0       __onexitend                000000018000d8e0     <common>
 0003:000008f8       __onexitbegin              000000018000d8f8     <common>
 0003:00000900       __dyn_tls_init_callback    000000018000d900     <common>
 0005:00000000       __IMPORT_DESCRIPTOR_MSVCP90 000000018000f000     msvcprt:MSVCP90.dll
 0005:00000014       __IMPORT_DESCRIPTOR_MSVCR90 000000018000f014     MSVCRT:MSVCR90.dll
 0005:00000028       __IMPORT_DESCRIPTOR_visa64 000000018000f028     visa64:visa64.dll
 0005:0000003c       __IMPORT_DESCRIPTOR_WDAPI1020 000000018000f03c     wdapi1020:WDAPI1020.dll
 0005:00000050       __IMPORT_DESCRIPTOR_KERNEL32 000000018000f050     kernel32:KERNEL32.dll
 0005:00000064       __NULL_IMPORT_DESCRIPTOR   000000018000f064     msvcprt:MSVCP90.dll
 0005:00000560       __imp_TerminateProcess     000000018000f560     kernel32:KERNEL32.dll
 0005:00000568       __imp_GetCurrentProcess    000000018000f568     kernel32:KERNEL32.dll
 0005:00000570       __imp_UnhandledExceptionFilter 000000018000f570     kernel32:KERNEL32.dll
 0005:00000578       __imp_SetUnhandledExceptionFilter 000000018000f578     kernel32:KERNEL32.dll
 0005:00000580       __imp_IsDebuggerPresent    000000018000f580     kernel32:KERNEL32.dll
 0005:00000588       __imp_RtlVirtualUnwind     000000018000f588     kernel32:KERNEL32.dll
 0005:00000590       __imp_RtlLookupFunctionEntry 000000018000f590     kernel32:KERNEL32.dll
 0005:00000598       __imp_RtlCaptureContext    000000018000f598     kernel32:KERNEL32.dll
 0005:000005a0       __imp_DisableThreadLibraryCalls 000000018000f5a0     kernel32:KERNEL32.dll
 0005:000005a8       __imp_QueryPerformanceCounter 000000018000f5a8     kernel32:KERNEL32.dll
 0005:000005b0       __imp_GetTickCount         000000018000f5b0     kernel32:KERNEL32.dll
 0005:000005b8       __imp_GetSystemTimeAsFileTime 000000018000f5b8     kernel32:KERNEL32.dll
 0005:000005c0       __imp_GetCurrentProcessId  000000018000f5c0     kernel32:KERNEL32.dll
 0005:000005c8       __imp_GetCurrentThreadId   000000018000f5c8     kernel32:KERNEL32.dll
 0005:000005d0       __imp_Sleep                000000018000f5d0     kernel32:KERNEL32.dll
 0005:000005d8       \177KERNEL32_NULL_THUNK_DATA 000000018000f5d8     kernel32:KERNEL32.dll
 0005:00000648       __imp_?clear@?$basic_string@DU?$char_traits@D@std@@V?$allocator@D@2@@std@@QEAAXXZ 000000018000f648     msvcprt:MSVCP90.dll
 0005:00000650       __imp_??4?$basic_string@DU?$char_traits@D@std@@V?$allocator@D@2@@std@@QEAAAEAV01@PEBD@Z 000000018000f650     msvcprt:MSVCP90.dll
 0005:00000658       __imp_?swap@?$basic_string@DU?$char_traits@D@std@@V?$allocator@D@2@@std@@QEAAXAEAV12@@Z 000000018000f658     msvcprt:MSVCP90.dll
 0005:00000660       __imp_??0?$basic_string@DU?$char_traits@D@std@@V?$allocator@D@2@@std@@QEAA@XZ 000000018000f660     msvcprt:MSVCP90.dll
 0005:00000668       __imp_??4?$basic_string@DU?$char_traits@D@std@@V?$allocator@D@2@@std@@QEAAAEAV01@AEBV01@@Z 000000018000f668     msvcprt:MSVCP90.dll
 0005:00000670       __imp_?c_str@?$basic_string@DU?$char_traits@D@std@@V?$allocator@D@2@@std@@QEBAPEBDXZ 000000018000f670     msvcprt:MSVCP90.dll
 0005:00000678       __imp_??0?$basic_string@DU?$char_traits@D@std@@V?$allocator@D@2@@std@@QEAA@AEBV01@@Z 000000018000f678     msvcprt:MSVCP90.dll
 0005:00000680       __imp_?length@?$basic_string@DU?$char_traits@D@std@@V?$allocator@D@2@@std@@QEBA_KXZ 000000018000f680     msvcprt:MSVCP90.dll
 0005:00000688       __imp_?copy@?$basic_string@DU?$char_traits@D@std@@V?$allocator@D@2@@std@@QEBA_KPEAD_K1@Z 000000018000f688     msvcprt:MSVCP90.dll
 0005:00000690       __imp_??0?$basic_string@DU?$char_traits@D@std@@V?$allocator@D@2@@std@@QEAA@PEBD@Z 000000018000f690     msvcprt:MSVCP90.dll
 0005:00000698       __imp_??1?$basic_string@DU?$char_traits@D@std@@V?$allocator@D@2@@std@@QEAA@XZ 000000018000f698     msvcprt:MSVCP90.dll
 0005:000006a0       \177MSVCP90_NULL_THUNK_DATA 000000018000f6a0     msvcprt:MSVCP90.dll
 0005:00000708       __imp__malloc_crt          000000018000f708     MSVCRT:MSVCR90.dll
 0005:00000710       __imp__initterm            000000018000f710     MSVCRT:MSVCR90.dll
 0005:00000718       __imp__initterm_e          000000018000f718     MSVCRT:MSVCR90.dll
 0005:00000720       __imp_free                 000000018000f720     MSVCRT:MSVCR90.dll
 0005:00000728       __imp__encoded_null        000000018000f728     MSVCRT:MSVCR90.dll
 0005:00000730       __imp__decode_pointer      000000018000f730     MSVCRT:MSVCR90.dll
 0005:00000738       __imp__amsg_exit           000000018000f738     MSVCRT:MSVCR90.dll
 0005:00000740       __imp___C_specific_handler 000000018000f740     MSVCRT:MSVCR90.dll
 0005:00000748       __imp___CppXcptFilter      000000018000f748     MSVCRT:MSVCR90.dll
 0005:00000750       __imp_?terminate@@YAXXZ    000000018000f750     MSVCRT:MSVCR90.dll
 0005:00000758       __imp_?_type_info_dtor_internal_method@type_info@@QEAAXXZ 000000018000f758     MSVCRT:MSVCR90.dll
 0005:00000760       __imp___crt_debugger_hook  000000018000f760     MSVCRT:MSVCR90.dll
 0005:00000768       __imp___clean_type_info_names_internal 000000018000f768     MSVCRT:MSVCR90.dll
 0005:00000770       __imp__unlock              000000018000f770     MSVCRT:MSVCR90.dll
 0005:00000778       __imp___dllonexit          000000018000f778     MSVCRT:MSVCR90.dll
 0005:00000780       __imp__lock                000000018000f780     MSVCRT:MSVCR90.dll
 0005:00000788       __imp__encode_pointer      000000018000f788     MSVCRT:MSVCR90.dll
 0005:00000790       __imp__purecall            000000018000f790     MSVCRT:MSVCR90.dll
 0005:00000798       __imp_??3@YAXPEAX@Z        000000018000f798     MSVCRT:MSVCR90.dll
 0005:000007a0       __imp_strlen               000000018000f7a0     MSVCRT:MSVCR90.dll
 0005:000007a8       __imp_vsprintf_s           000000018000f7a8     MSVCRT:MSVCR90.dll
 0005:000007b0       __imp_memset               000000018000f7b0     MSVCRT:MSVCR90.dll
 0005:000007b8       __imp___CxxFrameHandler3   000000018000f7b8     MSVCRT:MSVCR90.dll
 0005:000007c0       __imp_strcpy               000000018000f7c0     MSVCRT:MSVCR90.dll
 0005:000007c8       __imp__CxxThrowException   000000018000f7c8     MSVCRT:MSVCR90.dll
 0005:000007d0       __imp__invalid_parameter_noinfo 000000018000f7d0     MSVCRT:MSVCR90.dll
 0005:000007d8       __imp_??0exception@std@@QEAA@AEBV01@@Z 000000018000f7d8     MSVCRT:MSVCR90.dll
 0005:000007e0       __imp_??1exception@std@@UEAA@XZ 000000018000f7e0     MSVCRT:MSVCR90.dll
 0005:000007e8       __imp_??0exception@std@@QEAA@XZ 000000018000f7e8     MSVCRT:MSVCR90.dll
 0005:000007f0       __imp_??2@YAPEAX_K@Z       000000018000f7f0     MSVCRT:MSVCR90.dll
 0005:000007f8       __imp__onexit              000000018000f7f8     MSVCRT:MSVCR90.dll
 0005:00000800       __imp_??0exception@std@@QEAA@AEBQEBD@Z 000000018000f800     MSVCRT:MSVCR90.dll
 0005:00000808       __imp_?what@exception@std@@UEBAPEBDXZ 000000018000f808     MSVCRT:MSVCR90.dll
 0005:00000810       \177MSVCR90_NULL_THUNK_DATA 000000018000f810     MSVCRT:MSVCR90.dll
 0005:00000898       __imp_WDC_DriverOpen       000000018000f898     wdapi1020:WDAPI1020.dll
 0005:000008a0       __imp_WDC_PciScanDevices   000000018000f8a0     wdapi1020:WDAPI1020.dll
 0005:000008a8       \177WDAPI1020_NULL_THUNK_DATA 000000018000f8a8     wdapi1020:WDAPI1020.dll
 0005:00000900       __imp_viIn8                000000018000f900     visa64:visa64.dll
 0005:00000908       __imp_viIn16               000000018000f908     visa64:visa64.dll
 0005:00000910       __imp_viIn32               000000018000f910     visa64:visa64.dll
 0005:00000918       __imp_viOut32              000000018000f918     visa64:visa64.dll
 0005:00000920       __imp_viPeek32             000000018000f920     visa64:visa64.dll
 0005:00000928       __imp_viOpenDefaultRM      000000018000f928     visa64:visa64.dll
 0005:00000930       __imp_viOut16              000000018000f930     visa64:visa64.dll
 0005:00000938       __imp_viPoke32             000000018000f938     visa64:visa64.dll
 0005:00000940       __imp_viOut8               000000018000f940     visa64:visa64.dll
 0005:00000948       __imp_viFindRsrc           000000018000f948     visa64:visa64.dll
 0005:00000950       __imp_viFindNext           000000018000f950     visa64:visa64.dll
 0005:00000958       __imp_viMoveIn16           000000018000f958     visa64:visa64.dll
 0005:00000960       __imp_viMoveIn8            000000018000f960     visa64:visa64.dll
 0005:00000968       __imp_viMoveOut32          000000018000f968     visa64:visa64.dll
 0005:00000970       __imp_viMoveOut16          000000018000f970     visa64:visa64.dll
 0005:00000978       __imp_viMoveOut8           000000018000f978     visa64:visa64.dll
 0005:00000980       __imp_viMemFree            000000018000f980     visa64:visa64.dll
 0005:00000988       __imp_viMemAlloc           000000018000f988     visa64:visa64.dll
 0005:00000990       __imp_viGetAttribute       000000018000f990     visa64:visa64.dll
 0005:00000998       __imp_viRead               000000018000f998     visa64:visa64.dll
 0005:000009a0       __imp_viWrite              000000018000f9a0     visa64:visa64.dll
 0005:000009a8       __imp_viOpen               000000018000f9a8     visa64:visa64.dll
 0005:000009b0       __imp_viSetAttribute       000000018000f9b0     visa64:visa64.dll
 0005:000009b8       __imp_viClose              000000018000f9b8     visa64:visa64.dll
 0005:000009c0       __imp_viMoveIn32           000000018000f9c0     visa64:visa64.dll
 0005:000009c8       \177visa64_NULL_THUNK_DATA 000000018000f9c8     visa64:visa64.dll
 0006:00000000       ?g_RsrcMgr@@3KA            0000000180011000     viPCIDev.obj

 entry point at        0001:00004d1c


 Exports

  ordinal    name

        1    ??0IGPIBDev@@QEAA@XZ (public: __cdecl IGPIBDev::IGPIBDev(void))
        2    ??0viMemIO@@QEAA@XZ (public: __cdecl viMemIO::viMemIO(void))
        3    ??0viPCIDev@@QEAA@PEBD@Z (public: __cdecl viPCIDev::viPCIDev(char const *))
        4    ??0viPCIDev@@QEAA@XZ (public: __cdecl viPCIDev::viPCIDev(void))
        5    ??0wdPCIDev@@QEAA@PEBD@Z (public: __cdecl wdPCIDev::wdPCIDev(char const *))
        6    ??0wdPCIDev@@QEAA@XZ (public: __cdecl wdPCIDev::wdPCIDev(void))
        7    ??1IGPIBDev@@UEAA@XZ (public: virtual __cdecl IGPIBDev::~IGPIBDev(void))
        8    ??1viMemIO@@UEAA@XZ (public: virtual __cdecl viMemIO::~viMemIO(void))
        9    ??1viPCIDev@@UEAA@XZ (public: virtual __cdecl viPCIDev::~viPCIDev(void))
       10    ??1wdPCIDev@@UEAA@XZ (public: virtual __cdecl wdPCIDev::~wdPCIDev(void))
       11    ??4viMemIO@@QEAAAEAV0@AEAV0@@Z (public: class viMemIO & __cdecl viMemIO::operator=(class viMemIO &))
       12    ?Alloc@viMemIO@@QEAAJK@Z (public: long __cdecl viMemIO::Alloc(unsigned long))
       13    ?Close@viPCIDev@@UEAAJXZ (public: virtual long __cdecl viPCIDev::Close(void))
       14    ?Close@wdPCIDev@@UEAAJXZ (public: virtual long __cdecl wdPCIDev::Close(void))
       15    ?GetDefaultRM@viPCIDev@@SAKXZ (public: static unsigned long __cdecl viPCIDev::GetDefaultRM(void))
       16    ?GetDes@viPCIDev@@UEAAPEADXZ (public: virtual char * __cdecl viPCIDev::GetDes(void))
       17    ?GetDes@wdPCIDev@@UEAAPEADXZ (public: virtual char * __cdecl wdPCIDev::GetDes(void))
       18    ?GetDevices@viPCIDev@@UEAAJAEAV?$vector@V?$basic_string@DU?$char_traits@D@std@@V?$allocator@D@2@@std@@V?$allocator@V?$basic_string@DU?$char_traits@D@std@@V?$allocator@D@2@@std@@@2@@std@@@Z (public: virtual long __cdecl viPCIDev::GetDevices(class std::vector<class std::basic_string<char,struct std::char_traits<char>,class std::allocator<char> >,class std::allocator<class std::basic_string<char,struct std::char_traits<char>,class std::allocator<char> > > > &))
       19    ?GetDevices@wdPCIDev@@UEAAJAEAV?$vector@V?$basic_string@DU?$char_traits@D@std@@V?$allocator@D@2@@std@@V?$allocator@V?$basic_string@DU?$char_traits@D@std@@V?$allocator@D@2@@std@@@2@@std@@@Z (public: virtual long __cdecl wdPCIDev::GetDevices(class std::vector<class std::basic_string<char,struct std::char_traits<char>,class std::allocator<char> >,class std::allocator<class std::basic_string<char,struct std::char_traits<char>,class std::allocator<char> > > > &))
       20    ?Init@IGPIBDev@@UEAA_NPEAD@Z (public: virtual bool __cdecl IGPIBDev::Init(char *))
       21    ?Init@viPCIDev@@UEAAJQEAD@Z (public: virtual long __cdecl viPCIDev::Init(char * const))
       22    ?Init@viPCIDev@@UEAAJQEADKK@Z (public: virtual long __cdecl viPCIDev::Init(char * const,unsigned long,unsigned long))
       23    ?Init@viPCIDev@@UEAAJV?$basic_string@DU?$char_traits@D@std@@V?$allocator@D@2@@std@@@Z (public: virtual long __cdecl viPCIDev::Init(class std::basic_string<char,struct std::char_traits<char>,class std::allocator<char> >))
       24    ?Init@viPCIDev@@UEAAJV?$basic_string@DU?$char_traits@D@std@@V?$allocator@D@2@@std@@KK@Z (public: virtual long __cdecl viPCIDev::Init(class std::basic_string<char,struct std::char_traits<char>,class std::allocator<char> >,unsigned long,unsigned long))
       25    ?Init@wdPCIDev@@UEAAJV?$basic_string@DU?$char_traits@D@std@@V?$allocator@D@2@@std@@@Z (public: virtual long __cdecl wdPCIDev::Init(class std::basic_string<char,struct std::char_traits<char>,class std::allocator<char> >))
       26    ?Init@wdPCIDev@@UEAAJV?$basic_string@DU?$char_traits@D@std@@V?$allocator@D@2@@std@@KK@Z (public: virtual long __cdecl wdPCIDev::Init(class std::basic_string<char,struct std::char_traits<char>,class std::allocator<char> >,unsigned long,unsigned long))
       27    ?LLAR32@viPCIDev@@UEAAJKPEAK@Z (public: virtual long __cdecl viPCIDev::LLAR32(unsigned long,unsigned long *))
       28    ?LLAR32@wdPCIDev@@UEAAJKPEAK@Z (public: virtual long __cdecl wdPCIDev::LLAR32(unsigned long,unsigned long *))
       29    ?LLAW32@viPCIDev@@UEAAJKK@Z (public: virtual long __cdecl viPCIDev::LLAW32(unsigned long,unsigned long))
       30    ?LLAW32@wdPCIDev@@UEAAJKK@Z (public: virtual long __cdecl wdPCIDev::LLAW32(unsigned long,unsigned long))
       31    ?OpenDefaultRM@viPCIDev@@SAJXZ (public: static long __cdecl viPCIDev::OpenDefaultRM(void))
       32    ?R16@viPCIDev@@UEAAJW4AS@IPCIDev@@KPEAG@Z (public: virtual long __cdecl viPCIDev::R16(enum IPCIDev::AS,unsigned long,unsigned short *))
       33    ?R16@wdPCIDev@@UEAAJW4AS@IPCIDev@@KPEAG@Z (public: virtual long __cdecl wdPCIDev::R16(enum IPCIDev::AS,unsigned long,unsigned short *))
       34    ?R32@viPCIDev@@UEAAJW4AS@IPCIDev@@KPEAK@Z (public: virtual long __cdecl viPCIDev::R32(enum IPCIDev::AS,unsigned long,unsigned long *))
       35    ?R32@wdPCIDev@@UEAAJW4AS@IPCIDev@@KPEAK@Z (public: virtual long __cdecl wdPCIDev::R32(enum IPCIDev::AS,unsigned long,unsigned long *))
       36    ?R8@viPCIDev@@UEAAJW4AS@IPCIDev@@KPEAE@Z (public: virtual long __cdecl viPCIDev::R8(enum IPCIDev::AS,unsigned long,unsigned char *))
       37    ?R8@wdPCIDev@@UEAAJW4AS@IPCIDev@@KPEAE@Z (public: virtual long __cdecl wdPCIDev::R8(enum IPCIDev::AS,unsigned long,unsigned char *))
       38    ?Read16@viMemIO@@UEAAJPEAGK@Z (public: virtual long __cdecl viMemIO::Read16(unsigned short *,unsigned long))
       39    ?Read32@viMemIO@@UEAAJPEAKK@Z (public: virtual long __cdecl viMemIO::Read32(unsigned long *,unsigned long))
       40    ?Read8@viMemIO@@UEAAJPEAEK@Z (public: virtual long __cdecl viMemIO::Read8(unsigned char *,unsigned long))
       41    ?Read@IGPIBDev@@UEAA_NPEADKK@Z (public: virtual bool __cdecl IGPIBDev::Read(char *,unsigned long,unsigned long))
       42    ?Release@viMemIO@@QEAAJXZ (public: long __cdecl viMemIO::Release(void))
       43    ?W16@viPCIDev@@UEAAJW4AS@IPCIDev@@KG@Z (public: virtual long __cdecl viPCIDev::W16(enum IPCIDev::AS,unsigned long,unsigned short))
       44    ?W16@wdPCIDev@@UEAAJW4AS@IPCIDev@@KG@Z (public: virtual long __cdecl wdPCIDev::W16(enum IPCIDev::AS,unsigned long,unsigned short))
       45    ?W32@viPCIDev@@UEAAJW4AS@IPCIDev@@KK@Z (public: virtual long __cdecl viPCIDev::W32(enum IPCIDev::AS,unsigned long,unsigned long))
       46    ?W32@viPCIDev@@UEAAJW4AS@IPCIDev@@KKPEAK@Z (public: virtual long __cdecl viPCIDev::W32(enum IPCIDev::AS,unsigned long,unsigned long,unsigned long *))
       47    ?W32@wdPCIDev@@UEAAJW4AS@IPCIDev@@KK@Z (public: virtual long __cdecl wdPCIDev::W32(enum IPCIDev::AS,unsigned long,unsigned long))
       48    ?W32@wdPCIDev@@UEAAJW4AS@IPCIDev@@KKPEAK@Z (public: virtual long __cdecl wdPCIDev::W32(enum IPCIDev::AS,unsigned long,unsigned long,unsigned long *))
       49    ?W8@viPCIDev@@UEAAJW4AS@IPCIDev@@KE@Z (public: virtual long __cdecl viPCIDev::W8(enum IPCIDev::AS,unsigned long,unsigned char))
       50    ?W8@wdPCIDev@@UEAAJW4AS@IPCIDev@@KE@Z (public: virtual long __cdecl wdPCIDev::W8(enum IPCIDev::AS,unsigned long,unsigned char))
       51    ?Write16@viMemIO@@UEAAJPEAGK@Z (public: virtual long __cdecl viMemIO::Write16(unsigned short *,unsigned long))
       52    ?Write32@viMemIO@@UEAAJPEAKK@Z (public: virtual long __cdecl viMemIO::Write32(unsigned long *,unsigned long))
       53    ?Write8@viMemIO@@UEAAJPEAEK@Z (public: virtual long __cdecl viMemIO::Write8(unsigned char *,unsigned long))
       54    ?Write@IGPIBDev@@UEAA_NPEBDZZ (public: virtual bool __cdecl IGPIBDev::Write(char const *,...))
