 libSP1401

 Timestamp is 59ddf814 (Wed Oct 11 18:53:08 2017)

 Preferred load address is 0000000180000000

 Start         Length     Name                   Class
 0001:00000000 000c1459H .text                   CODE
 0001:000c1460 00001075H .text$00                CODE
 0001:000c24e0 00006b32H .text$x                 CODE
 0001:000c9020 00001029H .text$yc                CODE
 0001:000ca050 0000101aH .text$yd                CODE
 0002:00000000 00000109H .CRT$XCA                DATA
 0002:00000110 00000109H .CRT$XCU                DATA
 0002:00000220 00000109H .CRT$XCZ                DATA
 0002:00000330 00000109H .CRT$XIA                DATA
 0002:00000440 00000109H .CRT$XIAA               DATA
 0002:00000550 00000109H .CRT$XIZ                DATA
 0002:00000660 00028d9aH .rdata                  DATA
 0002:000293fc 00000148H .rdata$debug            DATA
 0002:00029548 00001786H .rdata$r                DATA
 0002:0002acd0 00000109H .rtc$IAA                DATA
 0002:0002ade0 00000109H .rtc$IZZ                DATA
 0002:0002aef0 00000109H .rtc$TAA                DATA
 0002:0002b000 00000109H .rtc$TZZ                DATA
 0002:0002b110 0000930eH .xdata                  DATA
 0002:00034420 000002abH .xdata$x                DATA
 0002:000346d0 000088c8H .edata                  DATA
 0003:00000000 00000a88H .data                   DATA
 0003:00000a90 00000628H .bss                    DATA
 0004:00000000 000052a4H .pdata                  DATA
 0005:00000000 0000008cH .idata$2                DATA
 0005:0000008c 00000014H .idata$3                DATA
 0005:000000a0 00000690H .idata$4                DATA
 0005:00000730 00000690H .idata$5                DATA
 0005:00000dc0 00000c55H .idata$6                DATA

  Address         Publics by Value              Rva+Base               Lib:Object

 0000:00000000       ___safe_se_handler_table   0000000000000000     <absolute>
 0000:00000000       ___safe_se_handler_count   0000000000000000     <absolute>
 0000:00000000       __ImageBase                0000000180000000     <linker-defined>
 0001:00003b40       ??0ArbReader@@QEAA@XZ      0000000180004b40 f   ArbReader.obj
 0001:00003b60       ??1ArbReader@@QEAA@XZ      0000000180004b60 f   ArbReader.obj
 0001:00003b90       ?Load@ArbReader@@QEAAHPEBD@Z 0000000180004b90 f   ArbReader.obj
 0001:00003c30       ?Load@ArbReader@@QEAAPEAU_iobuf@@PEAUParam_t@1@PEAV?$vector@V?$vector@UData_t@ArbReader@@V?$allocator@UData_t@ArbReader@@@std@@@std@@V?$allocator@V?$vector@UData_t@ArbReader@@V?$allocator@UData_t@ArbReader@@@std@@@std@@@2@@std@@@Z 0000000180004c30 f   ArbReader.obj
 0001:00004300       ?IsLoaded@ArbReader@@QEAA_NXZ 0000000180005300 f   ArbReader.obj
 0001:00004330       ?Show@ArbReader@@AEAAXPEBUFileHeader_t@1@@Z 0000000180005330 f   ArbReader.obj
 0001:00004350       ?Show@ArbReader@@AEAAXPEBUSegHeader_t@1@@Z 0000000180005350 f   ArbReader.obj
 0001:00004370       ?Show@ArbReader@@AEAAXAEAV?$list@UMarker_t@ArbReader@@V?$allocator@UMarker_t@ArbReader@@@std@@@std@@@Z 0000000180005370 f   ArbReader.obj
 0001:00004390       ?Show@ArbReader@@AEAAXPEBUData_t@1@@Z 0000000180005390 f   ArbReader.obj
 0001:000043e0       ?GetFileInfo@ArbReader@@QEAAHPEAD@Z 00000001800053e0 f   ArbReader.obj
 0001:00005410       ??1?$_Iterator@$00@?$list@USegHeader_t@ArbReader@@V?$allocator@USegHeader_t@ArbReader@@@std@@@std@@QEAA@XZ 0000000180006410 f i ArbReader.obj
 0001:00005430       ??4?$_Iterator@$00@?$list@USegHeader_t@ArbReader@@V?$allocator@USegHeader_t@ArbReader@@@std@@@std@@QEAAAEAV012@AEBV012@@Z 0000000180006430 f i ArbReader.obj
 0001:00005460       ??1?$_Const_iterator@$00@?$list@USegHeader_t@ArbReader@@V?$allocator@USegHeader_t@ArbReader@@@std@@@std@@QEAA@XZ 0000000180006460 f i ArbReader.obj
 0001:00005480       ??4?$_Const_iterator@$00@?$list@USegHeader_t@ArbReader@@V?$allocator@USegHeader_t@ArbReader@@@std@@@std@@QEAAAEAV012@AEBV012@@Z 0000000180006480 f i ArbReader.obj
 0001:000054d0       ??1?$_Bidit@USegHeader_t@ArbReader@@_JPEBU12@AEBU12@@std@@QEAA@XZ 00000001800064d0 f i ArbReader.obj
 0001:000054f0       ??4?$_Bidit@USegHeader_t@ArbReader@@_JPEBU12@AEBU12@@std@@QEAAAEAU01@AEBU01@@Z 00000001800064f0 f i ArbReader.obj
 0001:00005520       ??1?$_Iterator_with_base@Ubidirectional_iterator_tag@std@@USegHeader_t@ArbReader@@_JPEBU34@AEBU34@V_Iterator_base@2@@std@@QEAA@XZ 0000000180006520 f i ArbReader.obj
 0001:00005540       ??1_Iterator_base@std@@QEAA@XZ 0000000180006540 f i ArbReader.obj
 0001:00005590       ?_Orphan_me@_Iterator_base@std@@QEAAXXZ 0000000180006590 f i ArbReader.obj
 0001:00005660       ??4?$_Iterator_with_base@Ubidirectional_iterator_tag@std@@USegHeader_t@ArbReader@@_JPEBU34@AEBU34@V_Iterator_base@2@@std@@QEAAAEAU01@AEBU01@@Z 0000000180006660 f i ArbReader.obj
 0001:00005690       ??4_Iterator_base@std@@QEAAAEAV01@AEBV01@@Z 0000000180006690 f i ArbReader.obj
 0001:00005720       ?_Adopt@_Iterator_base@std@@QEAAXPEBV_Container_base_secure@2@@Z 0000000180006720 f i ArbReader.obj
 0001:000057e0       ??1?$_Iterator@$00@?$list@V?$list@UMarker_t@ArbReader@@V?$allocator@UMarker_t@ArbReader@@@std@@@std@@V?$allocator@V?$list@UMarker_t@ArbReader@@V?$allocator@UMarker_t@ArbReader@@@std@@@std@@@2@@std@@QEAA@XZ 00000001800067e0 f i ArbReader.obj
 0001:00005800       ??0Param_t@ArbReader@@QEAA@XZ 0000000180006800 f i ArbReader.obj
 0001:00005870       ??1Param_t@ArbReader@@QEAA@XZ 0000000180006870 f i ArbReader.obj
 0001:000058d0       ??4?$_Iterator@$00@?$list@V?$list@UMarker_t@ArbReader@@V?$allocator@UMarker_t@ArbReader@@@std@@@std@@V?$allocator@V?$list@UMarker_t@ArbReader@@V?$allocator@UMarker_t@ArbReader@@@std@@@std@@@2@@std@@QEAAAEAV012@AEBV012@@Z 00000001800068d0 f i ArbReader.obj
 0001:00005900       ??1?$_Const_iterator@$00@?$list@UMarker_t@ArbReader@@V?$allocator@UMarker_t@ArbReader@@@std@@@std@@QEAA@XZ 0000000180006900 f i ArbReader.obj
 0001:00005920       ??1?$_Iterator@$00@?$list@UMarker_t@ArbReader@@V?$allocator@UMarker_t@ArbReader@@@std@@@std@@QEAA@XZ 0000000180006920 f i ArbReader.obj
 0001:00005940       ??4?$_Const_iterator@$00@?$list@UMarker_t@ArbReader@@V?$allocator@UMarker_t@ArbReader@@@std@@@std@@QEAAAEAV012@AEBV012@@Z 0000000180006940 f i ArbReader.obj
 0001:00005990       ??1?$_Const_iterator@$00@?$list@V?$list@UMarker_t@ArbReader@@V?$allocator@UMarker_t@ArbReader@@@std@@@std@@V?$allocator@V?$list@UMarker_t@ArbReader@@V?$allocator@UMarker_t@ArbReader@@@std@@@std@@@2@@std@@QEAA@XZ 0000000180006990 f i ArbReader.obj
 0001:000059b0       ??4?$_Const_iterator@$00@?$list@V?$list@UMarker_t@ArbReader@@V?$allocator@UMarker_t@ArbReader@@@std@@@std@@V?$allocator@V?$list@UMarker_t@ArbReader@@V?$allocator@UMarker_t@ArbReader@@@std@@@std@@@2@@std@@QEAAAEAV012@AEBV012@@Z 00000001800069b0 f i ArbReader.obj
 0001:00005a00       ??1?$_Bidit@UMarker_t@ArbReader@@_JPEBU12@AEBU12@@std@@QEAA@XZ 0000000180006a00 f i ArbReader.obj
 0001:00005a20       ??4?$_Bidit@UMarker_t@ArbReader@@_JPEBU12@AEBU12@@std@@QEAAAEAU01@AEBU01@@Z 0000000180006a20 f i ArbReader.obj
 0001:00005a50       ??1?$_Bidit@V?$list@UMarker_t@ArbReader@@V?$allocator@UMarker_t@ArbReader@@@std@@@std@@_JPEBV12@AEBV12@@std@@QEAA@XZ 0000000180006a50 f i ArbReader.obj
 0001:00005a70       ??4?$_Bidit@V?$list@UMarker_t@ArbReader@@V?$allocator@UMarker_t@ArbReader@@@std@@@std@@_JPEBV12@AEBV12@@std@@QEAAAEAU01@AEBU01@@Z 0000000180006a70 f i ArbReader.obj
 0001:00005aa0       ??1?$_Iterator_with_base@Ubidirectional_iterator_tag@std@@UMarker_t@ArbReader@@_JPEBU34@AEBU34@V_Iterator_base@2@@std@@QEAA@XZ 0000000180006aa0 f i ArbReader.obj
 0001:00005ac0       ??4?$_Iterator_with_base@Ubidirectional_iterator_tag@std@@UMarker_t@ArbReader@@_JPEBU34@AEBU34@V_Iterator_base@2@@std@@QEAAAEAU01@AEBU01@@Z 0000000180006ac0 f i ArbReader.obj
 0001:00005af0       ??1?$_Iterator_with_base@Ubidirectional_iterator_tag@std@@V?$list@UMarker_t@ArbReader@@V?$allocator@UMarker_t@ArbReader@@@std@@@2@_JPEBV32@AEBV32@V_Iterator_base@2@@std@@QEAA@XZ 0000000180006af0 f i ArbReader.obj
 0001:00005b10       ??4?$_Iterator_with_base@Ubidirectional_iterator_tag@std@@V?$list@UMarker_t@ArbReader@@V?$allocator@UMarker_t@ArbReader@@@std@@@2@_JPEBV32@AEBV32@V_Iterator_base@2@@std@@QEAAAEAU01@AEBU01@@Z 0000000180006b10 f i ArbReader.obj
 0001:00005b40       ??0?$list@USegHeader_t@ArbReader@@V?$allocator@USegHeader_t@ArbReader@@@std@@@std@@QEAA@XZ 0000000180006b40 f i ArbReader.obj
 0001:00005bc0       ??1?$list@USegHeader_t@ArbReader@@V?$allocator@USegHeader_t@ArbReader@@@std@@@std@@QEAA@XZ 0000000180006bc0 f i ArbReader.obj
 0001:00005c00       ??4?$list@USegHeader_t@ArbReader@@V?$allocator@USegHeader_t@ArbReader@@@std@@@std@@QEAAAEAV01@AEBV01@@Z 0000000180006c00 f i ArbReader.obj
 0001:00005cd0       ?begin@?$list@USegHeader_t@ArbReader@@V?$allocator@USegHeader_t@ArbReader@@@std@@@std@@QEAA?AV?$_Iterator@$00@12@XZ 0000000180006cd0 f i ArbReader.obj
 0001:00005d30       ?end@?$list@USegHeader_t@ArbReader@@V?$allocator@USegHeader_t@ArbReader@@@std@@@std@@QEAA?AV?$_Iterator@$00@12@XZ 0000000180006d30 f i ArbReader.obj
 0001:00005d90       ?push_back@?$list@USegHeader_t@ArbReader@@V?$allocator@USegHeader_t@ArbReader@@@std@@@std@@QEAAXAEBUSegHeader_t@ArbReader@@@Z 0000000180006d90 f i ArbReader.obj
 0001:00005e40       ?clear@?$list@USegHeader_t@ArbReader@@V?$allocator@USegHeader_t@ArbReader@@@std@@@std@@QEAAXXZ 0000000180006e40 f i ArbReader.obj
 0001:00005f50       ??0?$list@UArbSeg_t@@V?$allocator@UArbSeg_t@@@std@@@std@@QEAA@XZ 0000000180006f50 f i ArbReader.obj
 0001:00005fd0       ??1?$list@UArbSeg_t@@V?$allocator@UArbSeg_t@@@std@@@std@@QEAA@XZ 0000000180006fd0 f i ArbReader.obj
 0001:00006010       ??4?$list@UArbSeg_t@@V?$allocator@UArbSeg_t@@@std@@@std@@QEAAAEAV01@AEBV01@@Z 0000000180007010 f i ArbReader.obj
 0001:000060e0       ?push_back@?$list@UArbSeg_t@@V?$allocator@UArbSeg_t@@@std@@@std@@QEAAXAEBUArbSeg_t@@@Z 00000001800070e0 f i ArbReader.obj
 0001:00006190       ?clear@?$list@UArbSeg_t@@V?$allocator@UArbSeg_t@@@std@@@std@@QEAAXXZ 0000000180007190 f i ArbReader.obj
 0001:000062a0       ??0?$list@V?$list@UMarker_t@ArbReader@@V?$allocator@UMarker_t@ArbReader@@@std@@@std@@V?$allocator@V?$list@UMarker_t@ArbReader@@V?$allocator@UMarker_t@ArbReader@@@std@@@std@@@2@@std@@QEAA@XZ 00000001800072a0 f i ArbReader.obj
 0001:00006320       ??1?$list@V?$list@UMarker_t@ArbReader@@V?$allocator@UMarker_t@ArbReader@@@std@@@std@@V?$allocator@V?$list@UMarker_t@ArbReader@@V?$allocator@UMarker_t@ArbReader@@@std@@@std@@@2@@std@@QEAA@XZ 0000000180007320 f i ArbReader.obj
 0001:00006360       ??4?$list@V?$list@UMarker_t@ArbReader@@V?$allocator@UMarker_t@ArbReader@@@std@@@std@@V?$allocator@V?$list@UMarker_t@ArbReader@@V?$allocator@UMarker_t@ArbReader@@@std@@@std@@@2@@std@@QEAAAEAV01@AEBV01@@Z 0000000180007360 f i ArbReader.obj
 0001:00006430       ?begin@?$list@V?$list@UMarker_t@ArbReader@@V?$allocator@UMarker_t@ArbReader@@@std@@@std@@V?$allocator@V?$list@UMarker_t@ArbReader@@V?$allocator@UMarker_t@ArbReader@@@std@@@std@@@2@@std@@QEAA?AV?$_Iterator@$00@12@XZ 0000000180007430 f i ArbReader.obj
 0001:00006490       ?push_back@?$list@V?$list@UMarker_t@ArbReader@@V?$allocator@UMarker_t@ArbReader@@@std@@@std@@V?$allocator@V?$list@UMarker_t@ArbReader@@V?$allocator@UMarker_t@ArbReader@@@std@@@std@@@2@@std@@QEAAXAEBV?$list@UMarker_t@ArbReader@@V?$allocator@UMarker_t@ArbReader@@@std@@@2@@Z 0000000180007490 f i ArbReader.obj
 0001:00006540       ?clear@?$list@V?$list@UMarker_t@ArbReader@@V?$allocator@UMarker_t@ArbReader@@@std@@@std@@V?$allocator@V?$list@UMarker_t@ArbReader@@V?$allocator@UMarker_t@ArbReader@@@std@@@std@@@2@@std@@QEAAXXZ 0000000180007540 f i ArbReader.obj
 0001:00006650       ??0?$_Iterator@$00@?$list@USegHeader_t@ArbReader@@V?$allocator@USegHeader_t@ArbReader@@@std@@@std@@QEAA@XZ 0000000180007650 f i ArbReader.obj
 0001:00006680       ??C?$_Iterator@$00@?$list@USegHeader_t@ArbReader@@V?$allocator@USegHeader_t@ArbReader@@@std@@@std@@QEBAPEAUSegHeader_t@ArbReader@@XZ 0000000180007680 f i ArbReader.obj
 0001:000066a0       ??E?$_Iterator@$00@?$list@USegHeader_t@ArbReader@@V?$allocator@USegHeader_t@ArbReader@@@std@@@std@@QEAA?AV012@H@Z 00000001800076a0 f i ArbReader.obj
 0001:00006730       ??9?$_Const_iterator@$00@?$list@USegHeader_t@ArbReader@@V?$allocator@USegHeader_t@ArbReader@@@std@@@std@@QEBA_NAEBV012@@Z 0000000180007730 f i ArbReader.obj
 0001:00006780       ??0?$list@UMarker_t@ArbReader@@V?$allocator@UMarker_t@ArbReader@@@std@@@std@@QEAA@XZ 0000000180007780 f i ArbReader.obj
 0001:00006800       ??1?$list@UMarker_t@ArbReader@@V?$allocator@UMarker_t@ArbReader@@@std@@@std@@QEAA@XZ 0000000180007800 f i ArbReader.obj
 0001:00006840       ?begin@?$list@UMarker_t@ArbReader@@V?$allocator@UMarker_t@ArbReader@@@std@@@std@@QEAA?AV?$_Iterator@$00@12@XZ 0000000180007840 f i ArbReader.obj
 0001:000068a0       ?end@?$list@UMarker_t@ArbReader@@V?$allocator@UMarker_t@ArbReader@@@std@@@std@@QEAA?AV?$_Iterator@$00@12@XZ 00000001800078a0 f i ArbReader.obj
 0001:00006900       ?push_back@?$list@UMarker_t@ArbReader@@V?$allocator@UMarker_t@ArbReader@@@std@@@std@@QEAAXAEBUMarker_t@ArbReader@@@Z 0000000180007900 f i ArbReader.obj
 0001:000069b0       ?at@?$vector@V?$vector@UData_t@ArbReader@@V?$allocator@UData_t@ArbReader@@@std@@@std@@V?$allocator@V?$vector@UData_t@ArbReader@@V?$allocator@UData_t@ArbReader@@@std@@@std@@@2@@std@@QEAAAEAV?$vector@UData_t@ArbReader@@V?$allocator@UData_t@ArbReader@@@std@@@2@_K@Z 00000001800079b0 f i ArbReader.obj
 0001:00006a90       ?push_back@?$vector@UData_t@ArbReader@@V?$allocator@UData_t@ArbReader@@@std@@@std@@QEAAXAEBUData_t@ArbReader@@@Z 0000000180007a90 f i ArbReader.obj
 0001:00006c00       ??0?$_Iterator@$00@?$list@V?$list@UMarker_t@ArbReader@@V?$allocator@UMarker_t@ArbReader@@@std@@@std@@V?$allocator@V?$list@UMarker_t@ArbReader@@V?$allocator@UMarker_t@ArbReader@@@std@@@std@@@2@@std@@QEAA@XZ 0000000180007c00 f i ArbReader.obj
 0001:00006c30       ??C?$_Iterator@$00@?$list@V?$list@UMarker_t@ArbReader@@V?$allocator@UMarker_t@ArbReader@@@std@@@std@@V?$allocator@V?$list@UMarker_t@ArbReader@@V?$allocator@UMarker_t@ArbReader@@@std@@@std@@@2@@std@@QEBAPEAV?$list@UMarker_t@ArbReader@@V?$allocator@UMarker_t@ArbReader@@@std@@@2@XZ 0000000180007c30 f i ArbReader.obj
 0001:00006c50       ??E?$_Iterator@$00@?$list@V?$list@UMarker_t@ArbReader@@V?$allocator@UMarker_t@ArbReader@@@std@@@std@@V?$allocator@V?$list@UMarker_t@ArbReader@@V?$allocator@UMarker_t@ArbReader@@@std@@@std@@@2@@std@@QEAA?AV012@H@Z 0000000180007c50 f i ArbReader.obj
 0001:00006ce0       ??0?$_Const_iterator@$00@?$list@UMarker_t@ArbReader@@V?$allocator@UMarker_t@ArbReader@@@std@@@std@@QEAA@XZ 0000000180007ce0 f i ArbReader.obj
 0001:00006d20       ??C?$_Const_iterator@$00@?$list@UMarker_t@ArbReader@@V?$allocator@UMarker_t@ArbReader@@@std@@@std@@QEBAPEBUMarker_t@ArbReader@@XZ 0000000180007d20 f i ArbReader.obj
 0001:00006d40       ??E?$_Const_iterator@$00@?$list@UMarker_t@ArbReader@@V?$allocator@UMarker_t@ArbReader@@@std@@@std@@QEAA?AV012@H@Z 0000000180007d40 f i ArbReader.obj
 0001:00006dd0       ??9?$_Const_iterator@$00@?$list@UMarker_t@ArbReader@@V?$allocator@UMarker_t@ArbReader@@@std@@@std@@QEBA_NAEBV012@@Z 0000000180007dd0 f i ArbReader.obj
 0001:00006e20       ??1?$_List_val@USegHeader_t@ArbReader@@V?$allocator@USegHeader_t@ArbReader@@@std@@@std@@QEAA@XZ 0000000180007e20 f i ArbReader.obj
 0001:00006e40       ??0?$_Const_iterator@$00@?$list@USegHeader_t@ArbReader@@V?$allocator@USegHeader_t@ArbReader@@@std@@@std@@QEAA@AEBV012@@Z 0000000180007e40 f i ArbReader.obj
 0001:00006e90       ??1?$_List_val@UArbSeg_t@@V?$allocator@UArbSeg_t@@@std@@@std@@QEAA@XZ 0000000180007e90 f i ArbReader.obj
 0001:00006eb0       ??1?$_Const_iterator@$00@?$list@UArbSeg_t@@V?$allocator@UArbSeg_t@@@std@@@std@@QEAA@XZ 0000000180007eb0 f i ArbReader.obj
 0001:00006ed0       ??1?$_Iterator@$00@?$list@UArbSeg_t@@V?$allocator@UArbSeg_t@@@std@@@std@@QEAA@XZ 0000000180007ed0 f i ArbReader.obj
 0001:00006ef0       ??0?$_Const_iterator@$00@?$list@UArbSeg_t@@V?$allocator@UArbSeg_t@@@std@@@std@@QEAA@AEBV012@@Z 0000000180007ef0 f i ArbReader.obj
 0001:00006f40       ??1?$_List_val@V?$list@UMarker_t@ArbReader@@V?$allocator@UMarker_t@ArbReader@@@std@@@std@@V?$allocator@V?$list@UMarker_t@ArbReader@@V?$allocator@UMarker_t@ArbReader@@@std@@@std@@@2@@std@@QEAA@XZ 0000000180007f40 f i ArbReader.obj
 0001:00006f60       ??0?$_Const_iterator@$00@?$list@V?$list@UMarker_t@ArbReader@@V?$allocator@UMarker_t@ArbReader@@@std@@@std@@V?$allocator@V?$list@UMarker_t@ArbReader@@V?$allocator@UMarker_t@ArbReader@@@std@@@std@@@2@@std@@QEAA@AEBV012@@Z 0000000180007f60 f i ArbReader.obj
 0001:00006fb0       ??0?$_Iterator@$00@?$list@USegHeader_t@ArbReader@@V?$allocator@USegHeader_t@ArbReader@@@std@@@std@@QEAA@AEBV012@@Z 0000000180007fb0 f i ArbReader.obj
 0001:00006fe0       ??1?$_List_val@UMarker_t@ArbReader@@V?$allocator@UMarker_t@ArbReader@@@std@@@std@@QEAA@XZ 0000000180007fe0 f i ArbReader.obj
 0001:00007000       ??0?$_Const_iterator@$00@?$list@UMarker_t@ArbReader@@V?$allocator@UMarker_t@ArbReader@@@std@@@std@@QEAA@AEBV012@@Z 0000000180008000 f i ArbReader.obj
 0001:00007050       ??1?$_Vector_iterator@V?$vector@UData_t@ArbReader@@V?$allocator@UData_t@ArbReader@@@std@@@std@@V?$allocator@V?$vector@UData_t@ArbReader@@V?$allocator@UData_t@ArbReader@@@std@@@std@@@2@@std@@QEAA@XZ 0000000180008050 f i ArbReader.obj
 0001:00007070       ??1?$_Vector_iterator@UData_t@ArbReader@@V?$allocator@UData_t@ArbReader@@@std@@@std@@QEAA@XZ 0000000180008070 f i ArbReader.obj
 0001:00007090       ??0?$_Vector_const_iterator@UData_t@ArbReader@@V?$allocator@UData_t@ArbReader@@@std@@@std@@QEAA@AEBV01@@Z 0000000180008090 f i ArbReader.obj
 0001:000070e0       ??1?$_Vector_const_iterator@UData_t@ArbReader@@V?$allocator@UData_t@ArbReader@@@std@@@std@@QEAA@XZ 00000001800080e0 f i ArbReader.obj
 0001:00007100       ??0?$_Iterator@$00@?$list@V?$list@UMarker_t@ArbReader@@V?$allocator@UMarker_t@ArbReader@@@std@@@std@@V?$allocator@V?$list@UMarker_t@ArbReader@@V?$allocator@UMarker_t@ArbReader@@@std@@@std@@@2@@std@@QEAA@AEBV012@@Z 0000000180008100 f i ArbReader.obj
 0001:00007130       ??0?$_Bidit@UMarker_t@ArbReader@@_JPEBU12@AEBU12@@std@@QEAA@XZ 0000000180008130 f i ArbReader.obj
 0001:00007160       ??1?$_List_ptr@USegHeader_t@ArbReader@@V?$allocator@USegHeader_t@ArbReader@@@std@@@std@@QEAA@XZ 0000000180008160 f i ArbReader.obj
 0001:00007180       ??0?$_Bidit@USegHeader_t@ArbReader@@_JPEBU12@AEBU12@@std@@QEAA@AEBU01@@Z 0000000180008180 f i ArbReader.obj
 0001:000071b0       ??1?$_List_ptr@UArbSeg_t@@V?$allocator@UArbSeg_t@@@std@@@std@@QEAA@XZ 00000001800081b0 f i ArbReader.obj
 0001:000071d0       ??1?$_Bidit@UArbSeg_t@@_JPEBU1@AEBU1@@std@@QEAA@XZ 00000001800081d0 f i ArbReader.obj
 0001:000071f0       ??0?$_Bidit@UArbSeg_t@@_JPEBU1@AEBU1@@std@@QEAA@AEBU01@@Z 00000001800081f0 f i ArbReader.obj
 0001:00007220       ??1?$_List_ptr@V?$list@UMarker_t@ArbReader@@V?$allocator@UMarker_t@ArbReader@@@std@@@std@@V?$allocator@V?$list@UMarker_t@ArbReader@@V?$allocator@UMarker_t@ArbReader@@@std@@@std@@@2@@std@@QEAA@XZ 0000000180008220 f i ArbReader.obj
 0001:00007240       ??0?$_Bidit@V?$list@UMarker_t@ArbReader@@V?$allocator@UMarker_t@ArbReader@@@std@@@std@@_JPEBV12@AEBV12@@std@@QEAA@AEBU01@@Z 0000000180008240 f i ArbReader.obj
 0001:00007270       ??1?$_List_ptr@UMarker_t@ArbReader@@V?$allocator@UMarker_t@ArbReader@@@std@@@std@@QEAA@XZ 0000000180008270 f i ArbReader.obj
 0001:00007290       ??0?$_Bidit@UMarker_t@ArbReader@@_JPEBU12@AEBU12@@std@@QEAA@AEBU01@@Z 0000000180008290 f i ArbReader.obj
 0001:000072c0       ??1?$_Vector_const_iterator@V?$vector@UData_t@ArbReader@@V?$allocator@UData_t@ArbReader@@@std@@@std@@V?$allocator@V?$vector@UData_t@ArbReader@@V?$allocator@UData_t@ArbReader@@@std@@@std@@@2@@std@@QEAA@XZ 00000001800082c0 f i ArbReader.obj
 0001:000072e0       ??0?$_Ranit@UData_t@ArbReader@@_JPEBU12@AEBU12@@std@@QEAA@AEBU01@@Z 00000001800082e0 f i ArbReader.obj
 0001:00007310       ??1?$_Ranit@UData_t@ArbReader@@_JPEBU12@AEBU12@@std@@QEAA@XZ 0000000180008310 f i ArbReader.obj
 0001:00007330       ??0?$_Iterator_with_base@Ubidirectional_iterator_tag@std@@UMarker_t@ArbReader@@_JPEBU34@AEBU34@V_Iterator_base@2@@std@@QEAA@XZ 0000000180008330 f i ArbReader.obj
 0001:00007360       ??0_Iterator_base@std@@QEAA@XZ 0000000180008360 f i ArbReader.obj
 0001:00007390       ??1?$_List_nod@USegHeader_t@ArbReader@@V?$allocator@USegHeader_t@ArbReader@@@std@@@std@@QEAA@XZ 0000000180008390 f i ArbReader.obj
 0001:000073b0       ??0?$_Iterator_with_base@Ubidirectional_iterator_tag@std@@USegHeader_t@ArbReader@@_JPEBU34@AEBU34@V_Iterator_base@2@@std@@QEAA@AEBU01@@Z 00000001800083b0 f i ArbReader.obj
 0001:000073e0       ??0_Iterator_base@std@@QEAA@AEBV01@@Z 00000001800083e0 f i ArbReader.obj
 0001:00007430       ??1?$_List_nod@UArbSeg_t@@V?$allocator@UArbSeg_t@@@std@@@std@@QEAA@XZ 0000000180008430 f i ArbReader.obj
 0001:00007450       ??1?$_Iterator_with_base@Ubidirectional_iterator_tag@std@@UArbSeg_t@@_JPEBU3@AEBU3@V_Iterator_base@2@@std@@QEAA@XZ 0000000180008450 f i ArbReader.obj
 0001:00007470       ??0?$_Iterator_with_base@Ubidirectional_iterator_tag@std@@UArbSeg_t@@_JPEBU3@AEBU3@V_Iterator_base@2@@std@@QEAA@AEBU01@@Z 0000000180008470 f i ArbReader.obj
 0001:000074a0       ??1?$_List_nod@V?$list@UMarker_t@ArbReader@@V?$allocator@UMarker_t@ArbReader@@@std@@@std@@V?$allocator@V?$list@UMarker_t@ArbReader@@V?$allocator@UMarker_t@ArbReader@@@std@@@std@@@2@@std@@QEAA@XZ 00000001800084a0 f i ArbReader.obj
 0001:000074c0       ??0?$_Iterator_with_base@Ubidirectional_iterator_tag@std@@V?$list@UMarker_t@ArbReader@@V?$allocator@UMarker_t@ArbReader@@@std@@@2@_JPEBV32@AEBV32@V_Iterator_base@2@@std@@QEAA@AEBU01@@Z 00000001800084c0 f i ArbReader.obj
 0001:000074f0       ??1?$_List_nod@UMarker_t@ArbReader@@V?$allocator@UMarker_t@ArbReader@@@std@@@std@@QEAA@XZ 00000001800084f0 f i ArbReader.obj
 0001:00007510       ??0?$_Iterator_with_base@Ubidirectional_iterator_tag@std@@UMarker_t@ArbReader@@_JPEBU34@AEBU34@V_Iterator_base@2@@std@@QEAA@AEBU01@@Z 0000000180008510 f i ArbReader.obj
 0001:00007540       ??1?$_Ranit@V?$vector@UData_t@ArbReader@@V?$allocator@UData_t@ArbReader@@@std@@@std@@_JPEBV12@AEBV12@@std@@QEAA@XZ 0000000180008540 f i ArbReader.obj
 0001:00007560       ??0?$_Iterator_with_base@Urandom_access_iterator_tag@std@@UData_t@ArbReader@@_JPEBU34@AEBU34@V_Iterator_base@2@@std@@QEAA@AEBU01@@Z 0000000180008560 f i ArbReader.obj
 0001:00007590       ??1?$_Iterator_with_base@Urandom_access_iterator_tag@std@@UData_t@ArbReader@@_JPEBU34@AEBU34@V_Iterator_base@2@@std@@QEAA@XZ 0000000180008590 f i ArbReader.obj
 0001:000075b0       ??1?$_Iterator_with_base@Urandom_access_iterator_tag@std@@V?$vector@UData_t@ArbReader@@V?$allocator@UData_t@ArbReader@@@std@@@2@_JPEBV32@AEBV32@V_Iterator_base@2@@std@@QEAA@XZ 00000001800085b0 f i ArbReader.obj
 0001:000075d0       ?_Nextnode@?$list@USegHeader_t@ArbReader@@V?$allocator@USegHeader_t@ArbReader@@@std@@@std@@KAAEAPEAU_Node@?$_List_nod@USegHeader_t@ArbReader@@V?$allocator@USegHeader_t@ArbReader@@@std@@@2@PEAU342@@Z 00000001800085d0 f i ArbReader.obj
 0001:000075e0       ?_Prevnode@?$list@USegHeader_t@ArbReader@@V?$allocator@USegHeader_t@ArbReader@@@std@@@std@@KAAEAPEAU_Node@?$_List_nod@USegHeader_t@ArbReader@@V?$allocator@USegHeader_t@ArbReader@@@std@@@2@PEAU342@@Z 00000001800085e0 f i ArbReader.obj
 0001:00007600       ?begin@?$list@USegHeader_t@ArbReader@@V?$allocator@USegHeader_t@ArbReader@@@std@@@std@@QEBA?AV?$_Const_iterator@$00@12@XZ 0000000180008600 f i ArbReader.obj
 0001:00007660       ?end@?$list@USegHeader_t@ArbReader@@V?$allocator@USegHeader_t@ArbReader@@@std@@@std@@QEBA?AV?$_Const_iterator@$00@12@XZ 0000000180008660 f i ArbReader.obj
 0001:000076c0       ?_Insert@?$list@USegHeader_t@ArbReader@@V?$allocator@USegHeader_t@ArbReader@@@std@@@std@@QEAAXV?$_Const_iterator@$00@12@AEBUSegHeader_t@ArbReader@@@Z 00000001800086c0 f i ArbReader.obj
 0001:000077c0       ?_Buynode@?$list@USegHeader_t@ArbReader@@V?$allocator@USegHeader_t@ArbReader@@@std@@@std@@IEAAPEAU_Node@?$_List_nod@USegHeader_t@ArbReader@@V?$allocator@USegHeader_t@ArbReader@@@std@@@2@XZ 00000001800087c0 f i ArbReader.obj
 0001:00007880       ?_Tidy@?$list@USegHeader_t@ArbReader@@V?$allocator@USegHeader_t@ArbReader@@@std@@@std@@IEAAXXZ 0000000180008880 f i ArbReader.obj
 0001:00007920       ?_Orphan_ptr@?$list@USegHeader_t@ArbReader@@V?$allocator@USegHeader_t@ArbReader@@@std@@@std@@IEBAXAEAV12@PEAU_Node@?$_List_nod@USegHeader_t@ArbReader@@V?$allocator@USegHeader_t@ArbReader@@@std@@@2@@Z 0000000180008920 f i ArbReader.obj
 0001:00007a00       ??0?$_List_val@USegHeader_t@ArbReader@@V?$allocator@USegHeader_t@ArbReader@@@std@@@std@@QEAA@V?$allocator@USegHeader_t@ArbReader@@@1@@Z 0000000180008a00 f i ArbReader.obj
 0001:00007a70       ??1?$_Container_base_aux_alloc_empty@V?$allocator@USegHeader_t@ArbReader@@@std@@@std@@IEAA@XZ 0000000180008a70 f i ArbReader.obj
 0001:00007a90       ??0?$allocator@USegHeader_t@ArbReader@@@std@@QEAA@XZ 0000000180008a90 f i ArbReader.obj
 0001:00007aa0       ?deallocate@?$allocator@U_Node@?$_List_nod@USegHeader_t@ArbReader@@V?$allocator@USegHeader_t@ArbReader@@@std@@@std@@@std@@QEAAXPEAU_Node@?$_List_nod@USegHeader_t@ArbReader@@V?$allocator@USegHeader_t@ArbReader@@@std@@@2@_K@Z 0000000180008aa0 f i ArbReader.obj
 0001:00007ad0       ?destroy@?$allocator@U_Node@?$_List_nod@USegHeader_t@ArbReader@@V?$allocator@USegHeader_t@ArbReader@@@std@@@std@@@std@@QEAAXPEAU_Node@?$_List_nod@USegHeader_t@ArbReader@@V?$allocator@USegHeader_t@ArbReader@@@std@@@2@@Z 0000000180008ad0 f i ArbReader.obj
 0001:00007b00       ?_Nextnode@?$list@UArbSeg_t@@V?$allocator@UArbSeg_t@@@std@@@std@@KAAEAPEAU_Node@?$_List_nod@UArbSeg_t@@V?$allocator@UArbSeg_t@@@std@@@2@PEAU342@@Z 0000000180008b00 f i ArbReader.obj
 0001:00007b10       ?_Prevnode@?$list@UArbSeg_t@@V?$allocator@UArbSeg_t@@@std@@@std@@KAAEAPEAU_Node@?$_List_nod@UArbSeg_t@@V?$allocator@UArbSeg_t@@@std@@@2@PEAU342@@Z 0000000180008b10 f i ArbReader.obj
 0001:00007b30       ?begin@?$list@UArbSeg_t@@V?$allocator@UArbSeg_t@@@std@@@std@@QEBA?AV?$_Const_iterator@$00@12@XZ 0000000180008b30 f i ArbReader.obj
 0001:00007b90       ?end@?$list@UArbSeg_t@@V?$allocator@UArbSeg_t@@@std@@@std@@QEAA?AV?$_Iterator@$00@12@XZ 0000000180008b90 f i ArbReader.obj
 0001:00007bf0       ?end@?$list@UArbSeg_t@@V?$allocator@UArbSeg_t@@@std@@@std@@QEBA?AV?$_Const_iterator@$00@12@XZ 0000000180008bf0 f i ArbReader.obj
 0001:00007c50       ?_Insert@?$list@UArbSeg_t@@V?$allocator@UArbSeg_t@@@std@@@std@@QEAAXV?$_Const_iterator@$00@12@AEBUArbSeg_t@@@Z 0000000180008c50 f i ArbReader.obj
 0001:00007d50       ?_Buynode@?$list@UArbSeg_t@@V?$allocator@UArbSeg_t@@@std@@@std@@IEAAPEAU_Node@?$_List_nod@UArbSeg_t@@V?$allocator@UArbSeg_t@@@std@@@2@XZ 0000000180008d50 f i ArbReader.obj
 0001:00007e10       ?_Tidy@?$list@UArbSeg_t@@V?$allocator@UArbSeg_t@@@std@@@std@@IEAAXXZ 0000000180008e10 f i ArbReader.obj
 0001:00007eb0       ?_Orphan_ptr@?$list@UArbSeg_t@@V?$allocator@UArbSeg_t@@@std@@@std@@IEBAXAEAV12@PEAU_Node@?$_List_nod@UArbSeg_t@@V?$allocator@UArbSeg_t@@@std@@@2@@Z 0000000180008eb0 f i ArbReader.obj
 0001:00007f90       ??0?$_List_val@UArbSeg_t@@V?$allocator@UArbSeg_t@@@std@@@std@@QEAA@V?$allocator@UArbSeg_t@@@1@@Z 0000000180008f90 f i ArbReader.obj
 0001:00008000       ??1?$_Container_base_aux_alloc_empty@V?$allocator@UArbSeg_t@@@std@@@std@@IEAA@XZ 0000000180009000 f i ArbReader.obj
 0001:00008020       ??0?$allocator@UArbSeg_t@@@std@@QEAA@XZ 0000000180009020 f i ArbReader.obj
 0001:00008030       ?deallocate@?$allocator@U_Node@?$_List_nod@UArbSeg_t@@V?$allocator@UArbSeg_t@@@std@@@std@@@std@@QEAAXPEAU_Node@?$_List_nod@UArbSeg_t@@V?$allocator@UArbSeg_t@@@std@@@2@_K@Z 0000000180009030 f i ArbReader.obj
 0001:00008060       ?destroy@?$allocator@U_Node@?$_List_nod@UArbSeg_t@@V?$allocator@UArbSeg_t@@@std@@@std@@@std@@QEAAXPEAU_Node@?$_List_nod@UArbSeg_t@@V?$allocator@UArbSeg_t@@@std@@@2@@Z 0000000180009060 f i ArbReader.obj
 0001:00008090       ?_Nextnode@?$list@V?$list@UMarker_t@ArbReader@@V?$allocator@UMarker_t@ArbReader@@@std@@@std@@V?$allocator@V?$list@UMarker_t@ArbReader@@V?$allocator@UMarker_t@ArbReader@@@std@@@std@@@2@@std@@KAAEAPEAU_Node@?$_List_nod@V?$list@UMarker_t@ArbReader@@V?$allocator@UMarker_t@ArbReader@@@std@@@std@@V?$allocator@V?$list@UMarker_t@ArbReader@@V?$allocator@UMarker_t@ArbReader@@@std@@@std@@@2@@2@PEAU342@@Z 0000000180009090 f i ArbReader.obj
 0001:000080a0       ?_Prevnode@?$list@V?$list@UMarker_t@ArbReader@@V?$allocator@UMarker_t@ArbReader@@@std@@@std@@V?$allocator@V?$list@UMarker_t@ArbReader@@V?$allocator@UMarker_t@ArbReader@@@std@@@std@@@2@@std@@KAAEAPEAU_Node@?$_List_nod@V?$list@UMarker_t@ArbReader@@V?$allocator@UMarker_t@ArbReader@@@std@@@std@@V?$allocator@V?$list@UMarker_t@ArbReader@@V?$allocator@UMarker_t@ArbReader@@@std@@@std@@@2@@2@PEAU342@@Z 00000001800090a0 f i ArbReader.obj
 0001:000080c0       ?begin@?$list@V?$list@UMarker_t@ArbReader@@V?$allocator@UMarker_t@ArbReader@@@std@@@std@@V?$allocator@V?$list@UMarker_t@ArbReader@@V?$allocator@UMarker_t@ArbReader@@@std@@@std@@@2@@std@@QEBA?AV?$_Const_iterator@$00@12@XZ 00000001800090c0 f i ArbReader.obj
 0001:00008120       ?end@?$list@V?$list@UMarker_t@ArbReader@@V?$allocator@UMarker_t@ArbReader@@@std@@@std@@V?$allocator@V?$list@UMarker_t@ArbReader@@V?$allocator@UMarker_t@ArbReader@@@std@@@std@@@2@@std@@QEAA?AV?$_Iterator@$00@12@XZ 0000000180009120 f i ArbReader.obj
 0001:00008180       ?end@?$list@V?$list@UMarker_t@ArbReader@@V?$allocator@UMarker_t@ArbReader@@@std@@@std@@V?$allocator@V?$list@UMarker_t@ArbReader@@V?$allocator@UMarker_t@ArbReader@@@std@@@std@@@2@@std@@QEBA?AV?$_Const_iterator@$00@12@XZ 0000000180009180 f i ArbReader.obj
 0001:000081e0       ?_Insert@?$list@V?$list@UMarker_t@ArbReader@@V?$allocator@UMarker_t@ArbReader@@@std@@@std@@V?$allocator@V?$list@UMarker_t@ArbReader@@V?$allocator@UMarker_t@ArbReader@@@std@@@std@@@2@@std@@QEAAXV?$_Const_iterator@$00@12@AEBV?$list@UMarker_t@ArbReader@@V?$allocator@UMarker_t@ArbReader@@@std@@@2@@Z 00000001800091e0 f i ArbReader.obj
 0001:000082e0       ?_Buynode@?$list@V?$list@UMarker_t@ArbReader@@V?$allocator@UMarker_t@ArbReader@@@std@@@std@@V?$allocator@V?$list@UMarker_t@ArbReader@@V?$allocator@UMarker_t@ArbReader@@@std@@@std@@@2@@std@@IEAAPEAU_Node@?$_List_nod@V?$list@UMarker_t@ArbReader@@V?$allocator@UMarker_t@ArbReader@@@std@@@std@@V?$allocator@V?$list@UMarker_t@ArbReader@@V?$allocator@UMarker_t@ArbReader@@@std@@@std@@@2@@2@XZ 00000001800092e0 f i ArbReader.obj
 0001:000083a0       ?_Tidy@?$list@V?$list@UMarker_t@ArbReader@@V?$allocator@UMarker_t@ArbReader@@@std@@@std@@V?$allocator@V?$list@UMarker_t@ArbReader@@V?$allocator@UMarker_t@ArbReader@@@std@@@std@@@2@@std@@IEAAXXZ 00000001800093a0 f i ArbReader.obj
 0001:00008440       ?_Orphan_ptr@?$list@V?$list@UMarker_t@ArbReader@@V?$allocator@UMarker_t@ArbReader@@@std@@@std@@V?$allocator@V?$list@UMarker_t@ArbReader@@V?$allocator@UMarker_t@ArbReader@@@std@@@std@@@2@@std@@IEBAXAEAV12@PEAU_Node@?$_List_nod@V?$list@UMarker_t@ArbReader@@V?$allocator@UMarker_t@ArbReader@@@std@@@std@@V?$allocator@V?$list@UMarker_t@ArbReader@@V?$allocator@UMarker_t@ArbReader@@@std@@@std@@@2@@2@@Z 0000000180009440 f i ArbReader.obj
 0001:00008520       ??0?$_List_val@V?$list@UMarker_t@ArbReader@@V?$allocator@UMarker_t@ArbReader@@@std@@@std@@V?$allocator@V?$list@UMarker_t@ArbReader@@V?$allocator@UMarker_t@ArbReader@@@std@@@std@@@2@@std@@QEAA@V?$allocator@V?$list@UMarker_t@ArbReader@@V?$allocator@UMarker_t@ArbReader@@@std@@@std@@@1@@Z 0000000180009520 f i ArbReader.obj
 0001:00008590       ??1?$_Container_base_aux_alloc_empty@V?$allocator@V?$list@UMarker_t@ArbReader@@V?$allocator@UMarker_t@ArbReader@@@std@@@std@@@std@@@std@@IEAA@XZ 0000000180009590 f i ArbReader.obj
 0001:000085b0       ??0?$allocator@V?$list@UMarker_t@ArbReader@@V?$allocator@UMarker_t@ArbReader@@@std@@@std@@@std@@QEAA@XZ 00000001800095b0 f i ArbReader.obj
 0001:000085c0       ?deallocate@?$allocator@U_Node@?$_List_nod@V?$list@UMarker_t@ArbReader@@V?$allocator@UMarker_t@ArbReader@@@std@@@std@@V?$allocator@V?$list@UMarker_t@ArbReader@@V?$allocator@UMarker_t@ArbReader@@@std@@@std@@@2@@std@@@std@@QEAAXPEAU_Node@?$_List_nod@V?$list@UMarker_t@ArbReader@@V?$allocator@UMarker_t@ArbReader@@@std@@@std@@V?$allocator@V?$list@UMarker_t@ArbReader@@V?$allocator@UMarker_t@ArbReader@@@std@@@std@@@2@@2@_K@Z 00000001800095c0 f i ArbReader.obj
 0001:000085f0       ?destroy@?$allocator@U_Node@?$_List_nod@V?$list@UMarker_t@ArbReader@@V?$allocator@UMarker_t@ArbReader@@@std@@@std@@V?$allocator@V?$list@UMarker_t@ArbReader@@V?$allocator@UMarker_t@ArbReader@@@std@@@std@@@2@@std@@@std@@QEAAXPEAU_Node@?$_List_nod@V?$list@UMarker_t@ArbReader@@V?$allocator@UMarker_t@ArbReader@@@std@@@std@@V?$allocator@V?$list@UMarker_t@ArbReader@@V?$allocator@UMarker_t@ArbReader@@@std@@@std@@@2@@2@@Z 00000001800095f0 f i ArbReader.obj
 0001:00008620       ??0?$_Iterator@$00@?$list@USegHeader_t@ArbReader@@V?$allocator@USegHeader_t@ArbReader@@@std@@@std@@QEAA@PEAU_Node@?$_List_nod@USegHeader_t@ArbReader@@V?$allocator@USegHeader_t@ArbReader@@@std@@@2@PEBV12@@Z 0000000180009620 f i ArbReader.obj
 0001:00008660       ??D?$_Iterator@$00@?$list@USegHeader_t@ArbReader@@V?$allocator@USegHeader_t@ArbReader@@@std@@@std@@QEBAAEAUSegHeader_t@ArbReader@@XZ 0000000180009660 f i ArbReader.obj
 0001:00008680       ??E?$_Iterator@$00@?$list@USegHeader_t@ArbReader@@V?$allocator@USegHeader_t@ArbReader@@@std@@@std@@QEAAAEAV012@XZ 0000000180009680 f i ArbReader.obj
 0001:000086b0       ??0?$_Const_iterator@$00@?$list@USegHeader_t@ArbReader@@V?$allocator@USegHeader_t@ArbReader@@@std@@@std@@QEAA@XZ 00000001800096b0 f i ArbReader.obj
 0001:000086f0       ??8?$_Const_iterator@$00@?$list@USegHeader_t@ArbReader@@V?$allocator@USegHeader_t@ArbReader@@@std@@@std@@QEBA_NAEBV012@@Z 00000001800096f0 f i ArbReader.obj
 0001:00008750       ?_Nextnode@?$list@UMarker_t@ArbReader@@V?$allocator@UMarker_t@ArbReader@@@std@@@std@@KAAEAPEAU_Node@?$_List_nod@UMarker_t@ArbReader@@V?$allocator@UMarker_t@ArbReader@@@std@@@2@PEAU342@@Z 0000000180009750 f i ArbReader.obj
 0001:00008760       ?_Insert@?$list@UMarker_t@ArbReader@@V?$allocator@UMarker_t@ArbReader@@@std@@@std@@QEAAXV?$_Const_iterator@$00@12@AEBUMarker_t@ArbReader@@@Z 0000000180009760 f i ArbReader.obj
 0001:00008860       ?_Buynode@?$list@UMarker_t@ArbReader@@V?$allocator@UMarker_t@ArbReader@@@std@@@std@@IEAAPEAU_Node@?$_List_nod@UMarker_t@ArbReader@@V?$allocator@UMarker_t@ArbReader@@@std@@@2@XZ 0000000180009860 f i ArbReader.obj
 0001:00008920       ?_Tidy@?$list@UMarker_t@ArbReader@@V?$allocator@UMarker_t@ArbReader@@@std@@@std@@IEAAXXZ 0000000180009920 f i ArbReader.obj
 0001:000089c0       ??0?$_List_val@UMarker_t@ArbReader@@V?$allocator@UMarker_t@ArbReader@@@std@@@std@@QEAA@V?$allocator@UMarker_t@ArbReader@@@1@@Z 00000001800099c0 f i ArbReader.obj
 0001:00008a30       ??1?$_Container_base_aux_alloc_empty@V?$allocator@UMarker_t@ArbReader@@@std@@@std@@IEAA@XZ 0000000180009a30 f i ArbReader.obj
 0001:00008a50       ??0?$allocator@UMarker_t@ArbReader@@@std@@QEAA@XZ 0000000180009a50 f i ArbReader.obj
 0001:00008a60       ?begin@?$vector@V?$vector@UData_t@ArbReader@@V?$allocator@UData_t@ArbReader@@@std@@@std@@V?$allocator@V?$vector@UData_t@ArbReader@@V?$allocator@UData_t@ArbReader@@@std@@@std@@@2@@std@@QEAA?AV?$_Vector_iterator@V?$vector@UData_t@ArbReader@@V?$allocator@UData_t@ArbReader@@@std@@@std@@V?$allocator@V?$vector@UData_t@ArbReader@@V?$allocator@UData_t@ArbReader@@@std@@@std@@@2@@2@XZ 0000000180009a60 f i ArbReader.obj
 0001:00008ac0       ?size@?$vector@V?$vector@UData_t@ArbReader@@V?$allocator@UData_t@ArbReader@@@std@@@std@@V?$allocator@V?$vector@UData_t@ArbReader@@V?$allocator@UData_t@ArbReader@@@std@@@std@@@2@@std@@QEBA_KXZ 0000000180009ac0 f i ArbReader.obj
 0001:00008af0       ?_Xran@?$vector@V?$vector@UData_t@ArbReader@@V?$allocator@UData_t@ArbReader@@@std@@@std@@V?$allocator@V?$vector@UData_t@ArbReader@@V?$allocator@UData_t@ArbReader@@@std@@@std@@@2@@std@@KAXXZ 0000000180009af0 f i ArbReader.obj
 0001:00008b70       ??0out_of_range@std@@QEAA@AEBV?$basic_string@DU?$char_traits@D@std@@V?$allocator@D@2@@1@@Z 0000000180009b70 f i ArbReader.obj
 0001:00008bc0       ??0logic_error@std@@QEAA@AEBV?$basic_string@DU?$char_traits@D@std@@V?$allocator@D@2@@1@@Z 0000000180009bc0 f i ArbReader.obj
 0001:00008c30       ?what@logic_error@std@@UEBAPEBDXZ 0000000180009c30 f i ArbReader.obj
 0001:00008c60       ??_Glogic_error@std@@UEAAPEAXI@Z 0000000180009c60 f i ArbReader.obj
 0001:00008c60       ??_Elogic_error@std@@UEAAPEAXI@Z 0000000180009c60 f i ArbReader.obj
 0001:00008cb0       ??1logic_error@std@@UEAA@XZ 0000000180009cb0 f i ArbReader.obj
 0001:00008d00       ??1out_of_range@std@@UEAA@XZ 0000000180009d00 f i ArbReader.obj
 0001:00008d30       ??_Eout_of_range@std@@UEAAPEAXI@Z 0000000180009d30 f i ArbReader.obj
 0001:00008d30       ??_Gout_of_range@std@@UEAAPEAXI@Z 0000000180009d30 f i ArbReader.obj
 0001:00008d80       ?capacity@?$vector@UData_t@ArbReader@@V?$allocator@UData_t@ArbReader@@@std@@@std@@QEBA_KXZ 0000000180009d80 f i ArbReader.obj
 0001:00008de0       ?end@?$vector@UData_t@ArbReader@@V?$allocator@UData_t@ArbReader@@@std@@@std@@QEAA?AV?$_Vector_iterator@UData_t@ArbReader@@V?$allocator@UData_t@ArbReader@@@std@@@2@XZ 0000000180009de0 f i ArbReader.obj
 0001:00008e40       ?size@?$vector@UData_t@ArbReader@@V?$allocator@UData_t@ArbReader@@@std@@@std@@QEBA_KXZ 0000000180009e40 f i ArbReader.obj
 0001:00008e70       ?insert@?$vector@UData_t@ArbReader@@V?$allocator@UData_t@ArbReader@@@std@@@std@@QEAA?AV?$_Vector_iterator@UData_t@ArbReader@@V?$allocator@UData_t@ArbReader@@@std@@@2@V?$_Vector_const_iterator@UData_t@ArbReader@@V?$allocator@UData_t@ArbReader@@@std@@@2@AEBUData_t@ArbReader@@@Z 0000000180009e70 f i ArbReader.obj
 0001:00009060       ?_Ufill@?$vector@UData_t@ArbReader@@V?$allocator@UData_t@ArbReader@@@std@@@std@@IEAAPEAUData_t@ArbReader@@PEAU34@_KAEBU34@@Z 000000018000a060 f i ArbReader.obj
 0001:000090c0       ?_Orphan_range@?$vector@UData_t@ArbReader@@V?$allocator@UData_t@ArbReader@@@std@@@std@@IEBAXPEAUData_t@ArbReader@@0@Z 000000018000a0c0 f i ArbReader.obj
 0001:00009190       ??0?$_Iterator@$00@?$list@V?$list@UMarker_t@ArbReader@@V?$allocator@UMarker_t@ArbReader@@@std@@@std@@V?$allocator@V?$list@UMarker_t@ArbReader@@V?$allocator@UMarker_t@ArbReader@@@std@@@std@@@2@@std@@QEAA@PEAU_Node@?$_List_nod@V?$list@UMarker_t@ArbReader@@V?$allocator@UMarker_t@ArbReader@@@std@@@std@@V?$allocator@V?$list@UMarker_t@ArbReader@@V?$allocator@UMarker_t@ArbReader@@@std@@@std@@@2@@2@PEBV12@@Z 000000018000a190 f i ArbReader.obj
 0001:000091d0       ??D?$_Iterator@$00@?$list@V?$list@UMarker_t@ArbReader@@V?$allocator@UMarker_t@ArbReader@@@std@@@std@@V?$allocator@V?$list@UMarker_t@ArbReader@@V?$allocator@UMarker_t@ArbReader@@@std@@@std@@@2@@std@@QEBAAEAV?$list@UMarker_t@ArbReader@@V?$allocator@UMarker_t@ArbReader@@@std@@@2@XZ 000000018000a1d0 f i ArbReader.obj
 0001:000091f0       ??E?$_Iterator@$00@?$list@V?$list@UMarker_t@ArbReader@@V?$allocator@UMarker_t@ArbReader@@@std@@@std@@V?$allocator@V?$list@UMarker_t@ArbReader@@V?$allocator@UMarker_t@ArbReader@@@std@@@std@@@2@@std@@QEAAAEAV012@XZ 000000018000a1f0 f i ArbReader.obj
 0001:00009220       ??0?$_Const_iterator@$00@?$list@V?$list@UMarker_t@ArbReader@@V?$allocator@UMarker_t@ArbReader@@@std@@@std@@V?$allocator@V?$list@UMarker_t@ArbReader@@V?$allocator@UMarker_t@ArbReader@@@std@@@std@@@2@@std@@QEAA@XZ 000000018000a220 f i ArbReader.obj
 0001:00009260       ??D?$_Const_iterator@$00@?$list@UMarker_t@ArbReader@@V?$allocator@UMarker_t@ArbReader@@@std@@@std@@QEBAAEBUMarker_t@ArbReader@@XZ 000000018000a260 f i ArbReader.obj
 0001:00009370       ??E?$_Const_iterator@$00@?$list@UMarker_t@ArbReader@@V?$allocator@UMarker_t@ArbReader@@@std@@@std@@QEAAAEAV012@XZ 000000018000a370 f i ArbReader.obj
 0001:00009490       ??8?$_Const_iterator@$00@?$list@UMarker_t@ArbReader@@V?$allocator@UMarker_t@ArbReader@@@std@@@std@@QEBA_NAEBV012@@Z 000000018000a490 f i ArbReader.obj
 0001:000094f0       ??0?$_Iterator@$00@?$list@UMarker_t@ArbReader@@V?$allocator@UMarker_t@ArbReader@@@std@@@std@@QEAA@PEAU_Node@?$_List_nod@UMarker_t@ArbReader@@V?$allocator@UMarker_t@ArbReader@@@std@@@2@PEBV12@@Z 000000018000a4f0 f i ArbReader.obj
 0001:00009530       ??D?$_Vector_iterator@V?$vector@UData_t@ArbReader@@V?$allocator@UData_t@ArbReader@@@std@@@std@@V?$allocator@V?$vector@UData_t@ArbReader@@V?$allocator@UData_t@ArbReader@@@std@@@std@@@2@@std@@QEBAAEAV?$vector@UData_t@ArbReader@@V?$allocator@UData_t@ArbReader@@@std@@@1@XZ 000000018000a530 f i ArbReader.obj
 0001:00009550       ??H?$_Vector_iterator@V?$vector@UData_t@ArbReader@@V?$allocator@UData_t@ArbReader@@@std@@@std@@V?$allocator@V?$vector@UData_t@ArbReader@@V?$allocator@UData_t@ArbReader@@@std@@@std@@@2@@std@@QEBA?AV01@_J@Z 000000018000a550 f i ArbReader.obj
 0001:000095e0       ??0?$_Bidit@USegHeader_t@ArbReader@@_JPEBU12@AEBU12@@std@@QEAA@XZ 000000018000a5e0 f i ArbReader.obj
 0001:00009610       ??0out_of_range@std@@QEAA@AEBV01@@Z 000000018000a610 f i ArbReader.obj
 0001:00009660       ??0logic_error@std@@QEAA@AEBV01@@Z 000000018000a660 f i ArbReader.obj
 0001:000096d0       ??0?$_Bidit@V?$list@UMarker_t@ArbReader@@V?$allocator@UMarker_t@ArbReader@@@std@@@std@@_JPEBV12@AEBV12@@std@@QEAA@XZ 000000018000a6d0 f i ArbReader.obj
 0001:00009700       ??0?$_Vector_iterator@V?$vector@UData_t@ArbReader@@V?$allocator@UData_t@ArbReader@@@std@@@std@@V?$allocator@V?$vector@UData_t@ArbReader@@V?$allocator@UData_t@ArbReader@@@std@@@std@@@2@@std@@QEAA@AEBV01@@Z 000000018000a700 f i ArbReader.obj
 0001:00009730       ??0?$_Iterator_with_base@Ubidirectional_iterator_tag@std@@USegHeader_t@ArbReader@@_JPEBU34@AEBU34@V_Iterator_base@2@@std@@QEAA@XZ 000000018000a730 f i ArbReader.obj
 0001:00009760       ??0?$_Iterator_with_base@Ubidirectional_iterator_tag@std@@V?$list@UMarker_t@ArbReader@@V?$allocator@UMarker_t@ArbReader@@@std@@@2@_JPEBV32@AEBV32@V_Iterator_base@2@@std@@QEAA@XZ 000000018000a760 f i ArbReader.obj
 0001:00009790       ??0?$_Vector_const_iterator@V?$vector@UData_t@ArbReader@@V?$allocator@UData_t@ArbReader@@@std@@@std@@V?$allocator@V?$vector@UData_t@ArbReader@@V?$allocator@UData_t@ArbReader@@@std@@@std@@@2@@std@@QEAA@AEBV01@@Z 000000018000a790 f i ArbReader.obj
 0001:000097e0       ??0?$_Ranit@V?$vector@UData_t@ArbReader@@V?$allocator@UData_t@ArbReader@@@std@@@std@@_JPEBV12@AEBV12@@std@@QEAA@AEBU01@@Z 000000018000a7e0 f i ArbReader.obj
 0001:00009810       ??0?$_Iterator_with_base@Urandom_access_iterator_tag@std@@V?$vector@UData_t@ArbReader@@V?$allocator@UData_t@ArbReader@@@std@@@2@_JPEBV32@AEBV32@V_Iterator_base@2@@std@@QEAA@AEBU01@@Z 000000018000a810 f i ArbReader.obj
 0001:00009840       ?_Buynode@?$list@USegHeader_t@ArbReader@@V?$allocator@USegHeader_t@ArbReader@@@std@@@std@@IEAAPEAU_Node@?$_List_nod@USegHeader_t@ArbReader@@V?$allocator@USegHeader_t@ArbReader@@@std@@@2@PEAU342@0AEBUSegHeader_t@ArbReader@@@Z 000000018000a840 f i ArbReader.obj
 0001:00009950       ?_Incsize@?$list@USegHeader_t@ArbReader@@V?$allocator@USegHeader_t@ArbReader@@@std@@@std@@IEAAX_K@Z 000000018000a950 f i ArbReader.obj
 0001:00009a30       ??0length_error@std@@QEAA@AEBV?$basic_string@DU?$char_traits@D@std@@V?$allocator@D@2@@1@@Z 000000018000aa30 f i ArbReader.obj
 0001:00009a80       ??1length_error@std@@UEAA@XZ 000000018000aa80 f i ArbReader.obj
 0001:00009ab0       ??_Glength_error@std@@UEAAPEAXI@Z 000000018000aab0 f i ArbReader.obj
 0001:00009ab0       ??_Elength_error@std@@UEAAPEAXI@Z 000000018000aab0 f i ArbReader.obj
 0001:00009b00       ??0?$_List_ptr@USegHeader_t@ArbReader@@V?$allocator@USegHeader_t@ArbReader@@@std@@@std@@IEAA@V?$allocator@USegHeader_t@ArbReader@@@1@@Z 000000018000ab00 f i ArbReader.obj
 0001:00009b70       ??0?$allocator@USegHeader_t@ArbReader@@@std@@QEAA@AEBV01@@Z 000000018000ab70 f i ArbReader.obj
 0001:00009b90       ?allocate@?$allocator@U_Node@?$_List_nod@USegHeader_t@ArbReader@@V?$allocator@USegHeader_t@ArbReader@@@std@@@std@@@std@@QEAAPEAU_Node@?$_List_nod@USegHeader_t@ArbReader@@V?$allocator@USegHeader_t@ArbReader@@@std@@@2@_K@Z 000000018000ab90 f i ArbReader.obj
 0001:00009bc0       ?construct@?$allocator@PEAU_Node@?$_List_nod@USegHeader_t@ArbReader@@V?$allocator@USegHeader_t@ArbReader@@@std@@@std@@@std@@QEAAXPEAPEAU_Node@?$_List_nod@USegHeader_t@ArbReader@@V?$allocator@USegHeader_t@ArbReader@@@std@@@2@AEBQEAU342@@Z 000000018000abc0 f i ArbReader.obj
 0001:00009bf0       ?destroy@?$allocator@PEAU_Node@?$_List_nod@USegHeader_t@ArbReader@@V?$allocator@USegHeader_t@ArbReader@@@std@@@std@@@std@@QEAAXPEAPEAU_Node@?$_List_nod@USegHeader_t@ArbReader@@V?$allocator@USegHeader_t@ArbReader@@@std@@@2@@Z 000000018000abf0 f i ArbReader.obj
 0001:00009c20       ?_Buynode@?$list@UArbSeg_t@@V?$allocator@UArbSeg_t@@@std@@@std@@IEAAPEAU_Node@?$_List_nod@UArbSeg_t@@V?$allocator@UArbSeg_t@@@std@@@2@PEAU342@0AEBUArbSeg_t@@@Z 000000018000ac20 f i ArbReader.obj
 0001:00009d30       ?_Incsize@?$list@UArbSeg_t@@V?$allocator@UArbSeg_t@@@std@@@std@@IEAAX_K@Z 000000018000ad30 f i ArbReader.obj
 0001:00009e10       ??0?$_List_ptr@UArbSeg_t@@V?$allocator@UArbSeg_t@@@std@@@std@@IEAA@V?$allocator@UArbSeg_t@@@1@@Z 000000018000ae10 f i ArbReader.obj
 0001:00009e80       ??0?$allocator@UArbSeg_t@@@std@@QEAA@AEBV01@@Z 000000018000ae80 f i ArbReader.obj
 0001:00009ea0       ?allocate@?$allocator@U_Node@?$_List_nod@UArbSeg_t@@V?$allocator@UArbSeg_t@@@std@@@std@@@std@@QEAAPEAU_Node@?$_List_nod@UArbSeg_t@@V?$allocator@UArbSeg_t@@@std@@@2@_K@Z 000000018000aea0 f i ArbReader.obj
 0001:00009ed0       ?construct@?$allocator@PEAU_Node@?$_List_nod@UArbSeg_t@@V?$allocator@UArbSeg_t@@@std@@@std@@@std@@QEAAXPEAPEAU_Node@?$_List_nod@UArbSeg_t@@V?$allocator@UArbSeg_t@@@std@@@2@AEBQEAU342@@Z 000000018000aed0 f i ArbReader.obj
 0001:00009f00       ?destroy@?$allocator@PEAU_Node@?$_List_nod@UArbSeg_t@@V?$allocator@UArbSeg_t@@@std@@@std@@@std@@QEAAXPEAPEAU_Node@?$_List_nod@UArbSeg_t@@V?$allocator@UArbSeg_t@@@std@@@2@@Z 000000018000af00 f i ArbReader.obj
 0001:00009f30       ?_Buynode@?$list@V?$list@UMarker_t@ArbReader@@V?$allocator@UMarker_t@ArbReader@@@std@@@std@@V?$allocator@V?$list@UMarker_t@ArbReader@@V?$allocator@UMarker_t@ArbReader@@@std@@@std@@@2@@std@@IEAAPEAU_Node@?$_List_nod@V?$list@UMarker_t@ArbReader@@V?$allocator@UMarker_t@ArbReader@@@std@@@std@@V?$allocator@V?$list@UMarker_t@ArbReader@@V?$allocator@UMarker_t@ArbReader@@@std@@@std@@@2@@2@PEAU342@0AEBV?$list@UMarker_t@ArbReader@@V?$allocator@UMarker_t@ArbReader@@@std@@@2@@Z 000000018000af30 f i ArbReader.obj
 0001:0000a040       ?_Incsize@?$list@V?$list@UMarker_t@ArbReader@@V?$allocator@UMarker_t@ArbReader@@@std@@@std@@V?$allocator@V?$list@UMarker_t@ArbReader@@V?$allocator@UMarker_t@ArbReader@@@std@@@std@@@2@@std@@IEAAX_K@Z 000000018000b040 f i ArbReader.obj
 0001:0000a120       ??0?$_List_ptr@V?$list@UMarker_t@ArbReader@@V?$allocator@UMarker_t@ArbReader@@@std@@@std@@V?$allocator@V?$list@UMarker_t@ArbReader@@V?$allocator@UMarker_t@ArbReader@@@std@@@std@@@2@@std@@IEAA@V?$allocator@V?$list@UMarker_t@ArbReader@@V?$allocator@UMarker_t@ArbReader@@@std@@@std@@@1@@Z 000000018000b120 f i ArbReader.obj
 0001:0000a190       ??0?$allocator@V?$list@UMarker_t@ArbReader@@V?$allocator@UMarker_t@ArbReader@@@std@@@std@@@std@@QEAA@AEBV01@@Z 000000018000b190 f i ArbReader.obj
 0001:0000a1b0       ?allocate@?$allocator@U_Node@?$_List_nod@V?$list@UMarker_t@ArbReader@@V?$allocator@UMarker_t@ArbReader@@@std@@@std@@V?$allocator@V?$list@UMarker_t@ArbReader@@V?$allocator@UMarker_t@ArbReader@@@std@@@std@@@2@@std@@@std@@QEAAPEAU_Node@?$_List_nod@V?$list@UMarker_t@ArbReader@@V?$allocator@UMarker_t@ArbReader@@@std@@@std@@V?$allocator@V?$list@UMarker_t@ArbReader@@V?$allocator@UMarker_t@ArbReader@@@std@@@std@@@2@@2@_K@Z 000000018000b1b0 f i ArbReader.obj
 0001:0000a1e0       ?construct@?$allocator@PEAU_Node@?$_List_nod@V?$list@UMarker_t@ArbReader@@V?$allocator@UMarker_t@ArbReader@@@std@@@std@@V?$allocator@V?$list@UMarker_t@ArbReader@@V?$allocator@UMarker_t@ArbReader@@@std@@@std@@@2@@std@@@std@@QEAAXPEAPEAU_Node@?$_List_nod@V?$list@UMarker_t@ArbReader@@V?$allocator@UMarker_t@ArbReader@@@std@@@std@@V?$allocator@V?$list@UMarker_t@ArbReader@@V?$allocator@UMarker_t@ArbReader@@@std@@@std@@@2@@2@AEBQEAU342@@Z 000000018000b1e0 f i ArbReader.obj
 0001:0000a210       ?destroy@?$allocator@PEAU_Node@?$_List_nod@V?$list@UMarker_t@ArbReader@@V?$allocator@UMarker_t@ArbReader@@@std@@@std@@V?$allocator@V?$list@UMarker_t@ArbReader@@V?$allocator@UMarker_t@ArbReader@@@std@@@std@@@2@@std@@@std@@QEAAXPEAPEAU_Node@?$_List_nod@V?$list@UMarker_t@ArbReader@@V?$allocator@UMarker_t@ArbReader@@@std@@@std@@V?$allocator@V?$list@UMarker_t@ArbReader@@V?$allocator@UMarker_t@ArbReader@@@std@@@std@@@2@@2@@Z 000000018000b210 f i ArbReader.obj
 0001:0000a240       ??0?$_Const_iterator@$00@?$list@USegHeader_t@ArbReader@@V?$allocator@USegHeader_t@ArbReader@@@std@@@std@@QEAA@PEAU_Node@?$_List_nod@USegHeader_t@ArbReader@@V?$allocator@USegHeader_t@ArbReader@@@std@@@2@PEBV12@@Z 000000018000b240 f i ArbReader.obj
 0001:0000a2b0       ??D?$_Const_iterator@$00@?$list@USegHeader_t@ArbReader@@V?$allocator@USegHeader_t@ArbReader@@@std@@@std@@QEBAAEBUSegHeader_t@ArbReader@@XZ 000000018000b2b0 f i ArbReader.obj
 0001:0000a3c0       ??E?$_Const_iterator@$00@?$list@USegHeader_t@ArbReader@@V?$allocator@USegHeader_t@ArbReader@@@std@@@std@@QEAAAEAV012@XZ 000000018000b3c0 f i ArbReader.obj
 0001:0000a4e0       ?_Mynode@?$_Const_iterator@$00@?$list@USegHeader_t@ArbReader@@V?$allocator@USegHeader_t@ArbReader@@@std@@@std@@QEBAPEAU_Node@?$_List_nod@USegHeader_t@ArbReader@@V?$allocator@USegHeader_t@ArbReader@@@std@@@3@XZ 000000018000b4e0 f i ArbReader.obj
 0001:0000a500       ?_Compat@?$_Const_iterator@$00@?$list@USegHeader_t@ArbReader@@V?$allocator@USegHeader_t@ArbReader@@@std@@@std@@QEBAXAEBV123@@Z 000000018000b500 f i ArbReader.obj
 0001:0000a5f0       ?_Prevnode@?$list@UMarker_t@ArbReader@@V?$allocator@UMarker_t@ArbReader@@@std@@@std@@KAAEAPEAU_Node@?$_List_nod@UMarker_t@ArbReader@@V?$allocator@UMarker_t@ArbReader@@@std@@@2@PEAU342@@Z 000000018000b5f0 f i ArbReader.obj
 0001:0000a610       ?_Myval@?$list@UMarker_t@ArbReader@@V?$allocator@UMarker_t@ArbReader@@@std@@@std@@KAAEAUMarker_t@ArbReader@@PEAU_Node@?$_List_nod@UMarker_t@ArbReader@@V?$allocator@UMarker_t@ArbReader@@@std@@@2@@Z 000000018000b610 f i ArbReader.obj
 0001:0000a630       ?clear@?$list@UMarker_t@ArbReader@@V?$allocator@UMarker_t@ArbReader@@@std@@@std@@QEAAXXZ 000000018000b630 f i ArbReader.obj
 0001:0000a740       ?_Buynode@?$list@UMarker_t@ArbReader@@V?$allocator@UMarker_t@ArbReader@@@std@@@std@@IEAAPEAU_Node@?$_List_nod@UMarker_t@ArbReader@@V?$allocator@UMarker_t@ArbReader@@@std@@@2@PEAU342@0AEBUMarker_t@ArbReader@@@Z 000000018000b740 f i ArbReader.obj
 0001:0000a850       ?_Incsize@?$list@UMarker_t@ArbReader@@V?$allocator@UMarker_t@ArbReader@@@std@@@std@@IEAAX_K@Z 000000018000b850 f i ArbReader.obj
 0001:0000a930       ??0?$_List_ptr@UMarker_t@ArbReader@@V?$allocator@UMarker_t@ArbReader@@@std@@@std@@IEAA@V?$allocator@UMarker_t@ArbReader@@@1@@Z 000000018000b930 f i ArbReader.obj
 0001:0000a9a0       ??0?$allocator@UMarker_t@ArbReader@@@std@@QEAA@AEBV01@@Z 000000018000b9a0 f i ArbReader.obj
 0001:0000a9c0       ?deallocate@?$allocator@U_Node@?$_List_nod@UMarker_t@ArbReader@@V?$allocator@UMarker_t@ArbReader@@@std@@@std@@@std@@QEAAXPEAU_Node@?$_List_nod@UMarker_t@ArbReader@@V?$allocator@UMarker_t@ArbReader@@@std@@@2@_K@Z 000000018000b9c0 f i ArbReader.obj
 0001:0000a9f0       ?allocate@?$allocator@U_Node@?$_List_nod@UMarker_t@ArbReader@@V?$allocator@UMarker_t@ArbReader@@@std@@@std@@@std@@QEAAPEAU_Node@?$_List_nod@UMarker_t@ArbReader@@V?$allocator@UMarker_t@ArbReader@@@std@@@2@_K@Z 000000018000b9f0 f i ArbReader.obj
 0001:0000aa20       ?construct@?$allocator@PEAU_Node@?$_List_nod@UMarker_t@ArbReader@@V?$allocator@UMarker_t@ArbReader@@@std@@@std@@@std@@QEAAXPEAPEAU_Node@?$_List_nod@UMarker_t@ArbReader@@V?$allocator@UMarker_t@ArbReader@@@std@@@2@AEBQEAU342@@Z 000000018000ba20 f i ArbReader.obj
 0001:0000aa50       ?destroy@?$allocator@PEAU_Node@?$_List_nod@UMarker_t@ArbReader@@V?$allocator@UMarker_t@ArbReader@@@std@@@std@@@std@@QEAAXPEAPEAU_Node@?$_List_nod@UMarker_t@ArbReader@@V?$allocator@UMarker_t@ArbReader@@@std@@@2@@Z 000000018000ba50 f i ArbReader.obj
 0001:0000aa80       ?begin@?$vector@UData_t@ArbReader@@V?$allocator@UData_t@ArbReader@@@std@@@std@@QEAA?AV?$_Vector_iterator@UData_t@ArbReader@@V?$allocator@UData_t@ArbReader@@@std@@@2@XZ 000000018000ba80 f i ArbReader.obj
 0001:0000aae0       ?_Insert_n@?$vector@UData_t@ArbReader@@V?$allocator@UData_t@ArbReader@@@std@@@std@@IEAAXV?$_Vector_const_iterator@UData_t@ArbReader@@V?$allocator@UData_t@ArbReader@@@std@@@2@_KAEBUData_t@ArbReader@@@Z 000000018000bae0 f i ArbReader.obj
 0001:0000b100       ??0?$_Const_iterator@$00@?$list@V?$list@UMarker_t@ArbReader@@V?$allocator@UMarker_t@ArbReader@@@std@@@std@@V?$allocator@V?$list@UMarker_t@ArbReader@@V?$allocator@UMarker_t@ArbReader@@@std@@@std@@@2@@std@@QEAA@PEAU_Node@?$_List_nod@V?$list@UMarker_t@ArbReader@@V?$allocator@UMarker_t@ArbReader@@@std@@@std@@V?$allocator@V?$list@UMarker_t@ArbReader@@V?$allocator@UMarker_t@ArbReader@@@std@@@std@@@2@@2@PEBV12@@Z 000000018000c100 f i ArbReader.obj
 0001:0000b170       ??D?$_Const_iterator@$00@?$list@V?$list@UMarker_t@ArbReader@@V?$allocator@UMarker_t@ArbReader@@@std@@@std@@V?$allocator@V?$list@UMarker_t@ArbReader@@V?$allocator@UMarker_t@ArbReader@@@std@@@std@@@2@@std@@QEBAAEBV?$list@UMarker_t@ArbReader@@V?$allocator@UMarker_t@ArbReader@@@std@@@2@XZ 000000018000c170 f i ArbReader.obj
 0001:0000b280       ??E?$_Const_iterator@$00@?$list@V?$list@UMarker_t@ArbReader@@V?$allocator@UMarker_t@ArbReader@@@std@@@std@@V?$allocator@V?$list@UMarker_t@ArbReader@@V?$allocator@UMarker_t@ArbReader@@@std@@@std@@@2@@std@@QEAAAEAV012@XZ 000000018000c280 f i ArbReader.obj
 0001:0000b3a0       ?_Mynode@?$_Const_iterator@$00@?$list@V?$list@UMarker_t@ArbReader@@V?$allocator@UMarker_t@ArbReader@@@std@@@std@@V?$allocator@V?$list@UMarker_t@ArbReader@@V?$allocator@UMarker_t@ArbReader@@@std@@@std@@@2@@std@@QEBAPEAU_Node@?$_List_nod@V?$list@UMarker_t@ArbReader@@V?$allocator@UMarker_t@ArbReader@@@std@@@std@@V?$allocator@V?$list@UMarker_t@ArbReader@@V?$allocator@UMarker_t@ArbReader@@@std@@@std@@@2@@3@XZ 000000018000c3a0 f i ArbReader.obj
 0001:0000b3c0       ??0?$_Const_iterator@$00@?$list@UMarker_t@ArbReader@@V?$allocator@UMarker_t@ArbReader@@@std@@@std@@QEAA@PEAU_Node@?$_List_nod@UMarker_t@ArbReader@@V?$allocator@UMarker_t@ArbReader@@@std@@@2@PEBV12@@Z 000000018000c3c0 f i ArbReader.obj
 0001:0000b430       ?_Mynode@?$_Const_iterator@$00@?$list@UMarker_t@ArbReader@@V?$allocator@UMarker_t@ArbReader@@@std@@@std@@QEBAPEAU_Node@?$_List_nod@UMarker_t@ArbReader@@V?$allocator@UMarker_t@ArbReader@@@std@@@3@XZ 000000018000c430 f i ArbReader.obj
 0001:0000b450       ?_Compat@?$_Const_iterator@$00@?$list@UMarker_t@ArbReader@@V?$allocator@UMarker_t@ArbReader@@@std@@@std@@QEBAXAEBV123@@Z 000000018000c450 f i ArbReader.obj
 0001:0000b540       ??0?$_Const_iterator@$00@?$list@UArbSeg_t@@V?$allocator@UArbSeg_t@@@std@@@std@@QEAA@PEAU_Node@?$_List_nod@UArbSeg_t@@V?$allocator@UArbSeg_t@@@std@@@2@PEBV12@@Z 000000018000c540 f i ArbReader.obj
 0001:0000b5b0       ?_Mynode@?$_Const_iterator@$00@?$list@UArbSeg_t@@V?$allocator@UArbSeg_t@@@std@@@std@@QEBAPEAU_Node@?$_List_nod@UArbSeg_t@@V?$allocator@UArbSeg_t@@@std@@@3@XZ 000000018000c5b0 f i ArbReader.obj
 0001:0000b5d0       ??0?$_Iterator@$00@?$list@UArbSeg_t@@V?$allocator@UArbSeg_t@@@std@@@std@@QEAA@PEAU_Node@?$_List_nod@UArbSeg_t@@V?$allocator@UArbSeg_t@@@std@@@2@PEBV12@@Z 000000018000c5d0 f i ArbReader.obj
 0001:0000b610       ??0?$_Vector_iterator@V?$vector@UData_t@ArbReader@@V?$allocator@UData_t@ArbReader@@@std@@@std@@V?$allocator@V?$vector@UData_t@ArbReader@@V?$allocator@UData_t@ArbReader@@@std@@@std@@@2@@std@@QEAA@PEAV?$vector@UData_t@ArbReader@@V?$allocator@UData_t@ArbReader@@@std@@@1@PEBV_Container_base_secure@1@@Z 000000018000c610 f i ArbReader.obj
 0001:0000b650       ??Y?$_Vector_iterator@V?$vector@UData_t@ArbReader@@V?$allocator@UData_t@ArbReader@@@std@@@std@@V?$allocator@V?$vector@UData_t@ArbReader@@V?$allocator@UData_t@ArbReader@@@std@@@std@@@2@@std@@QEAAAEAV01@_J@Z 000000018000c650 f i ArbReader.obj
 0001:0000b680       ??D?$_Vector_const_iterator@V?$vector@UData_t@ArbReader@@V?$allocator@UData_t@ArbReader@@@std@@@std@@V?$allocator@V?$vector@UData_t@ArbReader@@V?$allocator@UData_t@ArbReader@@@std@@@std@@@2@@std@@QEBAAEBV?$vector@UData_t@ArbReader@@V?$allocator@UData_t@ArbReader@@@std@@@1@XZ 000000018000c680 f i ArbReader.obj
 0001:0000b780       ??0?$_Vector_iterator@UData_t@ArbReader@@V?$allocator@UData_t@ArbReader@@@std@@@std@@QEAA@PEAUData_t@ArbReader@@PEBV_Container_base_secure@1@@Z 000000018000c780 f i ArbReader.obj
 0001:0000b7c0       ??H?$_Vector_iterator@UData_t@ArbReader@@V?$allocator@UData_t@ArbReader@@@std@@@std@@QEBA?AV01@_J@Z 000000018000c7c0 f i ArbReader.obj
 0001:0000b850       ??G?$_Vector_const_iterator@UData_t@ArbReader@@V?$allocator@UData_t@ArbReader@@@std@@@std@@QEBA_JAEBV01@@Z 000000018000c850 f i ArbReader.obj
 0001:0000b8a0       ??0length_error@std@@QEAA@AEBV01@@Z 000000018000c8a0 f i ArbReader.obj
 0001:0000b8f0       ??0?$_Bidit@UArbSeg_t@@_JPEBU1@AEBU1@@std@@QEAA@XZ 000000018000c8f0 f i ArbReader.obj
 0001:0000b920       ??0?$_Vector_iterator@UData_t@ArbReader@@V?$allocator@UData_t@ArbReader@@@std@@@std@@QEAA@AEBV01@@Z 000000018000c920 f i ArbReader.obj
 0001:0000b950       ??0?$_Iterator_with_base@Ubidirectional_iterator_tag@std@@UArbSeg_t@@_JPEBU3@AEBU3@V_Iterator_base@2@@std@@QEAA@XZ 000000018000c950 f i ArbReader.obj
 0001:0000b980       ?_Myval@?$list@USegHeader_t@ArbReader@@V?$allocator@USegHeader_t@ArbReader@@@std@@@std@@KAAEAUSegHeader_t@ArbReader@@PEAU_Node@?$_List_nod@USegHeader_t@ArbReader@@V?$allocator@USegHeader_t@ArbReader@@@std@@@2@@Z 000000018000c980 f i ArbReader.obj
 0001:0000b9a0       ?max_size@?$list@USegHeader_t@ArbReader@@V?$allocator@USegHeader_t@ArbReader@@@std@@@std@@QEBA_KXZ 000000018000c9a0 f i ArbReader.obj
 0001:0000b9d0       ??0?$_List_nod@USegHeader_t@ArbReader@@V?$allocator@USegHeader_t@ArbReader@@@std@@@std@@IEAA@V?$allocator@USegHeader_t@ArbReader@@@1@@Z 000000018000c9d0 f i ArbReader.obj
 0001:0000ba40       ?construct@?$allocator@USegHeader_t@ArbReader@@@std@@QEAAXPEAUSegHeader_t@ArbReader@@AEBU34@@Z 000000018000ca40 f i ArbReader.obj
 0001:0000ba70       ?_Myval@?$list@UArbSeg_t@@V?$allocator@UArbSeg_t@@@std@@@std@@KAAEAUArbSeg_t@@PEAU_Node@?$_List_nod@UArbSeg_t@@V?$allocator@UArbSeg_t@@@std@@@2@@Z 000000018000ca70 f i ArbReader.obj
 0001:0000ba90       ?max_size@?$list@UArbSeg_t@@V?$allocator@UArbSeg_t@@@std@@@std@@QEBA_KXZ 000000018000ca90 f i ArbReader.obj
 0001:0000bac0       ??0?$_List_nod@UArbSeg_t@@V?$allocator@UArbSeg_t@@@std@@@std@@IEAA@V?$allocator@UArbSeg_t@@@1@@Z 000000018000cac0 f i ArbReader.obj
 0001:0000bb30       ?construct@?$allocator@UArbSeg_t@@@std@@QEAAXPEAUArbSeg_t@@AEBU3@@Z 000000018000cb30 f i ArbReader.obj
 0001:0000bb60       ?_Myval@?$list@V?$list@UMarker_t@ArbReader@@V?$allocator@UMarker_t@ArbReader@@@std@@@std@@V?$allocator@V?$list@UMarker_t@ArbReader@@V?$allocator@UMarker_t@ArbReader@@@std@@@std@@@2@@std@@KAAEAV?$list@UMarker_t@ArbReader@@V?$allocator@UMarker_t@ArbReader@@@std@@@2@PEAU_Node@?$_List_nod@V?$list@UMarker_t@ArbReader@@V?$allocator@UMarker_t@ArbReader@@@std@@@std@@V?$allocator@V?$list@UMarker_t@ArbReader@@V?$allocator@UMarker_t@ArbReader@@@std@@@std@@@2@@2@@Z 000000018000cb60 f i ArbReader.obj
 0001:0000bb80       ?max_size@?$list@V?$list@UMarker_t@ArbReader@@V?$allocator@UMarker_t@ArbReader@@@std@@@std@@V?$allocator@V?$list@UMarker_t@ArbReader@@V?$allocator@UMarker_t@ArbReader@@@std@@@std@@@2@@std@@QEBA_KXZ 000000018000cb80 f i ArbReader.obj
 0001:0000bbb0       ??0?$_List_nod@V?$list@UMarker_t@ArbReader@@V?$allocator@UMarker_t@ArbReader@@@std@@@std@@V?$allocator@V?$list@UMarker_t@ArbReader@@V?$allocator@UMarker_t@ArbReader@@@std@@@std@@@2@@std@@IEAA@V?$allocator@V?$list@UMarker_t@ArbReader@@V?$allocator@UMarker_t@ArbReader@@@std@@@std@@@1@@Z 000000018000cbb0 f i ArbReader.obj
 0001:0000bc20       ?construct@?$allocator@V?$list@UMarker_t@ArbReader@@V?$allocator@UMarker_t@ArbReader@@@std@@@std@@@std@@QEAAXPEAV?$list@UMarker_t@ArbReader@@V?$allocator@UMarker_t@ArbReader@@@std@@@2@AEBV32@@Z 000000018000cc20 f i ArbReader.obj
 0001:0000bc50       ?max_size@?$list@UMarker_t@ArbReader@@V?$allocator@UMarker_t@ArbReader@@@std@@@std@@QEBA_KXZ 000000018000cc50 f i ArbReader.obj
 0001:0000bc80       ?_Orphan_ptr@?$list@UMarker_t@ArbReader@@V?$allocator@UMarker_t@ArbReader@@@std@@@std@@IEBAXAEAV12@PEAU_Node@?$_List_nod@UMarker_t@ArbReader@@V?$allocator@UMarker_t@ArbReader@@@std@@@2@@Z 000000018000cc80 f i ArbReader.obj
 0001:0000bd60       ??0?$_List_nod@UMarker_t@ArbReader@@V?$allocator@UMarker_t@ArbReader@@@std@@@std@@IEAA@V?$allocator@UMarker_t@ArbReader@@@1@@Z 000000018000cd60 f i ArbReader.obj
 0001:0000bdd0       ?construct@?$allocator@UMarker_t@ArbReader@@@std@@QEAAXPEAUMarker_t@ArbReader@@AEBU34@@Z 000000018000cdd0 f i ArbReader.obj
 0001:0000be00       ?destroy@?$allocator@U_Node@?$_List_nod@UMarker_t@ArbReader@@V?$allocator@UMarker_t@ArbReader@@@std@@@std@@@std@@QEAAXPEAU_Node@?$_List_nod@UMarker_t@ArbReader@@V?$allocator@UMarker_t@ArbReader@@@std@@@2@@Z 000000018000ce00 f i ArbReader.obj
 0001:0000be30       ?max_size@?$vector@UData_t@ArbReader@@V?$allocator@UData_t@ArbReader@@@std@@@std@@QEBA_KXZ 000000018000ce30 f i ArbReader.obj
 0001:0000be60       ?_Destroy@?$vector@UData_t@ArbReader@@V?$allocator@UData_t@ArbReader@@@std@@@std@@IEAAXPEAUData_t@ArbReader@@0@Z 000000018000ce60 f i ArbReader.obj
 0001:0000bea0       ?_Xlen@?$vector@UData_t@ArbReader@@V?$allocator@UData_t@ArbReader@@@std@@@std@@KAXXZ 000000018000cea0 f i ArbReader.obj
 0001:0000bf20       ?deallocate@?$allocator@UData_t@ArbReader@@@std@@QEAAXPEAUData_t@ArbReader@@_K@Z 000000018000cf20 f i ArbReader.obj
 0001:0000bf50       ?allocate@?$allocator@UData_t@ArbReader@@@std@@QEAAPEAUData_t@ArbReader@@_K@Z 000000018000cf50 f i ArbReader.obj
 0001:0000bf80       ??0?$_Vector_const_iterator@V?$vector@UData_t@ArbReader@@V?$allocator@UData_t@ArbReader@@@std@@@std@@V?$allocator@V?$vector@UData_t@ArbReader@@V?$allocator@UData_t@ArbReader@@@std@@@std@@@2@@std@@QEAA@PEAV?$vector@UData_t@ArbReader@@V?$allocator@UData_t@ArbReader@@@std@@@1@PEBV_Container_base_secure@1@@Z 000000018000cf80 f i ArbReader.obj
 0001:0000c090       ??Y?$_Vector_const_iterator@V?$vector@UData_t@ArbReader@@V?$allocator@UData_t@ArbReader@@@std@@@std@@V?$allocator@V?$vector@UData_t@ArbReader@@V?$allocator@UData_t@ArbReader@@@std@@@std@@@2@@std@@QEAAAEAV01@_J@Z 000000018000d090 f i ArbReader.obj
 0001:0000c230       ?_Getmycont@_Iterator_base@std@@QEBAPEBV_Container_base_secure@2@XZ 000000018000d230 f i ArbReader.obj
 0001:0000c250       ?_Has_container@_Iterator_base@std@@QEBA_NXZ 000000018000d250 f i ArbReader.obj
 0001:0000c290       ??Y?$_Vector_iterator@UData_t@ArbReader@@V?$allocator@UData_t@ArbReader@@@std@@@std@@QEAAAEAV01@_J@Z 000000018000d290 f i ArbReader.obj
 0001:0000c2c0       ??0?$_Vector_const_iterator@UData_t@ArbReader@@V?$allocator@UData_t@ArbReader@@@std@@@std@@QEAA@PEAUData_t@ArbReader@@PEBV_Container_base_secure@1@@Z 000000018000d2c0 f i ArbReader.obj
 0001:0000c3d0       ?_Compat@?$_Vector_const_iterator@UData_t@ArbReader@@V?$allocator@UData_t@ArbReader@@@std@@@std@@QEBAXAEBV12@@Z 000000018000d3d0 f i ArbReader.obj
 0001:0000c4b0       ??0?$_Ranit@V?$vector@UData_t@ArbReader@@V?$allocator@UData_t@ArbReader@@@std@@@std@@_JPEBV12@AEBV12@@std@@QEAA@XZ 000000018000d4b0 f i ArbReader.obj
 0001:0000c4e0       ??0?$_Ranit@UData_t@ArbReader@@_JPEBU12@AEBU12@@std@@QEAA@XZ 000000018000d4e0 f i ArbReader.obj
 0001:0000c510       ??0?$_Iterator_with_base@Urandom_access_iterator_tag@std@@V?$vector@UData_t@ArbReader@@V?$allocator@UData_t@ArbReader@@@std@@@2@_JPEBV32@AEBV32@V_Iterator_base@2@@std@@QEAA@XZ 000000018000d510 f i ArbReader.obj
 0001:0000c540       ??0?$_Iterator_with_base@Urandom_access_iterator_tag@std@@UData_t@ArbReader@@_JPEBU34@AEBU34@V_Iterator_base@2@@std@@QEAA@XZ 000000018000d540 f i ArbReader.obj
 0001:0000c570       ??0?$_Container_base_aux_alloc_empty@V?$allocator@USegHeader_t@ArbReader@@@std@@@std@@IEAA@V?$allocator@USegHeader_t@ArbReader@@@1@@Z 000000018000d570 f i ArbReader.obj
 0001:0000c5a0       ?max_size@?$allocator@USegHeader_t@ArbReader@@@std@@QEBA_KXZ 000000018000d5a0 f i ArbReader.obj
 0001:0000c5f0       ??0?$_Container_base_aux_alloc_empty@V?$allocator@UArbSeg_t@@@std@@@std@@IEAA@V?$allocator@UArbSeg_t@@@1@@Z 000000018000d5f0 f i ArbReader.obj
 0001:0000c620       ?max_size@?$allocator@UArbSeg_t@@@std@@QEBA_KXZ 000000018000d620 f i ArbReader.obj
 0001:0000c670       ??0?$_Container_base_aux_alloc_empty@V?$allocator@V?$list@UMarker_t@ArbReader@@V?$allocator@UMarker_t@ArbReader@@@std@@@std@@@std@@@std@@IEAA@V?$allocator@V?$list@UMarker_t@ArbReader@@V?$allocator@UMarker_t@ArbReader@@@std@@@std@@@1@@Z 000000018000d670 f i ArbReader.obj
 0001:0000c6a0       ?max_size@?$allocator@V?$list@UMarker_t@ArbReader@@V?$allocator@UMarker_t@ArbReader@@@std@@@std@@@std@@QEBA_KXZ 000000018000d6a0 f i ArbReader.obj
 0001:0000c6f0       ??0?$_Container_base_aux_alloc_empty@V?$allocator@UMarker_t@ArbReader@@@std@@@std@@IEAA@V?$allocator@UMarker_t@ArbReader@@@1@@Z 000000018000d6f0 f i ArbReader.obj
 0001:0000c720       ?max_size@?$allocator@UMarker_t@ArbReader@@@std@@QEBA_KXZ 000000018000d720 f i ArbReader.obj
 0001:0000c770       ?max_size@?$allocator@UData_t@ArbReader@@@std@@QEBA_KXZ 000000018000d770 f i ArbReader.obj
 0001:0000c7c0       ??Y?$_Vector_const_iterator@UData_t@ArbReader@@V?$allocator@UData_t@ArbReader@@@std@@@std@@QEAAAEAV01@_J@Z 000000018000d7c0 f i ArbReader.obj
 0001:0000c960       ??$assign@V?$_Const_iterator@$00@?$list@USegHeader_t@ArbReader@@V?$allocator@USegHeader_t@ArbReader@@@std@@@std@@@?$list@USegHeader_t@ArbReader@@V?$allocator@USegHeader_t@ArbReader@@@std@@@std@@QEAAXV?$_Const_iterator@$00@01@0@Z 000000018000d960 f i ArbReader.obj
 0001:0000ca60       ??$assign@V?$_Const_iterator@$00@?$list@UArbSeg_t@@V?$allocator@UArbSeg_t@@@std@@@std@@@?$list@UArbSeg_t@@V?$allocator@UArbSeg_t@@@std@@@std@@QEAAXV?$_Const_iterator@$00@01@0@Z 000000018000da60 f i ArbReader.obj
 0001:0000cb60       ??$assign@V?$_Const_iterator@$00@?$list@V?$list@UMarker_t@ArbReader@@V?$allocator@UMarker_t@ArbReader@@@std@@@std@@V?$allocator@V?$list@UMarker_t@ArbReader@@V?$allocator@UMarker_t@ArbReader@@@std@@@std@@@2@@std@@@?$list@V?$list@UMarker_t@ArbReader@@V?$allocator@UMarker_t@ArbReader@@@std@@@std@@V?$allocator@V?$list@UMarker_t@ArbReader@@V?$allocator@UMarker_t@ArbReader@@@std@@@std@@@2@@std@@QEAAXV?$_Const_iterator@$00@01@0@Z 000000018000db60 f i ArbReader.obj
 0001:0000cc60       ??$_Destroy@U_Node@?$_List_nod@USegHeader_t@ArbReader@@V?$allocator@USegHeader_t@ArbReader@@@std@@@std@@@std@@YAXPEAU_Node@?$_List_nod@USegHeader_t@ArbReader@@V?$allocator@USegHeader_t@ArbReader@@@std@@@0@@Z 000000018000dc60 f i ArbReader.obj
 0001:0000cc70       ??$_Destroy@U_Node@?$_List_nod@UArbSeg_t@@V?$allocator@UArbSeg_t@@@std@@@std@@@std@@YAXPEAU_Node@?$_List_nod@UArbSeg_t@@V?$allocator@UArbSeg_t@@@std@@@0@@Z 000000018000dc70 f i ArbReader.obj
 0001:0000cc80       ??$_Destroy@U_Node@?$_List_nod@V?$list@UMarker_t@ArbReader@@V?$allocator@UMarker_t@ArbReader@@@std@@@std@@V?$allocator@V?$list@UMarker_t@ArbReader@@V?$allocator@UMarker_t@ArbReader@@@std@@@std@@@2@@std@@@std@@YAXPEAU_Node@?$_List_nod@V?$list@UMarker_t@ArbReader@@V?$allocator@UMarker_t@ArbReader@@@std@@@std@@V?$allocator@V?$list@UMarker_t@ArbReader@@V?$allocator@UMarker_t@ArbReader@@@std@@@std@@@2@@0@@Z 000000018000dc80 f i ArbReader.obj
 0001:0000cca0       ??$unchecked_uninitialized_fill_n@PEAUData_t@ArbReader@@_KU12@V?$allocator@UData_t@ArbReader@@@std@@@stdext@@YAXPEAUData_t@ArbReader@@_KAEBU12@AEAV?$allocator@UData_t@ArbReader@@@std@@@Z 000000018000dca0 f i ArbReader.obj
 0001:0000cd30       ??$?0USegHeader_t@ArbReader@@@?$allocator@PEAU_Node@?$_List_nod@USegHeader_t@ArbReader@@V?$allocator@USegHeader_t@ArbReader@@@std@@@std@@@std@@QEAA@AEBV?$allocator@USegHeader_t@ArbReader@@@1@@Z 000000018000dd30 f i ArbReader.obj
 0001:0000cd50       ??$_Allocate@U_Node@?$_List_nod@USegHeader_t@ArbReader@@V?$allocator@USegHeader_t@ArbReader@@@std@@@std@@@std@@YAPEAU_Node@?$_List_nod@USegHeader_t@ArbReader@@V?$allocator@USegHeader_t@ArbReader@@@std@@@0@_KPEAU120@@Z 000000018000dd50 f i ArbReader.obj
 0001:0000cde0       ??0bad_alloc@std@@QEAA@PEBD@Z 000000018000dde0 f i ArbReader.obj
 0001:0000ce30       ??1bad_alloc@std@@UEAA@XZ  000000018000de30 f i ArbReader.obj
 0001:0000ce70       ??_Ebad_alloc@std@@UEAAPEAXI@Z 000000018000de70 f i ArbReader.obj
 0001:0000ce70       ??_Gbad_alloc@std@@UEAAPEAXI@Z 000000018000de70 f i ArbReader.obj
 0001:0000cec0       ??$_Construct@PEAU_Node@?$_List_nod@USegHeader_t@ArbReader@@V?$allocator@USegHeader_t@ArbReader@@@std@@@std@@PEAU123@@std@@YAXPEAPEAU_Node@?$_List_nod@USegHeader_t@ArbReader@@V?$allocator@USegHeader_t@ArbReader@@@std@@@0@AEBQEAU120@@Z 000000018000dec0 f i ArbReader.obj
 0001:0000cf40       ??2@YAPEAX_KPEAX@Z         000000018000df40 f i ArbReader.obj
 0001:0000cf60       ??$_Destroy@PEAU_Node@?$_List_nod@USegHeader_t@ArbReader@@V?$allocator@USegHeader_t@ArbReader@@@std@@@std@@@std@@YAXPEAPEAU_Node@?$_List_nod@USegHeader_t@ArbReader@@V?$allocator@USegHeader_t@ArbReader@@@std@@@0@@Z 000000018000df60 f i ArbReader.obj
 0001:0000cf70       ??$?0UArbSeg_t@@@?$allocator@PEAU_Node@?$_List_nod@UArbSeg_t@@V?$allocator@UArbSeg_t@@@std@@@std@@@std@@QEAA@AEBV?$allocator@UArbSeg_t@@@1@@Z 000000018000df70 f i ArbReader.obj
 0001:0000cf90       ??$_Allocate@U_Node@?$_List_nod@UArbSeg_t@@V?$allocator@UArbSeg_t@@@std@@@std@@@std@@YAPEAU_Node@?$_List_nod@UArbSeg_t@@V?$allocator@UArbSeg_t@@@std@@@0@_KPEAU120@@Z 000000018000df90 f i ArbReader.obj
 0001:0000d020       ??$_Construct@PEAU_Node@?$_List_nod@UArbSeg_t@@V?$allocator@UArbSeg_t@@@std@@@std@@PEAU123@@std@@YAXPEAPEAU_Node@?$_List_nod@UArbSeg_t@@V?$allocator@UArbSeg_t@@@std@@@0@AEBQEAU120@@Z 000000018000e020 f i ArbReader.obj
 0001:0000d0a0       ??$_Destroy@PEAU_Node@?$_List_nod@UArbSeg_t@@V?$allocator@UArbSeg_t@@@std@@@std@@@std@@YAXPEAPEAU_Node@?$_List_nod@UArbSeg_t@@V?$allocator@UArbSeg_t@@@std@@@0@@Z 000000018000e0a0 f i ArbReader.obj
 0001:0000d0b0       ??$?0V?$list@UMarker_t@ArbReader@@V?$allocator@UMarker_t@ArbReader@@@std@@@std@@@?$allocator@PEAU_Node@?$_List_nod@V?$list@UMarker_t@ArbReader@@V?$allocator@UMarker_t@ArbReader@@@std@@@std@@V?$allocator@V?$list@UMarker_t@ArbReader@@V?$allocator@UMarker_t@ArbReader@@@std@@@std@@@2@@std@@@std@@QEAA@AEBV?$allocator@V?$list@UMarker_t@ArbReader@@V?$allocator@UMarker_t@ArbReader@@@std@@@std@@@1@@Z 000000018000e0b0 f i ArbReader.obj
 0001:0000d0d0       ??$_Allocate@U_Node@?$_List_nod@V?$list@UMarker_t@ArbReader@@V?$allocator@UMarker_t@ArbReader@@@std@@@std@@V?$allocator@V?$list@UMarker_t@ArbReader@@V?$allocator@UMarker_t@ArbReader@@@std@@@std@@@2@@std@@@std@@YAPEAU_Node@?$_List_nod@V?$list@UMarker_t@ArbReader@@V?$allocator@UMarker_t@ArbReader@@@std@@@std@@V?$allocator@V?$list@UMarker_t@ArbReader@@V?$allocator@UMarker_t@ArbReader@@@std@@@std@@@2@@0@_KPEAU120@@Z 000000018000e0d0 f i ArbReader.obj
 0001:0000d150       ??$_Construct@PEAU_Node@?$_List_nod@V?$list@UMarker_t@ArbReader@@V?$allocator@UMarker_t@ArbReader@@@std@@@std@@V?$allocator@V?$list@UMarker_t@ArbReader@@V?$allocator@UMarker_t@ArbReader@@@std@@@std@@@2@@std@@PEAU123@@std@@YAXPEAPEAU_Node@?$_List_nod@V?$list@UMarker_t@ArbReader@@V?$allocator@UMarker_t@ArbReader@@@std@@@std@@V?$allocator@V?$list@UMarker_t@ArbReader@@V?$allocator@UMarker_t@ArbReader@@@std@@@std@@@2@@0@AEBQEAU120@@Z 000000018000e150 f i ArbReader.obj
 0001:0000d1d0       ??$_Destroy@PEAU_Node@?$_List_nod@V?$list@UMarker_t@ArbReader@@V?$allocator@UMarker_t@ArbReader@@@std@@@std@@V?$allocator@V?$list@UMarker_t@ArbReader@@V?$allocator@UMarker_t@ArbReader@@@std@@@std@@@2@@std@@@std@@YAXPEAPEAU_Node@?$_List_nod@V?$list@UMarker_t@ArbReader@@V?$allocator@UMarker_t@ArbReader@@@std@@@std@@V?$allocator@V?$list@UMarker_t@ArbReader@@V?$allocator@UMarker_t@ArbReader@@@std@@@std@@@2@@0@@Z 000000018000e1d0 f i ArbReader.obj
 0001:0000d1e0       ??$?0UMarker_t@ArbReader@@@?$allocator@PEAU_Node@?$_List_nod@UMarker_t@ArbReader@@V?$allocator@UMarker_t@ArbReader@@@std@@@std@@@std@@QEAA@AEBV?$allocator@UMarker_t@ArbReader@@@1@@Z 000000018000e1e0 f i ArbReader.obj
 0001:0000d200       ??$_Allocate@U_Node@?$_List_nod@UMarker_t@ArbReader@@V?$allocator@UMarker_t@ArbReader@@@std@@@std@@@std@@YAPEAU_Node@?$_List_nod@UMarker_t@ArbReader@@V?$allocator@UMarker_t@ArbReader@@@std@@@0@_KPEAU120@@Z 000000018000e200 f i ArbReader.obj
 0001:0000d290       ??$_Construct@PEAU_Node@?$_List_nod@UMarker_t@ArbReader@@V?$allocator@UMarker_t@ArbReader@@@std@@@std@@PEAU123@@std@@YAXPEAPEAU_Node@?$_List_nod@UMarker_t@ArbReader@@V?$allocator@UMarker_t@ArbReader@@@std@@@0@AEBQEAU120@@Z 000000018000e290 f i ArbReader.obj
 0001:0000d310       ??$_Destroy@PEAU_Node@?$_List_nod@UMarker_t@ArbReader@@V?$allocator@UMarker_t@ArbReader@@@std@@@std@@@std@@YAXPEAPEAU_Node@?$_List_nod@UMarker_t@ArbReader@@V?$allocator@UMarker_t@ArbReader@@@std@@@0@@Z 000000018000e310 f i ArbReader.obj
 0001:0000d320       ??$_Umove@PEAUData_t@ArbReader@@@?$vector@UData_t@ArbReader@@V?$allocator@UData_t@ArbReader@@@std@@@std@@IEAAPEAUData_t@ArbReader@@PEAU23@00@Z 000000018000e320 f i ArbReader.obj
 0001:0000d370       ??$fill@PEAUData_t@ArbReader@@U12@@std@@YAXPEAUData_t@ArbReader@@0AEBU12@@Z 000000018000e370 f i ArbReader.obj
 0001:0000d3d0       ??$_Unchecked_move_backward@PEAUData_t@ArbReader@@PEAU12@@stdext@@YAPEAUData_t@ArbReader@@PEAU12@00@Z 000000018000e3d0 f i ArbReader.obj
 0001:0000d480       ??$?0USegHeader_t@ArbReader@@@?$allocator@U_Node@?$_List_nod@USegHeader_t@ArbReader@@V?$allocator@USegHeader_t@ArbReader@@@std@@@std@@@std@@QEAA@AEBV?$allocator@USegHeader_t@ArbReader@@@1@@Z 000000018000e480 f i ArbReader.obj
 0001:0000d4a0       ??$_Construct@USegHeader_t@ArbReader@@U12@@std@@YAXPEAUSegHeader_t@ArbReader@@AEBU12@@Z 000000018000e4a0 f i ArbReader.obj
 0001:0000d550       ??$?0UArbSeg_t@@@?$allocator@U_Node@?$_List_nod@UArbSeg_t@@V?$allocator@UArbSeg_t@@@std@@@std@@@std@@QEAA@AEBV?$allocator@UArbSeg_t@@@1@@Z 000000018000e550 f i ArbReader.obj
 0001:0000d570       ??$_Construct@UArbSeg_t@@U1@@std@@YAXPEAUArbSeg_t@@AEBU1@@Z 000000018000e570 f i ArbReader.obj
 0001:0000d5f0       ??$?0V?$list@UMarker_t@ArbReader@@V?$allocator@UMarker_t@ArbReader@@@std@@@std@@@?$allocator@U_Node@?$_List_nod@V?$list@UMarker_t@ArbReader@@V?$allocator@UMarker_t@ArbReader@@@std@@@std@@V?$allocator@V?$list@UMarker_t@ArbReader@@V?$allocator@UMarker_t@ArbReader@@@std@@@std@@@2@@std@@@std@@QEAA@AEBV?$allocator@V?$list@UMarker_t@ArbReader@@V?$allocator@UMarker_t@ArbReader@@@std@@@std@@@1@@Z 000000018000e5f0 f i ArbReader.obj
 0001:0000d610       ??$_Construct@V?$list@UMarker_t@ArbReader@@V?$allocator@UMarker_t@ArbReader@@@std@@@std@@V12@@std@@YAXPEAV?$list@UMarker_t@ArbReader@@V?$allocator@UMarker_t@ArbReader@@@std@@@0@AEBV10@@Z 000000018000e610 f i ArbReader.obj
 0001:0000d6a0       ??3@YAXPEAX0@Z             000000018000e6a0 f i ArbReader.obj
 0001:0000d6b0       ??$?0UMarker_t@ArbReader@@@?$allocator@U_Node@?$_List_nod@UMarker_t@ArbReader@@V?$allocator@UMarker_t@ArbReader@@@std@@@std@@@std@@QEAA@AEBV?$allocator@UMarker_t@ArbReader@@@1@@Z 000000018000e6b0 f i ArbReader.obj
 0001:0000d6d0       ??$_Construct@UMarker_t@ArbReader@@U12@@std@@YAXPEAUMarker_t@ArbReader@@AEBU12@@Z 000000018000e6d0 f i ArbReader.obj
 0001:0000d750       ??$_Destroy@U_Node@?$_List_nod@UMarker_t@ArbReader@@V?$allocator@UMarker_t@ArbReader@@@std@@@std@@@std@@YAXPEAU_Node@?$_List_nod@UMarker_t@ArbReader@@V?$allocator@UMarker_t@ArbReader@@@std@@@0@@Z 000000018000e750 f i ArbReader.obj
 0001:0000d760       ??$_Destroy_range@V?$allocator@UData_t@ArbReader@@@std@@@std@@YAXPEAUData_t@ArbReader@@0AEAV?$allocator@UData_t@ArbReader@@@0@@Z 000000018000e760 f i ArbReader.obj
 0001:0000d7c0       ??$_Allocate@UData_t@ArbReader@@@std@@YAPEAUData_t@ArbReader@@_KPEAU12@@Z 000000018000e7c0 f i ArbReader.obj
 0001:0000d840       ??_G_Node@?$_List_nod@V?$list@UMarker_t@ArbReader@@V?$allocator@UMarker_t@ArbReader@@@std@@@std@@V?$allocator@V?$list@UMarker_t@ArbReader@@V?$allocator@UMarker_t@ArbReader@@@std@@@std@@@2@@std@@QEAAPEAXI@Z 000000018000e840 f i ArbReader.obj
 0001:0000d890       ??0bad_alloc@std@@QEAA@AEBV01@@Z 000000018000e890 f i ArbReader.obj
 0001:0000d8e0       ??1_Node@?$_List_nod@V?$list@UMarker_t@ArbReader@@V?$allocator@UMarker_t@ArbReader@@@std@@@std@@V?$allocator@V?$list@UMarker_t@ArbReader@@V?$allocator@UMarker_t@ArbReader@@@std@@@std@@@2@@std@@QEAA@XZ 000000018000e8e0 f i ArbReader.obj
 0001:0000d910       ??0?$list@UMarker_t@ArbReader@@V?$allocator@UMarker_t@ArbReader@@@std@@@std@@QEAA@AEBV01@@Z 000000018000e910 f i ArbReader.obj
 0001:0000daf0       ?begin@?$list@UMarker_t@ArbReader@@V?$allocator@UMarker_t@ArbReader@@@std@@@std@@QEBA?AV?$_Const_iterator@$00@12@XZ 000000018000eaf0 f i ArbReader.obj
 0001:0000db50       ?end@?$list@UMarker_t@ArbReader@@V?$allocator@UMarker_t@ArbReader@@@std@@@std@@QEBA?AV?$_Const_iterator@$00@12@XZ 000000018000eb50 f i ArbReader.obj
 0001:0000dbb0       ??$_Iter_cat@V?$_Const_iterator@$00@?$list@USegHeader_t@ArbReader@@V?$allocator@USegHeader_t@ArbReader@@@std@@@std@@@std@@YA?AUbidirectional_iterator_tag@0@AEBV?$_Const_iterator@$00@?$list@USegHeader_t@ArbReader@@V?$allocator@USegHeader_t@ArbReader@@@std@@@0@@Z 000000018000ebb0 f i ArbReader.obj
 0001:0000dbd0       ??$_Assign@V?$_Const_iterator@$00@?$list@USegHeader_t@ArbReader@@V?$allocator@USegHeader_t@ArbReader@@@std@@@std@@@?$list@USegHeader_t@ArbReader@@V?$allocator@USegHeader_t@ArbReader@@@std@@@std@@QEAAXV?$_Const_iterator@$00@01@0Uinput_iterator_tag@1@@Z 000000018000ebd0 f i ArbReader.obj
 0001:0000dd70       ??$_Iter_cat@V?$_Const_iterator@$00@?$list@UArbSeg_t@@V?$allocator@UArbSeg_t@@@std@@@std@@@std@@YA?AUbidirectional_iterator_tag@0@AEBV?$_Const_iterator@$00@?$list@UArbSeg_t@@V?$allocator@UArbSeg_t@@@std@@@0@@Z 000000018000ed70 f i ArbReader.obj
 0001:0000dd90       ??$_Assign@V?$_Const_iterator@$00@?$list@UArbSeg_t@@V?$allocator@UArbSeg_t@@@std@@@std@@@?$list@UArbSeg_t@@V?$allocator@UArbSeg_t@@@std@@@std@@QEAAXV?$_Const_iterator@$00@01@0Uinput_iterator_tag@1@@Z 000000018000ed90 f i ArbReader.obj
 0001:0000df30       ??$_Iter_cat@V?$_Const_iterator@$00@?$list@V?$list@UMarker_t@ArbReader@@V?$allocator@UMarker_t@ArbReader@@@std@@@std@@V?$allocator@V?$list@UMarker_t@ArbReader@@V?$allocator@UMarker_t@ArbReader@@@std@@@std@@@2@@std@@@std@@YA?AUbidirectional_iterator_tag@0@AEBV?$_Const_iterator@$00@?$list@V?$list@UMarker_t@ArbReader@@V?$allocator@UMarker_t@ArbReader@@@std@@@std@@V?$allocator@V?$list@UMarker_t@ArbReader@@V?$allocator@UMarker_t@ArbReader@@@std@@@std@@@2@@0@@Z 000000018000ef30 f i ArbReader.obj
 0001:0000df50       ??$_Assign@V?$_Const_iterator@$00@?$list@V?$list@UMarker_t@ArbReader@@V?$allocator@UMarker_t@ArbReader@@@std@@@std@@V?$allocator@V?$list@UMarker_t@ArbReader@@V?$allocator@UMarker_t@ArbReader@@@std@@@std@@@2@@std@@@?$list@V?$list@UMarker_t@ArbReader@@V?$allocator@UMarker_t@ArbReader@@@std@@@std@@V?$allocator@V?$list@UMarker_t@ArbReader@@V?$allocator@UMarker_t@ArbReader@@@std@@@std@@@2@@std@@QEAAXV?$_Const_iterator@$00@01@0Uinput_iterator_tag@1@@Z 000000018000ef50 f i ArbReader.obj
 0001:0000e0f0       ??$_Ptr_cat@PEAUData_t@ArbReader@@PEAU12@@std@@YA?AU_Nonscalar_ptr_iterator_tag@0@AEAPEAUData_t@ArbReader@@0@Z 000000018000f0f0 f i ArbReader.obj
[...]
 0002:0002a9b8       ??_R4TxLOLeakageTableR1C@@6B@ 00000001800f79b8     TxLoLeakageTable.obj
 0002:0002a9e8       ??_R3TxLOLeakageTableR1C@@8 00000001800f79e8     TxLoLeakageTable.obj
 0002:0002aa00       ??_R2TxLOLeakageTableR1C@@8 00000001800f7a00     TxLoLeakageTable.obj
 0002:0002aa10       ??_R1A@?0A@EA@TxLOLeakageTableR1C@@8 00000001800f7a10     TxLoLeakageTable.obj
 0002:0002aa40       ??_R4TxSidebandTableR1C@@6B@ 00000001800f7a40     TxSidebandTable.obj
 0002:0002aa70       ??_R3TxSidebandTableR1C@@8 00000001800f7a70     TxSidebandTable.obj
 0002:0002aa88       ??_R2TxSidebandTableR1C@@8 00000001800f7a88     TxSidebandTable.obj
 0002:0002aa98       ??_R1A@?0A@EA@TxSidebandTableR1C@@8 00000001800f7a98     TxSidebandTable.obj
 0002:0002aac8       ??_R4type_info@@6B@        00000001800f7ac8     MSVCRTD:ti_inst.obj
 0002:0002aaf0       ??_R3type_info@@8          00000001800f7af0     MSVCRTD:ti_inst.obj
 0002:0002ab08       ??_R2type_info@@8          00000001800f7b08     MSVCRTD:ti_inst.obj
 0002:0002ab18       ??_R1A@?0A@EA@type_info@@8 00000001800f7b18     MSVCRTD:ti_inst.obj
 0002:0002acd0       __rtc_iaa                  00000001800f7cd0     MSVCRTD:_initsect_.obj
 0002:0002ade0       __rtc_izz                  00000001800f7de0     MSVCRTD:_initsect_.obj
 0002:0002aef0       __rtc_taa                  00000001800f7ef0     MSVCRTD:_initsect_.obj
 0002:0002b000       __rtc_tzz                  00000001800f8000     MSVCRTD:_initsect_.obj
 0002:00034420       _TI3?AVout_of_range@std@@  0000000180101420     ArbReader.obj
 0002:00034440       _CTA3?AVout_of_range@std@@ 0000000180101440     ArbReader.obj
 0002:00034460       _CT??_R0?AVout_of_range@std@@@8??0out_of_range@std@@QEAA@AEBV01@@Z72 0000000180101460     ArbReader.obj
 0002:00034488       _CT??_R0?AVlogic_error@std@@@8??0logic_error@std@@QEAA@AEBV01@@Z72 0000000180101488     ArbReader.obj
 0002:000344b0       _CT??_R0?AVexception@std@@@8??0exception@std@@QEAA@AEBV01@@Z24 00000001801014b0     ArbReader.obj
 0002:000344d8       _TI3?AVlength_error@std@@  00000001801014d8     ArbReader.obj
 0002:000344f8       _CTA3?AVlength_error@std@@ 00000001801014f8     ArbReader.obj
 0002:00034518       _CT??_R0?AVlength_error@std@@@8??0length_error@std@@QEAA@AEBV01@@Z72 0000000180101518     ArbReader.obj
 0002:00034540       _TI2?AVbad_alloc@std@@     0000000180101540     ArbReader.obj
 0002:00034560       _CTA2?AVbad_alloc@std@@    0000000180101560     ArbReader.obj
 0002:00034578       _CT??_R0?AVbad_alloc@std@@@8??0bad_alloc@std@@QEAA@AEBV01@@Z24 0000000180101578     ArbReader.obj
 0003:00000010       ??_R0?AVout_of_range@std@@@8 000000018010a010     ArbReader.obj
 0003:00000040       ??_R0?AVlogic_error@std@@@8 000000018010a040     ArbReader.obj
 0003:00000070       ??_R0?AVexception@std@@@8  000000018010a070     ArbReader.obj
 0003:000000a0       ??_R0?AVlength_error@std@@@8 000000018010a0a0     ArbReader.obj
 0003:000000d0       ??_R0?AVbad_alloc@std@@@8  000000018010a0d0     ArbReader.obj
 0003:00000110       ??_R0?AVCalFileR1A@@@8     000000018010a110     CalFileR1A.obj
 0003:00000138       ??_R0?AVICalFile@@@8       000000018010a138     CalFileR1A.obj
 0003:00000160       ??_R0?AVTxSidebandTableR1A@@@8 000000018010a160     CalFileR1A.obj
 0003:00000198       ??_R0?AVTxLOLeakageTableR1A@@@8 000000018010a198     CalFileR1A.obj
 0003:000001d0       ??_R0?AVTxAttTableR1A@@@8  000000018010a1d0     CalFileR1A.obj
 0003:00000200       ??_R0?AVTxPowerTableR1A@@@8 000000018010a200     CalFileR1A.obj
 0003:00000230       ??_R0?AVRxRefTableR1A@@@8  000000018010a230     CalFileR1A.obj
 0003:00000270       ??_R0?AVCalFileR1C@@@8     000000018010a270     CalFileR1C.obj
 0003:00000298       ??_R0?AVTxAttOPTableR1C@@@8 000000018010a298     CalFileR1C.obj
 0003:000002c8       ??_R0?AVTxAttIOTableR1C@@@8 000000018010a2c8     CalFileR1C.obj
 0003:000002f8       ??_R0?AVTxPowerOPTableR1C@@@8 000000018010a2f8     CalFileR1C.obj
 0003:00000328       ??_R0?AVTxPowerIOTableR1C@@@8 000000018010a328     CalFileR1C.obj
 0003:00000358       ??_R0?AVRxRefOPTableR1C@@@8 000000018010a358     CalFileR1C.obj
 0003:00000388       ??_R0?AVRxRefIOTableR1C@@@8 000000018010a388     CalFileR1C.obj
 0003:000003b8       ??_R0?AVRxAttOPTableR1C@@@8 000000018010a3b8     CalFileR1C.obj
 0003:000003e8       ??_R0?AVRxAttIOTableR1C@@@8 000000018010a3e8     CalFileR1C.obj
 0003:00000418       ??_R0?AVTxFilter_80M_TableR1C@@@8 000000018010a418     CalFileR1C.obj
 0003:00000450       ??_R0?AVTxFilter_160M_TableR1C@@@8 000000018010a450     CalFileR1C.obj
 0003:00000488       ??_R0?AVRxFilter_80M_TableR1C@@@8 000000018010a488     CalFileR1C.obj
 0003:000004c0       ??_R0?AVRxFilter_160M_TableR1C@@@8 000000018010a4c0     CalFileR1C.obj
 0003:000004f8       ??_R0?AVTxFilterOffTableR1C@@@8 000000018010a4f8     CalFileR1C.obj
 0003:00000530       ??_R0?AVRxFilterOffTableR1C@@@8 000000018010a530     CalFileR1C.obj
 0003:00000568       ??_R0?AVTxIFFrTableR1C@@@8 000000018010a568     CalFileR1C.obj
 0003:00000598       ??_R0?AVRxRFFrTableR1C@@@8 000000018010a598     CalFileR1C.obj
 0003:000005c8       ??_R0?AVRxIFFrTableR1C@@@8 000000018010a5c8     CalFileR1C.obj
 0003:000005f8       ??_R0?AVTxRFFr_0_TableR1C@@@8 000000018010a5f8     CalFileR1C.obj
 0003:00000628       ??_R0?AVTxRFFrTable@@@8    000000018010a628     CalFileR1C.obj
 0003:00000650       ??_R0?AVTxRFFr_1_TableR1C@@@8 000000018010a650     CalFileR1C.obj
 0003:000006b0       ??_R0?AVCfvCtrl@@@8        000000018010a6b0     ICalFile.obj
 0003:000006e0       ?g_IQBufLock@@3PEAUpthread_mutex_t_@@EA 000000018010a6e0     IQBufMgr.obj
 0003:00000700       ??_R0?AVISP1401@@@8        000000018010a700     ISP1401.obj
 0003:00000778       ??_R0?AVCSGPMMFile@@@8     000000018010a778     sgpmm.obj
 0003:000007b0       ??_R0?AVCSP1401R1A@@@8     000000018010a7b0     SP1401R1A.obj
 0003:000007e8       ??_R0?AVCSP1401R1C@@@8     000000018010a7e8     SP1401R1C.obj
 0003:00000850       ??_R0?AVTxLOLeakageTableR1C@@@8 000000018010a850     TxLoLeakageTable.obj
 0003:000008a8       ??_R0?AVTxSidebandTableR1C@@@8 000000018010a8a8     TxSidebandTable.obj
 0003:000008e8       __security_cookie          000000018010a8e8     MSVCRTD:gs_cookie.obj
 0003:000008f0       __security_cookie_complement 000000018010a8f0     MSVCRTD:gs_cookie.obj
 0003:000008f8       _fltused                   000000018010a8f8     MSVCRTD:dllsupp.obj
 0003:00000900       ??_R0?AVtype_info@@@8      000000018010a900     MSVCRTD:ti_inst.obj
 0003:00000920       __native_dllmain_reason    000000018010a920     MSVCRTD:natstart.obj
 0003:00000924       __native_vcclrit_reason    000000018010a924     MSVCRTD:natstart.obj
 0003:00000aa0       ?g_ItemBuf@ICalFile@@1UItemBuf@1@A 000000018010aaa0     ICalFile.obj
 0003:00001050       _forceCRTManifestRTM       000000018010b050     MSVCRTD:crtmanifestrtm.obj
 0003:00001058       ?__type_info_root_node@@3U__type_info_node@@A 000000018010b058     MSVCRTD:tncleanup.obj
 0003:00001068       __native_startup_state     000000018010b068     <common>
 0003:00001078       __native_startup_lock      000000018010b078     <common>
 0003:00001080       __dyn_tls_init_callback    000000018010b080     <common>
 0003:00001098       __onexitend                000000018010b098     <common>
 0003:000010b0       __onexitbegin              000000018010b0b0     <common>
 0005:00000000       __IMPORT_DESCRIPTOR_MSVCP90D 0000000180112000     msvcprtd:MSVCP90D.dll
 0005:00000014       __IMPORT_DESCRIPTOR_libLog 0000000180112014     libLog:libLog.dll
 0005:00000028       __IMPORT_DESCRIPTOR_MSVCR90D 0000000180112028     MSVCRTD:MSVCR90D.dll
 0005:0000003c       __IMPORT_DESCRIPTOR_libBusDriver 000000018011203c     libBusDriver:libBusDriver.dll
 0005:00000050       __IMPORT_DESCRIPTOR_pthreadVC2 0000000180112050     pthreadVC2:pthreadVC2.dll
 0005:00000064       __IMPORT_DESCRIPTOR_libfftw3-3 0000000180112064     libfftw3-3:libfftw3-3.dll
 0005:00000078       __IMPORT_DESCRIPTOR_KERNEL32 0000000180112078     kernel32:KERNEL32.dll
 0005:0000008c       __NULL_IMPORT_DESCRIPTOR   000000018011208c     msvcprtd:MSVCP90D.dll
 0005:00000730       __imp_TerminateProcess     0000000180112730     kernel32:KERNEL32.dll
 0005:00000738       __imp_GetCurrentProcess    0000000180112738     kernel32:KERNEL32.dll
 0005:00000740       __imp_UnhandledExceptionFilter 0000000180112740     kernel32:KERNEL32.dll
 0005:00000748       __imp_SetUnhandledExceptionFilter 0000000180112748     kernel32:KERNEL32.dll
 0005:00000750       __imp_IsDebuggerPresent    0000000180112750     kernel32:KERNEL32.dll
 0005:00000758       __imp_RtlVirtualUnwind     0000000180112758     kernel32:KERNEL32.dll
 0005:00000760       __imp_RtlLookupFunctionEntry 0000000180112760     kernel32:KERNEL32.dll
 0005:00000768       __imp_RtlCaptureContext    0000000180112768     kernel32:KERNEL32.dll
 0005:00000770       __imp_QueryPerformanceCounter 0000000180112770     kernel32:KERNEL32.dll
 0005:00000778       __imp_GetTickCount         0000000180112778     kernel32:KERNEL32.dll
 0005:00000780       __imp_GetCurrentThreadId   0000000180112780     kernel32:KERNEL32.dll
 0005:00000788       __imp_GetCurrentProcessId  0000000180112788     kernel32:KERNEL32.dll
 0005:00000790       __imp_DisableThreadLibraryCalls 0000000180112790     kernel32:KERNEL32.dll
 0005:00000798       __imp_GetSystemTimeAsFileTime 0000000180112798     kernel32:KERNEL32.dll
 0005:000007a0       __imp_Sleep                00000001801127a0     kernel32:KERNEL32.dll
 0005:000007a8       \177KERNEL32_NULL_THUNK_DATA 00000001801127a8     kernel32:KERNEL32.dll
 0005:00000818       __imp_?_Swap_all@_Container_base_secure@std@@QEBAXAEAV12@@Z 0000000180112818     msvcprtd:MSVCP90D.dll
 0005:00000820       __imp_?_Swap_aux@_Container_base_secure@std@@QEAAXAEAV12@@Z 0000000180112820     msvcprtd:MSVCP90D.dll
 0005:00000828       __imp_??0_Container_base_secure@std@@QEAA@XZ 0000000180112828     msvcprtd:MSVCP90D.dll
 0005:00000830       __imp_?_Orphan_all@_Container_base_secure@std@@QEBAXXZ 0000000180112830     msvcprtd:MSVCP90D.dll
 0005:00000838       __imp_?c_str@?$basic_string@DU?$char_traits@D@std@@V?$allocator@D@2@@std@@QEBAPEBDXZ 0000000180112838     msvcprtd:MSVCP90D.dll
 0005:00000840       __imp_??0?$basic_string@DU?$char_traits@D@std@@V?$allocator@D@2@@std@@QEAA@AEBV01@@Z 0000000180112840     msvcprtd:MSVCP90D.dll
 0005:00000848       __imp_??0?$basic_string@DU?$char_traits@D@std@@V?$allocator@D@2@@std@@QEAA@PEBD@Z 0000000180112848     msvcprtd:MSVCP90D.dll
 0005:00000850       __imp_??1?$basic_string@DU?$char_traits@D@std@@V?$allocator@D@2@@std@@QEAA@XZ 0000000180112850     msvcprtd:MSVCP90D.dll
 0005:00000858       __imp_??1_Container_base_secure@std@@QEAA@XZ 0000000180112858     msvcprtd:MSVCP90D.dll
 0005:00000860       __imp_?_Debug_message@std@@YAXPEB_W0I@Z 0000000180112860     msvcprtd:MSVCP90D.dll
 0005:00000868       __imp_??0_Lockit@std@@QEAA@H@Z 0000000180112868     msvcprtd:MSVCP90D.dll
 0005:00000870       __imp_??1_Lockit@std@@QEAA@XZ 0000000180112870     msvcprtd:MSVCP90D.dll
 0005:00000878       \177MSVCP90D_NULL_THUNK_DATA 0000000180112878     msvcprtd:MSVCP90D.dll
 0005:000008e0       __imp_??1exception@std@@UEAA@XZ 00000001801128e0     MSVCRTD:MSVCR90D.dll
 0005:000008e8       __imp_??0exception@std@@QEAA@XZ 00000001801128e8     MSVCRTD:MSVCR90D.dll
 0005:000008f0       __imp__invalid_parameter   00000001801128f0     MSVCRTD:MSVCR90D.dll
 0005:000008f8       __imp__CrtDbgReportW       00000001801128f8     MSVCRTD:MSVCR90D.dll
 0005:00000900       __imp_??2@YAPEAX_K@Z       0000000180112900     MSVCRTD:MSVCR90D.dll
 0005:00000908       __imp_??0exception@std@@QEAA@AEBQEBD@Z 0000000180112908     MSVCRTD:MSVCR90D.dll
 0005:00000910       __imp_?what@exception@std@@UEBAPEBDXZ 0000000180112910     MSVCRTD:MSVCR90D.dll
 0005:00000918       __imp_??_V@YAXPEAX@Z       0000000180112918     MSVCRTD:MSVCR90D.dll
 0005:00000920       __imp_memset               0000000180112920     MSVCRTD:MSVCR90D.dll
 0005:00000928       __imp_fwrite               0000000180112928     MSVCRTD:MSVCR90D.dll
 0005:00000930       __imp__errno               0000000180112930     MSVCRTD:MSVCR90D.dll
 0005:00000938       __imp__mkdir               0000000180112938     MSVCRTD:MSVCR90D.dll
 0005:00000940       __imp__access              0000000180112940     MSVCRTD:MSVCR90D.dll
 0005:00000948       __imp_rename               0000000180112948     MSVCRTD:MSVCR90D.dll
 0005:00000950       __imp_remove               0000000180112950     MSVCRTD:MSVCR90D.dll
 0005:00000958       __imp_strcpy               0000000180112958     MSVCRTD:MSVCR90D.dll
 0005:00000960       __imp_strrchr              0000000180112960     MSVCRTD:MSVCR90D.dll
 0005:00000968       __imp_fprintf              0000000180112968     MSVCRTD:MSVCR90D.dll
 0005:00000970       __imp__purecall            0000000180112970     MSVCRTD:MSVCR90D.dll
 0005:00000978       __imp_log10                0000000180112978     MSVCRTD:MSVCR90D.dll
 0005:00000980       __imp_strcmp               0000000180112980     MSVCRTD:MSVCR90D.dll
 0005:00000988       __imp_strstr               0000000180112988     MSVCRTD:MSVCR90D.dll
 0005:00000990       __imp__write               0000000180112990     MSVCRTD:MSVCR90D.dll
 0005:00000998       __imp__close               0000000180112998     MSVCRTD:MSVCR90D.dll
 0005:000009a0       __imp__sopen_s             00000001801129a0     MSVCRTD:MSVCR90D.dll
 0005:000009a8       __imp__commit              00000001801129a8     MSVCRTD:MSVCR90D.dll
 0005:000009b0       __imp__read                00000001801129b0     MSVCRTD:MSVCR90D.dll
 0005:000009b8       __imp__locking             00000001801129b8     MSVCRTD:MSVCR90D.dll
 0005:000009c0       __imp__tell                00000001801129c0     MSVCRTD:MSVCR90D.dll
 0005:000009c8       __imp__lseek               00000001801129c8     MSVCRTD:MSVCR90D.dll
 0005:000009d0       __imp_memmove_s            00000001801129d0     MSVCRTD:MSVCR90D.dll
 0005:000009d8       __imp_??0exception@std@@QEAA@AEBV01@@Z 00000001801129d8     MSVCRTD:MSVCR90D.dll
 0005:000009e0       __imp_fabs                 00000001801129e0     MSVCRTD:MSVCR90D.dll
 0005:000009e8       __imp___C_specific_handler 00000001801129e8     MSVCRTD:MSVCR90D.dll
 0005:000009f0       __imp__unlock              00000001801129f0     MSVCRTD:MSVCR90D.dll
 0005:000009f8       __imp___dllonexit          00000001801129f8     MSVCRTD:MSVCR90D.dll
 0005:00000a00       __imp__encode_pointer      0000000180112a00     MSVCRTD:MSVCR90D.dll
 0005:00000a08       __imp__lock                0000000180112a08     MSVCRTD:MSVCR90D.dll
 0005:00000a10       __imp__onexit              0000000180112a10     MSVCRTD:MSVCR90D.dll
 0005:00000a18       __imp__decode_pointer      0000000180112a18     MSVCRTD:MSVCR90D.dll
 0005:00000a20       __imp__malloc_dbg          0000000180112a20     MSVCRTD:MSVCR90D.dll
 0005:00000a28       __imp__free_dbg            0000000180112a28     MSVCRTD:MSVCR90D.dll
 0005:00000a30       __imp__encoded_null        0000000180112a30     MSVCRTD:MSVCR90D.dll
 0005:00000a38       __imp__CrtSetCheckCount    0000000180112a38     MSVCRTD:MSVCR90D.dll
 0005:00000a40       __imp__initterm            0000000180112a40     MSVCRTD:MSVCR90D.dll
 0005:00000a48       __imp__initterm_e          0000000180112a48     MSVCRTD:MSVCR90D.dll
 0005:00000a50       __imp__amsg_exit           0000000180112a50     MSVCRTD:MSVCR90D.dll
 0005:00000a58       __imp___CppXcptFilter      0000000180112a58     MSVCRTD:MSVCR90D.dll
 0005:00000a60       __imp___crt_debugger_hook  0000000180112a60     MSVCRTD:MSVCR90D.dll
 0005:00000a68       __imp_?terminate@@YAXXZ    0000000180112a68     MSVCRTD:MSVCR90D.dll
 0005:00000a70       __imp_?_type_info_dtor_internal_method@type_info@@QEAAXXZ 0000000180112a70     MSVCRTD:MSVCR90D.dll
 0005:00000a78       __imp___clean_type_info_names_internal 0000000180112a78     MSVCRTD:MSVCR90D.dll
 0005:00000a80       __imp_fclose               0000000180112a80     MSVCRTD:MSVCR90D.dll
 0005:00000a88       __imp_fopen                0000000180112a88     MSVCRTD:MSVCR90D.dll
 0005:00000a90       __imp_fread                0000000180112a90     MSVCRTD:MSVCR90D.dll
 0005:00000a98       __imp_ftell                0000000180112a98     MSVCRTD:MSVCR90D.dll
 0005:00000aa0       __imp_fseek                0000000180112aa0     MSVCRTD:MSVCR90D.dll
 0005:00000aa8       __imp___CxxFrameHandler3   0000000180112aa8     MSVCRTD:MSVCR90D.dll
 0005:00000ab0       __imp_strcat               0000000180112ab0     MSVCRTD:MSVCR90D.dll
 0005:00000ab8       __imp_sprintf              0000000180112ab8     MSVCRTD:MSVCR90D.dll
 0005:00000ac0       __imp__CxxThrowException   0000000180112ac0     MSVCRTD:MSVCR90D.dll
 0005:00000ac8       __imp_??3@YAXPEAX@Z        0000000180112ac8     MSVCRTD:MSVCR90D.dll
 0005:00000ad0       __imp_abs                  0000000180112ad0     MSVCRTD:MSVCR90D.dll
 0005:00000ad8       \177MSVCR90D_NULL_THUNK_DATA 0000000180112ad8     MSVCRTD:MSVCR90D.dll
 0005:00000b90       __imp_?mcp3208ad2vol@@YANI@Z 0000000180112b90     libBusDriver:libBusDriver.dll
 0005:00000b98       __imp_??0viMemIO@@QEAA@XZ  0000000180112b98     libBusDriver:libBusDriver.dll
 0005:00000ba0       __imp_?Release@viMemIO@@QEAAHXZ 0000000180112ba0     libBusDriver:libBusDriver.dll
 0005:00000ba8       __imp_?Alloc@viMemIO@@QEAAHI@Z 0000000180112ba8     libBusDriver:libBusDriver.dll
 0005:00000bb0       __imp_?round@@YANNH@Z      0000000180112bb0     libBusDriver:libBusDriver.dll
 0005:00000bb8       __imp_?dBc2ad@@YA_J_JN@Z   0000000180112bb8     libBusDriver:libBusDriver.dll
 0005:00000bc0       __imp_?ad2dBc@@YANNN@Z     0000000180112bc0     libBusDriver:libBusDriver.dll
 0005:00000bc8       __imp_?adf5355para2reg2@@YAIII@Z 0000000180112bc8     libBusDriver:libBusDriver.dll
 0005:00000bd0       __imp_?adf5355para2reg1@@YAII@Z 0000000180112bd0     libBusDriver:libBusDriver.dll
 0005:00000bd8       __imp_?adf5355para2reg0@@YAIIII@Z 0000000180112bd8     libBusDriver:libBusDriver.dll
 0005:00000be0       __imp_?adf5355_freq_formula@@YAH_KI_N1IIAEAI2222@Z 0000000180112be0     libBusDriver:libBusDriver.dll
 0005:00000be8       __imp_?tc1407vol2temp@@YANN@Z 0000000180112be8     libBusDriver:libBusDriver.dll
 0005:00000bf0       \177libBusDriver_NULL_THUNK_DATA 0000000180112bf0     libBusDriver:libBusDriver.dll
 0005:00000c58       __imp_?SetLastError@CLog@@QEAAXHPEBDZZ 0000000180112c58     libLog:libLog.dll
 0005:00000c60       __imp_?Instance@CLog@@SAPEAV1@XZ 0000000180112c60     libLog:libLog.dll
 0005:00000c68       __imp_?SetLastError@CLog@@QEAAXPEBDZZ 0000000180112c68     libLog:libLog.dll
 0005:00000c70       __imp_?GetLastError@CLog@@QEAAPEADXZ 0000000180112c70     libLog:libLog.dll
 0005:00000c78       \177libLog_NULL_THUNK_DATA 0000000180112c78     libLog:libLog.dll
 0005:00000cd0       __imp_fftw_execute         0000000180112cd0     libfftw3-3:libfftw3-3.dll
 0005:00000cd8       __imp_fftw_plan_dft_1d     0000000180112cd8     libfftw3-3:libfftw3-3.dll
 0005:00000ce0       __imp_fftw_malloc          0000000180112ce0     libfftw3-3:libfftw3-3.dll
 0005:00000ce8       __imp_fftw_destroy_plan    0000000180112ce8     libfftw3-3:libfftw3-3.dll
 0005:00000cf0       __imp_fftw_free            0000000180112cf0     libfftw3-3:libfftw3-3.dll
 0005:00000cf8       \177libfftw3-3_NULL_THUNK_DATA 0000000180112cf8     libfftw3-3:libfftw3-3.dll
 0005:00000d58       __imp_pthread_mutex_lock   0000000180112d58     pthreadVC2:pthreadVC2.dll
 0005:00000d60       __imp_pthread_mutex_unlock 0000000180112d60     pthreadVC2:pthreadVC2.dll
 0005:00000d68       \177pthreadVC2_NULL_THUNK_DATA 0000000180112d68     pthreadVC2:pthreadVC2.dll

 entry point at        0001:000c0440

