 libSP1401

 Timestamp is 59e71c45 (Wed Oct 18 17:17:57 2017)

 Preferred load address is 0000000180000000

 Start         Length     Name                   Class
 0001:00000000 000c1db4H .text                   CODE
 0001:000c1dc0 00001075H .text$00                CODE
 0001:000c2e40 00006ad0H .text$x                 CODE
 0001:000c9910 00001029H .text$yc                CODE
 0001:000ca940 0000105dH .text$yd                CODE
 0002:00000000 00000109H .CRT$XCA                DATA
 0002:00000110 00000109H .CRT$XCU                DATA
 0002:00000220 00000109H .CRT$XCZ                DATA
 0002:00000330 00000109H .CRT$XIA                DATA
 0002:00000440 00000109H .CRT$XIAA               DATA
 0002:00000550 00000109H .CRT$XIZ                DATA
 0002:00000660 00028cd8H .rdata                  DATA
 0002:00029338 00000148H .rdata$debug            DATA
 0002:00029480 00001786H .rdata$r                DATA
 0002:0002ac08 00000109H .rtc$IAA                DATA
 0002:0002ad18 00000109H .rtc$IZZ                DATA
 0002:0002ae28 00000109H .rtc$TAA                DATA
 0002:0002af38 00000109H .rtc$TZZ                DATA
 0002:0002b048 000092c7H .xdata                  DATA
 0002:00034310 000002abH .xdata$x                DATA
 0002:000345c0 000087a1H .edata                  DATA
 0003:00000000 00000a88H .data                   DATA
 0003:00000a90 000006e8H .bss                    DATA
 0004:00000000 0000528cH .pdata                  DATA
 0005:00000000 0000008cH .idata$2                DATA
 0005:0000008c 00000014H .idata$3                DATA
 0005:000000a0 000006a8H .idata$4                DATA
 0005:00000748 000006a8H .idata$5                DATA
 0005:00000df0 00000c72H .idata$6                DATA

  Address         Publics by Value              Rva+Base               Lib:Object

 0000:00000000       ___safe_se_handler_table   0000000000000000     <absolute>
 0000:00000000       ___safe_se_handler_count   0000000000000000     <absolute>
 0000:00000000       __ImageBase                0000000180000000     <linker-defined>
 0001:00003b10       ??0ArbReader@@QEAA@XZ      0000000180004b10 f   ArbReader.obj
 0001:00003b30       ??1ArbReader@@QEAA@XZ      0000000180004b30 f   ArbReader.obj
 0001:00003b60       ?Load@ArbReader@@QEAAHPEBD@Z 0000000180004b60 f   ArbReader.obj
 0001:00003c00       ?Load@ArbReader@@QEAAPEAU_iobuf@@PEAUParam_t@1@PEAV?$vector@V?$vector@UData_t@ArbReader@@V?$allocator@UData_t@ArbReader@@@std@@@std@@V?$allocator@V?$vector@UData_t@ArbReader@@V?$allocator@UData_t@ArbReader@@@std@@@std@@@2@@std@@@Z 0000000180004c00 f   ArbReader.obj
 0001:000042d0       ?IsLoaded@ArbReader@@QEAA_NXZ 00000001800052d0 f   ArbReader.obj
 0001:00004300       ?Show@ArbReader@@AEAAXPEBUFileHeader_t@1@@Z 0000000180005300 f   ArbReader.obj
 0001:00004320       ?Show@ArbReader@@AEAAXPEBUSegHeader_t@1@@Z 0000000180005320 f   ArbReader.obj
 0001:00004340       ?Show@ArbReader@@AEAAXAEAV?$list@UMarker_t@ArbReader@@V?$allocator@UMarker_t@ArbReader@@@std@@@std@@@Z 0000000180005340 f   ArbReader.obj
 0001:00004360       ?Show@ArbReader@@AEAAXPEBUData_t@1@@Z 0000000180005360 f   ArbReader.obj
 0001:000043b0       ?GetFileInfo@ArbReader@@QEAAHPEAD@Z 00000001800053b0 f   ArbReader.obj
 0001:000053e0       ??1?$_Iterator@$00@?$list@USegHeader_t@ArbReader@@V?$allocator@USegHeader_t@ArbReader@@@std@@@std@@QEAA@XZ 00000001800063e0 f i ArbReader.obj
 0001:00005400       ??4?$_Iterator@$00@?$list@USegHeader_t@ArbReader@@V?$allocator@USegHeader_t@ArbReader@@@std@@@std@@QEAAAEAV012@AEBV012@@Z 0000000180006400 f i ArbReader.obj
 0001:00005430       ??1?$_Const_iterator@$00@?$list@USegHeader_t@ArbReader@@V?$allocator@USegHeader_t@ArbReader@@@std@@@std@@QEAA@XZ 0000000180006430 f i ArbReader.obj
 0001:00005450       ??4?$_Const_iterator@$00@?$list@USegHeader_t@ArbReader@@V?$allocator@USegHeader_t@ArbReader@@@std@@@std@@QEAAAEAV012@AEBV012@@Z 0000000180006450 f i ArbReader.obj
 0001:000054a0       ??1?$_Bidit@USegHeader_t@ArbReader@@_JPEBU12@AEBU12@@std@@QEAA@XZ 00000001800064a0 f i ArbReader.obj
 0001:000054c0       ??4?$_Bidit@USegHeader_t@ArbReader@@_JPEBU12@AEBU12@@std@@QEAAAEAU01@AEBU01@@Z 00000001800064c0 f i ArbReader.obj
 0001:000054f0       ??1?$_Iterator_with_base@Ubidirectional_iterator_tag@std@@USegHeader_t@ArbReader@@_JPEBU34@AEBU34@V_Iterator_base@2@@std@@QEAA@XZ 00000001800064f0 f i ArbReader.obj
 0001:00005510       ??1_Iterator_base@std@@QEAA@XZ 0000000180006510 f i ArbReader.obj
 0001:00005560       ?_Orphan_me@_Iterator_base@std@@QEAAXXZ 0000000180006560 f i ArbReader.obj
 0001:00005630       ??4?$_Iterator_with_base@Ubidirectional_iterator_tag@std@@USegHeader_t@ArbReader@@_JPEBU34@AEBU34@V_Iterator_base@2@@std@@QEAAAEAU01@AEBU01@@Z 0000000180006630 f i ArbReader.obj
 0001:00005660       ??4_Iterator_base@std@@QEAAAEAV01@AEBV01@@Z 0000000180006660 f i ArbReader.obj
 0001:000056f0       ?_Adopt@_Iterator_base@std@@QEAAXPEBV_Container_base_secure@2@@Z 00000001800066f0 f i ArbReader.obj
 0001:000057b0       ??1?$_Iterator@$00@?$list@V?$list@UMarker_t@ArbReader@@V?$allocator@UMarker_t@ArbReader@@@std@@@std@@V?$allocator@V?$list@UMarker_t@ArbReader@@V?$allocator@UMarker_t@ArbReader@@@std@@@std@@@2@@std@@QEAA@XZ 00000001800067b0 f i ArbReader.obj
 0001:000057d0       ??0Param_t@ArbReader@@QEAA@XZ 00000001800067d0 f i ArbReader.obj
 0001:00005840       ??1Param_t@ArbReader@@QEAA@XZ 0000000180006840 f i ArbReader.obj
 0001:000058a0       ??4?$_Iterator@$00@?$list@V?$list@UMarker_t@ArbReader@@V?$allocator@UMarker_t@ArbReader@@@std@@@std@@V?$allocator@V?$list@UMarker_t@ArbReader@@V?$allocator@UMarker_t@ArbReader@@@std@@@std@@@2@@std@@QEAAAEAV012@AEBV012@@Z 00000001800068a0 f i ArbReader.obj
 0001:000058d0       ??1?$_Const_iterator@$00@?$list@UMarker_t@ArbReader@@V?$allocator@UMarker_t@ArbReader@@@std@@@std@@QEAA@XZ 00000001800068d0 f i ArbReader.obj
 0001:000058f0       ??1?$_Iterator@$00@?$list@UMarker_t@ArbReader@@V?$allocator@UMarker_t@ArbReader@@@std@@@std@@QEAA@XZ 00000001800068f0 f i ArbReader.obj
 0001:00005910       ??4?$_Const_iterator@$00@?$list@UMarker_t@ArbReader@@V?$allocator@UMarker_t@ArbReader@@@std@@@std@@QEAAAEAV012@AEBV012@@Z 0000000180006910 f i ArbReader.obj
 0001:00005960       ??1?$_Const_iterator@$00@?$list@V?$list@UMarker_t@ArbReader@@V?$allocator@UMarker_t@ArbReader@@@std@@@std@@V?$allocator@V?$list@UMarker_t@ArbReader@@V?$allocator@UMarker_t@ArbReader@@@std@@@std@@@2@@std@@QEAA@XZ 0000000180006960 f i ArbReader.obj
 0001:00005980       ??4?$_Const_iterator@$00@?$list@V?$list@UMarker_t@ArbReader@@V?$allocator@UMarker_t@ArbReader@@@std@@@std@@V?$allocator@V?$list@UMarker_t@ArbReader@@V?$allocator@UMarker_t@ArbReader@@@std@@@std@@@2@@std@@QEAAAEAV012@AEBV012@@Z 0000000180006980 f i ArbReader.obj
 0001:000059d0       ??1?$_Bidit@UMarker_t@ArbReader@@_JPEBU12@AEBU12@@std@@QEAA@XZ 00000001800069d0 f i ArbReader.obj
 0001:000059f0       ??4?$_Bidit@UMarker_t@ArbReader@@_JPEBU12@AEBU12@@std@@QEAAAEAU01@AEBU01@@Z 00000001800069f0 f i ArbReader.obj
 0001:00005a20       ??1?$_Bidit@V?$list@UMarker_t@ArbReader@@V?$allocator@UMarker_t@ArbReader@@@std@@@std@@_JPEBV12@AEBV12@@std@@QEAA@XZ 0000000180006a20 f i ArbReader.obj
 0001:00005a40       ??4?$_Bidit@V?$list@UMarker_t@ArbReader@@V?$allocator@UMarker_t@ArbReader@@@std@@@std@@_JPEBV12@AEBV12@@std@@QEAAAEAU01@AEBU01@@Z 0000000180006a40 f i ArbReader.obj
 0001:00005a70       ??1?$_Iterator_with_base@Ubidirectional_iterator_tag@std@@UMarker_t@ArbReader@@_JPEBU34@AEBU34@V_Iterator_base@2@@std@@QEAA@XZ 0000000180006a70 f i ArbReader.obj
 0001:00005a90       ??4?$_Iterator_with_base@Ubidirectional_iterator_tag@std@@UMarker_t@ArbReader@@_JPEBU34@AEBU34@V_Iterator_base@2@@std@@QEAAAEAU01@AEBU01@@Z 0000000180006a90 f i ArbReader.obj
 0001:00005ac0       ??1?$_Iterator_with_base@Ubidirectional_iterator_tag@std@@V?$list@UMarker_t@ArbReader@@V?$allocator@UMarker_t@ArbReader@@@std@@@2@_JPEBV32@AEBV32@V_Iterator_base@2@@std@@QEAA@XZ 0000000180006ac0 f i ArbReader.obj
 0001:00005ae0       ??4?$_Iterator_with_base@Ubidirectional_iterator_tag@std@@V?$list@UMarker_t@ArbReader@@V?$allocator@UMarker_t@ArbReader@@@std@@@2@_JPEBV32@AEBV32@V_Iterator_base@2@@std@@QEAAAEAU01@AEBU01@@Z 0000000180006ae0 f i ArbReader.obj
 0001:00005b10       ??0?$list@USegHeader_t@ArbReader@@V?$allocator@USegHeader_t@ArbReader@@@std@@@std@@QEAA@XZ 0000000180006b10 f i ArbReader.obj
 0001:00005b90       ??1?$list@USegHeader_t@ArbReader@@V?$allocator@USegHeader_t@ArbReader@@@std@@@std@@QEAA@XZ 0000000180006b90 f i ArbReader.obj
 0001:00005bd0       ??4?$list@USegHeader_t@ArbReader@@V?$allocator@USegHeader_t@ArbReader@@@std@@@std@@QEAAAEAV01@AEBV01@@Z 0000000180006bd0 f i ArbReader.obj
 0001:00005ca0       ?begin@?$list@USegHeader_t@ArbReader@@V?$allocator@USegHeader_t@ArbReader@@@std@@@std@@QEAA?AV?$_Iterator@$00@12@XZ 0000000180006ca0 f i ArbReader.obj
 0001:00005d00       ?end@?$list@USegHeader_t@ArbReader@@V?$allocator@USegHeader_t@ArbReader@@@std@@@std@@QEAA?AV?$_Iterator@$00@12@XZ 0000000180006d00 f i ArbReader.obj
 0001:00005d60       ?push_back@?$list@USegHeader_t@ArbReader@@V?$allocator@USegHeader_t@ArbReader@@@std@@@std@@QEAAXAEBUSegHeader_t@ArbReader@@@Z 0000000180006d60 f i ArbReader.obj
 0001:00005e10       ?clear@?$list@USegHeader_t@ArbReader@@V?$allocator@USegHeader_t@ArbReader@@@std@@@std@@QEAAXXZ 0000000180006e10 f i ArbReader.obj
 0001:00005f20       ??0?$list@UArbSeg_t@@V?$allocator@UArbSeg_t@@@std@@@std@@QEAA@XZ 0000000180006f20 f i ArbReader.obj
 0001:00005fa0       ??1?$list@UArbSeg_t@@V?$allocator@UArbSeg_t@@@std@@@std@@QEAA@XZ 0000000180006fa0 f i ArbReader.obj
 0001:00005fe0       ??4?$list@UArbSeg_t@@V?$allocator@UArbSeg_t@@@std@@@std@@QEAAAEAV01@AEBV01@@Z 0000000180006fe0 f i ArbReader.obj
 0001:000060b0       ?push_back@?$list@UArbSeg_t@@V?$allocator@UArbSeg_t@@@std@@@std@@QEAAXAEBUArbSeg_t@@@Z 00000001800070b0 f i ArbReader.obj
 0001:00006160       ?clear@?$list@UArbSeg_t@@V?$allocator@UArbSeg_t@@@std@@@std@@QEAAXXZ 0000000180007160 f i ArbReader.obj
 0001:00006270       ??0?$list@V?$list@UMarker_t@ArbReader@@V?$allocator@UMarker_t@ArbReader@@@std@@@std@@V?$allocator@V?$list@UMarker_t@ArbReader@@V?$allocator@UMarker_t@ArbReader@@@std@@@std@@@2@@std@@QEAA@XZ 0000000180007270 f i ArbReader.obj
 0001:000062f0       ??1?$list@V?$list@UMarker_t@ArbReader@@V?$allocator@UMarker_t@ArbReader@@@std@@@std@@V?$allocator@V?$list@UMarker_t@ArbReader@@V?$allocator@UMarker_t@ArbReader@@@std@@@std@@@2@@std@@QEAA@XZ 00000001800072f0 f i ArbReader.obj
 0001:00006330       ??4?$list@V?$list@UMarker_t@ArbReader@@V?$allocator@UMarker_t@ArbReader@@@std@@@std@@V?$allocator@V?$list@UMarker_t@ArbReader@@V?$allocator@UMarker_t@ArbReader@@@std@@@std@@@2@@std@@QEAAAEAV01@AEBV01@@Z 0000000180007330 f i ArbReader.obj
 0001:00006400       ?begin@?$list@V?$list@UMarker_t@ArbReader@@V?$allocator@UMarker_t@ArbReader@@@std@@@std@@V?$allocator@V?$list@UMarker_t@ArbReader@@V?$allocator@UMarker_t@ArbReader@@@std@@@std@@@2@@std@@QEAA?AV?$_Iterator@$00@12@XZ 0000000180007400 f i ArbReader.obj
 0001:00006460       ?push_back@?$list@V?$list@UMarker_t@ArbReader@@V?$allocator@UMarker_t@ArbReader@@@std@@@std@@V?$allocator@V?$list@UMarker_t@ArbReader@@V?$allocator@UMarker_t@ArbReader@@@std@@@std@@@2@@std@@QEAAXAEBV?$list@UMarker_t@ArbReader@@V?$allocator@UMarker_t@ArbReader@@@std@@@2@@Z 0000000180007460 f i ArbReader.obj
 0001:00006510       ?clear@?$list@V?$list@UMarker_t@ArbReader@@V?$allocator@UMarker_t@ArbReader@@@std@@@std@@V?$allocator@V?$list@UMarker_t@ArbReader@@V?$allocator@UMarker_t@ArbReader@@@std@@@std@@@2@@std@@QEAAXXZ 0000000180007510 f i ArbReader.obj
 0001:00006620       ??0?$_Iterator@$00@?$list@USegHeader_t@ArbReader@@V?$allocator@USegHeader_t@ArbReader@@@std@@@std@@QEAA@XZ 0000000180007620 f i ArbReader.obj
 0001:00006650       ??C?$_Iterator@$00@?$list@USegHeader_t@ArbReader@@V?$allocator@USegHeader_t@ArbReader@@@std@@@std@@QEBAPEAUSegHeader_t@ArbReader@@XZ 0000000180007650 f i ArbReader.obj
 0001:00006670       ??E?$_Iterator@$00@?$list@USegHeader_t@ArbReader@@V?$allocator@USegHeader_t@ArbReader@@@std@@@std@@QEAA?AV012@H@Z 0000000180007670 f i ArbReader.obj
 0001:00006700       ??9?$_Const_iterator@$00@?$list@USegHeader_t@ArbReader@@V?$allocator@USegHeader_t@ArbReader@@@std@@@std@@QEBA_NAEBV012@@Z 0000000180007700 f i ArbReader.obj
 0001:00006750       ??0?$list@UMarker_t@ArbReader@@V?$allocator@UMarker_t@ArbReader@@@std@@@std@@QEAA@XZ 0000000180007750 f i ArbReader.obj
 0001:000067d0       ??1?$list@UMarker_t@ArbReader@@V?$allocator@UMarker_t@ArbReader@@@std@@@std@@QEAA@XZ 00000001800077d0 f i ArbReader.obj
 0001:00006810       ?begin@?$list@UMarker_t@ArbReader@@V?$allocator@UMarker_t@ArbReader@@@std@@@std@@QEAA?AV?$_Iterator@$00@12@XZ 0000000180007810 f i ArbReader.obj
 0001:00006870       ?end@?$list@UMarker_t@ArbReader@@V?$allocator@UMarker_t@ArbReader@@@std@@@std@@QEAA?AV?$_Iterator@$00@12@XZ 0000000180007870 f i ArbReader.obj
 0001:000068d0       ?push_back@?$list@UMarker_t@ArbReader@@V?$allocator@UMarker_t@ArbReader@@@std@@@std@@QEAAXAEBUMarker_t@ArbReader@@@Z 00000001800078d0 f i ArbReader.obj
 0001:00006980       ?at@?$vector@V?$vector@UData_t@ArbReader@@V?$allocator@UData_t@ArbReader@@@std@@@std@@V?$allocator@V?$vector@UData_t@ArbReader@@V?$allocator@UData_t@ArbReader@@@std@@@std@@@2@@std@@QEAAAEAV?$vector@UData_t@ArbReader@@V?$allocator@UData_t@ArbReader@@@std@@@2@_K@Z 0000000180007980 f i ArbReader.obj
 0001:00006a60       ?push_back@?$vector@UData_t@ArbReader@@V?$allocator@UData_t@ArbReader@@@std@@@std@@QEAAXAEBUData_t@ArbReader@@@Z 0000000180007a60 f i ArbReader.obj
 0001:00006bd0       ??0?$_Iterator@$00@?$list@V?$list@UMarker_t@ArbReader@@V?$allocator@UMarker_t@ArbReader@@@std@@@std@@V?$allocator@V?$list@UMarker_t@ArbReader@@V?$allocator@UMarker_t@ArbReader@@@std@@@std@@@2@@std@@QEAA@XZ 0000000180007bd0 f i ArbReader.obj
 0001:00006c00       ??C?$_Iterator@$00@?$list@V?$list@UMarker_t@ArbReader@@V?$allocator@UMarker_t@ArbReader@@@std@@@std@@V?$allocator@V?$list@UMarker_t@ArbReader@@V?$allocator@UMarker_t@ArbReader@@@std@@@std@@@2@@std@@QEBAPEAV?$list@UMarker_t@ArbReader@@V?$allocator@UMarker_t@ArbReader@@@std@@@2@XZ 0000000180007c00 f i ArbReader.obj
 0001:00006c20       ??E?$_Iterator@$00@?$list@V?$list@UMarker_t@ArbReader@@V?$allocator@UMarker_t@ArbReader@@@std@@@std@@V?$allocator@V?$list@UMarker_t@ArbReader@@V?$allocator@UMarker_t@ArbReader@@@std@@@std@@@2@@std@@QEAA?AV012@H@Z 0000000180007c20 f i ArbReader.obj
 0001:00006cb0       ??0?$_Const_iterator@$00@?$list@UMarker_t@ArbReader@@V?$allocator@UMarker_t@ArbReader@@@std@@@std@@QEAA@XZ 0000000180007cb0 f i ArbReader.obj
 0001:00006cf0       ??C?$_Const_iterator@$00@?$list@UMarker_t@ArbReader@@V?$allocator@UMarker_t@ArbReader@@@std@@@std@@QEBAPEBUMarker_t@ArbReader@@XZ 0000000180007cf0 f i ArbReader.obj
 0001:00006d10       ??E?$_Const_iterator@$00@?$list@UMarker_t@ArbReader@@V?$allocator@UMarker_t@ArbReader@@@std@@@std@@QEAA?AV012@H@Z 0000000180007d10 f i ArbReader.obj
 0001:00006da0       ??9?$_Const_iterator@$00@?$list@UMarker_t@ArbReader@@V?$allocator@UMarker_t@ArbReader@@@std@@@std@@QEBA_NAEBV012@@Z 0000000180007da0 f i ArbReader.obj
 0001:00006df0       ??1?$_List_val@USegHeader_t@ArbReader@@V?$allocator@USegHeader_t@ArbReader@@@std@@@std@@QEAA@XZ 0000000180007df0 f i ArbReader.obj
 0001:00006e10       ??0?$_Const_iterator@$00@?$list@USegHeader_t@ArbReader@@V?$allocator@USegHeader_t@ArbReader@@@std@@@std@@QEAA@AEBV012@@Z 0000000180007e10 f i ArbReader.obj
 0001:00006e60       ??1?$_List_val@UArbSeg_t@@V?$allocator@UArbSeg_t@@@std@@@std@@QEAA@XZ 0000000180007e60 f i ArbReader.obj
 0001:00006e80       ??1?$_Const_iterator@$00@?$list@UArbSeg_t@@V?$allocator@UArbSeg_t@@@std@@@std@@QEAA@XZ 0000000180007e80 f i ArbReader.obj
 0001:00006ea0       ??1?$_Iterator@$00@?$list@UArbSeg_t@@V?$allocator@UArbSeg_t@@@std@@@std@@QEAA@XZ 0000000180007ea0 f i ArbReader.obj
 0001:00006ec0       ??0?$_Const_iterator@$00@?$list@UArbSeg_t@@V?$allocator@UArbSeg_t@@@std@@@std@@QEAA@AEBV012@@Z 0000000180007ec0 f i ArbReader.obj
 0001:00006f10       ??1?$_List_val@V?$list@UMarker_t@ArbReader@@V?$allocator@UMarker_t@ArbReader@@@std@@@std@@V?$allocator@V?$list@UMarker_t@ArbReader@@V?$allocator@UMarker_t@ArbReader@@@std@@@std@@@2@@std@@QEAA@XZ 0000000180007f10 f i ArbReader.obj
 0001:00006f30       ??0?$_Const_iterator@$00@?$list@V?$list@UMarker_t@ArbReader@@V?$allocator@UMarker_t@ArbReader@@@std@@@std@@V?$allocator@V?$list@UMarker_t@ArbReader@@V?$allocator@UMarker_t@ArbReader@@@std@@@std@@@2@@std@@QEAA@AEBV012@@Z 0000000180007f30 f i ArbReader.obj
 0001:00006f80       ??0?$_Iterator@$00@?$list@USegHeader_t@ArbReader@@V?$allocator@USegHeader_t@ArbReader@@@std@@@std@@QEAA@AEBV012@@Z 0000000180007f80 f i ArbReader.obj
 0001:00006fb0       ??1?$_List_val@UMarker_t@ArbReader@@V?$allocator@UMarker_t@ArbReader@@@std@@@std@@QEAA@XZ 0000000180007fb0 f i ArbReader.obj
 0001:00006fd0       ??0?$_Const_iterator@$00@?$list@UMarker_t@ArbReader@@V?$allocator@UMarker_t@ArbReader@@@std@@@std@@QEAA@AEBV012@@Z 0000000180007fd0 f i ArbReader.obj
 0001:00007020       ??1?$_Vector_iterator@V?$vector@UData_t@ArbReader@@V?$allocator@UData_t@ArbReader@@@std@@@std@@V?$allocator@V?$vector@UData_t@ArbReader@@V?$allocator@UData_t@ArbReader@@@std@@@std@@@2@@std@@QEAA@XZ 0000000180008020 f i ArbReader.obj
 0001:00007040       ??1?$_Vector_iterator@UData_t@ArbReader@@V?$allocator@UData_t@ArbReader@@@std@@@std@@QEAA@XZ 0000000180008040 f i ArbReader.obj
 0001:00007060       ??0?$_Vector_const_iterator@UData_t@ArbReader@@V?$allocator@UData_t@ArbReader@@@std@@@std@@QEAA@AEBV01@@Z 0000000180008060 f i ArbReader.obj
 0001:000070b0       ??1?$_Vector_const_iterator@UData_t@ArbReader@@V?$allocator@UData_t@ArbReader@@@std@@@std@@QEAA@XZ 00000001800080b0 f i ArbReader.obj
 0001:000070d0       ??0?$_Iterator@$00@?$list@V?$list@UMarker_t@ArbReader@@V?$allocator@UMarker_t@ArbReader@@@std@@@std@@V?$allocator@V?$list@UMarker_t@ArbReader@@V?$allocator@UMarker_t@ArbReader@@@std@@@std@@@2@@std@@QEAA@AEBV012@@Z 00000001800080d0 f i ArbReader.obj
 0001:00007100       ??0?$_Bidit@UMarker_t@ArbReader@@_JPEBU12@AEBU12@@std@@QEAA@XZ 0000000180008100 f i ArbReader.obj
 0001:00007130       ??1?$_List_ptr@USegHeader_t@ArbReader@@V?$allocator@USegHeader_t@ArbReader@@@std@@@std@@QEAA@XZ 0000000180008130 f i ArbReader.obj
 0001:00007150       ??0?$_Bidit@USegHeader_t@ArbReader@@_JPEBU12@AEBU12@@std@@QEAA@AEBU01@@Z 0000000180008150 f i ArbReader.obj
 0001:00007180       ??1?$_List_ptr@UArbSeg_t@@V?$allocator@UArbSeg_t@@@std@@@std@@QEAA@XZ 0000000180008180 f i ArbReader.obj
 0001:000071a0       ??1?$_Bidit@UArbSeg_t@@_JPEBU1@AEBU1@@std@@QEAA@XZ 00000001800081a0 f i ArbReader.obj
 0001:000071c0       ??0?$_Bidit@UArbSeg_t@@_JPEBU1@AEBU1@@std@@QEAA@AEBU01@@Z 00000001800081c0 f i ArbReader.obj
 0001:000071f0       ??1?$_List_ptr@V?$list@UMarker_t@ArbReader@@V?$allocator@UMarker_t@ArbReader@@@std@@@std@@V?$allocator@V?$list@UMarker_t@ArbReader@@V?$allocator@UMarker_t@ArbReader@@@std@@@std@@@2@@std@@QEAA@XZ 00000001800081f0 f i ArbReader.obj
 0001:00007210       ??0?$_Bidit@V?$list@UMarker_t@ArbReader@@V?$allocator@UMarker_t@ArbReader@@@std@@@std@@_JPEBV12@AEBV12@@std@@QEAA@AEBU01@@Z 0000000180008210 f i ArbReader.obj
 0001:00007240       ??1?$_List_ptr@UMarker_t@ArbReader@@V?$allocator@UMarker_t@ArbReader@@@std@@@std@@QEAA@XZ 0000000180008240 f i ArbReader.obj
 0001:00007260       ??0?$_Bidit@UMarker_t@ArbReader@@_JPEBU12@AEBU12@@std@@QEAA@AEBU01@@Z 0000000180008260 f i ArbReader.obj
 0001:00007290       ??1?$_Vector_const_iterator@V?$vector@UData_t@ArbReader@@V?$allocator@UData_t@ArbReader@@@std@@@std@@V?$allocator@V?$vector@UData_t@ArbReader@@V?$allocator@UData_t@ArbReader@@@std@@@std@@@2@@std@@QEAA@XZ 0000000180008290 f i ArbReader.obj
 0001:000072b0       ??0?$_Ranit@UData_t@ArbReader@@_JPEBU12@AEBU12@@std@@QEAA@AEBU01@@Z 00000001800082b0 f i ArbReader.obj
 0001:000072e0       ??1?$_Ranit@UData_t@ArbReader@@_JPEBU12@AEBU12@@std@@QEAA@XZ 00000001800082e0 f i ArbReader.obj
 0001:00007300       ??0?$_Iterator_with_base@Ubidirectional_iterator_tag@std@@UMarker_t@ArbReader@@_JPEBU34@AEBU34@V_Iterator_base@2@@std@@QEAA@XZ 0000000180008300 f i ArbReader.obj
 0001:00007330       ??0_Iterator_base@std@@QEAA@XZ 0000000180008330 f i ArbReader.obj
 0001:00007360       ??1?$_List_nod@USegHeader_t@ArbReader@@V?$allocator@USegHeader_t@ArbReader@@@std@@@std@@QEAA@XZ 0000000180008360 f i ArbReader.obj
 0001:00007380       ??0?$_Iterator_with_base@Ubidirectional_iterator_tag@std@@USegHeader_t@ArbReader@@_JPEBU34@AEBU34@V_Iterator_base@2@@std@@QEAA@AEBU01@@Z 0000000180008380 f i ArbReader.obj
 0001:000073b0       ??0_Iterator_base@std@@QEAA@AEBV01@@Z 00000001800083b0 f i ArbReader.obj
 0001:00007400       ??1?$_List_nod@UArbSeg_t@@V?$allocator@UArbSeg_t@@@std@@@std@@QEAA@XZ 0000000180008400 f i ArbReader.obj
 0001:00007420       ??1?$_Iterator_with_base@Ubidirectional_iterator_tag@std@@UArbSeg_t@@_JPEBU3@AEBU3@V_Iterator_base@2@@std@@QEAA@XZ 0000000180008420 f i ArbReader.obj
 0001:00007440       ??0?$_Iterator_with_base@Ubidirectional_iterator_tag@std@@UArbSeg_t@@_JPEBU3@AEBU3@V_Iterator_base@2@@std@@QEAA@AEBU01@@Z 0000000180008440 f i ArbReader.obj
 0001:00007470       ??1?$_List_nod@V?$list@UMarker_t@ArbReader@@V?$allocator@UMarker_t@ArbReader@@@std@@@std@@V?$allocator@V?$list@UMarker_t@ArbReader@@V?$allocator@UMarker_t@ArbReader@@@std@@@std@@@2@@std@@QEAA@XZ 0000000180008470 f i ArbReader.obj
 0001:00007490       ??0?$_Iterator_with_base@Ubidirectional_iterator_tag@std@@V?$list@UMarker_t@ArbReader@@V?$allocator@UMarker_t@ArbReader@@@std@@@2@_JPEBV32@AEBV32@V_Iterator_base@2@@std@@QEAA@AEBU01@@Z 0000000180008490 f i ArbReader.obj
 0001:000074c0       ??1?$_List_nod@UMarker_t@ArbReader@@V?$allocator@UMarker_t@ArbReader@@@std@@@std@@QEAA@XZ 00000001800084c0 f i ArbReader.obj
 0001:000074e0       ??0?$_Iterator_with_base@Ubidirectional_iterator_tag@std@@UMarker_t@ArbReader@@_JPEBU34@AEBU34@V_Iterator_base@2@@std@@QEAA@AEBU01@@Z 00000001800084e0 f i ArbReader.obj
 0001:00007510       ??1?$_Ranit@V?$vector@UData_t@ArbReader@@V?$allocator@UData_t@ArbReader@@@std@@@std@@_JPEBV12@AEBV12@@std@@QEAA@XZ 0000000180008510 f i ArbReader.obj
 0001:00007530       ??0?$_Iterator_with_base@Urandom_access_iterator_tag@std@@UData_t@ArbReader@@_JPEBU34@AEBU34@V_Iterator_base@2@@std@@QEAA@AEBU01@@Z 0000000180008530 f i ArbReader.obj
 0001:00007560       ??1?$_Iterator_with_base@Urandom_access_iterator_tag@std@@UData_t@ArbReader@@_JPEBU34@AEBU34@V_Iterator_base@2@@std@@QEAA@XZ 0000000180008560 f i ArbReader.obj
 0001:00007580       ??1?$_Iterator_with_base@Urandom_access_iterator_tag@std@@V?$vector@UData_t@ArbReader@@V?$allocator@UData_t@ArbReader@@@std@@@2@_JPEBV32@AEBV32@V_Iterator_base@2@@std@@QEAA@XZ 0000000180008580 f i ArbReader.obj
 0001:000075a0       ?_Nextnode@?$list@USegHeader_t@ArbReader@@V?$allocator@USegHeader_t@ArbReader@@@std@@@std@@KAAEAPEAU_Node@?$_List_nod@USegHeader_t@ArbReader@@V?$allocator@USegHeader_t@ArbReader@@@std@@@2@PEAU342@@Z 00000001800085a0 f i ArbReader.obj
 0001:000075b0       ?_Prevnode@?$list@USegHeader_t@ArbReader@@V?$allocator@USegHeader_t@ArbReader@@@std@@@std@@KAAEAPEAU_Node@?$_List_nod@USegHeader_t@ArbReader@@V?$allocator@USegHeader_t@ArbReader@@@std@@@2@PEAU342@@Z 00000001800085b0 f i ArbReader.obj
 0001:000075d0       ?begin@?$list@USegHeader_t@ArbReader@@V?$allocator@USegHeader_t@ArbReader@@@std@@@std@@QEBA?AV?$_Const_iterator@$00@12@XZ 00000001800085d0 f i ArbReader.obj
 0001:00007630       ?end@?$list@USegHeader_t@ArbReader@@V?$allocator@USegHeader_t@ArbReader@@@std@@@std@@QEBA?AV?$_Const_iterator@$00@12@XZ 0000000180008630 f i ArbReader.obj
 0001:00007690       ?_Insert@?$list@USegHeader_t@ArbReader@@V?$allocator@USegHeader_t@ArbReader@@@std@@@std@@QEAAXV?$_Const_iterator@$00@12@AEBUSegHeader_t@ArbReader@@@Z 0000000180008690 f i ArbReader.obj
 0001:00007790       ?_Buynode@?$list@USegHeader_t@ArbReader@@V?$allocator@USegHeader_t@ArbReader@@@std@@@std@@IEAAPEAU_Node@?$_List_nod@USegHeader_t@ArbReader@@V?$allocator@USegHeader_t@ArbReader@@@std@@@2@XZ 0000000180008790 f i ArbReader.obj
 0001:00007850       ?_Tidy@?$list@USegHeader_t@ArbReader@@V?$allocator@USegHeader_t@ArbReader@@@std@@@std@@IEAAXXZ 0000000180008850 f i ArbReader.obj
 0001:000078f0       ?_Orphan_ptr@?$list@USegHeader_t@ArbReader@@V?$allocator@USegHeader_t@ArbReader@@@std@@@std@@IEBAXAEAV12@PEAU_Node@?$_List_nod@USegHeader_t@ArbReader@@V?$allocator@USegHeader_t@ArbReader@@@std@@@2@@Z 00000001800088f0 f i ArbReader.obj
 0001:000079d0       ??0?$_List_val@USegHeader_t@ArbReader@@V?$allocator@USegHeader_t@ArbReader@@@std@@@std@@QEAA@V?$allocator@USegHeader_t@ArbReader@@@1@@Z 00000001800089d0 f i ArbReader.obj
 0001:00007a40       ??1?$_Container_base_aux_alloc_empty@V?$allocator@USegHeader_t@ArbReader@@@std@@@std@@IEAA@XZ 0000000180008a40 f i ArbReader.obj
 0001:00007a60       ??0?$allocator@USegHeader_t@ArbReader@@@std@@QEAA@XZ 0000000180008a60 f i ArbReader.obj
 0001:00007a70       ?deallocate@?$allocator@U_Node@?$_List_nod@USegHeader_t@ArbReader@@V?$allocator@USegHeader_t@ArbReader@@@std@@@std@@@std@@QEAAXPEAU_Node@?$_List_nod@USegHeader_t@ArbReader@@V?$allocator@USegHeader_t@ArbReader@@@std@@@2@_K@Z 0000000180008a70 f i ArbReader.obj
 0001:00007aa0       ?destroy@?$allocator@U_Node@?$_List_nod@USegHeader_t@ArbReader@@V?$allocator@USegHeader_t@ArbReader@@@std@@@std@@@std@@QEAAXPEAU_Node@?$_List_nod@USegHeader_t@ArbReader@@V?$allocator@USegHeader_t@ArbReader@@@std@@@2@@Z 0000000180008aa0 f i ArbReader.obj
 0001:00007ad0       ?_Nextnode@?$list@UArbSeg_t@@V?$allocator@UArbSeg_t@@@std@@@std@@KAAEAPEAU_Node@?$_List_nod@UArbSeg_t@@V?$allocator@UArbSeg_t@@@std@@@2@PEAU342@@Z 0000000180008ad0 f i ArbReader.obj
 0001:00007ae0       ?_Prevnode@?$list@UArbSeg_t@@V?$allocator@UArbSeg_t@@@std@@@std@@KAAEAPEAU_Node@?$_List_nod@UArbSeg_t@@V?$allocator@UArbSeg_t@@@std@@@2@PEAU342@@Z 0000000180008ae0 f i ArbReader.obj
 0001:00007b00       ?begin@?$list@UArbSeg_t@@V?$allocator@UArbSeg_t@@@std@@@std@@QEBA?AV?$_Const_iterator@$00@12@XZ 0000000180008b00 f i ArbReader.obj
 0001:00007b60       ?end@?$list@UArbSeg_t@@V?$allocator@UArbSeg_t@@@std@@@std@@QEAA?AV?$_Iterator@$00@12@XZ 0000000180008b60 f i ArbReader.obj
 0001:00007bc0       ?end@?$list@UArbSeg_t@@V?$allocator@UArbSeg_t@@@std@@@std@@QEBA?AV?$_Const_iterator@$00@12@XZ 0000000180008bc0 f i ArbReader.obj
 0001:00007c20       ?_Insert@?$list@UArbSeg_t@@V?$allocator@UArbSeg_t@@@std@@@std@@QEAAXV?$_Const_iterator@$00@12@AEBUArbSeg_t@@@Z 0000000180008c20 f i ArbReader.obj
 0001:00007d20       ?_Buynode@?$list@UArbSeg_t@@V?$allocator@UArbSeg_t@@@std@@@std@@IEAAPEAU_Node@?$_List_nod@UArbSeg_t@@V?$allocator@UArbSeg_t@@@std@@@2@XZ 0000000180008d20 f i ArbReader.obj
 0001:00007de0       ?_Tidy@?$list@UArbSeg_t@@V?$allocator@UArbSeg_t@@@std@@@std@@IEAAXXZ 0000000180008de0 f i ArbReader.obj
 0001:00007e80       ?_Orphan_ptr@?$list@UArbSeg_t@@V?$allocator@UArbSeg_t@@@std@@@std@@IEBAXAEAV12@PEAU_Node@?$_List_nod@UArbSeg_t@@V?$allocator@UArbSeg_t@@@std@@@2@@Z 0000000180008e80 f i ArbReader.obj
 0001:00007f60       ??0?$_List_val@UArbSeg_t@@V?$allocator@UArbSeg_t@@@std@@@std@@QEAA@V?$allocator@UArbSeg_t@@@1@@Z 0000000180008f60 f i ArbReader.obj
 0001:00007fd0       ??1?$_Container_base_aux_alloc_empty@V?$allocator@UArbSeg_t@@@std@@@std@@IEAA@XZ 0000000180008fd0 f i ArbReader.obj
 0001:00007ff0       ??0?$allocator@UArbSeg_t@@@std@@QEAA@XZ 0000000180008ff0 f i ArbReader.obj
 0001:00008000       ?deallocate@?$allocator@U_Node@?$_List_nod@UArbSeg_t@@V?$allocator@UArbSeg_t@@@std@@@std@@@std@@QEAAXPEAU_Node@?$_List_nod@UArbSeg_t@@V?$allocator@UArbSeg_t@@@std@@@2@_K@Z 0000000180009000 f i ArbReader.obj
 0001:00008030       ?destroy@?$allocator@U_Node@?$_List_nod@UArbSeg_t@@V?$allocator@UArbSeg_t@@@std@@@std@@@std@@QEAAXPEAU_Node@?$_List_nod@UArbSeg_t@@V?$allocator@UArbSeg_t@@@std@@@2@@Z 0000000180009030 f i ArbReader.obj
 0001:00008060       ?_Nextnode@?$list@V?$list@UMarker_t@ArbReader@@V?$allocator@UMarker_t@ArbReader@@@std@@@std@@V?$allocator@V?$list@UMarker_t@ArbReader@@V?$allocator@UMarker_t@ArbReader@@@std@@@std@@@2@@std@@KAAEAPEAU_Node@?$_List_nod@V?$list@UMarker_t@ArbReader@@V?$allocator@UMarker_t@ArbReader@@@std@@@std@@V?$allocator@V?$list@UMarker_t@ArbReader@@V?$allocator@UMarker_t@ArbReader@@@std@@@std@@@2@@2@PEAU342@@Z 0000000180009060 f i ArbReader.obj
 0001:00008070       ?_Prevnode@?$list@V?$list@UMarker_t@ArbReader@@V?$allocator@UMarker_t@ArbReader@@@std@@@std@@V?$allocator@V?$list@UMarker_t@ArbReader@@V?$allocator@UMarker_t@ArbReader@@@std@@@std@@@2@@std@@KAAEAPEAU_Node@?$_List_nod@V?$list@UMarker_t@ArbReader@@V?$allocator@UMarker_t@ArbReader@@@std@@@std@@V?$allocator@V?$list@UMarker_t@ArbReader@@V?$allocator@UMarker_t@ArbReader@@@std@@@std@@@2@@2@PEAU342@@Z 0000000180009070 f i ArbReader.obj
 0001:00008090       ?begin@?$list@V?$list@UMarker_t@ArbReader@@V?$allocator@UMarker_t@ArbReader@@@std@@@std@@V?$allocator@V?$list@UMarker_t@ArbReader@@V?$allocator@UMarker_t@ArbReader@@@std@@@std@@@2@@std@@QEBA?AV?$_Const_iterator@$00@12@XZ 0000000180009090 f i ArbReader.obj
 0001:000080f0       ?end@?$list@V?$list@UMarker_t@ArbReader@@V?$allocator@UMarker_t@ArbReader@@@std@@@std@@V?$allocator@V?$list@UMarker_t@ArbReader@@V?$allocator@UMarker_t@ArbReader@@@std@@@std@@@2@@std@@QEAA?AV?$_Iterator@$00@12@XZ 00000001800090f0 f i ArbReader.obj
 0001:00008150       ?end@?$list@V?$list@UMarker_t@ArbReader@@V?$allocator@UMarker_t@ArbReader@@@std@@@std@@V?$allocator@V?$list@UMarker_t@ArbReader@@V?$allocator@UMarker_t@ArbReader@@@std@@@std@@@2@@std@@QEBA?AV?$_Const_iterator@$00@12@XZ 0000000180009150 f i ArbReader.obj
 0001:000081b0       ?_Insert@?$list@V?$list@UMarker_t@ArbReader@@V?$allocator@UMarker_t@ArbReader@@@std@@@std@@V?$allocator@V?$list@UMarker_t@ArbReader@@V?$allocator@UMarker_t@ArbReader@@@std@@@std@@@2@@std@@QEAAXV?$_Const_iterator@$00@12@AEBV?$list@UMarker_t@ArbReader@@V?$allocator@UMarker_t@ArbReader@@@std@@@2@@Z 00000001800091b0 f i ArbReader.obj
 0001:000082b0       ?_Buynode@?$list@V?$list@UMarker_t@ArbReader@@V?$allocator@UMarker_t@ArbReader@@@std@@@std@@V?$allocator@V?$list@UMarker_t@ArbReader@@V?$allocator@UMarker_t@ArbReader@@@std@@@std@@@2@@std@@IEAAPEAU_Node@?$_List_nod@V?$list@UMarker_t@ArbReader@@V?$allocator@UMarker_t@ArbReader@@@std@@@std@@V?$allocator@V?$list@UMarker_t@ArbReader@@V?$allocator@UMarker_t@ArbReader@@@std@@@std@@@2@@2@XZ 00000001800092b0 f i ArbReader.obj
 0001:00008370       ?_Tidy@?$list@V?$list@UMarker_t@ArbReader@@V?$allocator@UMarker_t@ArbReader@@@std@@@std@@V?$allocator@V?$list@UMarker_t@ArbReader@@V?$allocator@UMarker_t@ArbReader@@@std@@@std@@@2@@std@@IEAAXXZ 0000000180009370 f i ArbReader.obj
 0001:00008410       ?_Orphan_ptr@?$list@V?$list@UMarker_t@ArbReader@@V?$allocator@UMarker_t@ArbReader@@@std@@@std@@V?$allocator@V?$list@UMarker_t@ArbReader@@V?$allocator@UMarker_t@ArbReader@@@std@@@std@@@2@@std@@IEBAXAEAV12@PEAU_Node@?$_List_nod@V?$list@UMarker_t@ArbReader@@V?$allocator@UMarker_t@ArbReader@@@std@@@std@@V?$allocator@V?$list@UMarker_t@ArbReader@@V?$allocator@UMarker_t@ArbReader@@@std@@@std@@@2@@2@@Z 0000000180009410 f i ArbReader.obj
 0001:000084f0       ??0?$_List_val@V?$list@UMarker_t@ArbReader@@V?$allocator@UMarker_t@ArbReader@@@std@@@std@@V?$allocator@V?$list@UMarker_t@ArbReader@@V?$allocator@UMarker_t@ArbReader@@@std@@@std@@@2@@std@@QEAA@V?$allocator@V?$list@UMarker_t@ArbReader@@V?$allocator@UMarker_t@ArbReader@@@std@@@std@@@1@@Z 00000001800094f0 f i ArbReader.obj
 0001:00008560       ??1?$_Container_base_aux_alloc_empty@V?$allocator@V?$list@UMarker_t@ArbReader@@V?$allocator@UMarker_t@ArbReader@@@std@@@std@@@std@@@std@@IEAA@XZ 0000000180009560 f i ArbReader.obj
 0001:00008580       ??0?$allocator@V?$list@UMarker_t@ArbReader@@V?$allocator@UMarker_t@ArbReader@@@std@@@std@@@std@@QEAA@XZ 0000000180009580 f i ArbReader.obj
 0001:00008590       ?deallocate@?$allocator@U_Node@?$_List_nod@V?$list@UMarker_t@ArbReader@@V?$allocator@UMarker_t@ArbReader@@@std@@@std@@V?$allocator@V?$list@UMarker_t@ArbReader@@V?$allocator@UMarker_t@ArbReader@@@std@@@std@@@2@@std@@@std@@QEAAXPEAU_Node@?$_List_nod@V?$list@UMarker_t@ArbReader@@V?$allocator@UMarker_t@ArbReader@@@std@@@std@@V?$allocator@V?$list@UMarker_t@ArbReader@@V?$allocator@UMarker_t@ArbReader@@@std@@@std@@@2@@2@_K@Z 0000000180009590 f i ArbReader.obj
 0001:000085c0       ?destroy@?$allocator@U_Node@?$_List_nod@V?$list@UMarker_t@ArbReader@@V?$allocator@UMarker_t@ArbReader@@@std@@@std@@V?$allocator@V?$list@UMarker_t@ArbReader@@V?$allocator@UMarker_t@ArbReader@@@std@@@std@@@2@@std@@@std@@QEAAXPEAU_Node@?$_List_nod@V?$list@UMarker_t@ArbReader@@V?$allocator@UMarker_t@ArbReader@@@std@@@std@@V?$allocator@V?$list@UMarker_t@ArbReader@@V?$allocator@UMarker_t@ArbReader@@@std@@@std@@@2@@2@@Z 00000001800095c0 f i ArbReader.obj
 0001:000085f0       ??0?$_Iterator@$00@?$list@USegHeader_t@ArbReader@@V?$allocator@USegHeader_t@ArbReader@@@std@@@std@@QEAA@PEAU_Node@?$_List_nod@USegHeader_t@ArbReader@@V?$allocator@USegHeader_t@ArbReader@@@std@@@2@PEBV12@@Z 00000001800095f0 f i ArbReader.obj
 0001:00008630       ??D?$_Iterator@$00@?$list@USegHeader_t@ArbReader@@V?$allocator@USegHeader_t@ArbReader@@@std@@@std@@QEBAAEAUSegHeader_t@ArbReader@@XZ 0000000180009630 f i ArbReader.obj
 0001:00008650       ??E?$_Iterator@$00@?$list@USegHeader_t@ArbReader@@V?$allocator@USegHeader_t@ArbReader@@@std@@@std@@QEAAAEAV012@XZ 0000000180009650 f i ArbReader.obj
 0001:00008680       ??0?$_Const_iterator@$00@?$list@USegHeader_t@ArbReader@@V?$allocator@USegHeader_t@ArbReader@@@std@@@std@@QEAA@XZ 0000000180009680 f i ArbReader.obj
 0001:000086c0       ??8?$_Const_iterator@$00@?$list@USegHeader_t@ArbReader@@V?$allocator@USegHeader_t@ArbReader@@@std@@@std@@QEBA_NAEBV012@@Z 00000001800096c0 f i ArbReader.obj
 0001:00008720       ?_Nextnode@?$list@UMarker_t@ArbReader@@V?$allocator@UMarker_t@ArbReader@@@std@@@std@@KAAEAPEAU_Node@?$_List_nod@UMarker_t@ArbReader@@V?$allocator@UMarker_t@ArbReader@@@std@@@2@PEAU342@@Z 0000000180009720 f i ArbReader.obj
 0001:00008730       ?_Insert@?$list@UMarker_t@ArbReader@@V?$allocator@UMarker_t@ArbReader@@@std@@@std@@QEAAXV?$_Const_iterator@$00@12@AEBUMarker_t@ArbReader@@@Z 0000000180009730 f i ArbReader.obj
 0001:00008830       ?_Buynode@?$list@UMarker_t@ArbReader@@V?$allocator@UMarker_t@ArbReader@@@std@@@std@@IEAAPEAU_Node@?$_List_nod@UMarker_t@ArbReader@@V?$allocator@UMarker_t@ArbReader@@@std@@@2@XZ 0000000180009830 f i ArbReader.obj
 0001:000088f0       ?_Tidy@?$list@UMarker_t@ArbReader@@V?$allocator@UMarker_t@ArbReader@@@std@@@std@@IEAAXXZ 00000001800098f0 f i ArbReader.obj
 0001:00008990       ??0?$_List_val@UMarker_t@ArbReader@@V?$allocator@UMarker_t@ArbReader@@@std@@@std@@QEAA@V?$allocator@UMarker_t@ArbReader@@@1@@Z 0000000180009990 f i ArbReader.obj
 0001:00008a00       ??1?$_Container_base_aux_alloc_empty@V?$allocator@UMarker_t@ArbReader@@@std@@@std@@IEAA@XZ 0000000180009a00 f i ArbReader.obj
 0001:00008a20       ??0?$allocator@UMarker_t@ArbReader@@@std@@QEAA@XZ 0000000180009a20 f i ArbReader.obj
 0001:00008a30       ?begin@?$vector@V?$vector@UData_t@ArbReader@@V?$allocator@UData_t@ArbReader@@@std@@@std@@V?$allocator@V?$vector@UData_t@ArbReader@@V?$allocator@UData_t@ArbReader@@@std@@@std@@@2@@std@@QEAA?AV?$_Vector_iterator@V?$vector@UData_t@ArbReader@@V?$allocator@UData_t@ArbReader@@@std@@@std@@V?$allocator@V?$vector@UData_t@ArbReader@@V?$allocator@UData_t@ArbReader@@@std@@@std@@@2@@2@XZ 0000000180009a30 f i ArbReader.obj
 0001:00008a90       ?size@?$vector@V?$vector@UData_t@ArbReader@@V?$allocator@UData_t@ArbReader@@@std@@@std@@V?$allocator@V?$vector@UData_t@ArbReader@@V?$allocator@UData_t@ArbReader@@@std@@@std@@@2@@std@@QEBA_KXZ 0000000180009a90 f i ArbReader.obj
 0001:00008ac0       ?_Xran@?$vector@V?$vector@UData_t@ArbReader@@V?$allocator@UData_t@ArbReader@@@std@@@std@@V?$allocator@V?$vector@UData_t@ArbReader@@V?$allocator@UData_t@ArbReader@@@std@@@std@@@2@@std@@KAXXZ 0000000180009ac0 f i ArbReader.obj
 0001:00008b40       ??0out_of_range@std@@QEAA@AEBV?$basic_string@DU?$char_traits@D@std@@V?$allocator@D@2@@1@@Z 0000000180009b40 f i ArbReader.obj
 0001:00008b90       ??0logic_error@std@@QEAA@AEBV?$basic_string@DU?$char_traits@D@std@@V?$allocator@D@2@@1@@Z 0000000180009b90 f i ArbReader.obj
 0001:00008c00       ?what@logic_error@std@@UEBAPEBDXZ 0000000180009c00 f i ArbReader.obj
 0001:00008c30       ??_Elogic_error@std@@UEAAPEAXI@Z 0000000180009c30 f i ArbReader.obj
 0001:00008c30       ??_Glogic_error@std@@UEAAPEAXI@Z 0000000180009c30 f i ArbReader.obj
 0001:00008c80       ??1logic_error@std@@UEAA@XZ 0000000180009c80 f i ArbReader.obj
 0001:00008cd0       ??1out_of_range@std@@UEAA@XZ 0000000180009cd0 f i ArbReader.obj
 0001:00008d00       ??_Gout_of_range@std@@UEAAPEAXI@Z 0000000180009d00 f i ArbReader.obj
 0001:00008d00       ??_Eout_of_range@std@@UEAAPEAXI@Z 0000000180009d00 f i ArbReader.obj
 0001:00008d50       ?capacity@?$vector@UData_t@ArbReader@@V?$allocator@UData_t@ArbReader@@@std@@@std@@QEBA_KXZ 0000000180009d50 f i ArbReader.obj
 0001:00008db0       ?end@?$vector@UData_t@ArbReader@@V?$allocator@UData_t@ArbReader@@@std@@@std@@QEAA?AV?$_Vector_iterator@UData_t@ArbReader@@V?$allocator@UData_t@ArbReader@@@std@@@2@XZ 0000000180009db0 f i ArbReader.obj
 0001:00008e10       ?size@?$vector@UData_t@ArbReader@@V?$allocator@UData_t@ArbReader@@@std@@@std@@QEBA_KXZ 0000000180009e10 f i ArbReader.obj
 0001:00008e40       ?insert@?$vector@UData_t@ArbReader@@V?$allocator@UData_t@ArbReader@@@std@@@std@@QEAA?AV?$_Vector_iterator@UData_t@ArbReader@@V?$allocator@UData_t@ArbReader@@@std@@@2@V?$_Vector_const_iterator@UData_t@ArbReader@@V?$allocator@UData_t@ArbReader@@@std@@@2@AEBUData_t@ArbReader@@@Z 0000000180009e40 f i ArbReader.obj
 0001:00009030       ?_Ufill@?$vector@UData_t@ArbReader@@V?$allocator@UData_t@ArbReader@@@std@@@std@@IEAAPEAUData_t@ArbReader@@PEAU34@_KAEBU34@@Z 000000018000a030 f i ArbReader.obj
 0001:00009090       ?_Orphan_range@?$vector@UData_t@ArbReader@@V?$allocator@UData_t@ArbReader@@@std@@@std@@IEBAXPEAUData_t@ArbReader@@0@Z 000000018000a090 f i ArbReader.obj
 0001:00009160       ??0?$_Iterator@$00@?$list@V?$list@UMarker_t@ArbReader@@V?$allocator@UMarker_t@ArbReader@@@std@@@std@@V?$allocator@V?$list@UMarker_t@ArbReader@@V?$allocator@UMarker_t@ArbReader@@@std@@@std@@@2@@std@@QEAA@PEAU_Node@?$_List_nod@V?$list@UMarker_t@ArbReader@@V?$allocator@UMarker_t@ArbReader@@@std@@@std@@V?$allocator@V?$list@UMarker_t@ArbReader@@V?$allocator@UMarker_t@ArbReader@@@std@@@std@@@2@@2@PEBV12@@Z 000000018000a160 f i ArbReader.obj
 0001:000091a0       ??D?$_Iterator@$00@?$list@V?$list@UMarker_t@ArbReader@@V?$allocator@UMarker_t@ArbReader@@@std@@@std@@V?$allocator@V?$list@UMarker_t@ArbReader@@V?$allocator@UMarker_t@ArbReader@@@std@@@std@@@2@@std@@QEBAAEAV?$list@UMarker_t@ArbReader@@V?$allocator@UMarker_t@ArbReader@@@std@@@2@XZ 000000018000a1a0 f i ArbReader.obj
 0001:000091c0       ??E?$_Iterator@$00@?$list@V?$list@UMarker_t@ArbReader@@V?$allocator@UMarker_t@ArbReader@@@std@@@std@@V?$allocator@V?$list@UMarker_t@ArbReader@@V?$allocator@UMarker_t@ArbReader@@@std@@@std@@@2@@std@@QEAAAEAV012@XZ 000000018000a1c0 f i ArbReader.obj
 0001:000091f0       ??0?$_Const_iterator@$00@?$list@V?$list@UMarker_t@ArbReader@@V?$allocator@UMarker_t@ArbReader@@@std@@@std@@V?$allocator@V?$list@UMarker_t@ArbReader@@V?$allocator@UMarker_t@ArbReader@@@std@@@std@@@2@@std@@QEAA@XZ 000000018000a1f0 f i ArbReader.obj
 0001:00009230       ??D?$_Const_iterator@$00@?$list@UMarker_t@ArbReader@@V?$allocator@UMarker_t@ArbReader@@@std@@@std@@QEBAAEBUMarker_t@ArbReader@@XZ 000000018000a230 f i ArbReader.obj
 0001:00009340       ??E?$_Const_iterator@$00@?$list@UMarker_t@ArbReader@@V?$allocator@UMarker_t@ArbReader@@@std@@@std@@QEAAAEAV012@XZ 000000018000a340 f i ArbReader.obj
 0001:00009460       ??8?$_Const_iterator@$00@?$list@UMarker_t@ArbReader@@V?$allocator@UMarker_t@ArbReader@@@std@@@std@@QEBA_NAEBV012@@Z 000000018000a460 f i ArbReader.obj
 0001:000094c0       ??0?$_Iterator@$00@?$list@UMarker_t@ArbReader@@V?$allocator@UMarker_t@ArbReader@@@std@@@std@@QEAA@PEAU_Node@?$_List_nod@UMarker_t@ArbReader@@V?$allocator@UMarker_t@ArbReader@@@std@@@2@PEBV12@@Z 000000018000a4c0 f i ArbReader.obj
 0001:00009500       ??D?$_Vector_iterator@V?$vector@UData_t@ArbReader@@V?$allocator@UData_t@ArbReader@@@std@@@std@@V?$allocator@V?$vector@UData_t@ArbReader@@V?$allocator@UData_t@ArbReader@@@std@@@std@@@2@@std@@QEBAAEAV?$vector@UData_t@ArbReader@@V?$allocator@UData_t@ArbReader@@@std@@@1@XZ 000000018000a500 f i ArbReader.obj
 0001:00009520       ??H?$_Vector_iterator@V?$vector@UData_t@ArbReader@@V?$allocator@UData_t@ArbReader@@@std@@@std@@V?$allocator@V?$vector@UData_t@ArbReader@@V?$allocator@UData_t@ArbReader@@@std@@@std@@@2@@std@@QEBA?AV01@_J@Z 000000018000a520 f i ArbReader.obj
 0001:000095b0       ??0?$_Bidit@USegHeader_t@ArbReader@@_JPEBU12@AEBU12@@std@@QEAA@XZ 000000018000a5b0 f i ArbReader.obj
 0001:000095e0       ??0out_of_range@std@@QEAA@AEBV01@@Z 000000018000a5e0 f i ArbReader.obj
 0001:00009630       ??0logic_error@std@@QEAA@AEBV01@@Z 000000018000a630 f i ArbReader.obj
 0001:000096a0       ??0?$_Bidit@V?$list@UMarker_t@ArbReader@@V?$allocator@UMarker_t@ArbReader@@@std@@@std@@_JPEBV12@AEBV12@@std@@QEAA@XZ 000000018000a6a0 f i ArbReader.obj
 0001:000096d0       ??0?$_Vector_iterator@V?$vector@UData_t@ArbReader@@V?$allocator@UData_t@ArbReader@@@std@@@std@@V?$allocator@V?$vector@UData_t@ArbReader@@V?$allocator@UData_t@ArbReader@@@std@@@std@@@2@@std@@QEAA@AEBV01@@Z 000000018000a6d0 f i ArbReader.obj
 0001:00009700       ??0?$_Iterator_with_base@Ubidirectional_iterator_tag@std@@USegHeader_t@ArbReader@@_JPEBU34@AEBU34@V_Iterator_base@2@@std@@QEAA@XZ 000000018000a700 f i ArbReader.obj
 0001:00009730       ??0?$_Iterator_with_base@Ubidirectional_iterator_tag@std@@V?$list@UMarker_t@ArbReader@@V?$allocator@UMarker_t@ArbReader@@@std@@@2@_JPEBV32@AEBV32@V_Iterator_base@2@@std@@QEAA@XZ 000000018000a730 f i ArbReader.obj
 0001:00009760       ??0?$_Vector_const_iterator@V?$vector@UData_t@ArbReader@@V?$allocator@UData_t@ArbReader@@@std@@@std@@V?$allocator@V?$vector@UData_t@ArbReader@@V?$allocator@UData_t@ArbReader@@@std@@@std@@@2@@std@@QEAA@AEBV01@@Z 000000018000a760 f i ArbReader.obj
 0001:000097b0       ??0?$_Ranit@V?$vector@UData_t@ArbReader@@V?$allocator@UData_t@ArbReader@@@std@@@std@@_JPEBV12@AEBV12@@std@@QEAA@AEBU01@@Z 000000018000a7b0 f i ArbReader.obj
 0001:000097e0       ??0?$_Iterator_with_base@Urandom_access_iterator_tag@std@@V?$vector@UData_t@ArbReader@@V?$allocator@UData_t@ArbReader@@@std@@@2@_JPEBV32@AEBV32@V_Iterator_base@2@@std@@QEAA@AEBU01@@Z 000000018000a7e0 f i ArbReader.obj
 0001:00009810       ?_Buynode@?$list@USegHeader_t@ArbReader@@V?$allocator@USegHeader_t@ArbReader@@@std@@@std@@IEAAPEAU_Node@?$_List_nod@USegHeader_t@ArbReader@@V?$allocator@USegHeader_t@ArbReader@@@std@@@2@PEAU342@0AEBUSegHeader_t@ArbReader@@@Z 000000018000a810 f i ArbReader.obj
 0001:00009920       ?_Incsize@?$list@USegHeader_t@ArbReader@@V?$allocator@USegHeader_t@ArbReader@@@std@@@std@@IEAAX_K@Z 000000018000a920 f i ArbReader.obj
 0001:00009a00       ??0length_error@std@@QEAA@AEBV?$basic_string@DU?$char_traits@D@std@@V?$allocator@D@2@@1@@Z 000000018000aa00 f i ArbReader.obj
 0001:00009a50       ??1length_error@std@@UEAA@XZ 000000018000aa50 f i ArbReader.obj
 0001:00009a80       ??_Elength_error@std@@UEAAPEAXI@Z 000000018000aa80 f i ArbReader.obj
 0001:00009a80       ??_Glength_error@std@@UEAAPEAXI@Z 000000018000aa80 f i ArbReader.obj
 0001:00009ad0       ??0?$_List_ptr@USegHeader_t@ArbReader@@V?$allocator@USegHeader_t@ArbReader@@@std@@@std@@IEAA@V?$allocator@USegHeader_t@ArbReader@@@1@@Z 000000018000aad0 f i ArbReader.obj
 0001:00009b40       ??0?$allocator@USegHeader_t@ArbReader@@@std@@QEAA@AEBV01@@Z 000000018000ab40 f i ArbReader.obj
 0001:00009b60       ?allocate@?$allocator@U_Node@?$_List_nod@USegHeader_t@ArbReader@@V?$allocator@USegHeader_t@ArbReader@@@std@@@std@@@std@@QEAAPEAU_Node@?$_List_nod@USegHeader_t@ArbReader@@V?$allocator@USegHeader_t@ArbReader@@@std@@@2@_K@Z 000000018000ab60 f i ArbReader.obj
 0001:00009b90       ?construct@?$allocator@PEAU_Node@?$_List_nod@USegHeader_t@ArbReader@@V?$allocator@USegHeader_t@ArbReader@@@std@@@std@@@std@@QEAAXPEAPEAU_Node@?$_List_nod@USegHeader_t@ArbReader@@V?$allocator@USegHeader_t@ArbReader@@@std@@@2@AEBQEAU342@@Z 000000018000ab90 f i ArbReader.obj
 0001:00009bc0       ?destroy@?$allocator@PEAU_Node@?$_List_nod@USegHeader_t@ArbReader@@V?$allocator@USegHeader_t@ArbReader@@@std@@@std@@@std@@QEAAXPEAPEAU_Node@?$_List_nod@USegHeader_t@ArbReader@@V?$allocator@USegHeader_t@ArbReader@@@std@@@2@@Z 000000018000abc0 f i ArbReader.obj
 0001:00009bf0       ?_Buynode@?$list@UArbSeg_t@@V?$allocator@UArbSeg_t@@@std@@@std@@IEAAPEAU_Node@?$_List_nod@UArbSeg_t@@V?$allocator@UArbSeg_t@@@std@@@2@PEAU342@0AEBUArbSeg_t@@@Z 000000018000abf0 f i ArbReader.obj
 0001:00009d00       ?_Incsize@?$list@UArbSeg_t@@V?$allocator@UArbSeg_t@@@std@@@std@@IEAAX_K@Z 000000018000ad00 f i ArbReader.obj
 0001:00009de0       ??0?$_List_ptr@UArbSeg_t@@V?$allocator@UArbSeg_t@@@std@@@std@@IEAA@V?$allocator@UArbSeg_t@@@1@@Z 000000018000ade0 f i ArbReader.obj
 0001:00009e50       ??0?$allocator@UArbSeg_t@@@std@@QEAA@AEBV01@@Z 000000018000ae50 f i ArbReader.obj
 0001:00009e70       ?allocate@?$allocator@U_Node@?$_List_nod@UArbSeg_t@@V?$allocator@UArbSeg_t@@@std@@@std@@@std@@QEAAPEAU_Node@?$_List_nod@UArbSeg_t@@V?$allocator@UArbSeg_t@@@std@@@2@_K@Z 000000018000ae70 f i ArbReader.obj
 0001:00009ea0       ?construct@?$allocator@PEAU_Node@?$_List_nod@UArbSeg_t@@V?$allocator@UArbSeg_t@@@std@@@std@@@std@@QEAAXPEAPEAU_Node@?$_List_nod@UArbSeg_t@@V?$allocator@UArbSeg_t@@@std@@@2@AEBQEAU342@@Z 000000018000aea0 f i ArbReader.obj
 0001:00009ed0       ?destroy@?$allocator@PEAU_Node@?$_List_nod@UArbSeg_t@@V?$allocator@UArbSeg_t@@@std@@@std@@@std@@QEAAXPEAPEAU_Node@?$_List_nod@UArbSeg_t@@V?$allocator@UArbSeg_t@@@std@@@2@@Z 000000018000aed0 f i ArbReader.obj
 0001:00009f00       ?_Buynode@?$list@V?$list@UMarker_t@ArbReader@@V?$allocator@UMarker_t@ArbReader@@@std@@@std@@V?$allocator@V?$list@UMarker_t@ArbReader@@V?$allocator@UMarker_t@ArbReader@@@std@@@std@@@2@@std@@IEAAPEAU_Node@?$_List_nod@V?$list@UMarker_t@ArbReader@@V?$allocator@UMarker_t@ArbReader@@@std@@@std@@V?$allocator@V?$list@UMarker_t@ArbReader@@V?$allocator@UMarker_t@ArbReader@@@std@@@std@@@2@@2@PEAU342@0AEBV?$list@UMarker_t@ArbReader@@V?$allocator@UMarker_t@ArbReader@@@std@@@2@@Z 000000018000af00 f i ArbReader.obj
 0001:0000a010       ?_Incsize@?$list@V?$list@UMarker_t@ArbReader@@V?$allocator@UMarker_t@ArbReader@@@std@@@std@@V?$allocator@V?$list@UMarker_t@ArbReader@@V?$allocator@UMarker_t@ArbReader@@@std@@@std@@@2@@std@@IEAAX_K@Z 000000018000b010 f i ArbReader.obj
 0001:0000a0f0       ??0?$_List_ptr@V?$list@UMarker_t@ArbReader@@V?$allocator@UMarker_t@ArbReader@@@std@@@std@@V?$allocator@V?$list@UMarker_t@ArbReader@@V?$allocator@UMarker_t@ArbReader@@@std@@@std@@@2@@std@@IEAA@V?$allocator@V?$list@UMarker_t@ArbReader@@V?$allocator@UMarker_t@ArbReader@@@std@@@std@@@1@@Z 000000018000b0f0 f i ArbReader.obj
 0001:0000a160       ??0?$allocator@V?$list@UMarker_t@ArbReader@@V?$allocator@UMarker_t@ArbReader@@@std@@@std@@@std@@QEAA@AEBV01@@Z 000000018000b160 f i ArbReader.obj
 0001:0000a180       ?allocate@?$allocator@U_Node@?$_List_nod@V?$list@UMarker_t@ArbReader@@V?$allocator@UMarker_t@ArbReader@@@std@@@std@@V?$allocator@V?$list@UMarker_t@ArbReader@@V?$allocator@UMarker_t@ArbReader@@@std@@@std@@@2@@std@@@std@@QEAAPEAU_Node@?$_List_nod@V?$list@UMarker_t@ArbReader@@V?$allocator@UMarker_t@ArbReader@@@std@@@std@@V?$allocator@V?$list@UMarker_t@ArbReader@@V?$allocator@UMarker_t@ArbReader@@@std@@@std@@@2@@2@_K@Z 000000018000b180 f i ArbReader.obj
 0001:0000a1b0       ?construct@?$allocator@PEAU_Node@?$_List_nod@V?$list@UMarker_t@ArbReader@@V?$allocator@UMarker_t@ArbReader@@@std@@@std@@V?$allocator@V?$list@UMarker_t@ArbReader@@V?$allocator@UMarker_t@ArbReader@@@std@@@std@@@2@@std@@@std@@QEAAXPEAPEAU_Node@?$_List_nod@V?$list@UMarker_t@ArbReader@@V?$allocator@UMarker_t@ArbReader@@@std@@@std@@V?$allocator@V?$list@UMarker_t@ArbReader@@V?$allocator@UMarker_t@ArbReader@@@std@@@std@@@2@@2@AEBQEAU342@@Z 000000018000b1b0 f i ArbReader.obj
 0001:0000a1e0       ?destroy@?$allocator@PEAU_Node@?$_List_nod@V?$list@UMarker_t@ArbReader@@V?$allocator@UMarker_t@ArbReader@@@std@@@std@@V?$allocator@V?$list@UMarker_t@ArbReader@@V?$allocator@UMarker_t@ArbReader@@@std@@@std@@@2@@std@@@std@@QEAAXPEAPEAU_Node@?$_List_nod@V?$list@UMarker_t@ArbReader@@V?$allocator@UMarker_t@ArbReader@@@std@@@std@@V?$allocator@V?$list@UMarker_t@ArbReader@@V?$allocator@UMarker_t@ArbReader@@@std@@@std@@@2@@2@@Z 000000018000b1e0 f i ArbReader.obj
 0001:0000a210       ??0?$_Const_iterator@$00@?$list@USegHeader_t@ArbReader@@V?$allocator@USegHeader_t@ArbReader@@@std@@@std@@QEAA@PEAU_Node@?$_List_nod@USegHeader_t@ArbReader@@V?$allocator@USegHeader_t@ArbReader@@@std@@@2@PEBV12@@Z 000000018000b210 f i ArbReader.obj
 0001:0000a280       ??D?$_Const_iterator@$00@?$list@USegHeader_t@ArbReader@@V?$allocator@USegHeader_t@ArbReader@@@std@@@std@@QEBAAEBUSegHeader_t@ArbReader@@XZ 000000018000b280 f i ArbReader.obj
 0001:0000a390       ??E?$_Const_iterator@$00@?$list@USegHeader_t@ArbReader@@V?$allocator@USegHeader_t@ArbReader@@@std@@@std@@QEAAAEAV012@XZ 000000018000b390 f i ArbReader.obj
 0001:0000a4b0       ?_Mynode@?$_Const_iterator@$00@?$list@USegHeader_t@ArbReader@@V?$allocator@USegHeader_t@ArbReader@@@std@@@std@@QEBAPEAU_Node@?$_List_nod@USegHeader_t@ArbReader@@V?$allocator@USegHeader_t@ArbReader@@@std@@@3@XZ 000000018000b4b0 f i ArbReader.obj
 0001:0000a4d0       ?_Compat@?$_Const_iterator@$00@?$list@USegHeader_t@ArbReader@@V?$allocator@USegHeader_t@ArbReader@@@std@@@std@@QEBAXAEBV123@@Z 000000018000b4d0 f i ArbReader.obj
 0001:0000a5c0       ?_Prevnode@?$list@UMarker_t@ArbReader@@V?$allocator@UMarker_t@ArbReader@@@std@@@std@@KAAEAPEAU_Node@?$_List_nod@UMarker_t@ArbReader@@V?$allocator@UMarker_t@ArbReader@@@std@@@2@PEAU342@@Z 000000018000b5c0 f i ArbReader.obj
 0001:0000a5e0       ?_Myval@?$list@UMarker_t@ArbReader@@V?$allocator@UMarker_t@ArbReader@@@std@@@std@@KAAEAUMarker_t@ArbReader@@PEAU_Node@?$_List_nod@UMarker_t@ArbReader@@V?$allocator@UMarker_t@ArbReader@@@std@@@2@@Z 000000018000b5e0 f i ArbReader.obj
 0001:0000a600       ?clear@?$list@UMarker_t@ArbReader@@V?$allocator@UMarker_t@ArbReader@@@std@@@std@@QEAAXXZ 000000018000b600 f i ArbReader.obj
 0001:0000a710       ?_Buynode@?$list@UMarker_t@ArbReader@@V?$allocator@UMarker_t@ArbReader@@@std@@@std@@IEAAPEAU_Node@?$_List_nod@UMarker_t@ArbReader@@V?$allocator@UMarker_t@ArbReader@@@std@@@2@PEAU342@0AEBUMarker_t@ArbReader@@@Z 000000018000b710 f i ArbReader.obj
 0001:0000a820       ?_Incsize@?$list@UMarker_t@ArbReader@@V?$allocator@UMarker_t@ArbReader@@@std@@@std@@IEAAX_K@Z 000000018000b820 f i ArbReader.obj
 0001:0000a900       ??0?$_List_ptr@UMarker_t@ArbReader@@V?$allocator@UMarker_t@ArbReader@@@std@@@std@@IEAA@V?$allocator@UMarker_t@ArbReader@@@1@@Z 000000018000b900 f i ArbReader.obj
 0001:0000a970       ??0?$allocator@UMarker_t@ArbReader@@@std@@QEAA@AEBV01@@Z 000000018000b970 f i ArbReader.obj
 0001:0000a990       ?deallocate@?$allocator@U_Node@?$_List_nod@UMarker_t@ArbReader@@V?$allocator@UMarker_t@ArbReader@@@std@@@std@@@std@@QEAAXPEAU_Node@?$_List_nod@UMarker_t@ArbReader@@V?$allocator@UMarker_t@ArbReader@@@std@@@2@_K@Z 000000018000b990 f i ArbReader.obj
 0001:0000a9c0       ?allocate@?$allocator@U_Node@?$_List_nod@UMarker_t@ArbReader@@V?$allocator@UMarker_t@ArbReader@@@std@@@std@@@std@@QEAAPEAU_Node@?$_List_nod@UMarker_t@ArbReader@@V?$allocator@UMarker_t@ArbReader@@@std@@@2@_K@Z 000000018000b9c0 f i ArbReader.obj
 0001:0000a9f0       ?construct@?$allocator@PEAU_Node@?$_List_nod@UMarker_t@ArbReader@@V?$allocator@UMarker_t@ArbReader@@@std@@@std@@@std@@QEAAXPEAPEAU_Node@?$_List_nod@UMarker_t@ArbReader@@V?$allocator@UMarker_t@ArbReader@@@std@@@2@AEBQEAU342@@Z 000000018000b9f0 f i ArbReader.obj
 0001:0000aa20       ?destroy@?$allocator@PEAU_Node@?$_List_nod@UMarker_t@ArbReader@@V?$allocator@UMarker_t@ArbReader@@@std@@@std@@@std@@QEAAXPEAPEAU_Node@?$_List_nod@UMarker_t@ArbReader@@V?$allocator@UMarker_t@ArbReader@@@std@@@2@@Z 000000018000ba20 f i ArbReader.obj
 0001:0000aa50       ?begin@?$vector@UData_t@ArbReader@@V?$allocator@UData_t@ArbReader@@@std@@@std@@QEAA?AV?$_Vector_iterator@UData_t@ArbReader@@V?$allocator@UData_t@ArbReader@@@std@@@2@XZ 000000018000ba50 f i ArbReader.obj
 0001:0000aab0       ?_Insert_n@?$vector@UData_t@ArbReader@@V?$allocator@UData_t@ArbReader@@@std@@@std@@IEAAXV?$_Vector_const_iterator@UData_t@ArbReader@@V?$allocator@UData_t@ArbReader@@@std@@@2@_KAEBUData_t@ArbReader@@@Z 000000018000bab0 f i ArbReader.obj
 0001:0000b0d0       ??0?$_Const_iterator@$00@?$list@V?$list@UMarker_t@ArbReader@@V?$allocator@UMarker_t@ArbReader@@@std@@@std@@V?$allocator@V?$list@UMarker_t@ArbReader@@V?$allocator@UMarker_t@ArbReader@@@std@@@std@@@2@@std@@QEAA@PEAU_Node@?$_List_nod@V?$list@UMarker_t@ArbReader@@V?$allocator@UMarker_t@ArbReader@@@std@@@std@@V?$allocator@V?$list@UMarker_t@ArbReader@@V?$allocator@UMarker_t@ArbReader@@@std@@@std@@@2@@2@PEBV12@@Z 000000018000c0d0 f i ArbReader.obj
 0001:0000b140       ??D?$_Const_iterator@$00@?$list@V?$list@UMarker_t@ArbReader@@V?$allocator@UMarker_t@ArbReader@@@std@@@std@@V?$allocator@V?$list@UMarker_t@ArbReader@@V?$allocator@UMarker_t@ArbReader@@@std@@@std@@@2@@std@@QEBAAEBV?$list@UMarker_t@ArbReader@@V?$allocator@UMarker_t@ArbReader@@@std@@@2@XZ 000000018000c140 f i ArbReader.obj
 0001:0000b250       ??E?$_Const_iterator@$00@?$list@V?$list@UMarker_t@ArbReader@@V?$allocator@UMarker_t@ArbReader@@@std@@@std@@V?$allocator@V?$list@UMarker_t@ArbReader@@V?$allocator@UMarker_t@ArbReader@@@std@@@std@@@2@@std@@QEAAAEAV012@XZ 000000018000c250 f i ArbReader.obj
 0001:0000b370       ?_Mynode@?$_Const_iterator@$00@?$list@V?$list@UMarker_t@ArbReader@@V?$allocator@UMarker_t@ArbReader@@@std@@@std@@V?$allocator@V?$list@UMarker_t@ArbReader@@V?$allocator@UMarker_t@ArbReader@@@std@@@std@@@2@@std@@QEBAPEAU_Node@?$_List_nod@V?$list@UMarker_t@ArbReader@@V?$allocator@UMarker_t@ArbReader@@@std@@@std@@V?$allocator@V?$list@UMarker_t@ArbReader@@V?$allocator@UMarker_t@ArbReader@@@std@@@std@@@2@@3@XZ 000000018000c370 f i ArbReader.obj
 0001:0000b390       ??0?$_Const_iterator@$00@?$list@UMarker_t@ArbReader@@V?$allocator@UMarker_t@ArbReader@@@std@@@std@@QEAA@PEAU_Node@?$_List_nod@UMarker_t@ArbReader@@V?$allocator@UMarker_t@ArbReader@@@std@@@2@PEBV12@@Z 000000018000c390 f i ArbReader.obj
 0001:0000b400       ?_Mynode@?$_Const_iterator@$00@?$list@UMarker_t@ArbReader@@V?$allocator@UMarker_t@ArbReader@@@std@@@std@@QEBAPEAU_Node@?$_List_nod@UMarker_t@ArbReader@@V?$allocator@UMarker_t@ArbReader@@@std@@@3@XZ 000000018000c400 f i ArbReader.obj
 0001:0000b420       ?_Compat@?$_Const_iterator@$00@?$list@UMarker_t@ArbReader@@V?$allocator@UMarker_t@ArbReader@@@std@@@std@@QEBAXAEBV123@@Z 000000018000c420 f i ArbReader.obj
 0001:0000b510       ??0?$_Const_iterator@$00@?$list@UArbSeg_t@@V?$allocator@UArbSeg_t@@@std@@@std@@QEAA@PEAU_Node@?$_List_nod@UArbSeg_t@@V?$allocator@UArbSeg_t@@@std@@@2@PEBV12@@Z 000000018000c510 f i ArbReader.obj
 0001:0000b580       ?_Mynode@?$_Const_iterator@$00@?$list@UArbSeg_t@@V?$allocator@UArbSeg_t@@@std@@@std@@QEBAPEAU_Node@?$_List_nod@UArbSeg_t@@V?$allocator@UArbSeg_t@@@std@@@3@XZ 000000018000c580 f i ArbReader.obj
 0001:0000b5a0       ??0?$_Iterator@$00@?$list@UArbSeg_t@@V?$allocator@UArbSeg_t@@@std@@@std@@QEAA@PEAU_Node@?$_List_nod@UArbSeg_t@@V?$allocator@UArbSeg_t@@@std@@@2@PEBV12@@Z 000000018000c5a0 f i ArbReader.obj
 0001:0000b5e0       ??0?$_Vector_iterator@V?$vector@UData_t@ArbReader@@V?$allocator@UData_t@ArbReader@@@std@@@std@@V?$allocator@V?$vector@UData_t@ArbReader@@V?$allocator@UData_t@ArbReader@@@std@@@std@@@2@@std@@QEAA@PEAV?$vector@UData_t@ArbReader@@V?$allocator@UData_t@ArbReader@@@std@@@1@PEBV_Container_base_secure@1@@Z 000000018000c5e0 f i ArbReader.obj
 0001:0000b620       ??Y?$_Vector_iterator@V?$vector@UData_t@ArbReader@@V?$allocator@UData_t@ArbReader@@@std@@@std@@V?$allocator@V?$vector@UData_t@ArbReader@@V?$allocator@UData_t@ArbReader@@@std@@@std@@@2@@std@@QEAAAEAV01@_J@Z 000000018000c620 f i ArbReader.obj
 0001:0000b650       ??D?$_Vector_const_iterator@V?$vector@UData_t@ArbReader@@V?$allocator@UData_t@ArbReader@@@std@@@std@@V?$allocator@V?$vector@UData_t@ArbReader@@V?$allocator@UData_t@ArbReader@@@std@@@std@@@2@@std@@QEBAAEBV?$vector@UData_t@ArbReader@@V?$allocator@UData_t@ArbReader@@@std@@@1@XZ 000000018000c650 f i ArbReader.obj
 0001:0000b750       ??0?$_Vector_iterator@UData_t@ArbReader@@V?$allocator@UData_t@ArbReader@@@std@@@std@@QEAA@PEAUData_t@ArbReader@@PEBV_Container_base_secure@1@@Z 000000018000c750 f i ArbReader.obj
 0001:0000b790       ??H?$_Vector_iterator@UData_t@ArbReader@@V?$allocator@UData_t@ArbReader@@@std@@@std@@QEBA?AV01@_J@Z 000000018000c790 f i ArbReader.obj
 0001:0000b820       ??G?$_Vector_const_iterator@UData_t@ArbReader@@V?$allocator@UData_t@ArbReader@@@std@@@std@@QEBA_JAEBV01@@Z 000000018000c820 f i ArbReader.obj
 0001:0000b870       ??0length_error@std@@QEAA@AEBV01@@Z 000000018000c870 f i ArbReader.obj
 0001:0000b8c0       ??0?$_Bidit@UArbSeg_t@@_JPEBU1@AEBU1@@std@@QEAA@XZ 000000018000c8c0 f i ArbReader.obj
 0001:0000b8f0       ??0?$_Vector_iterator@UData_t@ArbReader@@V?$allocator@UData_t@ArbReader@@@std@@@std@@QEAA@AEBV01@@Z 000000018000c8f0 f i ArbReader.obj
 0001:0000b920       ??0?$_Iterator_with_base@Ubidirectional_iterator_tag@std@@UArbSeg_t@@_JPEBU3@AEBU3@V_Iterator_base@2@@std@@QEAA@XZ 000000018000c920 f i ArbReader.obj
 0001:0000b950       ?_Myval@?$list@USegHeader_t@ArbReader@@V?$allocator@USegHeader_t@ArbReader@@@std@@@std@@KAAEAUSegHeader_t@ArbReader@@PEAU_Node@?$_List_nod@USegHeader_t@ArbReader@@V?$allocator@USegHeader_t@ArbReader@@@std@@@2@@Z 000000018000c950 f i ArbReader.obj
 0001:0000b970       ?max_size@?$list@USegHeader_t@ArbReader@@V?$allocator@USegHeader_t@ArbReader@@@std@@@std@@QEBA_KXZ 000000018000c970 f i ArbReader.obj
 0001:0000b9a0       ??0?$_List_nod@USegHeader_t@ArbReader@@V?$allocator@USegHeader_t@ArbReader@@@std@@@std@@IEAA@V?$allocator@USegHeader_t@ArbReader@@@1@@Z 000000018000c9a0 f i ArbReader.obj
 0001:0000ba10       ?construct@?$allocator@USegHeader_t@ArbReader@@@std@@QEAAXPEAUSegHeader_t@ArbReader@@AEBU34@@Z 000000018000ca10 f i ArbReader.obj
 0001:0000ba40       ?_Myval@?$list@UArbSeg_t@@V?$allocator@UArbSeg_t@@@std@@@std@@KAAEAUArbSeg_t@@PEAU_Node@?$_List_nod@UArbSeg_t@@V?$allocator@UArbSeg_t@@@std@@@2@@Z 000000018000ca40 f i ArbReader.obj
 0001:0000ba60       ?max_size@?$list@UArbSeg_t@@V?$allocator@UArbSeg_t@@@std@@@std@@QEBA_KXZ 000000018000ca60 f i ArbReader.obj
 0001:0000ba90       ??0?$_List_nod@UArbSeg_t@@V?$allocator@UArbSeg_t@@@std@@@std@@IEAA@V?$allocator@UArbSeg_t@@@1@@Z 000000018000ca90 f i ArbReader.obj
 0001:0000bb00       ?construct@?$allocator@UArbSeg_t@@@std@@QEAAXPEAUArbSeg_t@@AEBU3@@Z 000000018000cb00 f i ArbReader.obj
 0001:0000bb30       ?_Myval@?$list@V?$list@UMarker_t@ArbReader@@V?$allocator@UMarker_t@ArbReader@@@std@@@std@@V?$allocator@V?$list@UMarker_t@ArbReader@@V?$allocator@UMarker_t@ArbReader@@@std@@@std@@@2@@std@@KAAEAV?$list@UMarker_t@ArbReader@@V?$allocator@UMarker_t@ArbReader@@@std@@@2@PEAU_Node@?$_List_nod@V?$list@UMarker_t@ArbReader@@V?$allocator@UMarker_t@ArbReader@@@std@@@std@@V?$allocator@V?$list@UMarker_t@ArbReader@@V?$allocator@UMarker_t@ArbReader@@@std@@@std@@@2@@2@@Z 000000018000cb30 f i ArbReader.obj
 0001:0000bb50       ?max_size@?$list@V?$list@UMarker_t@ArbReader@@V?$allocator@UMarker_t@ArbReader@@@std@@@std@@V?$allocator@V?$list@UMarker_t@ArbReader@@V?$allocator@UMarker_t@ArbReader@@@std@@@std@@@2@@std@@QEBA_KXZ 000000018000cb50 f i ArbReader.obj
 0001:0000bb80       ??0?$_List_nod@V?$list@UMarker_t@ArbReader@@V?$allocator@UMarker_t@ArbReader@@@std@@@std@@V?$allocator@V?$list@UMarker_t@ArbReader@@V?$allocator@UMarker_t@ArbReader@@@std@@@std@@@2@@std@@IEAA@V?$allocator@V?$list@UMarker_t@ArbReader@@V?$allocator@UMarker_t@ArbReader@@@std@@@std@@@1@@Z 000000018000cb80 f i ArbReader.obj
 0001:0000bbf0       ?construct@?$allocator@V?$list@UMarker_t@ArbReader@@V?$allocator@UMarker_t@ArbReader@@@std@@@std@@@std@@QEAAXPEAV?$list@UMarker_t@ArbReader@@V?$allocator@UMarker_t@ArbReader@@@std@@@2@AEBV32@@Z 000000018000cbf0 f i ArbReader.obj
 0001:0000bc20       ?max_size@?$list@UMarker_t@ArbReader@@V?$allocator@UMarker_t@ArbReader@@@std@@@std@@QEBA_KXZ 000000018000cc20 f i ArbReader.obj
 0001:0000bc50       ?_Orphan_ptr@?$list@UMarker_t@ArbReader@@V?$allocator@UMarker_t@ArbReader@@@std@@@std@@IEBAXAEAV12@PEAU_Node@?$_List_nod@UMarker_t@ArbReader@@V?$allocator@UMarker_t@ArbReader@@@std@@@2@@Z 000000018000cc50 f i ArbReader.obj
 0001:0000bd30       ??0?$_List_nod@UMarker_t@ArbReader@@V?$allocator@UMarker_t@ArbReader@@@std@@@std@@IEAA@V?$allocator@UMarker_t@ArbReader@@@1@@Z 000000018000cd30 f i ArbReader.obj
 0001:0000bda0       ?construct@?$allocator@UMarker_t@ArbReader@@@std@@QEAAXPEAUMarker_t@ArbReader@@AEBU34@@Z 000000018000cda0 f i ArbReader.obj
 0001:0000bdd0       ?destroy@?$allocator@U_Node@?$_List_nod@UMarker_t@ArbReader@@V?$allocator@UMarker_t@ArbReader@@@std@@@std@@@std@@QEAAXPEAU_Node@?$_List_nod@UMarker_t@ArbReader@@V?$allocator@UMarker_t@ArbReader@@@std@@@2@@Z 000000018000cdd0 f i ArbReader.obj
 0001:0000be00       ?max_size@?$vector@UData_t@ArbReader@@V?$allocator@UData_t@ArbReader@@@std@@@std@@QEBA_KXZ 000000018000ce00 f i ArbReader.obj
 0001:0000be30       ?_Destroy@?$vector@UData_t@ArbReader@@V?$allocator@UData_t@ArbReader@@@std@@@std@@IEAAXPEAUData_t@ArbReader@@0@Z 000000018000ce30 f i ArbReader.obj
 0001:0000be70       ?_Xlen@?$vector@UData_t@ArbReader@@V?$allocator@UData_t@ArbReader@@@std@@@std@@KAXXZ 000000018000ce70 f i ArbReader.obj
 0001:0000bef0       ?deallocate@?$allocator@UData_t@ArbReader@@@std@@QEAAXPEAUData_t@ArbReader@@_K@Z 000000018000cef0 f i ArbReader.obj
 0001:0000bf20       ?allocate@?$allocator@UData_t@ArbReader@@@std@@QEAAPEAUData_t@ArbReader@@_K@Z 000000018000cf20 f i ArbReader.obj
 0001:0000bf50       ??0?$_Vector_const_iterator@V?$vector@UData_t@ArbReader@@V?$allocator@UData_t@ArbReader@@@std@@@std@@V?$allocator@V?$vector@UData_t@ArbReader@@V?$allocator@UData_t@ArbReader@@@std@@@std@@@2@@std@@QEAA@PEAV?$vector@UData_t@ArbReader@@V?$allocator@UData_t@ArbReader@@@std@@@1@PEBV_Container_base_secure@1@@Z 000000018000cf50 f i ArbReader.obj
 0001:0000c060       ??Y?$_Vector_const_iterator@V?$vector@UData_t@ArbReader@@V?$allocator@UData_t@ArbReader@@@std@@@std@@V?$allocator@V?$vector@UData_t@ArbReader@@V?$allocator@UData_t@ArbReader@@@std@@@std@@@2@@std@@QEAAAEAV01@_J@Z 000000018000d060 f i ArbReader.obj
 0001:0000c200       ?_Getmycont@_Iterator_base@std@@QEBAPEBV_Container_base_secure@2@XZ 000000018000d200 f i ArbReader.obj
 0001:0000c220       ?_Has_container@_Iterator_base@std@@QEBA_NXZ 000000018000d220 f i ArbReader.obj
 0001:0000c260       ??Y?$_Vector_iterator@UData_t@ArbReader@@V?$allocator@UData_t@ArbReader@@@std@@@std@@QEAAAEAV01@_J@Z 000000018000d260 f i ArbReader.obj
 0001:0000c290       ??0?$_Vector_const_iterator@UData_t@ArbReader@@V?$allocator@UData_t@ArbReader@@@std@@@std@@QEAA@PEAUData_t@ArbReader@@PEBV_Container_base_secure@1@@Z 000000018000d290 f i ArbReader.obj
 0001:0000c3a0       ?_Compat@?$_Vector_const_iterator@UData_t@ArbReader@@V?$allocator@UData_t@ArbReader@@@std@@@std@@QEBAXAEBV12@@Z 000000018000d3a0 f i ArbReader.obj
 0001:0000c480       ??0?$_Ranit@V?$vector@UData_t@ArbReader@@V?$allocator@UData_t@ArbReader@@@std@@@std@@_JPEBV12@AEBV12@@std@@QEAA@XZ 000000018000d480 f i ArbReader.obj
 0001:0000c4b0       ??0?$_Ranit@UData_t@ArbReader@@_JPEBU12@AEBU12@@std@@QEAA@XZ 000000018000d4b0 f i ArbReader.obj
 0001:0000c4e0       ??0?$_Iterator_with_base@Urandom_access_iterator_tag@std@@V?$vector@UData_t@ArbReader@@V?$allocator@UData_t@ArbReader@@@std@@@2@_JPEBV32@AEBV32@V_Iterator_base@2@@std@@QEAA@XZ 000000018000d4e0 f i ArbReader.obj
 0001:0000c510       ??0?$_Iterator_with_base@Urandom_access_iterator_tag@std@@UData_t@ArbReader@@_JPEBU34@AEBU34@V_Iterator_base@2@@std@@QEAA@XZ 000000018000d510 f i ArbReader.obj
 0001:0000c540       ??0?$_Container_base_aux_alloc_empty@V?$allocator@USegHeader_t@ArbReader@@@std@@@std@@IEAA@V?$allocator@USegHeader_t@ArbReader@@@1@@Z 000000018000d540 f i ArbReader.obj
 0001:0000c570       ?max_size@?$allocator@USegHeader_t@ArbReader@@@std@@QEBA_KXZ 000000018000d570 f i ArbReader.obj
 0001:0000c5c0       ??0?$_Container_base_aux_alloc_empty@V?$allocator@UArbSeg_t@@@std@@@std@@IEAA@V?$allocator@UArbSeg_t@@@1@@Z 000000018000d5c0 f i ArbReader.obj
 0001:0000c5f0       ?max_size@?$allocator@UArbSeg_t@@@std@@QEBA_KXZ 000000018000d5f0 f i ArbReader.obj
 0001:0000c640       ??0?$_Container_base_aux_alloc_empty@V?$allocator@V?$list@UMarker_t@ArbReader@@V?$allocator@UMarker_t@ArbReader@@@std@@@std@@@std@@@std@@IEAA@V?$allocator@V?$list@UMarker_t@ArbReader@@V?$allocator@UMarker_t@ArbReader@@@std@@@std@@@1@@Z 000000018000d640 f i ArbReader.obj
 0001:0000c670       ?max_size@?$allocator@V?$list@UMarker_t@ArbReader@@V?$allocator@UMarker_t@ArbReader@@@std@@@std@@@std@@QEBA_KXZ 000000018000d670 f i ArbReader.obj
 0001:0000c6c0       ??0?$_Container_base_aux_alloc_empty@V?$allocator@UMarker_t@ArbReader@@@std@@@std@@IEAA@V?$allocator@UMarker_t@ArbReader@@@1@@Z 000000018000d6c0 f i ArbReader.obj
 0001:0000c6f0       ?max_size@?$allocator@UMarker_t@ArbReader@@@std@@QEBA_KXZ 000000018000d6f0 f i ArbReader.obj
 0001:0000c740       ?max_size@?$allocator@UData_t@ArbReader@@@std@@QEBA_KXZ 000000018000d740 f i ArbReader.obj
 0001:0000c790       ??Y?$_Vector_const_iterator@UData_t@ArbReader@@V?$allocator@UData_t@ArbReader@@@std@@@std@@QEAAAEAV01@_J@Z 000000018000d790 f i ArbReader.obj
 0001:0000c930       ??$assign@V?$_Const_iterator@$00@?$list@USegHeader_t@ArbReader@@V?$allocator@USegHeader_t@ArbReader@@@std@@@std@@@?$list@USegHeader_t@ArbReader@@V?$allocator@USegHeader_t@ArbReader@@@std@@@std@@QEAAXV?$_Const_iterator@$00@01@0@Z 000000018000d930 f i ArbReader.obj
 0001:0000ca30       ??$assign@V?$_Const_iterator@$00@?$list@UArbSeg_t@@V?$allocator@UArbSeg_t@@@std@@@std@@@?$list@UArbSeg_t@@V?$allocator@UArbSeg_t@@@std@@@std@@QEAAXV?$_Const_iterator@$00@01@0@Z 000000018000da30 f i ArbReader.obj
 0001:0000cb30       ??$assign@V?$_Const_iterator@$00@?$list@V?$list@UMarker_t@ArbReader@@V?$allocator@UMarker_t@ArbReader@@@std@@@std@@V?$allocator@V?$list@UMarker_t@ArbReader@@V?$allocator@UMarker_t@ArbReader@@@std@@@std@@@2@@std@@@?$list@V?$list@UMarker_t@ArbReader@@V?$allocator@UMarker_t@ArbReader@@@std@@@std@@V?$allocator@V?$list@UMarker_t@ArbReader@@V?$allocator@UMarker_t@ArbReader@@@std@@@std@@@2@@std@@QEAAXV?$_Const_iterator@$00@01@0@Z 000000018000db30 f i ArbReader.obj
 0001:0000cc30       ??$_Destroy@U_Node@?$_List_nod@USegHeader_t@ArbReader@@V?$allocator@USegHeader_t@ArbReader@@@std@@@std@@@std@@YAXPEAU_Node@?$_List_nod@USegHeader_t@ArbReader@@V?$allocator@USegHeader_t@ArbReader@@@std@@@0@@Z 000000018000dc30 f i ArbReader.obj
 0001:0000cc40       ??$_Destroy@U_Node@?$_List_nod@UArbSeg_t@@V?$allocator@UArbSeg_t@@@std@@@std@@@std@@YAXPEAU_Node@?$_List_nod@UArbSeg_t@@V?$allocator@UArbSeg_t@@@std@@@0@@Z 000000018000dc40 f i ArbReader.obj
 0001:0000cc50       ??$_Destroy@U_Node@?$_List_nod@V?$list@UMarker_t@ArbReader@@V?$allocator@UMarker_t@ArbReader@@@std@@@std@@V?$allocator@V?$list@UMarker_t@ArbReader@@V?$allocator@UMarker_t@ArbReader@@@std@@@std@@@2@@std@@@std@@YAXPEAU_Node@?$_List_nod@V?$list@UMarker_t@ArbReader@@V?$allocator@UMarker_t@ArbReader@@@std@@@std@@V?$allocator@V?$list@UMarker_t@ArbReader@@V?$allocator@UMarker_t@ArbReader@@@std@@@std@@@2@@0@@Z 000000018000dc50 f i ArbReader.obj
 0001:0000cc70       ??$unchecked_uninitialized_fill_n@PEAUData_t@ArbReader@@_KU12@V?$allocator@UData_t@ArbReader@@@std@@@stdext@@YAXPEAUData_t@ArbReader@@_KAEBU12@AEAV?$allocator@UData_t@ArbReader@@@std@@@Z 000000018000dc70 f i ArbReader.obj
 0001:0000cd00       ??$?0USegHeader_t@ArbReader@@@?$allocator@PEAU_Node@?$_List_nod@USegHeader_t@ArbReader@@V?$allocator@USegHeader_t@ArbReader@@@std@@@std@@@std@@QEAA@AEBV?$allocator@USegHeader_t@ArbReader@@@1@@Z 000000018000dd00 f i ArbReader.obj
 0001:0000cd20       ??$_Allocate@U_Node@?$_List_nod@USegHeader_t@ArbReader@@V?$allocator@USegHeader_t@ArbReader@@@std@@@std@@@std@@YAPEAU_Node@?$_List_nod@USegHeader_t@ArbReader@@V?$allocator@USegHeader_t@ArbReader@@@std@@@0@_KPEAU120@@Z 000000018000dd20 f i ArbReader.obj
 0001:0000cdb0       ??0bad_alloc@std@@QEAA@PEBD@Z 000000018000ddb0 f i ArbReader.obj
 0001:0000ce00       ??1bad_alloc@std@@UEAA@XZ  000000018000de00 f i ArbReader.obj
 0001:0000ce40       ??_Gbad_alloc@std@@UEAAPEAXI@Z 000000018000de40 f i ArbReader.obj
 0001:0000ce40       ??_Ebad_alloc@std@@UEAAPEAXI@Z 000000018000de40 f i ArbReader.obj
 0001:0000ce90       ??$_Construct@PEAU_Node@?$_List_nod@USegHeader_t@ArbReader@@V?$allocator@USegHeader_t@ArbReader@@@std@@@std@@PEAU123@@std@@YAXPEAPEAU_Node@?$_List_nod@USegHeader_t@ArbReader@@V?$allocator@USegHeader_t@ArbReader@@@std@@@0@AEBQEAU120@@Z 000000018000de90 f i ArbReader.obj
 0001:0000cf10       ??2@YAPEAX_KPEAX@Z         000000018000df10 f i ArbReader.obj
 0001:0000cf30       ??$_Destroy@PEAU_Node@?$_List_nod@USegHeader_t@ArbReader@@V?$allocator@USegHeader_t@ArbReader@@@std@@@std@@@std@@YAXPEAPEAU_Node@?$_List_nod@USegHeader_t@ArbReader@@V?$allocator@USegHeader_t@ArbReader@@@std@@@0@@Z 000000018000df30 f i ArbReader.obj
 0001:0000cf40       ??$?0UArbSeg_t@@@?$allocator@PEAU_Node@?$_List_nod@UArbSeg_t@@V?$allocator@UArbSeg_t@@@std@@@std@@@std@@QEAA@AEBV?$allocator@UArbSeg_t@@@1@@Z 000000018000df40 f i ArbReader.obj
 0001:0000cf60       ??$_Allocate@U_Node@?$_List_nod@UArbSeg_t@@V?$allocator@UArbSeg_t@@@std@@@std@@@std@@YAPEAU_Node@?$_List_nod@UArbSeg_t@@V?$allocator@UArbSeg_t@@@std@@@0@_KPEAU120@@Z 000000018000df60 f i ArbReader.obj
 0001:0000cff0       ??$_Construct@PEAU_Node@?$_List_nod@UArbSeg_t@@V?$allocator@UArbSeg_t@@@std@@@std@@PEAU123@@std@@YAXPEAPEAU_Node@?$_List_nod@UArbSeg_t@@V?$allocator@UArbSeg_t@@@std@@@0@AEBQEAU120@@Z 000000018000dff0 f i ArbReader.obj
 0001:0000d070       ??$_Destroy@PEAU_Node@?$_List_nod@UArbSeg_t@@V?$allocator@UArbSeg_t@@@std@@@std@@@std@@YAXPEAPEAU_Node@?$_List_nod@UArbSeg_t@@V?$allocator@UArbSeg_t@@@std@@@0@@Z 000000018000e070 f i ArbReader.obj
 0001:0000d080       ??$?0V?$list@UMarker_t@ArbReader@@V?$allocator@UMarker_t@ArbReader@@@std@@@std@@@?$allocator@PEAU_Node@?$_List_nod@V?$list@UMarker_t@ArbReader@@V?$allocator@UMarker_t@ArbReader@@@std@@@std@@V?$allocator@V?$list@UMarker_t@ArbReader@@V?$allocator@UMarker_t@ArbReader@@@std@@@std@@@2@@std@@@std@@QEAA@AEBV?$allocator@V?$list@UMarker_t@ArbReader@@V?$allocator@UMarker_t@ArbReader@@@std@@@std@@@1@@Z 000000018000e080 f i ArbReader.obj
 0001:0000d0a0       ??$_Allocate@U_Node@?$_List_nod@V?$list@UMarker_t@ArbReader@@V?$allocator@UMarker_t@ArbReader@@@std@@@std@@V?$allocator@V?$list@UMarker_t@ArbReader@@V?$allocator@UMarker_t@ArbReader@@@std@@@std@@@2@@std@@@std@@YAPEAU_Node@?$_List_nod@V?$list@UMarker_t@ArbReader@@V?$allocator@UMarker_t@ArbReader@@@std@@@std@@V?$allocator@V?$list@UMarker_t@ArbReader@@V?$allocator@UMarker_t@ArbReader@@@std@@@std@@@2@@0@_KPEAU120@@Z 000000018000e0a0 f i ArbReader.obj
 0001:0000d120       ??$_Construct@PEAU_Node@?$_List_nod@V?$list@UMarker_t@ArbReader@@V?$allocator@UMarker_t@ArbReader@@@std@@@std@@V?$allocator@V?$list@UMarker_t@ArbReader@@V?$allocator@UMarker_t@ArbReader@@@std@@@std@@@2@@std@@PEAU123@@std@@YAXPEAPEAU_Node@?$_List_nod@V?$list@UMarker_t@ArbReader@@V?$allocator@UMarker_t@ArbReader@@@std@@@std@@V?$allocator@V?$list@UMarker_t@ArbReader@@V?$allocator@UMarker_t@ArbReader@@@std@@@std@@@2@@0@AEBQEAU120@@Z 000000018000e120 f i ArbReader.obj
 0001:0000d1a0       ??$_Destroy@PEAU_Node@?$_List_nod@V?$list@UMarker_t@ArbReader@@V?$allocator@UMarker_t@ArbReader@@@std@@@std@@V?$allocator@V?$list@UMarker_t@ArbReader@@V?$allocator@UMarker_t@ArbReader@@@std@@@std@@@2@@std@@@std@@YAXPEAPEAU_Node@?$_List_nod@V?$list@UMarker_t@ArbReader@@V?$allocator@UMarker_t@ArbReader@@@std@@@std@@V?$allocator@V?$list@UMarker_t@ArbReader@@V?$allocator@UMarker_t@ArbReader@@@std@@@std@@@2@@0@@Z 000000018000e1a0 f i ArbReader.obj
 0001:0000d1b0       ??$?0UMarker_t@ArbReader@@@?$allocator@PEAU_Node@?$_List_nod@UMarker_t@ArbReader@@V?$allocator@UMarker_t@ArbReader@@@std@@@std@@@std@@QEAA@AEBV?$allocator@UMarker_t@ArbReader@@@1@@Z 000000018000e1b0 f i ArbReader.obj
 0001:0000d1d0       ??$_Allocate@U_Node@?$_List_nod@UMarker_t@ArbReader@@V?$allocator@UMarker_t@ArbReader@@@std@@@std@@@std@@YAPEAU_Node@?$_List_nod@UMarker_t@ArbReader@@V?$allocator@UMarker_t@ArbReader@@@std@@@0@_KPEAU120@@Z 000000018000e1d0 f i ArbReader.obj
 0001:0000d260       ??$_Construct@PEAU_Node@?$_List_nod@UMarker_t@ArbReader@@V?$allocator@UMarker_t@ArbReader@@@std@@@std@@PEAU123@@std@@YAXPEAPEAU_Node@?$_List_nod@UMarker_t@ArbReader@@V?$allocator@UMarker_t@ArbReader@@@std@@@0@AEBQEAU120@@Z 000000018000e260 f i ArbReader.obj
 0001:0000d2e0       ??$_Destroy@PEAU_Node@?$_List_nod@UMarker_t@ArbReader@@V?$allocator@UMarker_t@ArbReader@@@std@@@std@@@std@@YAXPEAPEAU_Node@?$_List_nod@UMarker_t@ArbReader@@V?$allocator@UMarker_t@ArbReader@@@std@@@0@@Z 000000018000e2e0 f i ArbReader.obj
 0001:0000d2f0       ??$_Umove@PEAUData_t@ArbReader@@@?$vector@UData_t@ArbReader@@V?$allocator@UData_t@ArbReader@@@std@@@std@@IEAAPEAUData_t@ArbReader@@PEAU23@00@Z 000000018000e2f0 f i ArbReader.obj
 0001:0000d340       ??$fill@PEAUData_t@ArbReader@@U12@@std@@YAXPEAUData_t@ArbReader@@0AEBU12@@Z 000000018000e340 f i ArbReader.obj
 0001:0000d3a0       ??$_Unchecked_move_backward@PEAUData_t@ArbReader@@PEAU12@@stdext@@YAPEAUData_t@ArbReader@@PEAU12@00@Z 000000018000e3a0 f i ArbReader.obj
 0001:0000d450       ??$?0USegHeader_t@ArbReader@@@?$allocator@U_Node@?$_List_nod@USegHeader_t@ArbReader@@V?$allocator@USegHeader_t@ArbReader@@@std@@@std@@@std@@QEAA@AEBV?$allocator@USegHeader_t@ArbReader@@@1@@Z 000000018000e450 f i ArbReader.obj
 0001:0000d470       ??$_Construct@USegHeader_t@ArbReader@@U12@@std@@YAXPEAUSegHeader_t@ArbReader@@AEBU12@@Z 000000018000e470 f i ArbReader.obj
 0001:0000d520       ??$?0UArbSeg_t@@@?$allocator@U_Node@?$_List_nod@UArbSeg_t@@V?$allocator@UArbSeg_t@@@std@@@std@@@std@@QEAA@AEBV?$allocator@UArbSeg_t@@@1@@Z 000000018000e520 f i ArbReader.obj
 0001:0000d540       ??$_Construct@UArbSeg_t@@U1@@std@@YAXPEAUArbSeg_t@@AEBU1@@Z 000000018000e540 f i ArbReader.obj
 0001:0000d5c0       ??$?0V?$list@UMarker_t@ArbReader@@V?$allocator@UMarker_t@ArbReader@@@std@@@std@@@?$allocator@U_Node@?$_List_nod@V?$list@UMarker_t@ArbReader@@V?$allocator@UMarker_t@ArbReader@@@std@@@std@@V?$allocator@V?$list@UMarker_t@ArbReader@@V?$allocator@UMarker_t@ArbReader@@@std@@@std@@@2@@std@@@std@@QEAA@AEBV?$allocator@V?$list@UMarker_t@ArbReader@@V?$allocator@UMarker_t@ArbReader@@@std@@@std@@@1@@Z 000000018000e5c0 f i ArbReader.obj
 0001:0000d5e0       ??$_Construct@V?$list@UMarker_t@ArbReader@@V?$allocator@UMarker_t@ArbReader@@@std@@@std@@V12@@std@@YAXPEAV?$list@UMarker_t@ArbReader@@V?$allocator@UMarker_t@ArbReader@@@std@@@0@AEBV10@@Z 000000018000e5e0 f i ArbReader.obj
 0001:0000d670       ??3@YAXPEAX0@Z             000000018000e670 f i ArbReader.obj
 0001:0000d680       ??$?0UMarker_t@ArbReader@@@?$allocator@U_Node@?$_List_nod@UMarker_t@ArbReader@@V?$allocator@UMarker_t@ArbReader@@@std@@@std@@@std@@QEAA@AEBV?$allocator@UMarker_t@ArbReader@@@1@@Z 000000018000e680 f i ArbReader.obj
 0001:0000d6a0       ??$_Construct@UMarker_t@ArbReader@@U12@@std@@YAXPEAUMarker_t@ArbReader@@AEBU12@@Z 000000018000e6a0 f i ArbReader.obj
 0001:0000d720       ??$_Destroy@U_Node@?$_List_nod@UMarker_t@ArbReader@@V?$allocator@UMarker_t@ArbReader@@@std@@@std@@@std@@YAXPEAU_Node@?$_List_nod@UMarker_t@ArbReader@@V?$allocator@UMarker_t@ArbReader@@@std@@@0@@Z 000000018000e720 f i ArbReader.obj
 0001:0000d730       ??$_Destroy_range@V?$allocator@UData_t@ArbReader@@@std@@@std@@YAXPEAUData_t@ArbReader@@0AEAV?$allocator@UData_t@ArbReader@@@0@@Z 000000018000e730 f i ArbReader.obj
 0001:0000d790       ??$_Allocate@UData_t@ArbReader@@@std@@YAPEAUData_t@ArbReader@@_KPEAU12@@Z 000000018000e790 f i ArbReader.obj
 0001:0000d810       ??_G_Node@?$_List_nod@V?$list@UMarker_t@ArbReader@@V?$allocator@UMarker_t@ArbReader@@@std@@@std@@V?$allocator@V?$list@UMarker_t@ArbReader@@V?$allocator@UMarker_t@ArbReader@@@std@@@std@@@2@@std@@QEAAPEAXI@Z 000000018000e810 f i ArbReader.obj
 0001:0000d860       ??0bad_alloc@std@@QEAA@AEBV01@@Z 000000018000e860 f i ArbReader.obj
 0001:0000d8b0       ??1_Node@?$_List_nod@V?$list@UMarker_t@ArbReader@@V?$allocator@UMarker_t@ArbReader@@@std@@@std@@V?$allocator@V?$list@UMarker_t@ArbReader@@V?$allocator@UMarker_t@ArbReader@@@std@@@std@@@2@@std@@QEAA@XZ 000000018000e8b0 f i ArbReader.obj
 0001:0000d8e0       ??0?$list@UMarker_t@ArbReader@@V?$allocator@UMarker_t@ArbReader@@@std@@@std@@QEAA@AEBV01@@Z 000000018000e8e0 f i ArbReader.obj
 0001:0000dac0       ?begin@?$list@UMarker_t@ArbReader@@V?$allocator@UMarker_t@ArbReader@@@std@@@std@@QEBA?AV?$_Const_iterator@$00@12@XZ 000000018000eac0 f i ArbReader.obj
 0001:0000db20       ?end@?$list@UMarker_t@ArbReader@@V?$allocator@UMarker_t@ArbReader@@@std@@@std@@QEBA?AV?$_Const_iterator@$00@12@XZ 000000018000eb20 f i ArbReader.obj
 0001:0000db80       ??$_Iter_cat@V?$_Const_iterator@$00@?$list@USegHeader_t@ArbReader@@V?$allocator@USegHeader_t@ArbReader@@@std@@@std@@@std@@YA?AUbidirectional_iterator_tag@0@AEBV?$_Const_iterator@$00@?$list@USegHeader_t@ArbReader@@V?$allocator@USegHeader_t@ArbReader@@@std@@@0@@Z 000000018000eb80 f i ArbReader.obj
 0001:0000dba0       ??$_Assign@V?$_Const_iterator@$00@?$list@USegHeader_t@ArbReader@@V?$allocator@USegHeader_t@ArbReader@@@std@@@std@@@?$list@USegHeader_t@ArbReader@@V?$allocator@USegHeader_t@ArbReader@@@std@@@std@@QEAAXV?$_Const_iterator@$00@01@0Uinput_iterator_tag@1@@Z 000000018000eba0 f i ArbReader.obj
 0001:0000dd40       ??$_Iter_cat@V?$_Const_iterator@$00@?$list@UArbSeg_t@@V?$allocator@UArbSeg_t@@@std@@@std@@@std@@YA?AUbidirectional_iterator_tag@0@AEBV?$_Const_iterator@$00@?$list@UArbSeg_t@@V?$allocator@UArbSeg_t@@@std@@@0@@Z 000000018000ed40 f i ArbReader.obj
 0001:0000dd60       ??$_Assign@V?$_Const_iterator@$00@?$list@UArbSeg_t@@V?$allocator@UArbSeg_t@@@std@@@std@@@?$list@UArbSeg_t@@V?$allocator@UArbSeg_t@@@std@@@std@@QEAAXV?$_Const_iterator@$00@01@0Uinput_iterator_tag@1@@Z 000000018000ed60 f i ArbReader.obj
 0001:0000df00       ??$_Iter_cat@V?$_Const_iterator@$00@?$list@V?$list@UMarker_t@ArbReader@@V?$allocator@UMarker_t@ArbReader@@@std@@@std@@V?$allocator@V?$list@UMarker_t@ArbReader@@V?$allocator@UMarker_t@ArbReader@@@std@@@std@@@2@@std@@@std@@YA?AUbidirectional_iterator_tag@0@AEBV?$_Const_iterator@$00@?$list@V?$list@UMarker_t@ArbReader@@V?$allocator@UMarker_t@ArbReader@@@std@@@std@@V?$allocator@V?$list@UMarker_t@ArbReader@@V?$allocator@UMarker_t@ArbReader@@@std@@@std@@@2@@0@@Z 000000018000ef00 f i ArbReader.obj
 0001:0000df20       ??$_Assign@V?$_Const_iterator@$00@?$list@V?$list@UMarker_t@ArbReader@@V?$allocator@UMarker_t@ArbReader@@@std@@@std@@V?$allocator@V?$list@UMarker_t@ArbReader@@V?$allocator@UMarker_t@ArbReader@@@std@@@std@@@2@@std@@@?$list@V?$list@UMarker_t@ArbReader@@V?$allocator@UMarker_t@ArbReader@@@std@@@std@@V?$allocator@V?$list@UMarker_t@ArbReader@@V?$allocator@UMarker_t@ArbReader@@@std@@@std@@@2@@std@@QEAAXV?$_Const_iterator@$00@01@0Uinput_iterator_tag@1@@Z 000000018000ef20 f i ArbReader.obj
 0001:0000e0c0       ??$_Ptr_cat@PEAUData_t@ArbReader@@PEAU12@@std@@YA?AU_Nonscalar_ptr_iterator_tag@0@AEAPEAUData_t@ArbReader@@0@Z 000000018000f0c0 f i ArbReader.obj
[...]
 0002:0002a948       ??_R1A@?0A@EA@TxLOLeakageTableR1C@@8 00000001800f7948     TxLoLeakageTable.obj
 0002:0002a978       ??_R4TxSidebandTableR1C@@6B@ 00000001800f7978     TxSidebandTable.obj
 0002:0002a9a8       ??_R3TxSidebandTableR1C@@8 00000001800f79a8     TxSidebandTable.obj
 0002:0002a9c0       ??_R2TxSidebandTableR1C@@8 00000001800f79c0     TxSidebandTable.obj
 0002:0002a9d0       ??_R1A@?0A@EA@TxSidebandTableR1C@@8 00000001800f79d0     TxSidebandTable.obj
 0002:0002aa00       ??_R4type_info@@6B@        00000001800f7a00     MSVCRTD:ti_inst.obj
 0002:0002aa28       ??_R3type_info@@8          00000001800f7a28     MSVCRTD:ti_inst.obj
 0002:0002aa40       ??_R2type_info@@8          00000001800f7a40     MSVCRTD:ti_inst.obj
 0002:0002aa50       ??_R1A@?0A@EA@type_info@@8 00000001800f7a50     MSVCRTD:ti_inst.obj
 0002:0002ac08       __rtc_iaa                  00000001800f7c08     MSVCRTD:_initsect_.obj
 0002:0002ad18       __rtc_izz                  00000001800f7d18     MSVCRTD:_initsect_.obj
 0002:0002ae28       __rtc_taa                  00000001800f7e28     MSVCRTD:_initsect_.obj
 0002:0002af38       __rtc_tzz                  00000001800f7f38     MSVCRTD:_initsect_.obj
 0002:00034310       _TI3?AVout_of_range@std@@  0000000180101310     ArbReader.obj
 0002:00034330       _CTA3?AVout_of_range@std@@ 0000000180101330     ArbReader.obj
 0002:00034350       _CT??_R0?AVout_of_range@std@@@8??0out_of_range@std@@QEAA@AEBV01@@Z72 0000000180101350     ArbReader.obj
 0002:00034378       _CT??_R0?AVlogic_error@std@@@8??0logic_error@std@@QEAA@AEBV01@@Z72 0000000180101378     ArbReader.obj
 0002:000343a0       _CT??_R0?AVexception@std@@@8??0exception@std@@QEAA@AEBV01@@Z24 00000001801013a0     ArbReader.obj
 0002:000343c8       _TI3?AVlength_error@std@@  00000001801013c8     ArbReader.obj
 0002:000343e8       _CTA3?AVlength_error@std@@ 00000001801013e8     ArbReader.obj
 0002:00034408       _CT??_R0?AVlength_error@std@@@8??0length_error@std@@QEAA@AEBV01@@Z72 0000000180101408     ArbReader.obj
 0002:00034430       _TI2?AVbad_alloc@std@@     0000000180101430     ArbReader.obj
 0002:00034450       _CTA2?AVbad_alloc@std@@    0000000180101450     ArbReader.obj
 0002:00034468       _CT??_R0?AVbad_alloc@std@@@8??0bad_alloc@std@@QEAA@AEBV01@@Z24 0000000180101468     ArbReader.obj
 0003:00000010       ??_R0?AVout_of_range@std@@@8 000000018010a010     ArbReader.obj
 0003:00000040       ??_R0?AVlogic_error@std@@@8 000000018010a040     ArbReader.obj
 0003:00000070       ??_R0?AVexception@std@@@8  000000018010a070     ArbReader.obj
 0003:000000a0       ??_R0?AVlength_error@std@@@8 000000018010a0a0     ArbReader.obj
 0003:000000d0       ??_R0?AVbad_alloc@std@@@8  000000018010a0d0     ArbReader.obj
 0003:00000110       ??_R0?AVCalFileR1A@@@8     000000018010a110     CalFileR1A.obj
 0003:00000138       ??_R0?AVICalFile@@@8       000000018010a138     CalFileR1A.obj
 0003:00000160       ??_R0?AVTxSidebandTableR1A@@@8 000000018010a160     CalFileR1A.obj
 0003:00000198       ??_R0?AVTxLOLeakageTableR1A@@@8 000000018010a198     CalFileR1A.obj
 0003:000001d0       ??_R0?AVTxAttTableR1A@@@8  000000018010a1d0     CalFileR1A.obj
 0003:00000200       ??_R0?AVTxPowerTableR1A@@@8 000000018010a200     CalFileR1A.obj
 0003:00000230       ??_R0?AVRxRefTableR1A@@@8  000000018010a230     CalFileR1A.obj
 0003:00000270       ??_R0?AVCalFileR1C@@@8     000000018010a270     CalFileR1C.obj
 0003:00000298       ??_R0?AVTxAttOPTableR1C@@@8 000000018010a298     CalFileR1C.obj
 0003:000002c8       ??_R0?AVTxAttIOTableR1C@@@8 000000018010a2c8     CalFileR1C.obj
 0003:000002f8       ??_R0?AVTxPowerOPTableR1C@@@8 000000018010a2f8     CalFileR1C.obj
 0003:00000328       ??_R0?AVTxPowerIOTableR1C@@@8 000000018010a328     CalFileR1C.obj
 0003:00000358       ??_R0?AVRxRefOPTableR1C@@@8 000000018010a358     CalFileR1C.obj
 0003:00000388       ??_R0?AVRxRefIOTableR1C@@@8 000000018010a388     CalFileR1C.obj
 0003:000003b8       ??_R0?AVRxAttOPTableR1C@@@8 000000018010a3b8     CalFileR1C.obj
 0003:000003e8       ??_R0?AVRxAttIOTableR1C@@@8 000000018010a3e8     CalFileR1C.obj
 0003:00000418       ??_R0?AVTxFilter_80M_TableR1C@@@8 000000018010a418     CalFileR1C.obj
 0003:00000450       ??_R0?AVTxFilter_160M_TableR1C@@@8 000000018010a450     CalFileR1C.obj
 0003:00000488       ??_R0?AVRxFilter_80M_TableR1C@@@8 000000018010a488     CalFileR1C.obj
 0003:000004c0       ??_R0?AVRxFilter_160M_TableR1C@@@8 000000018010a4c0     CalFileR1C.obj
 0003:000004f8       ??_R0?AVTxFilterOffTableR1C@@@8 000000018010a4f8     CalFileR1C.obj
 0003:00000530       ??_R0?AVRxFilterOffTableR1C@@@8 000000018010a530     CalFileR1C.obj
 0003:00000568       ??_R0?AVTxIFFrTableR1C@@@8 000000018010a568     CalFileR1C.obj
 0003:00000598       ??_R0?AVRxRFFrTableR1C@@@8 000000018010a598     CalFileR1C.obj
 0003:000005c8       ??_R0?AVRxIFFrTableR1C@@@8 000000018010a5c8     CalFileR1C.obj
 0003:000005f8       ??_R0?AVTxRFFr_0_TableR1C@@@8 000000018010a5f8     CalFileR1C.obj
 0003:00000628       ??_R0?AVTxRFFrTable@@@8    000000018010a628     CalFileR1C.obj
 0003:00000650       ??_R0?AVTxRFFr_1_TableR1C@@@8 000000018010a650     CalFileR1C.obj
 0003:000006b0       ??_R0?AVCfvCtrl@@@8        000000018010a6b0     ICalFile.obj
 0003:000006e0       ?g_IQBufLock@@3PEAUpthread_mutex_t_@@EA 000000018010a6e0     IQBufMgr.obj
 0003:00000700       ??_R0?AVISP1401@@@8        000000018010a700     ISP1401.obj
 0003:00000778       ??_R0?AVCSGPMMFile@@@8     000000018010a778     sgpmm.obj
 0003:000007b0       ??_R0?AVCSP1401R1A@@@8     000000018010a7b0     SP1401R1A.obj
 0003:000007e8       ??_R0?AVCSP1401R1C@@@8     000000018010a7e8     SP1401R1C.obj
 0003:00000850       ??_R0?AVTxLOLeakageTableR1C@@@8 000000018010a850     TxLoLeakageTable.obj
 0003:000008a8       ??_R0?AVTxSidebandTableR1C@@@8 000000018010a8a8     TxSidebandTable.obj
 0003:000008e8       __security_cookie          000000018010a8e8     MSVCRTD:gs_cookie.obj
 0003:000008f0       __security_cookie_complement 000000018010a8f0     MSVCRTD:gs_cookie.obj
 0003:000008f8       _fltused                   000000018010a8f8     MSVCRTD:dllsupp.obj
 0003:00000900       ??_R0?AVtype_info@@@8      000000018010a900     MSVCRTD:ti_inst.obj
 0003:00000920       __native_dllmain_reason    000000018010a920     MSVCRTD:natstart.obj
 0003:00000924       __native_vcclrit_reason    000000018010a924     MSVCRTD:natstart.obj
 0003:00000b40       ?g_pX9119@ICalFile@@2PEAVX9119Table@@EA 000000018010ab40     ICalFile.obj
 0003:00000b48       ?g_ItemBuf@ICalFile@@1UItemBuf@1@A 000000018010ab48     ICalFile.obj
 0003:00001110       _forceCRTManifestRTM       000000018010b110     MSVCRTD:crtmanifestrtm.obj
 0003:00001118       ?__type_info_root_node@@3U__type_info_node@@A 000000018010b118     MSVCRTD:tncleanup.obj
 0003:00001128       __native_startup_state     000000018010b128     <common>
 0003:00001138       __native_startup_lock      000000018010b138     <common>
 0003:00001140       __dyn_tls_init_callback    000000018010b140     <common>
 0003:00001158       __onexitend                000000018010b158     <common>
 0003:00001170       __onexitbegin              000000018010b170     <common>
 0005:00000000       __IMPORT_DESCRIPTOR_libLog 0000000180112000     libLog:libLog.dll
 0005:00000014       __IMPORT_DESCRIPTOR_libBusDriver 0000000180112014     libBusDriver:libBusDriver.dll
 0005:00000028       __IMPORT_DESCRIPTOR_MSVCP90D 0000000180112028     msvcprtd:MSVCP90D.dll
 0005:0000003c       __IMPORT_DESCRIPTOR_MSVCR90D 000000018011203c     MSVCRTD:MSVCR90D.dll
 0005:00000050       __IMPORT_DESCRIPTOR_pthreadVC2 0000000180112050     pthreadVC2:pthreadVC2.dll
 0005:00000064       __IMPORT_DESCRIPTOR_libfftw3-3 0000000180112064     libfftw3-3:libfftw3-3.dll
 0005:00000078       __IMPORT_DESCRIPTOR_KERNEL32 0000000180112078     kernel32:KERNEL32.dll
 0005:0000008c       __NULL_IMPORT_DESCRIPTOR   000000018011208c     libLog:libLog.dll
 0005:00000748       __imp_DisableThreadLibraryCalls 0000000180112748     kernel32:KERNEL32.dll
 0005:00000750       __imp_GetSystemTimeAsFileTime 0000000180112750     kernel32:KERNEL32.dll
 0005:00000758       __imp_GetCurrentProcessId  0000000180112758     kernel32:KERNEL32.dll
 0005:00000760       __imp_GetCurrentThreadId   0000000180112760     kernel32:KERNEL32.dll
 0005:00000768       __imp_GetTickCount         0000000180112768     kernel32:KERNEL32.dll
 0005:00000770       __imp_QueryPerformanceCounter 0000000180112770     kernel32:KERNEL32.dll
 0005:00000778       __imp_RtlCaptureContext    0000000180112778     kernel32:KERNEL32.dll
 0005:00000780       __imp_RtlLookupFunctionEntry 0000000180112780     kernel32:KERNEL32.dll
 0005:00000788       __imp_RtlVirtualUnwind     0000000180112788     kernel32:KERNEL32.dll
 0005:00000790       __imp_IsDebuggerPresent    0000000180112790     kernel32:KERNEL32.dll
 0005:00000798       __imp_SetUnhandledExceptionFilter 0000000180112798     kernel32:KERNEL32.dll
 0005:000007a0       __imp_UnhandledExceptionFilter 00000001801127a0     kernel32:KERNEL32.dll
 0005:000007a8       __imp_GetCurrentProcess    00000001801127a8     kernel32:KERNEL32.dll
 0005:000007b0       __imp_TerminateProcess     00000001801127b0     kernel32:KERNEL32.dll
 0005:000007b8       __imp_Sleep                00000001801127b8     kernel32:KERNEL32.dll
 0005:000007c0       \177KERNEL32_NULL_THUNK_DATA 00000001801127c0     kernel32:KERNEL32.dll
 0005:00000830       __imp_??0?$basic_string@DU?$char_traits@D@std@@V?$allocator@D@2@@std@@QEAA@PEBD@Z 0000000180112830     msvcprtd:MSVCP90D.dll
 0005:00000838       __imp_?_Swap_all@_Container_base_secure@std@@QEBAXAEAV12@@Z 0000000180112838     msvcprtd:MSVCP90D.dll
 0005:00000840       __imp_??1_Lockit@std@@QEAA@XZ 0000000180112840     msvcprtd:MSVCP90D.dll
 0005:00000848       __imp_??0_Lockit@std@@QEAA@H@Z 0000000180112848     msvcprtd:MSVCP90D.dll
 0005:00000850       __imp_?_Debug_message@std@@YAXPEB_W0I@Z 0000000180112850     msvcprtd:MSVCP90D.dll
 0005:00000858       __imp_??1_Container_base_secure@std@@QEAA@XZ 0000000180112858     msvcprtd:MSVCP90D.dll
 0005:00000860       __imp_??1?$basic_string@DU?$char_traits@D@std@@V?$allocator@D@2@@std@@QEAA@XZ 0000000180112860     msvcprtd:MSVCP90D.dll
 0005:00000868       __imp_??0?$basic_string@DU?$char_traits@D@std@@V?$allocator@D@2@@std@@QEAA@AEBV01@@Z 0000000180112868     msvcprtd:MSVCP90D.dll
 0005:00000870       __imp_?c_str@?$basic_string@DU?$char_traits@D@std@@V?$allocator@D@2@@std@@QEBAPEBDXZ 0000000180112870     msvcprtd:MSVCP90D.dll
 0005:00000878       __imp_?_Orphan_all@_Container_base_secure@std@@QEBAXXZ 0000000180112878     msvcprtd:MSVCP90D.dll
 0005:00000880       __imp_??0_Container_base_secure@std@@QEAA@XZ 0000000180112880     msvcprtd:MSVCP90D.dll
 0005:00000888       __imp_?_Swap_aux@_Container_base_secure@std@@QEAAXAEAV12@@Z 0000000180112888     msvcprtd:MSVCP90D.dll
 0005:00000890       \177MSVCP90D_NULL_THUNK_DATA 0000000180112890     msvcprtd:MSVCP90D.dll
 0005:000008f8       __imp___clean_type_info_names_internal 00000001801128f8     MSVCRTD:MSVCR90D.dll
 0005:00000900       __imp_?_type_info_dtor_internal_method@type_info@@QEAAXXZ 0000000180112900     MSVCRTD:MSVCR90D.dll
 0005:00000908       __imp_fclose               0000000180112908     MSVCRTD:MSVCR90D.dll
 0005:00000910       __imp_fopen                0000000180112910     MSVCRTD:MSVCR90D.dll
 0005:00000918       __imp_fread                0000000180112918     MSVCRTD:MSVCR90D.dll
 0005:00000920       __imp_ftell                0000000180112920     MSVCRTD:MSVCR90D.dll
 0005:00000928       __imp_fseek                0000000180112928     MSVCRTD:MSVCR90D.dll
 0005:00000930       __imp___CxxFrameHandler3   0000000180112930     MSVCRTD:MSVCR90D.dll
 0005:00000938       __imp_strcat               0000000180112938     MSVCRTD:MSVCR90D.dll
 0005:00000940       __imp_sprintf              0000000180112940     MSVCRTD:MSVCR90D.dll
 0005:00000948       __imp__CxxThrowException   0000000180112948     MSVCRTD:MSVCR90D.dll
 0005:00000950       __imp_??3@YAXPEAX@Z        0000000180112950     MSVCRTD:MSVCR90D.dll
 0005:00000958       __imp_??0exception@std@@QEAA@AEBV01@@Z 0000000180112958     MSVCRTD:MSVCR90D.dll
 0005:00000960       __imp_??1exception@std@@UEAA@XZ 0000000180112960     MSVCRTD:MSVCR90D.dll
 0005:00000968       __imp_??0exception@std@@QEAA@XZ 0000000180112968     MSVCRTD:MSVCR90D.dll
 0005:00000970       __imp__invalid_parameter   0000000180112970     MSVCRTD:MSVCR90D.dll
 0005:00000978       __imp__CrtDbgReportW       0000000180112978     MSVCRTD:MSVCR90D.dll
 0005:00000980       __imp_??2@YAPEAX_K@Z       0000000180112980     MSVCRTD:MSVCR90D.dll
 0005:00000988       __imp_??0exception@std@@QEAA@AEBQEBD@Z 0000000180112988     MSVCRTD:MSVCR90D.dll
 0005:00000990       __imp_?what@exception@std@@UEBAPEBDXZ 0000000180112990     MSVCRTD:MSVCR90D.dll
 0005:00000998       __imp_??_V@YAXPEAX@Z       0000000180112998     MSVCRTD:MSVCR90D.dll
 0005:000009a0       __imp_memset               00000001801129a0     MSVCRTD:MSVCR90D.dll
 0005:000009a8       __imp_fwrite               00000001801129a8     MSVCRTD:MSVCR90D.dll
 0005:000009b0       __imp_strerror             00000001801129b0     MSVCRTD:MSVCR90D.dll
 0005:000009b8       __imp__errno               00000001801129b8     MSVCRTD:MSVCR90D.dll
 0005:000009c0       __imp__mkdir               00000001801129c0     MSVCRTD:MSVCR90D.dll
 0005:000009c8       __imp__access              00000001801129c8     MSVCRTD:MSVCR90D.dll
 0005:000009d0       __imp_rename               00000001801129d0     MSVCRTD:MSVCR90D.dll
 0005:000009d8       __imp_remove               00000001801129d8     MSVCRTD:MSVCR90D.dll
 0005:000009e0       __imp_strcpy               00000001801129e0     MSVCRTD:MSVCR90D.dll
 0005:000009e8       __imp_strrchr              00000001801129e8     MSVCRTD:MSVCR90D.dll
 0005:000009f0       __imp_fprintf              00000001801129f0     MSVCRTD:MSVCR90D.dll
 0005:000009f8       __imp__set_fmode           00000001801129f8     MSVCRTD:MSVCR90D.dll
 0005:00000a00       __imp__purecall            0000000180112a00     MSVCRTD:MSVCR90D.dll
 0005:00000a08       __imp_log10                0000000180112a08     MSVCRTD:MSVCR90D.dll
 0005:00000a10       __imp_strcmp               0000000180112a10     MSVCRTD:MSVCR90D.dll
 0005:00000a18       __imp_strstr               0000000180112a18     MSVCRTD:MSVCR90D.dll
 0005:00000a20       __imp__write               0000000180112a20     MSVCRTD:MSVCR90D.dll
 0005:00000a28       __imp__close               0000000180112a28     MSVCRTD:MSVCR90D.dll
 0005:00000a30       __imp__sopen_s             0000000180112a30     MSVCRTD:MSVCR90D.dll
 0005:00000a38       __imp__commit              0000000180112a38     MSVCRTD:MSVCR90D.dll
 0005:00000a40       __imp__read                0000000180112a40     MSVCRTD:MSVCR90D.dll
 0005:00000a48       __imp__locking             0000000180112a48     MSVCRTD:MSVCR90D.dll
 0005:00000a50       __imp__tell                0000000180112a50     MSVCRTD:MSVCR90D.dll
 0005:00000a58       __imp__lseek               0000000180112a58     MSVCRTD:MSVCR90D.dll
 0005:00000a60       __imp_memmove_s            0000000180112a60     MSVCRTD:MSVCR90D.dll
 0005:00000a68       __imp_abs                  0000000180112a68     MSVCRTD:MSVCR90D.dll
 0005:00000a70       __imp_fabs                 0000000180112a70     MSVCRTD:MSVCR90D.dll
 0005:00000a78       __imp___C_specific_handler 0000000180112a78     MSVCRTD:MSVCR90D.dll
 0005:00000a80       __imp__unlock              0000000180112a80     MSVCRTD:MSVCR90D.dll
 0005:00000a88       __imp___dllonexit          0000000180112a88     MSVCRTD:MSVCR90D.dll
 0005:00000a90       __imp__encode_pointer      0000000180112a90     MSVCRTD:MSVCR90D.dll
 0005:00000a98       __imp__lock                0000000180112a98     MSVCRTD:MSVCR90D.dll
 0005:00000aa0       __imp__onexit              0000000180112aa0     MSVCRTD:MSVCR90D.dll
 0005:00000aa8       __imp__decode_pointer      0000000180112aa8     MSVCRTD:MSVCR90D.dll
 0005:00000ab0       __imp__malloc_dbg          0000000180112ab0     MSVCRTD:MSVCR90D.dll
 0005:00000ab8       __imp__free_dbg            0000000180112ab8     MSVCRTD:MSVCR90D.dll
 0005:00000ac0       __imp__encoded_null        0000000180112ac0     MSVCRTD:MSVCR90D.dll
 0005:00000ac8       __imp__CrtSetCheckCount    0000000180112ac8     MSVCRTD:MSVCR90D.dll
 0005:00000ad0       __imp__initterm            0000000180112ad0     MSVCRTD:MSVCR90D.dll
 0005:00000ad8       __imp__initterm_e          0000000180112ad8     MSVCRTD:MSVCR90D.dll
 0005:00000ae0       __imp__amsg_exit           0000000180112ae0     MSVCRTD:MSVCR90D.dll
 0005:00000ae8       __imp___CppXcptFilter      0000000180112ae8     MSVCRTD:MSVCR90D.dll
 0005:00000af0       __imp___crt_debugger_hook  0000000180112af0     MSVCRTD:MSVCR90D.dll
 0005:00000af8       __imp_?terminate@@YAXXZ    0000000180112af8     MSVCRTD:MSVCR90D.dll
 0005:00000b00       \177MSVCR90D_NULL_THUNK_DATA 0000000180112b00     MSVCRTD:MSVCR90D.dll
 0005:00000bc0       __imp_?mcp3208ad2vol@@YANI@Z 0000000180112bc0     libBusDriver:libBusDriver.dll
 0005:00000bc8       __imp_??0viMemIO@@QEAA@XZ  0000000180112bc8     libBusDriver:libBusDriver.dll
 0005:00000bd0       __imp_?Release@viMemIO@@QEAAHXZ 0000000180112bd0     libBusDriver:libBusDriver.dll
 0005:00000bd8       __imp_?Alloc@viMemIO@@QEAAHI@Z 0000000180112bd8     libBusDriver:libBusDriver.dll
 0005:00000be0       __imp_?round@@YANNH@Z      0000000180112be0     libBusDriver:libBusDriver.dll
 0005:00000be8       __imp_?dBc2ad@@YA_J_JN@Z   0000000180112be8     libBusDriver:libBusDriver.dll
 0005:00000bf0       __imp_?ad2dBc@@YANNN@Z     0000000180112bf0     libBusDriver:libBusDriver.dll
 0005:00000bf8       __imp_?adf5355para2reg2@@YAIII@Z 0000000180112bf8     libBusDriver:libBusDriver.dll
 0005:00000c00       __imp_?adf5355para2reg1@@YAII@Z 0000000180112c00     libBusDriver:libBusDriver.dll
 0005:00000c08       __imp_?adf5355para2reg0@@YAIIII@Z 0000000180112c08     libBusDriver:libBusDriver.dll
 0005:00000c10       __imp_?tc1407vol2temp@@YANN@Z 0000000180112c10     libBusDriver:libBusDriver.dll
 0005:00000c18       __imp_?adf5355_freq_formula@@YAH_KI_N1IIAEAI2222@Z 0000000180112c18     libBusDriver:libBusDriver.dll
 0005:00000c20       \177libBusDriver_NULL_THUNK_DATA 0000000180112c20     libBusDriver:libBusDriver.dll
 0005:00000c88       __imp_?SetLastError@CLog@@QEAAXPEBDZZ 0000000180112c88     libLog:libLog.dll
 0005:00000c90       __imp_?GetLastError@CLog@@QEAAPEADXZ 0000000180112c90     libLog:libLog.dll
 0005:00000c98       __imp_?Instance@CLog@@SAAEAV1@XZ 0000000180112c98     libLog:libLog.dll
 0005:00000ca0       __imp_?SetLastError@CLog@@QEAAXHPEBDZZ 0000000180112ca0     libLog:libLog.dll
 0005:00000ca8       \177libLog_NULL_THUNK_DATA 0000000180112ca8     libLog:libLog.dll
 0005:00000d00       __imp_fftw_execute         0000000180112d00     libfftw3-3:libfftw3-3.dll
 0005:00000d08       __imp_fftw_plan_dft_1d     0000000180112d08     libfftw3-3:libfftw3-3.dll
 0005:00000d10       __imp_fftw_malloc          0000000180112d10     libfftw3-3:libfftw3-3.dll
 0005:00000d18       __imp_fftw_free            0000000180112d18     libfftw3-3:libfftw3-3.dll
 0005:00000d20       __imp_fftw_destroy_plan    0000000180112d20     libfftw3-3:libfftw3-3.dll
 0005:00000d28       \177libfftw3-3_NULL_THUNK_DATA 0000000180112d28     libfftw3-3:libfftw3-3.dll
 0005:00000d88       __imp_pthread_mutex_lock   0000000180112d88     pthreadVC2:pthreadVC2.dll
 0005:00000d90       __imp_pthread_mutex_unlock 0000000180112d90     pthreadVC2:pthreadVC2.dll
 0005:00000d98       \177pthreadVC2_NULL_THUNK_DATA 0000000180112d98     pthreadVC2:pthreadVC2.dll

 entry point at        0001:000c0dd0

