 libLog

 Timestamp is 59ddf809 (Wed Oct 11 18:52:57 2017)

 Preferred load address is 0000000180000000

 Start         Length     Name                   Class
 0001:00000000 00014ed6H .text                   CODE
 0001:00014ee0 00002903H .text$x                 CODE
 0001:000177f0 00001629H .text$yc                CODE
 0001:00018e20 00001042H .text$yd                CODE
 0002:00000000 00000109H .CRT$XCA                DATA
 0002:00000110 0000011cH .CRT$XCC                DATA
 0002:00000230 00000203H .CRT$XCL                DATA
 0002:00000438 0000012dH .CRT$XCU                DATA
 0002:00000568 00000109H .CRT$XCZ                DATA
 0002:00000678 00000109H .CRT$XIA                DATA
 0002:00000788 00000109H .CRT$XIAA               DATA
 0002:00000898 00000109H .CRT$XIZ                DATA
 0002:000009b0 000031b5H .rdata                  DATA
 0002:00003b68 00000144H .rdata$debug            DATA
 0002:00003cb0 000004c4H .rdata$r                DATA
 0002:00004178 00000109H .rtc$IAA                DATA
 0002:00004288 00000109H .rtc$IZZ                DATA
 0002:00004398 00000109H .rtc$TAA                DATA
 0002:000044a8 00000109H .rtc$TZZ                DATA
 0002:000045b4 00002908H .xdata                  DATA
 0002:00006ec0 0000029cH .xdata$x                DATA
 0002:00007160 00000109H ATL$__a                 DATA
 0002:00007270 00000109H ATL$__z                 DATA
 0002:00007380 0000088fH .edata                  DATA
 0003:00000000 000002fbH .data                   DATA
 0003:00000300 000007d1H .bss                    DATA
 0004:00000000 000019b0H .pdata                  DATA
 0005:00000000 000000a0H .idata$2                DATA
 0005:000000a0 00000014H .idata$3                DATA
 0005:000000b8 000006f0H .idata$4                DATA
 0005:000007a8 000006f0H .idata$5                DATA
 0005:00000e98 00000b82H .idata$6                DATA
 0006:00000000 00000109H LogShareData            DATA

  Address         Publics by Value              Rva+Base               Lib:Object

 0000:00000000       ___safe_se_handler_table   0000000000000000     <absolute>
 0000:00000000       ___safe_se_handler_count   0000000000000000     <absolute>
 0000:00000000       __ImageBase                0000000180000000     <linker-defined>
 0001:00000c30       ?_AfxInitManaged@@YAHXZ    0000000180001c30 f i Log.obj
 0001:00000c40       ??0MsgLog@@QEAA@XZ         0000000180001c40 f   Log.obj
 0001:00000ca0       ??0RegLog@@QEAA@XZ         0000000180001ca0 f   Log.obj
 0001:00000d40       ??0CLog@@QEAA@XZ           0000000180001d40 f   Log.obj
 0001:00000e10       ??1CLog@@QEAA@XZ           0000000180001e10 f   Log.obj
 0001:00001020       ?Instance@CLog@@SAPEAV1@XZ 0000000180002020 f   Log.obj
 0001:00001030       ?Init@CLog@@QEAAXXZ        0000000180002030 f   Log.obj
 0001:000011f0       ?Init@CLog@@QEAAXPEAV?$vector@UMsgLog@@V?$allocator@UMsgLog@@@std@@@std@@PEAV?$vector@URegLog@@V?$allocator@URegLog@@@std@@@3@@Z 00000001800021f0 f   Log.obj
 0001:00001230       ?Init@CLog@@QEAAXPEAUHWND__@@@Z 0000000180002230 f   Log.obj
 0001:00001320       ?Init@CLog@@QEAAXV?$vector@PEAUHWND__@@V?$allocator@PEAUHWND__@@@std@@@std@@@Z 0000000180002320 f   Log.obj
 0001:00001540       ?Init@CLog@@QEAAXPEAUHWND__@@PEAV?$vector@UMsgLog@@V?$allocator@UMsgLog@@@std@@@std@@PEAV?$vector@URegLog@@V?$allocator@URegLog@@@std@@@4@@Z 0000000180002540 f   Log.obj
 0001:00001650       ?Init@CLog@@QEAAXV?$vector@PEAUHWND__@@V?$allocator@PEAUHWND__@@@std@@@std@@PEAV?$vector@UMsgLog@@V?$allocator@UMsgLog@@@std@@@3@PEAV?$vector@URegLog@@V?$allocator@URegLog@@@std@@@3@@Z 0000000180002650 f   Log.obj
 0001:00001880       ?GetMsgLog@CLog@@QEAAPEAV?$vector@UMsgLog@@V?$allocator@UMsgLog@@@std@@@std@@XZ 0000000180002880 f   Log.obj
 0001:000018a0       ?GetRegLog@CLog@@QEAAPEAV?$vector@URegLog@@V?$allocator@URegLog@@@std@@@std@@XZ 00000001800028a0 f   Log.obj
 0001:000018c0       ?Set@CLog@@QEAAX_K@Z       00000001800028c0 f   Log.obj
 0001:000018f0       ?Get@CLog@@QEAA_KXZ        00000001800028f0 f   Log.obj
 0001:00001910       ?IsEnabled@CLog@@QEAA_NW4LogSw@@@Z 0000000180002910 f   Log.obj
 0001:000019a0       ?SetEnable@CLog@@QEAAXW4LogSw@@_N@Z 00000001800029a0 f   Log.obj
 0001:00001a10       ?SetDefault@CLog@@QEAAXXZ  0000000180002a10 f   Log.obj
 0001:00001a30       ?GetTimeStamp@CLog@@UEAANXZ 0000000180002a30 f   Log.obj
 0001:00001a80       ?stdprintf@CLog@@UEAAXPEBDZZ 0000000180002a80 f   Log.obj
 0001:00001be0       ?printf@CLog@@UEAAXPEBDZZ  0000000180002be0 f   Log.obj
 0001:00001c90       ?trace@CLog@@UEAAXPEBDZZ   0000000180002c90 f   Log.obj
 0001:00001d70       ?AddMsgList@CLog@@UEAAHPEBDZZ 0000000180002d70 f   Log.obj
 0001:000020f0       ?AddMsgList@CLog@@UEAAHHPEBDZZ 00000001800030f0 f   Log.obj
 0001:00002440       ?AddRegList@CLog@@UEAAHHPEADHII@Z 0000000180003440 f   Log.obj
 0001:00002850       ?SetLastError@CLog@@QEAAXPEBDZZ 0000000180003850 f   Log.obj
 0001:000028e0       ?SetLastError@CLog@@QEAAXHPEBDZZ 00000001800038e0 f   Log.obj
 0001:00002970       ?GetLastError@CLog@@QEAAPEADXZ 0000000180003970 f   Log.obj
 0001:000030d0       ??_G?$vector@PEAUHWND__@@V?$allocator@PEAUHWND__@@@std@@@std@@QEAAPEAXI@Z 00000001800040d0 f i Log.obj
 0001:00003120       ??_G?$vector@UMsgLog@@V?$allocator@UMsgLog@@@std@@@std@@QEAAPEAXI@Z 0000000180004120 f i Log.obj
 0001:00003170       ??_G?$vector@URegLog@@V?$allocator@URegLog@@@std@@@std@@QEAAPEAXI@Z 0000000180004170 f i Log.obj
 0001:000031c0       ??1?$_Vector_iterator@PEAUHWND__@@V?$allocator@PEAUHWND__@@@std@@@std@@QEAA@XZ 00000001800041c0 f i Log.obj
 0001:000031e0       ??4?$_Vector_iterator@PEAUHWND__@@V?$allocator@PEAUHWND__@@@std@@@std@@QEAAAEAV01@AEBV01@@Z 00000001800041e0 f i Log.obj
 0001:00003210       ??1?$_Vector_const_iterator@PEAUHWND__@@V?$allocator@PEAUHWND__@@@std@@@std@@QEAA@XZ 0000000180004210 f i Log.obj
 0001:00003230       ??4?$_Vector_const_iterator@PEAUHWND__@@V?$allocator@PEAUHWND__@@@std@@@std@@QEAAAEAV01@AEBV01@@Z 0000000180004230 f i Log.obj
 0001:00003280       ??1?$_Ranit@PEAUHWND__@@_JPEBQEAU1@AEBQEAU1@@std@@QEAA@XZ 0000000180004280 f i Log.obj
 0001:000032a0       ??4?$_Ranit@PEAUHWND__@@_JPEBQEAU1@AEBQEAU1@@std@@QEAAAEAU01@AEBU01@@Z 00000001800042a0 f i Log.obj
 0001:000032d0       ??1?$_Iterator_with_base@Urandom_access_iterator_tag@std@@PEAUHWND__@@_JPEBQEAU3@AEBQEAU3@V_Iterator_base@2@@std@@QEAA@XZ 00000001800042d0 f i Log.obj
 0001:000032f0       ??1_Iterator_base@std@@QEAA@XZ 00000001800042f0 f i Log.obj
 0001:00003340       ?_Orphan_me@_Iterator_base@std@@QEAAXXZ 0000000180004340 f i Log.obj
 0001:00003410       ??4?$_Iterator_with_base@Urandom_access_iterator_tag@std@@PEAUHWND__@@_JPEBQEAU3@AEBQEAU3@V_Iterator_base@2@@std@@QEAAAEAU01@AEBU01@@Z 0000000180004410 f i Log.obj
 0001:00003440       ??4_Iterator_base@std@@QEAAAEAV01@AEBV01@@Z 0000000180004440 f i Log.obj
 0001:000034d0       ?_Adopt@_Iterator_base@std@@QEAAXPEBV_Container_base_secure@2@@Z 00000001800044d0 f i Log.obj
 0001:00003590       ??0CTraceFileAndLineInfo@ATL@@QEAA@PEBDH@Z 0000000180004590 f i Log.obj
 0001:000035d0       ??RCTraceFileAndLineInfo@ATL@@QEBAXPEBDZZ 00000001800045d0 f i Log.obj
 0001:00003670       ?TraceV@CTrace@ATL@@QEBAXPEBDH_KI0PEAD@Z 0000000180004670 f i Log.obj
 0001:000036e0       ??BCTraceCategory@ATL@@QEBA_KXZ 00000001800046e0 f i Log.obj
 0001:00003700       ??0?$vector@PEAUHWND__@@V?$allocator@PEAUHWND__@@@std@@@std@@QEAA@XZ 0000000180004700 f i Log.obj
 0001:00003760       ??1?$vector@PEAUHWND__@@V?$allocator@PEAUHWND__@@@std@@@std@@QEAA@XZ 0000000180004760 f i Log.obj
 0001:000037a0       ?begin@?$vector@PEAUHWND__@@V?$allocator@PEAUHWND__@@@std@@@std@@QEAA?AV?$_Vector_iterator@PEAUHWND__@@V?$allocator@PEAUHWND__@@@std@@@2@XZ 00000001800047a0 f i Log.obj
 0001:00003800       ?end@?$vector@PEAUHWND__@@V?$allocator@PEAUHWND__@@@std@@@std@@QEAA?AV?$_Vector_iterator@PEAUHWND__@@V?$allocator@PEAUHWND__@@@std@@@2@XZ 0000000180004800 f i Log.obj
 0001:00003860       ?push_back@?$vector@PEAUHWND__@@V?$allocator@PEAUHWND__@@@std@@@std@@QEAAXAEBQEAUHWND__@@@Z 0000000180004860 f i Log.obj
 0001:000039d0       ?clear@?$vector@PEAUHWND__@@V?$allocator@PEAUHWND__@@@std@@@std@@QEAAXXZ 00000001800049d0 f i Log.obj
 0001:00003b30       ??0?$vector@UMsgLog@@V?$allocator@UMsgLog@@@std@@@std@@QEAA@XZ 0000000180004b30 f i Log.obj
 0001:00003b90       ??1?$vector@UMsgLog@@V?$allocator@UMsgLog@@@std@@@std@@QEAA@XZ 0000000180004b90 f i Log.obj
 0001:00003bd0       ?push_back@?$vector@UMsgLog@@V?$allocator@UMsgLog@@@std@@@std@@QEAAXAEBUMsgLog@@@Z 0000000180004bd0 f i Log.obj
 0001:00003d40       ?clear@?$vector@UMsgLog@@V?$allocator@UMsgLog@@@std@@@std@@QEAAXXZ 0000000180004d40 f i Log.obj
 0001:00003ea0       ??0?$vector@URegLog@@V?$allocator@URegLog@@@std@@@std@@QEAA@XZ 0000000180004ea0 f i Log.obj
 0001:00003f00       ??1?$vector@URegLog@@V?$allocator@URegLog@@@std@@@std@@QEAA@XZ 0000000180004f00 f i Log.obj
 0001:00003f40       ?push_back@?$vector@URegLog@@V?$allocator@URegLog@@@std@@@std@@QEAAXAEBURegLog@@@Z 0000000180004f40 f i Log.obj
 0001:000040b0       ?clear@?$vector@URegLog@@V?$allocator@URegLog@@@std@@@std@@QEAAXXZ 00000001800050b0 f i Log.obj
 0001:00004210       ??0?$_Vector_iterator@PEAUHWND__@@V?$allocator@PEAUHWND__@@@std@@@std@@QEAA@XZ 0000000180005210 f i Log.obj
 0001:00004240       ??D?$_Vector_iterator@PEAUHWND__@@V?$allocator@PEAUHWND__@@@std@@@std@@QEBAAEAPEAUHWND__@@XZ 0000000180005240 f i Log.obj
 0001:00004260       ??E?$_Vector_iterator@PEAUHWND__@@V?$allocator@PEAUHWND__@@@std@@@std@@QEAA?AV01@H@Z 0000000180005260 f i Log.obj
 0001:000042f0       ??9?$_Vector_const_iterator@PEAUHWND__@@V?$allocator@PEAUHWND__@@@std@@@std@@QEBA_NAEBV01@@Z 00000001800052f0 f i Log.obj
 0001:00004340       ??1?$_Vector_val@PEAUHWND__@@V?$allocator@PEAUHWND__@@@std@@@std@@QEAA@XZ 0000000180005340 f i Log.obj
 0001:00004360       ??0?$_Vector_const_iterator@PEAUHWND__@@V?$allocator@PEAUHWND__@@@std@@@std@@QEAA@AEBV01@@Z 0000000180005360 f i Log.obj
 0001:000043b0       ??1?$_Vector_val@UMsgLog@@V?$allocator@UMsgLog@@@std@@@std@@QEAA@XZ 00000001800053b0 f i Log.obj
 0001:000043d0       ??1?$_Vector_iterator@UMsgLog@@V?$allocator@UMsgLog@@@std@@@std@@QEAA@XZ 00000001800053d0 f i Log.obj
 0001:000043f0       ??0?$_Vector_const_iterator@UMsgLog@@V?$allocator@UMsgLog@@@std@@@std@@QEAA@AEBV01@@Z 00000001800053f0 f i Log.obj
 0001:00004440       ??1?$_Vector_const_iterator@UMsgLog@@V?$allocator@UMsgLog@@@std@@@std@@QEAA@XZ 0000000180005440 f i Log.obj
 0001:00004460       ??1?$_Vector_val@URegLog@@V?$allocator@URegLog@@@std@@@std@@QEAA@XZ 0000000180005460 f i Log.obj
 0001:00004480       ??1?$_Vector_iterator@URegLog@@V?$allocator@URegLog@@@std@@@std@@QEAA@XZ 0000000180005480 f i Log.obj
 0001:000044a0       ??0?$_Vector_const_iterator@URegLog@@V?$allocator@URegLog@@@std@@@std@@QEAA@AEBV01@@Z 00000001800054a0 f i Log.obj
 0001:000044f0       ??1?$_Vector_const_iterator@URegLog@@V?$allocator@URegLog@@@std@@@std@@QEAA@XZ 00000001800054f0 f i Log.obj
 0001:00004510       ??0?$_Vector_iterator@PEAUHWND__@@V?$allocator@PEAUHWND__@@@std@@@std@@QEAA@AEBV01@@Z 0000000180005510 f i Log.obj
 0001:00004540       ??0?$_Ranit@PEAUHWND__@@_JPEBQEAU1@AEBQEAU1@@std@@QEAA@AEBU01@@Z 0000000180005540 f i Log.obj
 0001:00004570       ??0?$_Ranit@UMsgLog@@_JPEBU1@AEBU1@@std@@QEAA@AEBU01@@Z 0000000180005570 f i Log.obj
 0001:000045a0       ??1?$_Ranit@UMsgLog@@_JPEBU1@AEBU1@@std@@QEAA@XZ 00000001800055a0 f i Log.obj
 0001:000045c0       ??0?$_Ranit@URegLog@@_JPEBU1@AEBU1@@std@@QEAA@AEBU01@@Z 00000001800055c0 f i Log.obj
 0001:000045f0       ??1?$_Ranit@URegLog@@_JPEBU1@AEBU1@@std@@QEAA@XZ 00000001800055f0 f i Log.obj
 0001:00004610       ??0?$_Iterator_with_base@Urandom_access_iterator_tag@std@@PEAUHWND__@@_JPEBQEAU3@AEBQEAU3@V_Iterator_base@2@@std@@QEAA@AEBU01@@Z 0000000180005610 f i Log.obj
 0001:00004640       ??0_Iterator_base@std@@QEAA@AEBV01@@Z 0000000180005640 f i Log.obj
 0001:00004690       ??0?$_Iterator_with_base@Urandom_access_iterator_tag@std@@UMsgLog@@_JPEBU3@AEBU3@V_Iterator_base@2@@std@@QEAA@AEBU01@@Z 0000000180005690 f i Log.obj
 0001:000046c0       ??1?$_Iterator_with_base@Urandom_access_iterator_tag@std@@UMsgLog@@_JPEBU3@AEBU3@V_Iterator_base@2@@std@@QEAA@XZ 00000001800056c0 f i Log.obj
 0001:000046e0       ??0?$_Iterator_with_base@Urandom_access_iterator_tag@std@@URegLog@@_JPEBU3@AEBU3@V_Iterator_base@2@@std@@QEAA@AEBU01@@Z 00000001800056e0 f i Log.obj
 0001:00004710       ??1?$_Iterator_with_base@Urandom_access_iterator_tag@std@@URegLog@@_JPEBU3@AEBU3@V_Iterator_base@2@@std@@QEAA@XZ 0000000180005710 f i Log.obj
 0001:00004730       ?capacity@?$vector@PEAUHWND__@@V?$allocator@PEAUHWND__@@@std@@@std@@QEBA_KXZ 0000000180005730 f i Log.obj
 0001:00004790       ?size@?$vector@PEAUHWND__@@V?$allocator@PEAUHWND__@@@std@@@std@@QEBA_KXZ 0000000180005790 f i Log.obj
 0001:000047c0       ?insert@?$vector@PEAUHWND__@@V?$allocator@PEAUHWND__@@@std@@@std@@QEAA?AV?$_Vector_iterator@PEAUHWND__@@V?$allocator@PEAUHWND__@@@std@@@2@V?$_Vector_const_iterator@PEAUHWND__@@V?$allocator@PEAUHWND__@@@std@@@2@AEBQEAUHWND__@@@Z 00000001800057c0 f i Log.obj
 0001:000049b0       ?erase@?$vector@PEAUHWND__@@V?$allocator@PEAUHWND__@@@std@@@std@@QEAA?AV?$_Vector_iterator@PEAUHWND__@@V?$allocator@PEAUHWND__@@@std@@@2@V?$_Vector_const_iterator@PEAUHWND__@@V?$allocator@PEAUHWND__@@@std@@@2@0@Z 00000001800059b0 f i Log.obj
 0001:00004c50       ?_Buy@?$vector@PEAUHWND__@@V?$allocator@PEAUHWND__@@@std@@@std@@IEAA_N_K@Z 0000000180005c50 f i Log.obj
 0001:00004d30       ?_Tidy@?$vector@PEAUHWND__@@V?$allocator@PEAUHWND__@@@std@@@std@@IEAAXXZ 0000000180005d30 f i Log.obj
 0001:00004df0       ?_Ufill@?$vector@PEAUHWND__@@V?$allocator@PEAUHWND__@@@std@@@std@@IEAAPEAPEAUHWND__@@PEAPEAU3@_KAEBQEAU3@@Z 0000000180005df0 f i Log.obj
 0001:00004e50       ?_Orphan_range@?$vector@PEAUHWND__@@V?$allocator@PEAUHWND__@@@std@@@std@@IEBAXPEAPEAUHWND__@@0@Z 0000000180005e50 f i Log.obj
 0001:00004f20       ??0?$_Vector_val@PEAUHWND__@@V?$allocator@PEAUHWND__@@@std@@@std@@IEAA@V?$allocator@PEAUHWND__@@@1@@Z 0000000180005f20 f i Log.obj
 0001:00004f90       ??1?$_Container_base_aux_alloc_empty@V?$allocator@PEAUHWND__@@@std@@@std@@IEAA@XZ 0000000180005f90 f i Log.obj
 0001:00004fb0       ??0?$allocator@PEAUHWND__@@@std@@QEAA@XZ 0000000180005fb0 f i Log.obj
 0001:00004fc0       ?capacity@?$vector@UMsgLog@@V?$allocator@UMsgLog@@@std@@@std@@QEBA_KXZ 0000000180005fc0 f i Log.obj
 0001:00005020       ?begin@?$vector@UMsgLog@@V?$allocator@UMsgLog@@@std@@@std@@QEAA?AV?$_Vector_iterator@UMsgLog@@V?$allocator@UMsgLog@@@std@@@2@XZ 0000000180006020 f i Log.obj
 0001:00005080       ?end@?$vector@UMsgLog@@V?$allocator@UMsgLog@@@std@@@std@@QEAA?AV?$_Vector_iterator@UMsgLog@@V?$allocator@UMsgLog@@@std@@@2@XZ 0000000180006080 f i Log.obj
 0001:000050e0       ?size@?$vector@UMsgLog@@V?$allocator@UMsgLog@@@std@@@std@@QEBA_KXZ 00000001800060e0 f i Log.obj
 0001:00005110       ?insert@?$vector@UMsgLog@@V?$allocator@UMsgLog@@@std@@@std@@QEAA?AV?$_Vector_iterator@UMsgLog@@V?$allocator@UMsgLog@@@std@@@2@V?$_Vector_const_iterator@UMsgLog@@V?$allocator@UMsgLog@@@std@@@2@AEBUMsgLog@@@Z 0000000180006110 f i Log.obj
 0001:00005300       ?erase@?$vector@UMsgLog@@V?$allocator@UMsgLog@@@std@@@std@@QEAA?AV?$_Vector_iterator@UMsgLog@@V?$allocator@UMsgLog@@@std@@@2@V?$_Vector_const_iterator@UMsgLog@@V?$allocator@UMsgLog@@@std@@@2@0@Z 0000000180006300 f i Log.obj
 0001:000055a0       ?_Buy@?$vector@UMsgLog@@V?$allocator@UMsgLog@@@std@@@std@@IEAA_N_K@Z 00000001800065a0 f i Log.obj
 0001:00005680       ?_Tidy@?$vector@UMsgLog@@V?$allocator@UMsgLog@@@std@@@std@@IEAAXXZ 0000000180006680 f i Log.obj
 0001:00005750       ?_Ufill@?$vector@UMsgLog@@V?$allocator@UMsgLog@@@std@@@std@@IEAAPEAUMsgLog@@PEAU3@_KAEBU3@@Z 0000000180006750 f i Log.obj
 0001:000057b0       ?_Orphan_range@?$vector@UMsgLog@@V?$allocator@UMsgLog@@@std@@@std@@IEBAXPEAUMsgLog@@0@Z 00000001800067b0 f i Log.obj
 0001:00005880       ??0?$_Vector_val@UMsgLog@@V?$allocator@UMsgLog@@@std@@@std@@IEAA@V?$allocator@UMsgLog@@@1@@Z 0000000180006880 f i Log.obj
 0001:000058f0       ??1?$_Container_base_aux_alloc_empty@V?$allocator@UMsgLog@@@std@@@std@@IEAA@XZ 00000001800068f0 f i Log.obj
 0001:00005910       ??0?$allocator@UMsgLog@@@std@@QEAA@XZ 0000000180006910 f i Log.obj
 0001:00005920       ?capacity@?$vector@URegLog@@V?$allocator@URegLog@@@std@@@std@@QEBA_KXZ 0000000180006920 f i Log.obj
 0001:00005980       ?begin@?$vector@URegLog@@V?$allocator@URegLog@@@std@@@std@@QEAA?AV?$_Vector_iterator@URegLog@@V?$allocator@URegLog@@@std@@@2@XZ 0000000180006980 f i Log.obj
 0001:000059e0       ?end@?$vector@URegLog@@V?$allocator@URegLog@@@std@@@std@@QEAA?AV?$_Vector_iterator@URegLog@@V?$allocator@URegLog@@@std@@@2@XZ 00000001800069e0 f i Log.obj
 0001:00005a40       ?size@?$vector@URegLog@@V?$allocator@URegLog@@@std@@@std@@QEBA_KXZ 0000000180006a40 f i Log.obj
 0001:00005a70       ?insert@?$vector@URegLog@@V?$allocator@URegLog@@@std@@@std@@QEAA?AV?$_Vector_iterator@URegLog@@V?$allocator@URegLog@@@std@@@2@V?$_Vector_const_iterator@URegLog@@V?$allocator@URegLog@@@std@@@2@AEBURegLog@@@Z 0000000180006a70 f i Log.obj
 0001:00005c60       ?erase@?$vector@URegLog@@V?$allocator@URegLog@@@std@@@std@@QEAA?AV?$_Vector_iterator@URegLog@@V?$allocator@URegLog@@@std@@@2@V?$_Vector_const_iterator@URegLog@@V?$allocator@URegLog@@@std@@@2@0@Z 0000000180006c60 f i Log.obj
 0001:00005f00       ?_Buy@?$vector@URegLog@@V?$allocator@URegLog@@@std@@@std@@IEAA_N_K@Z 0000000180006f00 f i Log.obj
 0001:00005fe0       ?_Tidy@?$vector@URegLog@@V?$allocator@URegLog@@@std@@@std@@IEAAXXZ 0000000180006fe0 f i Log.obj
 0001:000060a0       ?_Ufill@?$vector@URegLog@@V?$allocator@URegLog@@@std@@@std@@IEAAPEAURegLog@@PEAU3@_KAEBU3@@Z 00000001800070a0 f i Log.obj
 0001:00006100       ?_Orphan_range@?$vector@URegLog@@V?$allocator@URegLog@@@std@@@std@@IEBAXPEAURegLog@@0@Z 0000000180007100 f i Log.obj
 0001:000061d0       ??0?$_Vector_val@URegLog@@V?$allocator@URegLog@@@std@@@std@@IEAA@V?$allocator@URegLog@@@1@@Z 00000001800071d0 f i Log.obj
 0001:00006240       ??1?$_Container_base_aux_alloc_empty@V?$allocator@URegLog@@@std@@@std@@IEAA@XZ 0000000180007240 f i Log.obj
 0001:00006260       ??0?$allocator@URegLog@@@std@@QEAA@XZ 0000000180007260 f i Log.obj
 0001:00006270       ??0?$_Vector_iterator@PEAUHWND__@@V?$allocator@PEAUHWND__@@@std@@@std@@QEAA@PEAPEAUHWND__@@PEBV_Container_base_secure@1@@Z 0000000180007270 f i Log.obj
 0001:000062b0       ??E?$_Vector_iterator@PEAUHWND__@@V?$allocator@PEAUHWND__@@@std@@@std@@QEAAAEAV01@XZ 00000001800072b0 f i Log.obj
 0001:000062e0       ??0?$_Vector_const_iterator@PEAUHWND__@@V?$allocator@PEAUHWND__@@@std@@@std@@QEAA@XZ 00000001800072e0 f i Log.obj
 0001:00006320       ??D?$_Vector_const_iterator@PEAUHWND__@@V?$allocator@PEAUHWND__@@@std@@@std@@QEBAAEBQEAUHWND__@@XZ 0000000180007320 f i Log.obj
 0001:00006420       ??8?$_Vector_const_iterator@PEAUHWND__@@V?$allocator@PEAUHWND__@@@std@@@std@@QEBA_NAEBV01@@Z 0000000180007420 f i Log.obj
 0001:00006480       ??0?$_Ranit@PEAUHWND__@@_JPEBQEAU1@AEBQEAU1@@std@@QEAA@XZ 0000000180007480 f i Log.obj
 0001:000064b0       ??0?$_Iterator_with_base@Urandom_access_iterator_tag@std@@PEAUHWND__@@_JPEBQEAU3@AEBQEAU3@V_Iterator_base@2@@std@@QEAA@XZ 00000001800074b0 f i Log.obj
 0001:000064e0       ??0_Iterator_base@std@@QEAA@XZ 00000001800074e0 f i Log.obj
 0001:00006510       ?_Make_iter@?$vector@PEAUHWND__@@V?$allocator@PEAUHWND__@@@std@@@std@@QEBA?AV?$_Vector_iterator@PEAUHWND__@@V?$allocator@PEAUHWND__@@@std@@@2@V?$_Vector_const_iterator@PEAUHWND__@@V?$allocator@PEAUHWND__@@@std@@@2@@Z 0000000180007510 f i Log.obj
 0001:00006590       ?max_size@?$vector@PEAUHWND__@@V?$allocator@PEAUHWND__@@@std@@@std@@QEBA_KXZ 0000000180007590 f i Log.obj
 0001:000065c0       ?_Destroy@?$vector@PEAUHWND__@@V?$allocator@PEAUHWND__@@@std@@@std@@IEAAXPEAPEAUHWND__@@0@Z 00000001800075c0 f i Log.obj
 0001:00006600       ?_Insert_n@?$vector@PEAUHWND__@@V?$allocator@PEAUHWND__@@@std@@@std@@IEAAXV?$_Vector_const_iterator@PEAUHWND__@@V?$allocator@PEAUHWND__@@@std@@@2@_KAEBQEAUHWND__@@@Z 0000000180007600 f i Log.obj
 0001:00006d10       ?_Xlen@?$vector@PEAUHWND__@@V?$allocator@PEAUHWND__@@@std@@@std@@KAXXZ 0000000180007d10 f i Log.obj
 0001:00006d90       ??0length_error@std@@QEAA@AEBV?$basic_string@DU?$char_traits@D@std@@V?$allocator@D@2@@1@@Z 0000000180007d90 f i Log.obj
 0001:00006de0       ??0logic_error@std@@QEAA@AEBV?$basic_string@DU?$char_traits@D@std@@V?$allocator@D@2@@1@@Z 0000000180007de0 f i Log.obj
 0001:00006e50       ?what@logic_error@std@@UEBAPEBDXZ 0000000180007e50 f i Log.obj
 0001:00006e80       ??_Elogic_error@std@@UEAAPEAXI@Z 0000000180007e80 f i Log.obj
 0001:00006e80       ??_Glogic_error@std@@UEAAPEAXI@Z 0000000180007e80 f i Log.obj
 0001:00006ed0       ??1logic_error@std@@UEAA@XZ 0000000180007ed0 f i Log.obj
 0001:00006f20       ??1length_error@std@@UEAA@XZ 0000000180007f20 f i Log.obj
 0001:00006f50       ??_Elength_error@std@@UEAAPEAXI@Z 0000000180007f50 f i Log.obj
 0001:00006f50       ??_Glength_error@std@@UEAAPEAXI@Z 0000000180007f50 f i Log.obj
 0001:00006fa0       ??0?$_Container_base_aux_alloc_empty@V?$allocator@PEAUHWND__@@@std@@@std@@IEAA@V?$allocator@PEAUHWND__@@@1@@Z 0000000180007fa0 f i Log.obj
 0001:00006fd0       ??0?$allocator@PEAUHWND__@@@std@@QEAA@AEBV01@@Z 0000000180007fd0 f i Log.obj
 0001:00006ff0       ?deallocate@?$allocator@PEAUHWND__@@@std@@QEAAXPEAPEAUHWND__@@_K@Z 0000000180007ff0 f i Log.obj
 0001:00007020       ?allocate@?$allocator@PEAUHWND__@@@std@@QEAAPEAPEAUHWND__@@_K@Z 0000000180008020 f i Log.obj
 0001:00007050       ?_Make_iter@?$vector@UMsgLog@@V?$allocator@UMsgLog@@@std@@@std@@QEBA?AV?$_Vector_iterator@UMsgLog@@V?$allocator@UMsgLog@@@std@@@2@V?$_Vector_const_iterator@UMsgLog@@V?$allocator@UMsgLog@@@std@@@2@@Z 0000000180008050 f i Log.obj
 0001:000070d0       ?max_size@?$vector@UMsgLog@@V?$allocator@UMsgLog@@@std@@@std@@QEBA_KXZ 00000001800080d0 f i Log.obj
 0001:00007100       ?_Destroy@?$vector@UMsgLog@@V?$allocator@UMsgLog@@@std@@@std@@IEAAXPEAUMsgLog@@0@Z 0000000180008100 f i Log.obj
 0001:00007140       ?_Insert_n@?$vector@UMsgLog@@V?$allocator@UMsgLog@@@std@@@std@@IEAAXV?$_Vector_const_iterator@UMsgLog@@V?$allocator@UMsgLog@@@std@@@2@_KAEBUMsgLog@@@Z 0000000180008140 f i Log.obj
 0001:00007920       ?_Xlen@?$vector@UMsgLog@@V?$allocator@UMsgLog@@@std@@@std@@KAXXZ 0000000180008920 f i Log.obj
 0001:000079a0       ??0?$_Container_base_aux_alloc_empty@V?$allocator@UMsgLog@@@std@@@std@@IEAA@V?$allocator@UMsgLog@@@1@@Z 00000001800089a0 f i Log.obj
 0001:000079d0       ??0?$allocator@UMsgLog@@@std@@QEAA@AEBV01@@Z 00000001800089d0 f i Log.obj
 0001:000079f0       ?deallocate@?$allocator@UMsgLog@@@std@@QEAAXPEAUMsgLog@@_K@Z 00000001800089f0 f i Log.obj
 0001:00007a20       ?allocate@?$allocator@UMsgLog@@@std@@QEAAPEAUMsgLog@@_K@Z 0000000180008a20 f i Log.obj
 0001:00007a50       ?_Make_iter@?$vector@URegLog@@V?$allocator@URegLog@@@std@@@std@@QEBA?AV?$_Vector_iterator@URegLog@@V?$allocator@URegLog@@@std@@@2@V?$_Vector_const_iterator@URegLog@@V?$allocator@URegLog@@@std@@@2@@Z 0000000180008a50 f i Log.obj
 0001:00007ad0       ?max_size@?$vector@URegLog@@V?$allocator@URegLog@@@std@@@std@@QEBA_KXZ 0000000180008ad0 f i Log.obj
 0001:00007b00       ?_Destroy@?$vector@URegLog@@V?$allocator@URegLog@@@std@@@std@@IEAAXPEAURegLog@@0@Z 0000000180008b00 f i Log.obj
 0001:00007b40       ?_Insert_n@?$vector@URegLog@@V?$allocator@URegLog@@@std@@@std@@IEAAXV?$_Vector_const_iterator@URegLog@@V?$allocator@URegLog@@@std@@@2@_KAEBURegLog@@@Z 0000000180008b40 f i Log.obj
 0001:00008300       ?_Xlen@?$vector@URegLog@@V?$allocator@URegLog@@@std@@@std@@KAXXZ 0000000180009300 f i Log.obj
 0001:00008380       ??0?$_Container_base_aux_alloc_empty@V?$allocator@URegLog@@@std@@@std@@IEAA@V?$allocator@URegLog@@@1@@Z 0000000180009380 f i Log.obj
 0001:000083b0       ??0?$allocator@URegLog@@@std@@QEAA@AEBV01@@Z 00000001800093b0 f i Log.obj
 0001:000083d0       ?deallocate@?$allocator@URegLog@@@std@@QEAAXPEAURegLog@@_K@Z 00000001800093d0 f i Log.obj
 0001:00008400       ?allocate@?$allocator@URegLog@@@std@@QEAAPEAURegLog@@_K@Z 0000000180009400 f i Log.obj
 0001:00008430       ??H?$_Vector_iterator@PEAUHWND__@@V?$allocator@PEAUHWND__@@@std@@@std@@QEBA?AV01@_J@Z 0000000180009430 f i Log.obj
 0001:000084c0       ??0?$_Vector_const_iterator@PEAUHWND__@@V?$allocator@PEAUHWND__@@@std@@@std@@QEAA@PEAPEAUHWND__@@PEBV_Container_base_secure@1@@Z 00000001800094c0 f i Log.obj
 0001:000085d0       ??E?$_Vector_const_iterator@PEAUHWND__@@V?$allocator@PEAUHWND__@@@std@@@std@@QEAAAEAV01@XZ 00000001800095d0 f i Log.obj
 0001:00008770       ?_Getmycont@_Iterator_base@std@@QEBAPEBV_Container_base_secure@2@XZ 0000000180009770 f i Log.obj
 0001:00008790       ?_Has_container@_Iterator_base@std@@QEBA_NXZ 0000000180009790 f i Log.obj
 0001:000087d0       ??G?$_Vector_const_iterator@PEAUHWND__@@V?$allocator@PEAUHWND__@@@std@@@std@@QEBA_JAEBV01@@Z 00000001800097d0 f i Log.obj
 0001:00008820       ??M?$_Vector_const_iterator@PEAUHWND__@@V?$allocator@PEAUHWND__@@@std@@@std@@QEBA_NAEBV01@@Z 0000000180009820 f i Log.obj
 0001:00008880       ?_Compat@?$_Vector_const_iterator@PEAUHWND__@@V?$allocator@PEAUHWND__@@@std@@@std@@QEBAXAEBV12@@Z 0000000180009880 f i Log.obj
 0001:00008960       ??0?$_Vector_iterator@UMsgLog@@V?$allocator@UMsgLog@@@std@@@std@@QEAA@PEAUMsgLog@@PEBV_Container_base_secure@1@@Z 0000000180009960 f i Log.obj
 0001:000089a0       ??H?$_Vector_iterator@UMsgLog@@V?$allocator@UMsgLog@@@std@@@std@@QEBA?AV01@_J@Z 00000001800099a0 f i Log.obj
 0001:00008a30       ??G?$_Vector_const_iterator@UMsgLog@@V?$allocator@UMsgLog@@@std@@@std@@QEBA_JAEBV01@@Z 0000000180009a30 f i Log.obj
 0001:00008a90       ??9?$_Vector_const_iterator@UMsgLog@@V?$allocator@UMsgLog@@@std@@@std@@QEBA_NAEBV01@@Z 0000000180009a90 f i Log.obj
 0001:00008ae0       ??M?$_Vector_const_iterator@UMsgLog@@V?$allocator@UMsgLog@@@std@@@std@@QEBA_NAEBV01@@Z 0000000180009ae0 f i Log.obj
 0001:00008b40       ??0?$_Vector_iterator@URegLog@@V?$allocator@URegLog@@@std@@@std@@QEAA@PEAURegLog@@PEBV_Container_base_secure@1@@Z 0000000180009b40 f i Log.obj
 0001:00008b80       ??H?$_Vector_iterator@URegLog@@V?$allocator@URegLog@@@std@@@std@@QEBA?AV01@_J@Z 0000000180009b80 f i Log.obj
 0001:00008c10       ??G?$_Vector_const_iterator@URegLog@@V?$allocator@URegLog@@@std@@@std@@QEBA_JAEBV01@@Z 0000000180009c10 f i Log.obj
 0001:00008c60       ??9?$_Vector_const_iterator@URegLog@@V?$allocator@URegLog@@@std@@@std@@QEBA_NAEBV01@@Z 0000000180009c60 f i Log.obj
 0001:00008cb0       ??M?$_Vector_const_iterator@URegLog@@V?$allocator@URegLog@@@std@@@std@@QEBA_NAEBV01@@Z 0000000180009cb0 f i Log.obj
 0001:00008d10       ??0length_error@std@@QEAA@AEBV01@@Z 0000000180009d10 f i Log.obj
 0001:00008d60       ??0logic_error@std@@QEAA@AEBV01@@Z 0000000180009d60 f i Log.obj
 0001:00008dd0       ??0?$_Vector_iterator@UMsgLog@@V?$allocator@UMsgLog@@@std@@@std@@QEAA@AEBV01@@Z 0000000180009dd0 f i Log.obj
 0001:00008e00       ??0?$_Vector_iterator@URegLog@@V?$allocator@URegLog@@@std@@@std@@QEAA@AEBV01@@Z 0000000180009e00 f i Log.obj
 0001:00008e30       ?max_size@?$allocator@PEAUHWND__@@@std@@QEBA_KXZ 0000000180009e30 f i Log.obj
 0001:00008e80       ?max_size@?$allocator@UMsgLog@@@std@@QEBA_KXZ 0000000180009e80 f i Log.obj
 0001:00008ed0       ?max_size@?$allocator@URegLog@@@std@@QEBA_KXZ 0000000180009ed0 f i Log.obj
 0001:00008f20       ??Y?$_Vector_iterator@PEAUHWND__@@V?$allocator@PEAUHWND__@@@std@@@std@@QEAAAEAV01@_J@Z 0000000180009f20 f i Log.obj
 0001:00008f50       ??Y?$_Vector_iterator@UMsgLog@@V?$allocator@UMsgLog@@@std@@@std@@QEAAAEAV01@_J@Z 0000000180009f50 f i Log.obj
 0001:00008f80       ??0?$_Vector_const_iterator@UMsgLog@@V?$allocator@UMsgLog@@@std@@@std@@QEAA@PEAUMsgLog@@PEBV_Container_base_secure@1@@Z 0000000180009f80 f i Log.obj
 0001:00009090       ??8?$_Vector_const_iterator@UMsgLog@@V?$allocator@UMsgLog@@@std@@@std@@QEBA_NAEBV01@@Z 000000018000a090 f i Log.obj
 0001:000090f0       ?_Compat@?$_Vector_const_iterator@UMsgLog@@V?$allocator@UMsgLog@@@std@@@std@@QEBAXAEBV12@@Z 000000018000a0f0 f i Log.obj
 0001:000091d0       ??Y?$_Vector_iterator@URegLog@@V?$allocator@URegLog@@@std@@@std@@QEAAAEAV01@_J@Z 000000018000a1d0 f i Log.obj
 0001:00009200       ??0?$_Vector_const_iterator@URegLog@@V?$allocator@URegLog@@@std@@@std@@QEAA@PEAURegLog@@PEBV_Container_base_secure@1@@Z 000000018000a200 f i Log.obj
 0001:00009310       ??8?$_Vector_const_iterator@URegLog@@V?$allocator@URegLog@@@std@@@std@@QEBA_NAEBV01@@Z 000000018000a310 f i Log.obj
 0001:00009370       ?_Compat@?$_Vector_const_iterator@URegLog@@V?$allocator@URegLog@@@std@@@std@@QEBAXAEBV12@@Z 000000018000a370 f i Log.obj
 0001:00009450       ??0?$_Ranit@UMsgLog@@_JPEBU1@AEBU1@@std@@QEAA@XZ 000000018000a450 f i Log.obj
 0001:00009480       ??0?$_Ranit@URegLog@@_JPEBU1@AEBU1@@std@@QEAA@XZ 000000018000a480 f i Log.obj
 0001:000094b0       ??0?$_Iterator_with_base@Urandom_access_iterator_tag@std@@UMsgLog@@_JPEBU3@AEBU3@V_Iterator_base@2@@std@@QEAA@XZ 000000018000a4b0 f i Log.obj
 0001:000094e0       ??0?$_Iterator_with_base@Urandom_access_iterator_tag@std@@URegLog@@_JPEBU3@AEBU3@V_Iterator_base@2@@std@@QEAA@XZ 000000018000a4e0 f i Log.obj
 0001:00009510       ??Y?$_Vector_const_iterator@PEAUHWND__@@V?$allocator@PEAUHWND__@@@std@@@std@@QEAAAEAV01@_J@Z 000000018000a510 f i Log.obj
 0001:000096b0       ??Y?$_Vector_const_iterator@UMsgLog@@V?$allocator@UMsgLog@@@std@@@std@@QEAAAEAV01@_J@Z 000000018000a6b0 f i Log.obj
 0001:00009850       ??Y?$_Vector_const_iterator@URegLog@@V?$allocator@URegLog@@@std@@@std@@QEAAAEAV01@_J@Z 000000018000a850 f i Log.obj
 0001:000099f0       ??$unchecked_copy@PEAPEAUHWND__@@PEAPEAU1@@stdext@@YAPEAPEAUHWND__@@PEAPEAU1@00@Z 000000018000a9f0 f i Log.obj
 0001:00009ab0       ??$unchecked_uninitialized_fill_n@PEAPEAUHWND__@@_KPEAU1@V?$allocator@PEAUHWND__@@@std@@@stdext@@YAXPEAPEAUHWND__@@_KAEBQEAU1@AEAV?$allocator@PEAUHWND__@@@std@@@Z 000000018000aab0 f i Log.obj
 0001:00009b40       ??$unchecked_copy@PEAUMsgLog@@PEAU1@@stdext@@YAPEAUMsgLog@@PEAU1@00@Z 000000018000ab40 f i Log.obj
 0001:00009c00       ??$unchecked_uninitialized_fill_n@PEAUMsgLog@@_KU1@V?$allocator@UMsgLog@@@std@@@stdext@@YAXPEAUMsgLog@@_KAEBU1@AEAV?$allocator@UMsgLog@@@std@@@Z 000000018000ac00 f i Log.obj
 0001:00009c90       ??$unchecked_copy@PEAURegLog@@PEAU1@@stdext@@YAPEAURegLog@@PEAU1@00@Z 000000018000ac90 f i Log.obj
 0001:00009d50       ??$unchecked_uninitialized_fill_n@PEAURegLog@@_KU1@V?$allocator@URegLog@@@std@@@stdext@@YAXPEAURegLog@@_KAEBU1@AEAV?$allocator@URegLog@@@std@@@Z 000000018000ad50 f i Log.obj
 0001:00009de0       ??$_Destroy_range@V?$allocator@PEAUHWND__@@@std@@@std@@YAXPEAPEAUHWND__@@0AEAV?$allocator@PEAUHWND__@@@0@@Z 000000018000ade0 f i Log.obj
 0001:00009e40       ??$_Umove@PEAPEAUHWND__@@@?$vector@PEAUHWND__@@V?$allocator@PEAUHWND__@@@std@@@std@@IEAAPEAPEAUHWND__@@PEAPEAU2@00@Z 000000018000ae40 f i Log.obj
 0001:00009e90       ??$fill@PEAPEAUHWND__@@PEAU1@@std@@YAXPEAPEAUHWND__@@0AEBQEAU1@@Z 000000018000ae90 f i Log.obj
 0001:00009ef0       ??$_Unchecked_move_backward@PEAPEAUHWND__@@PEAPEAU1@@stdext@@YAPEAPEAUHWND__@@PEAPEAU1@00@Z 000000018000aef0 f i Log.obj
 0001:00009fa0       ??$_Allocate@PEAUHWND__@@@std@@YAPEAPEAUHWND__@@_KPEAPEAU1@@Z 000000018000afa0 f i Log.obj
 0001:0000a020       ??0bad_alloc@std@@QEAA@PEBD@Z 000000018000b020 f i Log.obj
 0001:0000a070       ??1bad_alloc@std@@UEAA@XZ  000000018000b070 f i Log.obj
 0001:0000a0b0       ??_Gbad_alloc@std@@UEAAPEAXI@Z 000000018000b0b0 f i Log.obj
 0001:0000a0b0       ??_Ebad_alloc@std@@UEAAPEAXI@Z 000000018000b0b0 f i Log.obj
 0001:0000a100       ??$_Destroy_range@V?$allocator@UMsgLog@@@std@@@std@@YAXPEAUMsgLog@@0AEAV?$allocator@UMsgLog@@@0@@Z 000000018000b100 f i Log.obj
 0001:0000a160       ??$_Umove@PEAUMsgLog@@@?$vector@UMsgLog@@V?$allocator@UMsgLog@@@std@@@std@@IEAAPEAUMsgLog@@PEAU2@00@Z 000000018000b160 f i Log.obj
 0001:0000a1b0       ??$fill@PEAUMsgLog@@U1@@std@@YAXPEAUMsgLog@@0AEBU1@@Z 000000018000b1b0 f i Log.obj
 0001:0000a210       ??$_Unchecked_move_backward@PEAUMsgLog@@PEAU1@@stdext@@YAPEAUMsgLog@@PEAU1@00@Z 000000018000b210 f i Log.obj
 0001:0000a2c0       ??$_Allocate@UMsgLog@@@std@@YAPEAUMsgLog@@_KPEAU1@@Z 000000018000b2c0 f i Log.obj
 0001:0000a340       ??$_Destroy_range@V?$allocator@URegLog@@@std@@@std@@YAXPEAURegLog@@0AEAV?$allocator@URegLog@@@0@@Z 000000018000b340 f i Log.obj
 0001:0000a3a0       ??$_Umove@PEAURegLog@@@?$vector@URegLog@@V?$allocator@URegLog@@@std@@@std@@IEAAPEAURegLog@@PEAU2@00@Z 000000018000b3a0 f i Log.obj
 0001:0000a3f0       ??$fill@PEAURegLog@@U1@@std@@YAXPEAURegLog@@0AEBU1@@Z 000000018000b3f0 f i Log.obj
 0001:0000a450       ??$_Unchecked_move_backward@PEAURegLog@@PEAU1@@stdext@@YAPEAURegLog@@PEAU1@00@Z 000000018000b450 f i Log.obj
 0001:0000a500       ??$_Allocate@URegLog@@@std@@YAPEAURegLog@@_KPEAU1@@Z 000000018000b500 f i Log.obj
 0001:0000a580       ??0bad_alloc@std@@QEAA@AEBV01@@Z 000000018000b580 f i Log.obj
 0001:0000a5d0       ??$_Checked_base@PEAPEAUHWND__@@@std@@YAPEAPEAUHWND__@@AEAPEAPEAU1@@Z 000000018000b5d0 f i Log.obj
 0001:0000a600       ??$_Iter_random@PEAPEAUHWND__@@PEAPEAU1@@std@@YA?AUrandom_access_iterator_tag@0@AEBQEAPEAUHWND__@@0@Z 000000018000b600 f i Log.obj
 0001:0000a630       ??$_Ptr_cat@PEAPEAUHWND__@@PEAPEAU1@@std@@YA?AU_Scalar_ptr_iterator_tag@0@AEAPEAPEAUHWND__@@0@Z 000000018000b630 f i Log.obj
 0001:0000a650       ??$_Copy_opt@PEAPEAUHWND__@@PEAPEAU1@Urandom_access_iterator_tag@std@@@std@@YAPEAPEAUHWND__@@PEAPEAU1@00Urandom_access_iterator_tag@0@U_Scalar_ptr_iterator_tag@0@U_Range_checked_iterator_tag@0@@Z 000000018000b650 f i Log.obj
 0001:0000a740       ??$_Uninit_fill_n@PEAPEAUHWND__@@_KPEAU1@V?$allocator@PEAUHWND__@@@std@@@std@@YAXPEAPEAUHWND__@@_KAEBQEAU1@AEAV?$allocator@PEAUHWND__@@@0@U_Scalar_ptr_iterator_tag@0@U_Range_checked_iterator_tag@0@@Z 000000018000b740 f i Log.obj
 0001:0000a780       ??$_Checked_base@PEAUMsgLog@@@std@@YAPEAUMsgLog@@AEAPEAU1@@Z 000000018000b780 f i Log.obj
 0001:0000a7b0       ??$_Iter_random@PEAUMsgLog@@PEAU1@@std@@YA?AUrandom_access_iterator_tag@0@AEBQEAUMsgLog@@0@Z 000000018000b7b0 f i Log.obj
 0001:0000a7e0       ??$_Ptr_cat@PEAUMsgLog@@PEAU1@@std@@YA?AU_Nonscalar_ptr_iterator_tag@0@AEAPEAUMsgLog@@0@Z 000000018000b7e0 f i Log.obj
 0001:0000a800       ??$_Copy_opt@PEAUMsgLog@@PEAU1@@std@@YAPEAUMsgLog@@PEAU1@00Urandom_access_iterator_tag@0@U_Nonscalar_ptr_iterator_tag@0@U_Range_checked_iterator_tag@0@@Z 000000018000b800 f i Log.obj
 0001:0000a8d0       ??$_Uninit_fill_n@PEAUMsgLog@@_KU1@V?$allocator@UMsgLog@@@std@@@std@@YAXPEAUMsgLog@@_KAEBU1@AEAV?$allocator@UMsgLog@@@0@U_Nonscalar_ptr_iterator_tag@0@U_Range_checked_iterator_tag@0@@Z 000000018000b8d0 f i Log.obj
 0001:0000a960       ??$_Checked_base@PEAURegLog@@@std@@YAPEAURegLog@@AEAPEAU1@@Z 000000018000b960 f i Log.obj
 0001:0000a990       ??$_Iter_random@PEAURegLog@@PEAU1@@std@@YA?AUrandom_access_iterator_tag@0@AEBQEAURegLog@@0@Z 000000018000b990 f i Log.obj
 0001:0000a9c0       ??$_Ptr_cat@PEAURegLog@@PEAU1@@std@@YA?AU_Nonscalar_ptr_iterator_tag@0@AEAPEAURegLog@@0@Z 000000018000b9c0 f i Log.obj
 0001:0000a9e0       ??$_Copy_opt@PEAURegLog@@PEAU1@@std@@YAPEAURegLog@@PEAU1@00Urandom_access_iterator_tag@0@U_Nonscalar_ptr_iterator_tag@0@U_Range_checked_iterator_tag@0@@Z 000000018000b9e0 f i Log.obj
 0001:0000aaa0       ??$_Uninit_fill_n@PEAURegLog@@_KU1@V?$allocator@URegLog@@@std@@@std@@YAXPEAURegLog@@_KAEBU1@AEAV?$allocator@URegLog@@@0@U_Nonscalar_ptr_iterator_tag@0@U_Range_checked_iterator_tag@0@@Z 000000018000baa0 f i Log.obj
 0001:0000ab30       ??$_Destroy_range@V?$allocator@PEAUHWND__@@@std@@@std@@YAXPEAPEAUHWND__@@0AEAV?$allocator@PEAUHWND__@@@0@U_Scalar_ptr_iterator_tag@0@@Z 000000018000bb30 f i Log.obj
 0001:0000ab50       ??$_Unchecked_uninitialized_move@PEAPEAUHWND__@@PEAPEAU1@V?$allocator@PEAUHWND__@@@std@@@stdext@@YAPEAPEAUHWND__@@PEAPEAU1@00AEAV?$allocator@PEAUHWND__@@@std@@@Z 000000018000bb50 f i Log.obj
 0001:0000abf0       ??$_Fill@PEAPEAUHWND__@@PEAU1@@std@@YAXPEAPEAUHWND__@@0AEBQEAU1@@Z 000000018000bbf0 f i Log.obj
 0001:0000ac70       ??$_Move_cat@PEAPEAUHWND__@@@std@@YA?AU_Undefined_move_tag@0@AEBQEAPEAUHWND__@@@Z 000000018000bc70 f i Log.obj
 0001:0000ac90       ??$_Move_backward_opt@PEAPEAUHWND__@@PEAPEAU1@Urandom_access_iterator_tag@std@@U_Undefined_move_tag@3@@std@@YAPEAPEAUHWND__@@PEAPEAU1@00Urandom_access_iterator_tag@0@U_Undefined_move_tag@0@U_Range_checked_iterator_tag@0@@Z 000000018000bc90 f i Log.obj
 0001:0000ad20       ??$_Destroy_range@V?$allocator@UMsgLog@@@std@@@std@@YAXPEAUMsgLog@@0AEAV?$allocator@UMsgLog@@@0@U_Nonscalar_ptr_iterator_tag@0@@Z 000000018000bd20 f i Log.obj
 0001:0000ad80       ??$_Unchecked_uninitialized_move@PEAUMsgLog@@PEAU1@V?$allocator@UMsgLog@@@std@@@stdext@@YAPEAUMsgLog@@PEAU1@00AEAV?$allocator@UMsgLog@@@std@@@Z 000000018000bd80 f i Log.obj
 0001:0000ae20       ??$_Fill@PEAUMsgLog@@U1@@std@@YAXPEAUMsgLog@@0AEBU1@@Z 000000018000be20 f i Log.obj
 0001:0000aee0       ??$_Move_cat@PEAUMsgLog@@@std@@YA?AU_Undefined_move_tag@0@AEBQEAUMsgLog@@@Z 000000018000bee0 f i Log.obj
 0001:0000af00       ??$_Move_backward_opt@PEAUMsgLog@@PEAU1@Urandom_access_iterator_tag@std@@U_Undefined_move_tag@3@@std@@YAPEAUMsgLog@@PEAU1@00Urandom_access_iterator_tag@0@U_Undefined_move_tag@0@U_Range_checked_iterator_tag@0@@Z 000000018000bf00 f i Log.obj
 0001:0000af90       ??$_Destroy_range@V?$allocator@URegLog@@@std@@@std@@YAXPEAURegLog@@0AEAV?$allocator@URegLog@@@0@U_Nonscalar_ptr_iterator_tag@0@@Z 000000018000bf90 f i Log.obj
 0001:0000aff0       ??$_Unchecked_uninitialized_move@PEAURegLog@@PEAU1@V?$allocator@URegLog@@@std@@@stdext@@YAPEAURegLog@@PEAU1@00AEAV?$allocator@URegLog@@@std@@@Z 000000018000bff0 f i Log.obj
 0001:0000b090       ??$_Fill@PEAURegLog@@U1@@std@@YAXPEAURegLog@@0AEBU1@@Z 000000018000c090 f i Log.obj
 0001:0000b150       ??$_Move_cat@PEAURegLog@@@std@@YA?AU_Undefined_move_tag@0@AEBQEAURegLog@@@Z 000000018000c150 f i Log.obj
 0001:0000b170       ??$_Move_backward_opt@PEAURegLog@@PEAU1@Urandom_access_iterator_tag@std@@U_Undefined_move_tag@3@@std@@YAPEAURegLog@@PEAU1@00Urandom_access_iterator_tag@0@U_Undefined_move_tag@0@U_Range_checked_iterator_tag@0@@Z 000000018000c170 f i Log.obj
 0001:0000b200       ?construct@?$allocator@UMsgLog@@@std@@QEAAXPEAUMsgLog@@AEBU3@@Z 000000018000c200 f i Log.obj
 0001:0000b230       ?destroy@?$allocator@UMsgLog@@@std@@QEAAXPEAUMsgLog@@@Z 000000018000c230 f i Log.obj
 0001:0000b260       ?construct@?$allocator@URegLog@@@std@@QEAAXPEAURegLog@@AEBU3@@Z 000000018000c260 f i Log.obj
 0001:0000b290       ?destroy@?$allocator@URegLog@@@std@@QEAAXPEAURegLog@@@Z 000000018000c290 f i Log.obj
 0001:0000b2c0       ??$_Checked_base@PEAPEAUHWND__@@@std@@YAPEAPEAUHWND__@@AEAPEAPEAU1@U_Unchanged_checked_iterator_base_type_tag@0@@Z 000000018000c2c0 f i Log.obj
 0001:0000b2e0       ??$_Debug_range@PEAPEAUHWND__@@@std@@YAXPEAPEAUHWND__@@0PEB_WI@Z 000000018000c2e0 f i Log.obj
 0001:0000b340       ??$_Debug_pointer@PEAUHWND__@@@std@@YAXPEAPEAUHWND__@@PEB_WI@Z 000000018000c340 f i Log.obj
 0001:0000b390       ??$unchecked_fill_n@PEAPEAUHWND__@@_KPEAU1@@stdext@@YAXPEAPEAUHWND__@@_KAEBQEAU1@@Z 000000018000c390 f i Log.obj
 0001:0000b410       ??$_Checked_base@PEAUMsgLog@@@std@@YAPEAUMsgLog@@AEAPEAU1@U_Unchanged_checked_iterator_base_type_tag@0@@Z 000000018000c410 f i Log.obj
 0001:0000b430       ??$_Copy_opt@PEAUMsgLog@@PEAU1@Uforward_iterator_tag@std@@@std@@YAPEAUMsgLog@@PEAU1@00Uforward_iterator_tag@0@U_Nonscalar_ptr_iterator_tag@0@U_Range_checked_iterator_tag@0@@Z 000000018000c430 f i Log.obj
 0001:0000b520       ??$_Checked_base@PEAURegLog@@@std@@YAPEAURegLog@@AEAPEAU1@U_Unchanged_checked_iterator_base_type_tag@0@@Z 000000018000c520 f i Log.obj
 0001:0000b540       ??$_Copy_opt@PEAURegLog@@PEAU1@Uforward_iterator_tag@std@@@std@@YAPEAURegLog@@PEAU1@00Uforward_iterator_tag@0@U_Nonscalar_ptr_iterator_tag@0@U_Range_checked_iterator_tag@0@@Z 000000018000c540 f i Log.obj
 0001:0000b620       ??$_Uninit_move@PEAPEAUHWND__@@PEAPEAU1@V?$allocator@PEAUHWND__@@@std@@U_Undefined_move_tag@3@@std@@YAPEAPEAUHWND__@@PEAPEAU1@00AEAV?$allocator@PEAUHWND__@@@0@U_Undefined_move_tag@0@U_Range_checked_iterator_tag@0@@Z 000000018000c620 f i Log.obj
 0001:0000b670       ??$_Copy_backward_opt@PEAPEAUHWND__@@PEAPEAU1@Urandom_access_iterator_tag@std@@@std@@YAPEAPEAUHWND__@@PEAPEAU1@00Urandom_access_iterator_tag@0@U_Scalar_ptr_iterator_tag@0@U_Range_checked_iterator_tag@0@@Z 000000018000c670 f i Log.obj
 0001:0000b760       ??$_Uninit_move@PEAUMsgLog@@PEAU1@V?$allocator@UMsgLog@@@std@@U_Undefined_move_tag@3@@std@@YAPEAUMsgLog@@PEAU1@00AEAV?$allocator@UMsgLog@@@0@U_Undefined_move_tag@0@U_Range_checked_iterator_tag@0@@Z 000000018000c760 f i Log.obj
 0001:0000b7b0       ??$_Debug_range@PEAUMsgLog@@@std@@YAXPEAUMsgLog@@0PEB_WI@Z 000000018000c7b0 f i Log.obj
 0001:0000b810       ??$_Copy_backward_opt@PEAUMsgLog@@PEAU1@@std@@YAPEAUMsgLog@@PEAU1@00Urandom_access_iterator_tag@0@U_Nonscalar_ptr_iterator_tag@0@U_Range_checked_iterator_tag@0@@Z 000000018000c810 f i Log.obj
 0001:0000b8e0       ??$_Uninit_move@PEAURegLog@@PEAU1@V?$allocator@URegLog@@@std@@U_Undefined_move_tag@3@@std@@YAPEAURegLog@@PEAU1@00AEAV?$allocator@URegLog@@@0@U_Undefined_move_tag@0@U_Range_checked_iterator_tag@0@@Z 000000018000c8e0 f i Log.obj
 0001:0000b930       ??$_Debug_range@PEAURegLog@@@std@@YAXPEAURegLog@@0PEB_WI@Z 000000018000c930 f i Log.obj
 0001:0000b990       ??$_Copy_backward_opt@PEAURegLog@@PEAU1@@std@@YAPEAURegLog@@PEAU1@00Urandom_access_iterator_tag@0@U_Nonscalar_ptr_iterator_tag@0@U_Range_checked_iterator_tag@0@@Z 000000018000c990 f i Log.obj
 0001:0000ba50       ??$_Construct@UMsgLog@@U1@@std@@YAXPEAUMsgLog@@AEBU1@@Z 000000018000ca50 f i Log.obj
 0001:0000bb00       ??2@YAPEAX_KPEAX@Z         000000018000cb00 f i Log.obj
 0001:0000bb20       ??$_Destroy@UMsgLog@@@std@@YAXPEAUMsgLog@@@Z 000000018000cb20 f i Log.obj
 0001:0000bb30       ??$_Construct@URegLog@@U1@@std@@YAXPEAURegLog@@AEBU1@@Z 000000018000cb30 f i Log.obj
 0001:0000bbd0       ??$_Destroy@URegLog@@@std@@YAXPEAURegLog@@@Z 000000018000cbd0 f i Log.obj
 0001:0000bbe0       ??$_Iter_cat@PEAPEAUHWND__@@@std@@YA?AUrandom_access_iterator_tag@0@AEBQEAPEAUHWND__@@@Z 000000018000cbe0 f i Log.obj
 0001:0000bc00       ??$_Debug_range2@PEAPEAUHWND__@@@std@@YAXPEAPEAUHWND__@@0PEB_WIUrandom_access_iterator_tag@0@@Z 000000018000cc00 f i Log.obj
 0001:0000bca0       ??$_Fill_n@PEAPEAUHWND__@@_KPEAU1@@std@@YAXPEAPEAUHWND__@@_KAEBQEAU1@Urandom_access_iterator_tag@0@U_Range_checked_iterator_tag@0@@Z 000000018000cca0 f i Log.obj
 0001:0000bd20       ??$unchecked_uninitialized_copy@PEAPEAUHWND__@@PEAPEAU1@V?$allocator@PEAUHWND__@@@std@@@stdext@@YAPEAPEAUHWND__@@PEAPEAU1@00AEAV?$allocator@PEAUHWND__@@@std@@@Z 000000018000cd20 f i Log.obj
 0001:0000bdc0       ??$unchecked_uninitialized_copy@PEAUMsgLog@@PEAU1@V?$allocator@UMsgLog@@@std@@@stdext@@YAPEAUMsgLog@@PEAU1@00AEAV?$allocator@UMsgLog@@@std@@@Z 000000018000cdc0 f i Log.obj
 0001:0000be60       ??$_Iter_cat@PEAUMsgLog@@@std@@YA?AUrandom_access_iterator_tag@0@AEBQEAUMsgLog@@@Z 000000018000ce60 f i Log.obj
 0001:0000be80       ??$_Debug_range2@PEAUMsgLog@@@std@@YAXPEAUMsgLog@@0PEB_WIUrandom_access_iterator_tag@0@@Z 000000018000ce80 f i Log.obj
 0001:0000bf20       ??$_Copy_backward_opt@PEAUMsgLog@@PEAU1@Uforward_iterator_tag@std@@@std@@YAPEAUMsgLog@@PEAU1@00Uforward_iterator_tag@0@U_Nonscalar_ptr_iterator_tag@0@U_Range_checked_iterator_tag@0@@Z 000000018000cf20 f i Log.obj
 0001:0000c010       ??$unchecked_uninitialized_copy@PEAURegLog@@PEAU1@V?$allocator@URegLog@@@std@@@stdext@@YAPEAURegLog@@PEAU1@00AEAV?$allocator@URegLog@@@std@@@Z 000000018000d010 f i Log.obj
 0001:0000c0b0       ??$_Iter_cat@PEAURegLog@@@std@@YA?AUrandom_access_iterator_tag@0@AEBQEAURegLog@@@Z 000000018000d0b0 f i Log.obj
 0001:0000c0d0       ??$_Debug_range2@PEAURegLog@@@std@@YAXPEAURegLog@@0PEB_WIUrandom_access_iterator_tag@0@@Z 000000018000d0d0 f i Log.obj
 0001:0000c170       ??$_Copy_backward_opt@PEAURegLog@@PEAU1@Uforward_iterator_tag@std@@@std@@YAPEAURegLog@@PEAU1@00Uforward_iterator_tag@0@U_Nonscalar_ptr_iterator_tag@0@U_Range_checked_iterator_tag@0@@Z 000000018000d170 f i Log.obj
 0001:0000c250       ??$_Fill_n@PEAPEAUHWND__@@_KPEAU1@@std@@YAXPEAPEAUHWND__@@_KAEBQEAU1@U_Range_checked_iterator_tag@0@@Z 000000018000d250 f i Log.obj
 0001:0000c2c0       ??$_Uninit_copy@PEAPEAUHWND__@@PEAPEAU1@V?$allocator@PEAUHWND__@@@std@@@std@@YAPEAPEAUHWND__@@PEAPEAU1@00AEAV?$allocator@PEAUHWND__@@@0@U_Scalar_ptr_iterator_tag@0@U_Range_checked_iterator_tag@0@@Z 000000018000d2c0 f i Log.obj
 0001:0000c3a0       ??$_Uninit_copy@PEAUMsgLog@@PEAU1@V?$allocator@UMsgLog@@@std@@@std@@YAPEAUMsgLog@@PEAU1@00AEAV?$allocator@UMsgLog@@@0@U_Nonscalar_ptr_iterator_tag@0@U_Range_checked_iterator_tag@0@@Z 000000018000d3a0 f i Log.obj
 0001:0000c480       ??$_Debug_pointer@UMsgLog@@@std@@YAXPEAUMsgLog@@PEB_WI@Z 000000018000d480 f i Log.obj
 0001:0000c4d0       ??$_Uninit_copy@PEAURegLog@@PEAU1@V?$allocator@URegLog@@@std@@@std@@YAPEAURegLog@@PEAU1@00AEAV?$allocator@URegLog@@@0@U_Nonscalar_ptr_iterator_tag@0@U_Range_checked_iterator_tag@0@@Z 000000018000d4d0 f i Log.obj
 0001:0000c5b0       ??$_Debug_pointer@URegLog@@@std@@YAXPEAURegLog@@PEB_WI@Z 000000018000d5b0 f i Log.obj
 0001:0000c600       ??0Thank_you@Define_the_symbol__ATL_MIXED@@QEAA@XZ 000000018000d600 f i Log.obj
 0001:0000c620       ?one@Thank_you@Define_the_symbol__ATL_MIXED@@UEAAXXZ 000000018000d620 f i Log.obj
 0001:0000c626       ??1_Lockit@std@@QEAA@XZ    000000018000d626 f   msvcprtd:MSVCP90D.dll
 0001:0000c62c       ??0_Lockit@std@@QEAA@H@Z   000000018000d62c f   msvcprtd:MSVCP90D.dll
 0001:0000c632       ?_Debug_message@std@@YAXPEB_W0I@Z 000000018000d632 f   msvcprtd:MSVCP90D.dll
 0001:0000c638       ?_Orphan_all@_Container_base_secure@std@@QEBAXXZ 000000018000d638 f   msvcprtd:MSVCP90D.dll
 0001:0000c63e       ??1_Container_base_secure@std@@QEAA@XZ 000000018000d63e f   msvcprtd:MSVCP90D.dll
 0001:0000c644       ??1?$basic_string@DU?$char_traits@D@std@@V?$allocator@D@2@@std@@QEAA@XZ 000000018000d644 f   msvcprtd:MSVCP90D.dll
 0001:0000c64a       ??0?$basic_string@DU?$char_traits@D@std@@V?$allocator@D@2@@std@@QEAA@PEBD@Z 000000018000d64a f   msvcprtd:MSVCP90D.dll
 0001:0000c650       ??0?$basic_string@DU?$char_traits@D@std@@V?$allocator@D@2@@std@@QEAA@AEBV01@@Z 000000018000d650 f   msvcprtd:MSVCP90D.dll
 0001:0000c656       ?c_str@?$basic_string@DU?$char_traits@D@std@@V?$allocator@D@2@@std@@QEBAPEBDXZ 000000018000d656 f   msvcprtd:MSVCP90D.dll
 0001:0000c65c       ??0_Container_base_secure@std@@QEAA@XZ 000000018000d65c f   msvcprtd:MSVCP90D.dll
 0001:0000c662       ??3@YAXPEAX@Z              000000018000d662 f   mfc90d:mfc90d.dll
 0001:0000c668       ??2@YAPEAX_K@Z             000000018000d668 f   mfc90d:mfc90d.dll
 0001:0000c670       ??_Estringdispid@CComTypeInfoHolder@ATL@@QEAAPEAXI@Z 000000018000d670 f i mfcs90d:nolib.obj
 0001:0000c700       ??1stringdispid@CComTypeInfoHolder@ATL@@QEAA@XZ 000000018000d700 f i mfcs90d:nolib.obj
 0001:0000c720       ??1CComBSTR@ATL@@QEAA@XZ   000000018000d720 f i mfcs90d:nolib.obj
 0001:0000c73c       memset                     000000018000d73c f   msvcrtd:MSVCR90D.dll
 0001:0000c742       fopen                      000000018000d742 f   msvcrtd:MSVCR90D.dll
 0001:0000c750       ??0type_info@@AEAA@AEBV0@@Z 000000018000d750 f   msvcrtd:ti_inst.obj
 0001:0000c770       ??_Etype_info@@UEAAPEAXI@Z 000000018000d770 f i msvcrtd:ti_inst.obj
 0001:0000c800       ??4type_info@@AEAAAEAV0@AEBV0@@Z 000000018000d800 f   msvcrtd:ti_inst.obj
 0001:0000c810       fclose                     000000018000d810 f   msvcrtd:MSVCR90D.dll
 0001:0000c816       __CxxFrameHandler3         000000018000d816 f   msvcrtd:MSVCR90D.dll
 0001:0000c820       __GSHandlerCheck           000000018000d820 f   msvcrtd:gshandler.obj
 0001:0000c860       __GSHandlerCheckCommon     000000018000d860 f   msvcrtd:gshandler.obj
 0001:0000c954       vsprintf                   000000018000d954 f   msvcrtd:MSVCR90D.dll
 0001:0000c95a       strlen                     000000018000d95a f   msvcrtd:MSVCR90D.dll
 0001:0000c960       sprintf                    000000018000d960 f   msvcrtd:MSVCR90D.dll
 0001:0000c980       __security_check_cookie    000000018000d980 f   msvcrtd:amdsecgs.obj
 0001:0000c9a0       __GSHandlerCheck_EH        000000018000d9a0 f   msvcrtd:gshandlereh.obj
 0001:0000ca48       fflush                     000000018000da48 f   msvcrtd:MSVCR90D.dll
 0001:0000ca4e       fprintf                    000000018000da4e f   msvcrtd:MSVCR90D.dll
 0001:0000ca54       _localtime64               000000018000da54 f   msvcrtd:MSVCR90D.dll
 0001:0000ca5a       _time64                    000000018000da5a f   msvcrtd:MSVCR90D.dll
 0001:0000ca60       strcpy                     000000018000da60 f   msvcrtd:MSVCR90D.dll
 0001:0000ca66       _invalid_parameter         000000018000da66 f   msvcrtd:MSVCR90D.dll
 0001:0000ca6c       _CrtDbgReportW             000000018000da6c f   msvcrtd:MSVCR90D.dll
 0001:0000ca72       _CxxThrowException         000000018000da72 f   msvcrtd:MSVCR90D.dll
 0001:0000ca78       ??0exception@std@@QEAA@AEBV01@@Z 000000018000da78 f   msvcrtd:MSVCR90D.dll
 0001:0000ca7e       ??1exception@std@@UEAA@XZ  000000018000da7e f   msvcrtd:MSVCR90D.dll
 0001:0000ca84       ??0exception@std@@QEAA@XZ  000000018000da84 f   msvcrtd:MSVCR90D.dll
 0001:0000ca8a       ??0exception@std@@QEAA@AEBQEBD@Z 000000018000da8a f   msvcrtd:MSVCR90D.dll
 0001:0000ca90       ?what@exception@std@@UEBAPEBDXZ 000000018000da90 f   msvcrtd:MSVCR90D.dll
 0001:0000ca96       memmove_s                  000000018000da96 f   msvcrtd:MSVCR90D.dll
 0001:0000cb30       _CRT_INIT                  000000018000db30 f   msvcrtd:crtdll.obj
 0001:0000cee0       NtCurrentTeb               000000018000dee0 f i msvcrtd:crtdll.obj
 0001:0000cef0       _DllMainCRTStartup         000000018000def0 f   msvcrtd:crtdll.obj
 0001:0000d0a2       ??_V@YAXPEAX@Z             000000018000e0a2 f   msvcrtd:MSVCR90D.dll
 0001:0000d0b0       ??_M@YAXPEAX_KHP6AX0@Z@Z   000000018000e0b0 f   msvcrtd:ehvecdtr.obj
 0001:0000d150       ?__ArrayUnwind@@YAXPEAX_KHP6AX0@Z@Z 000000018000e150 f   msvcrtd:ehvecdtr.obj
 0001:0000d1e0       __report_gsfailure         000000018000e1e0 f   msvcrtd:gs_report.obj
 0001:0000d330       __clean_type_info_names    000000018000e330 f   msvcrtd:tncleanup.obj
 0001:0000d350       _onexit                    000000018000e350 f   msvcrtd:atonexit.obj
 0001:0000d410       atexit                     000000018000e410 f   msvcrtd:atonexit.obj
 0001:0000d450       _RTC_Initialize            000000018000e450 f   msvcrtd:_initsect_.obj
 0001:0000d490       _RTC_Terminate             000000018000e490 f   msvcrtd:_initsect_.obj
 0001:0000d4ce       _encode_pointer            000000018000e4ce f   msvcrtd:MSVCR90D.dll
 0001:0000d4d4       _malloc_dbg                000000018000e4d4 f   msvcrtd:MSVCR90D.dll
 0001:0000d4da       _free_dbg                  000000018000e4da f   msvcrtd:MSVCR90D.dll
 0001:0000d4e0       _encoded_null              000000018000e4e0 f   msvcrtd:MSVCR90D.dll
 0001:0000d4e6       _decode_pointer            000000018000e4e6 f   msvcrtd:MSVCR90D.dll
 0001:0000d4ec       _CrtSetCheckCount          000000018000e4ec f   msvcrtd:MSVCR90D.dll
 0001:0000d500       _ValidateImageBase         000000018000e500 f   msvcrtd:pesect.obj
 0001:0000d580       _FindPESection             000000018000e580 f   msvcrtd:pesect.obj
 0001:0000d630       _IsNonwritableInCurrentImage 000000018000e630 f   msvcrtd:pesect.obj
 0001:0000d6bc       _initterm                  000000018000e6bc f   msvcrtd:MSVCR90D.dll
 0001:0000d6c2       _initterm_e                000000018000e6c2 f   msvcrtd:MSVCR90D.dll
 0001:0000d6c8       _amsg_exit                 000000018000e6c8 f   msvcrtd:MSVCR90D.dll
 0001:0000d6d0       __security_init_cookie     000000018000e6d0 f   msvcrtd:gs_support.obj
 0001:0000d7ce       __C_specific_handler       000000018000e7ce f   msvcrtd:MSVCR90D.dll
 0001:0000d7d4       __CppXcptFilter            000000018000e7d4 f   msvcrtd:MSVCR90D.dll
 0001:0000d7e0       DllMain                    000000018000e7e0 f   msvcrtd:dllmain.obj
 0001:0000d818       ?terminate@@YAXXZ          000000018000e818 f   msvcrtd:MSVCR90D.dll
 0001:0000d81e       ?_type_info_dtor_internal_method@type_info@@QEAAXXZ 000000018000e81e f   msvcrtd:MSVCR90D.dll
 0001:0000d81e       ??1type_info@@UEAA@XZ      000000018000e81e f   msvcrtd:MSVCR90D.dll
 0001:0000d824       __crt_debugger_hook        000000018000e824 f   msvcrtd:MSVCR90D.dll
 0001:0000d82a       __clean_type_info_names_internal 000000018000e82a f   msvcrtd:MSVCR90D.dll
 0001:0000d830       _unlock                    000000018000e830 f   msvcrtd:MSVCR90D.dll
 0001:0000d836       __dllonexit                000000018000e836 f   msvcrtd:MSVCR90D.dll
 0001:0000d83c       _lock                      000000018000e83c f   msvcrtd:MSVCR90D.dll
 0001:0000d842       QueryPerformanceCounter    000000018000e842 f   kernel32:KERNEL32.dll
 0001:0000d848       QueryPerformanceFrequency  000000018000e848 f   kernel32:KERNEL32.dll
 0001:0000d84e       FreeConsole                000000018000e84e f   kernel32:KERNEL32.dll
 0001:0000d854       WriteConsoleA              000000018000e854 f   kernel32:KERNEL32.dll
 0001:0000d85a       GetStdHandle               000000018000e85a f   kernel32:KERNEL32.dll
 0001:0000d860       AllocConsole               000000018000e860 f   kernel32:KERNEL32.dll
 0001:0000d866       Sleep                      000000018000e866 f   kernel32:KERNEL32.dll
 0001:0000d86c       TerminateProcess           000000018000e86c f   kernel32:KERNEL32.dll
 0001:0000d872       GetCurrentProcess          000000018000e872 f   kernel32:KERNEL32.dll
 0001:0000d878       UnhandledExceptionFilter   000000018000e878 f   kernel32:KERNEL32.dll
 0001:0000d87e       SetUnhandledExceptionFilter 000000018000e87e f   kernel32:KERNEL32.dll
 0001:0000d884       IsDebuggerPresent          000000018000e884 f   kernel32:KERNEL32.dll
 0001:0000d88a       RtlVirtualUnwind           000000018000e88a f   kernel32:KERNEL32.dll
 0001:0000d890       RtlLookupFunctionEntry     000000018000e890 f   kernel32:KERNEL32.dll
 0001:0000d896       RtlCaptureContext          000000018000e896 f   kernel32:KERNEL32.dll
 0001:0000d89c       GetTickCount               000000018000e89c f   kernel32:KERNEL32.dll
 0001:0000d8a2       GetCurrentThreadId         000000018000e8a2 f   kernel32:KERNEL32.dll
 0001:0000d8a8       GetCurrentProcessId        000000018000e8a8 f   kernel32:KERNEL32.dll
 0001:0000d8ae       GetSystemTimeAsFileTime    000000018000e8ae f   kernel32:KERNEL32.dll
 0001:0000d8b4       DisableThreadLibraryCalls  000000018000e8b4 f   kernel32:KERNEL32.dll
 0001:0000d8ba       PostMessageA               000000018000e8ba f   user32:USER32.dll
 0001:0000d8c0       pthread_mutex_unlock       000000018000e8c0 f   pthreadVC2:pthreadVC2.dll
 0001:0000d8c6       pthread_mutex_lock         000000018000e8c6 f   pthreadVC2:pthreadVC2.dll
 0001:0000d8d0       ??0CAtlAllocator@@QEAA@XZ  000000018000e8d0 f i atlsd:Externs.obj
 0001:0000d930       ??0CTraceSnapshot@@QEAA@XZ 000000018000e930 f i atlsd:Externs.obj
 0001:0000d960       ??0?$CSimpleArray@UCModuleInfo@CTraceSnapshot@@V?$CSimpleArrayEqualHelper@UCModuleInfo@CTraceSnapshot@@@ATL@@@ATL@@QEAA@XZ 000000018000e960 f i atlsd:Externs.obj
 0001:0000d990       ??0?$CSimpleArray@_KV?$CSimpleArrayEqualHelper@_K@ATL@@@ATL@@QEAA@XZ 000000018000e990 f i atlsd:Externs.obj
 0001:0000db00       ??0CAtlException@ATL@@QEAA@J@Z 000000018000eb00 f i atlsd:Externs.obj
 0001:0000db20       ?AtlCrtErrorCheck@ATL@@YAHH@Z 000000018000eb20 f i atlsd:Externs.obj
 0001:0000db90       ?AtlThrowImpl@ATL@@YAXJ@Z  000000018000eb90 f i atlsd:Externs.obj
 0001:0000dc50       ??RCTraceFileAndLineInfo@ATL@@QEBAX_KIPEBDZZ 000000018000ec50 f i atlsd:Externs.obj
 0001:0000dcd0       ?_AtlRaiseException@ATL@@YAXKK@Z 000000018000ecd0 f i atlsd:Externs.obj
 0001:0000dd00       ??0CTrace@ATL@@AEAA@P6AHHPEBDH00ZZ@Z 000000018000ed00 f i atlsd:Externs.obj
 0001:0000dd60       ??1CAtlAllocator@@QEAA@XZ  000000018000ed60 f i atlsd:Externs.obj
 0001:0000dd90       ??1CTraceSnapshot@@QEAA@XZ 000000018000ed90 f i atlsd:Externs.obj
 0001:0000ddc0       ??1?$CSimpleArray@UCModuleInfo@CTraceSnapshot@@V?$CSimpleArrayEqualHelper@UCModuleInfo@CTraceSnapshot@@@ATL@@@ATL@@QEAA@XZ 000000018000edc0 f i atlsd:Externs.obj
 0001:0000dde0       ??1?$CSimpleArray@_KV?$CSimpleArrayEqualHelper@_K@ATL@@@ATL@@QEAA@XZ 000000018000ede0 f i atlsd:Externs.obj
 0001:0000de00       ?RemoveAll@?$CSimpleArray@UCModuleInfo@CTraceSnapshot@@V?$CSimpleArrayEqualHelper@UCModuleInfo@CTraceSnapshot@@@ATL@@@ATL@@QEAAXXZ 000000018000ee00 f i atlsd:Externs.obj
 0001:0000de70       ?RemoveAll@?$CSimpleArray@_KV?$CSimpleArrayEqualHelper@_K@ATL@@@ATL@@QEAAXXZ 000000018000ee70 f i atlsd:Externs.obj
 0001:0000dee0       ??1CTrace@ATL@@AEAA@XZ     000000018000eee0 f i atlsd:Externs.obj
 0001:0000df00       ??0CTraceCategory@ATL@@QEAA@PEBDI@Z 000000018000ef00 f i atlsd:atltrace.obj
 0001:0000df70       ?ChangeCategory@CTrace@ATL@@QEAA_N_KIW4ATLTRACESTATUS@2@@Z 000000018000ef70 f i atlsd:atltrace.obj
 0001:0000dfc0       ?RegisterCategory@CTrace@ATL@@QEAA_KPEBD@Z 000000018000efc0 f i atlsd:atltrace.obj
 0001:0000dff0       ?NotifyTool@ATL@@YAXXZ     000000018000eff0 f   atlsd:AtlDebugAPI.obj
 0001:0000e030       AtlTraceRegister           000000018000f030 f   atlsd:AtlDebugAPI.obj
 0001:0000e0d0       AtlTraceUnregister         000000018000f0d0 f   atlsd:AtlDebugAPI.obj
 0001:0000e110       AtlTraceRegisterCategoryA  000000018000f110 f   atlsd:AtlDebugAPI.obj
 0001:0000e180       AtlTraceRegisterCategoryU  000000018000f180 f   atlsd:AtlDebugAPI.obj
 0001:0000e1e0       AtlTraceModifyProcess      000000018000f1e0 f   atlsd:AtlDebugAPI.obj
 0001:0000e300       ?GetProcess@CAtlAllocator@@QEBAPEAVCAtlTraceProcess@@XZ 000000018000f300 f i atlsd:AtlDebugAPI.obj
 0001:0000e310       AtlTraceModifyModule       000000018000f310 f   atlsd:AtlDebugAPI.obj
 0001:0000e450       AtlTraceModifyCategory     000000018000f450 f   atlsd:AtlDebugAPI.obj
 0001:0000e550       AtlTraceGetProcess         000000018000f550 f   atlsd:AtlDebugAPI.obj
 0001:0000e680       AtlTraceGetModule          000000018000f680 f   atlsd:AtlDebugAPI.obj
 0001:0000e800       AtlTraceGetCategory        000000018000f800 f   atlsd:AtlDebugAPI.obj
 0001:0000e940       AtlTraceGetUpdateEventNameA 000000018000f940 f   atlsd:AtlDebugAPI.obj
 0001:0000e980       AtlTraceGetUpdateEventNameA_s 000000018000f980 f   atlsd:AtlDebugAPI.obj
 0001:0000e9c0       AtlTraceGetUpdateEventNameU 000000018000f9c0 f   atlsd:AtlDebugAPI.obj
 0001:0000ea20       AtlTraceGetUpdateEventNameU_s 000000018000fa20 f   atlsd:AtlDebugAPI.obj
 0001:0000ea90       AtlTraceVA                 000000018000fa90 f   atlsd:AtlDebugAPI.obj
 0001:0000ee50       ?Name@CAtlTraceCategory@@QEBAPEB_WXZ 000000018000fe50 f i atlsd:AtlDebugAPI.obj
 0001:0000ee60       AtlTraceVU                 000000018000fe60 f   atlsd:AtlDebugAPI.obj
 0001:0000f240       AtlTraceOpenProcess        0000000180010240 f   atlsd:AtlDebugAPI.obj
 0001:0000f3c0       ??_GCAtlAllocator@@QEAAPEAXI@Z 00000001800103c0 f i atlsd:AtlDebugAPI.obj
 0001:0000f400       AtlTraceCloseProcess       0000000180010400 f   atlsd:AtlDebugAPI.obj
 0001:0000f4d0       AtlTraceSnapshotProcess    00000001800104d0 f   atlsd:AtlDebugAPI.obj
 0001:0000f560       AtlTraceGetProcessInfo     0000000180010560 f   atlsd:AtlDebugAPI.obj
 0001:0000f790       ?Path@CAtlTraceModuleInfo@@QEBAPEB_WXZ 0000000180010790 f i atlsd:AtlDebugAPI.obj
 0001:0000f7a0       ?Name@CAtlTraceModuleInfo@@QEBAPEB_WXZ 00000001800107a0 f i atlsd:AtlDebugAPI.obj
 0001:0000f7c0       ?Id@CAtlTraceProcess@@QEBAKXZ 00000001800107c0 f i atlsd:AtlDebugAPI.obj
 0001:0000f7e0       AtlTraceGetModuleInfo      00000001800107e0 f   atlsd:AtlDebugAPI.obj
 0001:0000fa20       AtlTraceGetCategoryInfo    0000000180010a20 f   atlsd:AtlDebugAPI.obj
 0001:0000ff10       ?CrtDbgReport@CAtlTraceModule@@QEBAP6AHHPEBDH00ZZXZ 0000000180010f10 f i atlsd:AtlDebugAPI.obj
 0001:0000ff30       ?_IsTracingEnabled@ATL@@YA_N_K0I@Z 0000000180010f30 f   atlsd:AtlDebugAPI.obj
 0001:0000ff80       ?GetSize@?$CSimpleArray@UCModuleInfo@CTraceSnapshot@@V?$CSimpleArrayEqualHelper@UCModuleInfo@CTraceSnapshot@@@ATL@@@ATL@@QEBAHXZ 0000000180010f80 f i atlsd:AtlDebugAPI.obj
 0001:0000ff90       ??A?$CSimpleArray@UCModuleInfo@CTraceSnapshot@@V?$CSimpleArrayEqualHelper@UCModuleInfo@CTraceSnapshot@@@ATL@@@ATL@@QEAAAEAUCModuleInfo@CTraceSnapshot@@H@Z 0000000180010f90 f i atlsd:AtlDebugAPI.obj
 0001:00010020       ?strcpy_s@Checked@ATL@@YAXPEAD_KPEBD@Z 0000000180011020 f i atlsd:AtlDebugAPI.obj
 0001:00010060       ?wcscpy_s@Checked@ATL@@YAXPEA_W_KPEB_W@Z 0000000180011060 f i atlsd:AtlDebugAPI.obj
 0001:000100a0       ??0?$CA2WEX@$0IA@@ATL@@QEAA@PEBD@Z 00000001800110a0 f i atlsd:AtlDebugAPI.obj
 0001:000100e0       ?_AtlGetConversionACP@ATL@@YAIXZ 00000001800110e0 f i atlsd:AtlDebugAPI.obj
 0001:000100f0       ??1?$CA2WEX@$0IA@@ATL@@QEAA@XZ 00000001800110f0 f i atlsd:AtlDebugAPI.obj
 0001:00010120       ??B?$CA2WEX@$0IA@@ATL@@QEBAPEA_WXZ 0000000180011120 f i atlsd:AtlDebugAPI.obj
 0001:00010130       ?Init@?$CA2WEX@$0IA@@ATL@@AEAAXPEBDI@Z 0000000180011130 f i atlsd:AtlDebugAPI.obj
 0001:000102a0       ?AtlThrowLastWin32@ATL@@YAXXZ 00000001800112a0 f i atlsd:AtlDebugAPI.obj
 0001:000102d0       HRESULT_FROM_WIN32         00000001800112d0 f i atlsd:AtlDebugAPI.obj
 0001:00010310       ??$AtlConvFreeMemory@_W@ATL@@YAXPEA_W0H@Z 0000000180011310 f i atlsd:AtlDebugAPI.obj
 0001:00010360       ??$AtlConvAllocMemory@_W@ATL@@YAXPEAPEA_WHPEA_WH@Z 0000000180011360 f i atlsd:AtlDebugAPI.obj
 0001:000105a0       ?Init@CAtlAllocator@@QEAA_NPEBDK@Z 00000001800115a0 f   atlsd:Allocate.obj
 0001:000109f0       ?IncRef@CAtlTraceProcess@@QEAAIXZ 00000001800119f0 f i atlsd:Allocate.obj
 0001:00010a20       ?Base@CAtlTraceProcess@@QEBAPEAXXZ 0000000180011a20 f i atlsd:Allocate.obj
 0001:00010a40       ?Open@CAtlAllocator@@QEAA_NPEBD@Z 0000000180011a40 f   atlsd:Allocate.obj
 0001:00010b80       ?Close@CAtlAllocator@@QEAAX_N@Z 0000000180011b80 f   atlsd:Allocate.obj
 0001:00010c00       ?DecRef@CAtlTraceProcess@@QEAAIXZ 0000000180011c00 f i atlsd:Allocate.obj
 0001:00010c30       ?GetModule@CAtlAllocator@@QEBAPEAVCAtlTraceModule@@H@Z 0000000180011c30 f   atlsd:Allocate.obj
 0001:00010ce0       ?ModuleCount@CAtlTraceProcess@@QEBAHXZ 0000000180011ce0 f i atlsd:Allocate.obj
 0001:00010d00       ?GetCategory@CAtlAllocator@@QEBAPEAVCAtlTraceCategory@@H@Z 0000000180011d00 f   atlsd:Allocate.obj
 0001:00010dd0       ?MaxSize@CAtlTraceProcess@@QEBA_KXZ 0000000180011dd0 f i atlsd:Allocate.obj
 0001:00010df0       ?CategoryCount@CAtlTraceProcess@@QEBAHXZ 0000000180011df0 f i atlsd:Allocate.obj
 0001:00010e10       ?GetCategoryCount@CAtlAllocator@@QEBAHH@Z 0000000180011e10 f   atlsd:Allocate.obj
 0001:00010ea0       ?GetCategoryCount@CAtlAllocator@@QEBAHAEBVCAtlTraceModule@@@Z 0000000180011ea0 f   atlsd:Allocate.obj
 0001:00010f10       ?GetModuleCount@CAtlAllocator@@QEBAHXZ 0000000180011f10 f   atlsd:Allocate.obj
 0001:00010f70       ?FindModule@CAtlAllocator@@QEBA_NPEB_WPEAI@Z 0000000180011f70 f   atlsd:Allocate.obj
 0001:00011000       ?AddModule@CAtlAllocator@@QEAAHPEAUHINSTANCE__@@@Z 0000000180012000 f   atlsd:Allocate.obj
 0001:00011250       ?TryAllocate@CAtlTraceSettings@@QEAA_NXZ 0000000180012250 f i atlsd:Allocate.obj
 0001:000112a0       ?MarkValid@CAtlTraceSettings@@QEAAXJ@Z 00000001800122a0 f i atlsd:Allocate.obj
 0001:00011300       ?IncModuleCount@CAtlTraceProcess@@QEAAXI@Z 0000000180012300 f i atlsd:Allocate.obj
 0001:00011330       ?AddCategory@CAtlAllocator@@QEAAHHPEB_W@Z 0000000180012330 f   atlsd:Allocate.obj
 0001:00011600       ?TryAddRef@CAtlTraceSettings@@QEAA_NXZ 0000000180012600 f i atlsd:Allocate.obj
 0001:00011650       ?Release@CAtlTraceSettings@@QEAAXXZ 0000000180012650 f i atlsd:Allocate.obj
 0001:00011690       ?IncCategoryCount@CAtlTraceProcess@@QEAAXI@Z 0000000180012690 f i atlsd:Allocate.obj
 0001:000116c0       ?RemoveModule@CAtlAllocator@@QEAA_NH@Z 00000001800126c0 f   atlsd:Allocate.obj
 0001:00011780       ?CleanUp@CAtlAllocator@@QEAAXXZ 0000000180012780 f   atlsd:Allocate.obj
 0001:000117a0       ?TakeSnapshot@CAtlAllocator@@QEAAXXZ 00000001800127a0 f   atlsd:Allocate.obj
 0001:00011a00       ?ReleaseSnapshot@CAtlAllocator@@QEAAXXZ 0000000180012a00 f   atlsd:Allocate.obj
 0001:00011af0       ?Add@?$CSimpleArray@UCModuleInfo@CTraceSnapshot@@V?$CSimpleArrayEqualHelper@UCModuleInfo@CTraceSnapshot@@@ATL@@@ATL@@QEAAHAEBUCModuleInfo@CTraceSnapshot@@@Z 0000000180012af0 f i atlsd:Allocate.obj
 0001:00011c70       ?GetSize@?$CSimpleArray@_KV?$CSimpleArrayEqualHelper@_K@ATL@@@ATL@@QEBAHXZ 0000000180012c70 f i atlsd:Allocate.obj
 0001:00011c80       ?Add@?$CSimpleArray@_KV?$CSimpleArrayEqualHelper@_K@ATL@@@ATL@@QEAAHAEB_K@Z 0000000180012c80 f i atlsd:Allocate.obj
 0001:00011e00       ?RemoveAt@?$CSimpleArray@_KV?$CSimpleArrayEqualHelper@_K@ATL@@@ATL@@QEAAHH@Z 0000000180012e00 f i atlsd:Allocate.obj
 0001:00011ef0       ??A?$CSimpleArray@_KV?$CSimpleArrayEqualHelper@_K@ATL@@@ATL@@QEAAAEA_KH@Z 0000000180012ef0 f i atlsd:Allocate.obj
 0001:00011f80       ?InternalSetAtIndex@?$CSimpleArray@UCModuleInfo@CTraceSnapshot@@V?$CSimpleArrayEqualHelper@UCModuleInfo@CTraceSnapshot@@@ATL@@@ATL@@QEAAXHAEBUCModuleInfo@CTraceSnapshot@@@Z 0000000180012f80 f i atlsd:Allocate.obj
 0001:00011fe0       ?InternalSetAtIndex@?$CSimpleArray@_KV?$CSimpleArrayEqualHelper@_K@ATL@@@ATL@@QEAAXHAEB_K@Z 0000000180012fe0 f i atlsd:Allocate.obj
 0001:00012040       ??0Wrapper@?$CSimpleArray@UCModuleInfo@CTraceSnapshot@@V?$CSimpleArrayEqualHelper@UCModuleInfo@CTraceSnapshot@@@ATL@@@ATL@@QEAA@AEBUCModuleInfo@CTraceSnapshot@@@Z 0000000180013040 f i atlsd:Allocate.obj
 0001:00012080       ??0Wrapper@?$CSimpleArray@_KV?$CSimpleArrayEqualHelper@_K@ATL@@@ATL@@QEAA@AEB_K@Z 0000000180013080 f i atlsd:Allocate.obj
 0001:000120a0       ??$?2UCModuleInfo@CTraceSnapshot@@@Wrapper@?$CSimpleArray@UCModuleInfo@CTraceSnapshot@@V?$CSimpleArrayEqualHelper@UCModuleInfo@CTraceSnapshot@@@ATL@@@ATL@@SAPEAX_KPEAUCModuleInfo@CTraceSnapshot@@@Z 00000001800130a0 f i atlsd:Allocate.obj
 0001:000120b0       ??$?2_K@Wrapper@?$CSimpleArray@_KV?$CSimpleArrayEqualHelper@_K@ATL@@@ATL@@SAPEAX_KPEA_K@Z 00000001800130b0 f i atlsd:Allocate.obj
 0001:000120c0       ?memmove_s@Checked@ATL@@YAXPEAX_KPEBX1@Z 00000001800130c0 f i atlsd:Allocate.obj
 0001:00012100       ??0CAtlTraceModuleInfo@@QEAA@XZ 0000000180013100 f   atlsd:AtlTraceModuleManager.obj
 0001:00012150       ?Reset@CAtlTraceModuleInfo@@QEAAXPEAUHINSTANCE__@@@Z 0000000180013150 f   atlsd:AtlTraceModuleManager.obj
 0001:000122c0       ??0CAtlTraceCategory@@QEAA@XZ 00000001800132c0 f   atlsd:AtlTraceModuleManager.obj
 0001:00012300       ??0CAtlTraceSettings@@QEAA@XZ 0000000180013300 f i atlsd:AtlTraceModuleManager.obj
 0001:00012340       ?Reset@CAtlTraceCategory@@QEAAXPEB_WJ@Z 0000000180013340 f   atlsd:AtlTraceModuleManager.obj
 0001:000123a0       ??0CAtlTraceModule@@QEAA@XZ 00000001800133a0 f   atlsd:AtlTraceModuleManager.obj
 0001:000123e0       ?CrtDbgReport@CAtlTraceModule@@QEAAXP6AHHPEBDH00ZZ@Z 00000001800133e0 f   atlsd:AtlTraceModuleManager.obj
 0001:00012430       ??0CAtlTraceProcess@@QEAA@_K@Z 0000000180013430 f   atlsd:AtlTraceModuleManager.obj
 0001:00012540       ?GetNextCookie@CAtlTraceProcess@@QEAAJXZ 0000000180013540 f   atlsd:AtlTraceModuleManager.obj
 0001:0001255e       SysFreeString              000000018001355e f   oleaut32:OLEAUT32.dll
 0001:00012570       _RawDllMainProxy           0000000180013570 f   mfcs90d:rawdllmainproxy.obj
 0001:00012792       _snprintf_s                0000000180013792 f   msvcrtd:MSVCR90D.dll
 0001:00012798       _errno                     0000000180013798 f   msvcrtd:MSVCR90D.dll
 0001:0001279e       _CrtDbgReport              000000018001379e f   msvcrtd:MSVCR90D.dll
 0001:000127a4       free                       00000001800137a4 f   msvcrtd:MSVCR90D.dll
 0001:000127aa       wcscpy                     00000001800137aa f   msvcrtd:MSVCR90D.dll
 0001:000127b0       _vsnprintf_s               00000001800137b0 f   msvcrtd:MSVCR90D.dll
 0001:000127b6       _vsnwprintf_s              00000001800137b6 f   msvcrtd:MSVCR90D.dll
 0001:000127bc       _snwprintf_s               00000001800137bc f   msvcrtd:MSVCR90D.dll
 0001:000127c2       wcscpy_s                   00000001800137c2 f   msvcrtd:MSVCR90D.dll
 0001:000127c8       wcsncpy_s                  00000001800137c8 f   msvcrtd:MSVCR90D.dll
 0001:000127ce       strcpy_s                   00000001800137ce f   msvcrtd:MSVCR90D.dll
 0001:000127d4       calloc                     00000001800137d4 f   msvcrtd:MSVCR90D.dll
 0001:000127da       _recalloc                  00000001800137da f   msvcrtd:MSVCR90D.dll
 0001:000127e0       memcmp                     00000001800137e0 f   msvcrtd:MSVCR90D.dll
 0001:000127e6       _wcsicmp                   00000001800137e6 f   msvcrtd:MSVCR90D.dll
 0001:000127ec       wcslen                     00000001800137ec f   msvcrtd:MSVCR90D.dll
 0001:000127f2       RaiseException             00000001800137f2 f   kernel32:KERNEL32.dll
 0001:000127f8       CloseHandle                00000001800137f8 f   kernel32:KERNEL32.dll
 0001:000127fe       SetEvent                   00000001800137fe f   kernel32:KERNEL32.dll
 0001:00012804       OpenEventA                 0000000180013804 f   kernel32:KERNEL32.dll
 0001:0001280a       OutputDebugStringA         000000018001380a f   kernel32:KERNEL32.dll
 0001:00012810       OutputDebugStringW         0000000180013810 f   kernel32:KERNEL32.dll
 0001:00012816       GetLastError               0000000180013816 f   kernel32:KERNEL32.dll
 0001:0001281c       MultiByteToWideChar        000000018001381c f   kernel32:KERNEL32.dll
 0001:00012822       lstrlenA                   0000000180013822 f   kernel32:KERNEL32.dll
 0001:00012828       VirtualAlloc               0000000180013828 f   kernel32:KERNEL32.dll
 0001:0001282e       UnmapViewOfFile            000000018001382e f   kernel32:KERNEL32.dll
 0001:00012834       GetSystemInfo              0000000180013834 f   kernel32:KERNEL32.dll
 0001:0001283a       MapViewOfFile              000000018001383a f   kernel32:KERNEL32.dll
 0001:00012840       CreateFileMappingA         0000000180013840 f   kernel32:KERNEL32.dll
 0001:00012846       GetCurrentThread           0000000180013846 f   kernel32:KERNEL32.dll
 0001:0001284c       OpenFileMappingA           000000018001384c f   kernel32:KERNEL32.dll
 0001:00012852       GetModuleFileNameW         0000000180013852 f   kernel32:KERNEL32.dll
 0001:00012858       MessageBoxA                0000000180013858 f   user32:USER32.dll
 0001:0001285e       SetThreadToken             000000018001385e f   advapi32:ADVAPI32.dll
 0001:00012864       RevertToSelf               0000000180013864 f   advapi32:ADVAPI32.dll
 0001:0001286a       OpenThreadToken            000000018001386a f   advapi32:ADVAPI32.dll
 0002:00000000       __xc_a                     000000018001b000     msvcrtd:cinitexe.obj
 0002:00000568       __xc_z                     000000018001b568     msvcrtd:cinitexe.obj
 0002:00000678       __xi_a                     000000018001b678     msvcrtd:cinitexe.obj
 0002:00000898       __xi_z                     000000018001b898     msvcrtd:cinitexe.obj
 0002:00000ce3       ?_Value@?$_Is_swap_move@U_Swap_move_tag@std@@@std@@2_NB 000000018001bce3     Log.obj
 0002:00000ce4       ?_Min@?$AtlLimits@H@ATL@@2HB 000000018001bce4     Log.obj
 0002:00000ce8       ?_Max@?$AtlLimits@H@ATL@@2HB 000000018001bce8     Log.obj
 0002:00000cec       ?_Min@?$AtlLimits@I@ATL@@2IB 000000018001bcec     Log.obj
 0002:00000cf0       ?_Max@?$AtlLimits@I@ATL@@2IB 000000018001bcf0     Log.obj
 0002:00000cf4       ?_Min@?$AtlLimits@J@ATL@@2JB 000000018001bcf4     Log.obj
 0002:00000cf8       ?_Max@?$AtlLimits@J@ATL@@2JB 000000018001bcf8     Log.obj
 0002:00000cfc       ?_Min@?$AtlLimits@K@ATL@@2KB 000000018001bcfc     Log.obj
 0002:00000d00       ?_Max@?$AtlLimits@K@ATL@@2KB 000000018001bd00     Log.obj
 0002:00000d08       ?_Min@?$AtlLimits@_J@ATL@@2_JB 000000018001bd08     Log.obj
 0002:00000d18       ?_Max@?$AtlLimits@_J@ATL@@2_JB 000000018001bd18     Log.obj
 0002:00000d28       ?_Min@?$AtlLimits@_K@ATL@@2_KB 000000018001bd28     Log.obj
 0002:00000d38       ?_Max@?$AtlLimits@_K@ATL@@2_KB 000000018001bd38     Log.obj
 0002:00000d44       ?VT@?$CVarTypeInfo@D@ATL@@2GB 000000018001bd44     Log.obj
 0002:00000d48       ?pmField@?$CVarTypeInfo@D@ATL@@2QEQtagVARIANT@@DEQ3@ 000000018001bd48     Log.obj
 0002:00000d4c       ?VT@?$CVarTypeInfo@E@ATL@@2GB 000000018001bd4c     Log.obj
 0002:00000d50       ?pmField@?$CVarTypeInfo@E@ATL@@2QEQtagVARIANT@@EEQ3@ 000000018001bd50     Log.obj
 0002:00000d54       ?VT@?$CVarTypeInfo@PEAD@ATL@@2GB 000000018001bd54     Log.obj
 0002:00000d58       ?pmField@?$CVarTypeInfo@PEAD@ATL@@2QEQtagVARIANT@@PEADEQ3@ 000000018001bd58     Log.obj
 0002:00000d5c       ?VT@?$CVarTypeInfo@PEAE@ATL@@2GB 000000018001bd5c     Log.obj
 0002:00000d60       ?pmField@?$CVarTypeInfo@PEAE@ATL@@2QEQtagVARIANT@@PEAEEQ3@ 000000018001bd60     Log.obj
 0002:00000d64       ?VT@?$CVarTypeInfo@F@ATL@@2GB 000000018001bd64     Log.obj
 0002:00000d68       ?pmField@?$CVarTypeInfo@F@ATL@@2QEQtagVARIANT@@FEQ3@ 000000018001bd68     Log.obj
 0002:00000d6c       ?VT@?$CVarTypeInfo@PEAF@ATL@@2GB 000000018001bd6c     Log.obj
 0002:00000d70       ?pmField@?$CVarTypeInfo@PEAF@ATL@@2QEQtagVARIANT@@PEAFEQ3@ 000000018001bd70     Log.obj
 0002:00000d74       ?VT@?$CVarTypeInfo@G@ATL@@2GB 000000018001bd74     Log.obj
 0002:00000d78       ?pmField@?$CVarTypeInfo@G@ATL@@2QEQtagVARIANT@@GEQ3@ 000000018001bd78     Log.obj
 0002:00000d7c       ?VT@?$CVarTypeInfo@PEAG@ATL@@2GB 000000018001bd7c     Log.obj
 0002:00000d80       ?pmField@?$CVarTypeInfo@PEAG@ATL@@2QEQtagVARIANT@@PEAGEQ3@ 000000018001bd80     Log.obj
 0002:00000d84       ?VT@?$CVarTypeInfo@H@ATL@@2GB 000000018001bd84     Log.obj
 0002:00000d88       ?pmField@?$CVarTypeInfo@H@ATL@@2QEQtagVARIANT@@HEQ3@ 000000018001bd88     Log.obj
 0002:00000d8c       ?VT@?$CVarTypeInfo@PEAH@ATL@@2GB 000000018001bd8c     Log.obj
 0002:00000d90       ?pmField@?$CVarTypeInfo@PEAH@ATL@@2QEQtagVARIANT@@PEAHEQ3@ 000000018001bd90     Log.obj
 0002:00000d94       ?VT@?$CVarTypeInfo@I@ATL@@2GB 000000018001bd94     Log.obj
 0002:00000d98       ?pmField@?$CVarTypeInfo@I@ATL@@2QEQtagVARIANT@@IEQ3@ 000000018001bd98     Log.obj
 0002:00000d9c       ?VT@?$CVarTypeInfo@PEAI@ATL@@2GB 000000018001bd9c     Log.obj
 0002:00000da0       ?pmField@?$CVarTypeInfo@PEAI@ATL@@2QEQtagVARIANT@@PEAIEQ3@ 000000018001bda0     Log.obj
 0002:00000da4       ?VT@?$CVarTypeInfo@J@ATL@@2GB 000000018001bda4     Log.obj
 0002:00000da8       ?pmField@?$CVarTypeInfo@J@ATL@@2QEQtagVARIANT@@JEQ3@ 000000018001bda8     Log.obj
 0002:00000dac       ?VT@?$CVarTypeInfo@PEAJ@ATL@@2GB 000000018001bdac     Log.obj
 0002:00000db0       ?pmField@?$CVarTypeInfo@PEAJ@ATL@@2QEQtagVARIANT@@PEAJEQ3@ 000000018001bdb0     Log.obj
 0002:00000db4       ?VT@?$CVarTypeInfo@K@ATL@@2GB 000000018001bdb4     Log.obj
 0002:00000db8       ?pmField@?$CVarTypeInfo@K@ATL@@2QEQtagVARIANT@@KEQ3@ 000000018001bdb8     Log.obj
 0002:00000dbc       ?VT@?$CVarTypeInfo@PEAK@ATL@@2GB 000000018001bdbc     Log.obj
 0002:00000dc0       ?pmField@?$CVarTypeInfo@PEAK@ATL@@2QEQtagVARIANT@@PEAKEQ3@ 000000018001bdc0     Log.obj
 0002:00000dc4       ?VT@?$CVarTypeInfo@_J@ATL@@2GB 000000018001bdc4     Log.obj
 0002:00000dc8       ?pmField@?$CVarTypeInfo@_J@ATL@@2QEQtagVARIANT@@_JEQ3@ 000000018001bdc8     Log.obj
 0002:00000dcc       ?VT@?$CVarTypeInfo@PEA_J@ATL@@2GB 000000018001bdcc     Log.obj
 0002:00000dd0       ?pmField@?$CVarTypeInfo@PEA_J@ATL@@2QEQtagVARIANT@@PEA_JEQ3@ 000000018001bdd0     Log.obj
 0002:00000dd4       ?VT@?$CVarTypeInfo@_K@ATL@@2GB 000000018001bdd4     Log.obj
 0002:00000dd8       ?pmField@?$CVarTypeInfo@_K@ATL@@2QEQtagVARIANT@@_KEQ3@ 000000018001bdd8     Log.obj
 0002:00000ddc       ?VT@?$CVarTypeInfo@PEA_K@ATL@@2GB 000000018001bddc     Log.obj
 0002:00000de0       ?pmField@?$CVarTypeInfo@PEA_K@ATL@@2QEQtagVARIANT@@PEA_KEQ3@ 000000018001bde0     Log.obj
 0002:00000de4       ?VT@?$CVarTypeInfo@M@ATL@@2GB 000000018001bde4     Log.obj
 0002:00000de8       ?pmField@?$CVarTypeInfo@M@ATL@@2QEQtagVARIANT@@MEQ3@ 000000018001bde8     Log.obj
 0002:00000dec       ?VT@?$CVarTypeInfo@PEAM@ATL@@2GB 000000018001bdec     Log.obj
 0002:00000df0       ?pmField@?$CVarTypeInfo@PEAM@ATL@@2QEQtagVARIANT@@PEAMEQ3@ 000000018001bdf0     Log.obj
 0002:00000df4       ?VT@?$CVarTypeInfo@N@ATL@@2GB 000000018001bdf4     Log.obj
 0002:00000df8       ?pmField@?$CVarTypeInfo@N@ATL@@2QEQtagVARIANT@@NEQ3@ 000000018001bdf8     Log.obj
 0002:00000dfc       ?VT@?$CVarTypeInfo@PEAN@ATL@@2GB 000000018001bdfc     Log.obj
 0002:00000e00       ?pmField@?$CVarTypeInfo@PEAN@ATL@@2QEQtagVARIANT@@PEANEQ3@ 000000018001be00     Log.obj
 0002:00000e04       ?VT@?$CVarTypeInfo@UtagVARIANT@@@ATL@@2GB 000000018001be04     Log.obj
 0002:00000e08       ?VT@?$CVarTypeInfo@PEA_W@ATL@@2GB 000000018001be08     Log.obj
 0002:00000e10       ?pmField@?$CVarTypeInfo@PEA_W@ATL@@2QEQtagVARIANT@@PEA_WEQ3@ 000000018001be10     Log.obj
 0002:00000e14       ?VT@?$CVarTypeInfo@PEAPEA_W@ATL@@2GB 000000018001be14     Log.obj
 0002:00000e18       ?pmField@?$CVarTypeInfo@PEAPEA_W@ATL@@2QEQtagVARIANT@@PEAPEA_WEQ3@ 000000018001be18     Log.obj
 0002:00000e1c       ?VT@?$CVarTypeInfo@PEAUIUnknown@@@ATL@@2GB 000000018001be1c     Log.obj
 0002:00000e20       ?pmField@?$CVarTypeInfo@PEAUIUnknown@@@ATL@@2QEQtagVARIANT@@PEAUIUnknown@@EQ3@ 000000018001be20     Log.obj
 0002:00000e24       ?VT@?$CVarTypeInfo@PEAPEAUIUnknown@@@ATL@@2GB 000000018001be24     Log.obj
 0002:00000e28       ?pmField@?$CVarTypeInfo@PEAPEAUIUnknown@@@ATL@@2QEQtagVARIANT@@PEAPEAUIUnknown@@EQ3@ 000000018001be28     Log.obj
 0002:00000e2c       ?VT@?$CVarTypeInfo@PEAUIDispatch@@@ATL@@2GB 000000018001be2c     Log.obj
 0002:00000e30       ?pmField@?$CVarTypeInfo@PEAUIDispatch@@@ATL@@2QEQtagVARIANT@@PEAUIDispatch@@EQ3@ 000000018001be30     Log.obj
 0002:00000e34       ?VT@?$CVarTypeInfo@PEAPEAUIDispatch@@@ATL@@2GB 000000018001be34     Log.obj
 0002:00000e38       ?pmField@?$CVarTypeInfo@PEAPEAUIDispatch@@@ATL@@2QEQtagVARIANT@@PEAPEAUIDispatch@@EQ3@ 000000018001be38     Log.obj
 0002:00000e3c       ?VT@?$CVarTypeInfo@TtagCY@@@ATL@@2GB 000000018001be3c     Log.obj
 0002:00000e40       ?pmField@?$CVarTypeInfo@TtagCY@@@ATL@@2QEQtagVARIANT@@TtagCY@@EQ3@ 000000018001be40     Log.obj
 0002:00000e44       ?VT@?$CVarTypeInfo@PEATtagCY@@@ATL@@2GB 000000018001be44     Log.obj
 0002:00000e48       ?pmField@?$CVarTypeInfo@PEATtagCY@@@ATL@@2QEQtagVARIANT@@PEATtagCY@@EQ3@ 000000018001be48     Log.obj
 0002:00000e4c       ?c_bIsMFCDLLTraits@?$_MFCDLLTraitsCheck@DV?$StrTraitMFC_DLL@DV?$ChTraitsCRT@D@ATL@@@@@_CSTRING_IMPL_@ATL@@2_NB 000000018001be4c     Log.obj
 0002:00000e4d       ?c_bIsMFCDLLTraits@?$_MFCDLLTraitsCheck@_WV?$StrTraitMFC_DLL@_WV?$ChTraitsCRT@_W@ATL@@@@@_CSTRING_IMPL_@ATL@@2_NB 000000018001be4d     Log.obj
 0002:00000e50       ?generic@CArchiveException@@2HB 000000018001be50     Log.obj
 0002:00000e54       ?generic@CFileException@@2HB 000000018001be54     Log.obj
[...]
 0002:00006ff8       _CTA1?AVCAtlException@ATL@@ 0000000180021ff8     atlsd:Externs.obj
 0002:00007008       _CT??_R0?AVCAtlException@ATL@@@84 0000000180022008     atlsd:Externs.obj
 0002:00007160       __pobjMapEntryFirst        0000000180022160     mfcs90d:nolib.obj
 0002:00007270       __pobjMapEntryLast         0000000180022270     mfcs90d:nolib.obj
 0003:00000008       ?g_LogLock@@3PEAUpthread_mutex_t_@@EA 0000000180023008     Log.obj
 0003:00000018       _pIncludeInitManaged       0000000180023018     Log.obj
 0003:00000028       ??_R0?AVCLog@@@8           0000000180023028     Log.obj
 0003:00000048       ??_R0?AVlength_error@std@@@8 0000000180023048     Log.obj
 0003:00000078       ??_R0?AVlogic_error@std@@@8 0000000180023078     Log.obj
 0003:000000a8       ??_R0?AVexception@std@@@8  00000001800230a8     Log.obj
 0003:000000d8       ??_R0?AVbad_alloc@std@@@8  00000001800230d8     Log.obj
 0003:00000108       ??_R0?AUThank_you@Define_the_symbol__ATL_MIXED@@@8 0000000180023108     Log.obj
 0003:00000158       ??_R0?AVtype_info@@@8      0000000180023158     msvcrtd:ti_inst.obj
 0003:00000178       _fltused                   0000000180023178     msvcrtd:dllsupp.obj
 0003:00000180       __security_cookie          0000000180023180     msvcrtd:gs_cookie.obj
 0003:00000188       __security_cookie_complement 0000000180023188     msvcrtd:gs_cookie.obj
 0003:00000190       __native_dllmain_reason    0000000180023190     msvcrtd:natstart.obj
 0003:00000194       __native_vcclrit_reason    0000000180023194     msvcrtd:natstart.obj
 0003:00000198       ?g_pszUpdateEventName@@3PEBDEB 0000000180023198     atlsd:Externs.obj
 0003:000001a0       ?g_pszAllocFileMapName@@3PEBDEB 00000001800231a0     atlsd:Externs.obj
 0003:000001a8       ?g_pszKernelObjFmt@@3PEBDEB 00000001800231a8     atlsd:Externs.obj
 0003:000001b0       ??_R0?AVCAtlException@ATL@@@8 00000001800231b0     atlsd:Externs.obj
 0003:00000300       ?g_TSFirstCount@@3T_LARGE_INTEGER@@A 0000000180023300     Log.obj
 0003:00000308       ?g_TSFreq@@3T_LARGE_INTEGER@@A 0000000180023308     Log.obj
 0003:00000318       ?s_pfnPrevHook@CNoUIAssertHook@ATL@@0P6AHHPEADPEAH@ZEA 0000000180023318     Log.obj
 0003:00000321       ?m_bInitFailed@CAtlBaseModule@ATL@@2_NA 0000000180023321     Log.obj
 0003:00000328       ?s_pLog@CFixedStringMgr@ATL@@2PEAVIFixedStringLog@2@EA 0000000180023328     Log.obj
 0003:00000338       ?clash@Define_the_symbol__ATL_MIXED@@3UThank_you@1@A 0000000180023338     Log.obj
 0003:00000341       ?clash@Inconsistent_definition_of_symbol__ATL_MIXED@@3U_Please_define_it_the_same_throughout_your_project@1@A 0000000180023341     Log.obj
 0003:00000348       ?_pAtlAutoThreadModule@ATL@@3PEAUIAtlAutoThreadModule@1@EA 0000000180023348     mfcs90d:nolib.obj
 0003:00000350       __afxForceEXCLUDE          0000000180023350     mfcs90d:nolib.obj
 0003:00000358       ?_pPerfRegFunc@ATL@@3P6AJPEAUHINSTANCE__@@@ZEA 0000000180023358     mfcs90d:nolib.obj
 0003:00000360       ?_pPerfUnRegFunc@ATL@@3P6AJXZEA 0000000180023360     mfcs90d:nolib.obj
 0003:00000368       ?_AtlRegisterPerUser@ATL@@3_NA 0000000180023368     mfcs90d:nolib.obj
 0003:00000370       ?_pAtlModule@ATL@@3PEAVCAtlModule@1@EA 0000000180023370     mfcs90d:nolib.obj
 0003:00000378       ?m_libid@CAtlModule@ATL@@2U_GUID@@A 0000000180023378     mfcs90d:nolib.obj
 0003:00000388       ?_pModule@ATL@@3PEAVCComModule@1@EA 0000000180023388     mfcs90d:nolib.obj
 0003:00000390       ?ATL_CREATE_OBJECT@CComApartment@ATL@@2IA 0000000180023390     mfcs90d:nolib.obj
 0003:00000394       ?WM_DESTROYMODELESS@CDHtmlDialog@@1IA 0000000180023394     mfcs90d:nolib.obj
 0003:00000398       __afxForceSTDAFX           0000000180023398     mfcs90d:stdafx.obj
 0003:00000910       _forceCRTManifestRTM       0000000180023910     msvcrtd:crtmanifestrtm.obj
 0003:00000918       ?__type_info_root_node@@3U__type_info_node@@A 0000000180023918     msvcrtd:tncleanup.obj
 0003:00000930       ?g_Allocator@@3VCAtlAllocator@@A 0000000180023930     atlsd:Externs.obj
 0003:00000988       ?s_trace@CTrace@ATL@@2V12@A 0000000180023988     atlsd:Externs.obj
 0003:00000998       ?atlTraceGeneral@ATL@@3VCTraceCategory@1@A 0000000180023998     atlsd:atltrace.obj
 0003:000009a0       ?atlTraceCOM@ATL@@3VCTraceCategory@1@A 00000001800239a0     atlsd:atltrace.obj
 0003:000009a8       ?atlTraceQI@ATL@@3VCTraceCategory@1@A 00000001800239a8     atlsd:atltrace.obj
 0003:000009b0       ?atlTraceRegistrar@ATL@@3VCTraceCategory@1@A 00000001800239b0     atlsd:atltrace.obj
 0003:000009b8       ?atlTraceRefcount@ATL@@3VCTraceCategory@1@A 00000001800239b8     atlsd:atltrace.obj
 0003:000009c0       ?atlTraceWindowing@ATL@@3VCTraceCategory@1@A 00000001800239c0     atlsd:atltrace.obj
 0003:000009c8       ?atlTraceControls@ATL@@3VCTraceCategory@1@A 00000001800239c8     atlsd:atltrace.obj
 0003:000009d0       ?atlTraceHosting@ATL@@3VCTraceCategory@1@A 00000001800239d0     atlsd:atltrace.obj
 0003:000009d8       ?atlTraceDBClient@ATL@@3VCTraceCategory@1@A 00000001800239d8     atlsd:atltrace.obj
 0003:000009e0       ?atlTraceDBProvider@ATL@@3VCTraceCategory@1@A 00000001800239e0     atlsd:atltrace.obj
 0003:000009e8       ?atlTraceSnapin@ATL@@3VCTraceCategory@1@A 00000001800239e8     atlsd:atltrace.obj
 0003:000009f0       ?atlTraceNotImpl@ATL@@3VCTraceCategory@1@A 00000001800239f0     atlsd:atltrace.obj
 0003:000009f8       ?atlTraceAllocation@ATL@@3VCTraceCategory@1@A 00000001800239f8     atlsd:atltrace.obj
 0003:00000a00       ?atlTraceException@ATL@@3VCTraceCategory@1@A 0000000180023a00     atlsd:atltrace.obj
 0003:00000a08       ?atlTraceTime@ATL@@3VCTraceCategory@1@A 0000000180023a08     atlsd:atltrace.obj
 0003:00000a10       ?atlTraceCache@ATL@@3VCTraceCategory@1@A 0000000180023a10     atlsd:atltrace.obj
 0003:00000a18       ?atlTraceStencil@ATL@@3VCTraceCategory@1@A 0000000180023a18     atlsd:atltrace.obj
 0003:00000a20       ?atlTraceString@ATL@@3VCTraceCategory@1@A 0000000180023a20     atlsd:atltrace.obj
 0003:00000a28       ?atlTraceMap@ATL@@3VCTraceCategory@1@A 0000000180023a28     atlsd:atltrace.obj
 0003:00000a30       ?atlTraceUtil@ATL@@3VCTraceCategory@1@A 0000000180023a30     atlsd:atltrace.obj
 0003:00000a38       ?atlTraceSecurity@ATL@@3VCTraceCategory@1@A 0000000180023a38     atlsd:atltrace.obj
 0003:00000a40       ?atlTraceSync@ATL@@3VCTraceCategory@1@A 0000000180023a40     atlsd:atltrace.obj
 0003:00000a48       ?atlTraceISAPI@ATL@@3VCTraceCategory@1@A 0000000180023a48     atlsd:atltrace.obj
 0003:00000a50       ?atlTraceUser@ATL@@3VCTraceCategory@1@A 0000000180023a50     atlsd:atltrace.obj
 0003:00000a58       ?atlTraceUser2@ATL@@3VCTraceCategory@1@A 0000000180023a58     atlsd:atltrace.obj
 0003:00000a60       ?atlTraceUser3@ATL@@3VCTraceCategory@1@A 0000000180023a60     atlsd:atltrace.obj
 0003:00000a68       ?atlTraceUser4@ATL@@3VCTraceCategory@1@A 0000000180023a68     atlsd:atltrace.obj
 0003:00000a70       _pActualRawDllMain         0000000180023a70     <common>
 0003:00000a84       __native_startup_state     0000000180023a84     <common>
 0003:00000a98       __native_startup_lock      0000000180023a98     <common>
 0003:00000aa0       __onexitend                0000000180023aa0     <common>
 0003:00000ab8       __onexitbegin              0000000180023ab8     <common>
 0003:00000ac0       __dyn_tls_init_callback    0000000180023ac0     <common>
 0005:00000000       __IMPORT_DESCRIPTOR_MSVCP90D 0000000180026000     msvcprtd:MSVCP90D.dll
 0005:00000014       __IMPORT_DESCRIPTOR_mfc90d 0000000180026014     mfc90d:mfc90d.dll
 0005:00000028       __IMPORT_DESCRIPTOR_MSVCR90D 0000000180026028     msvcrtd:MSVCR90D.dll
 0005:0000003c       __IMPORT_DESCRIPTOR_KERNEL32 000000018002603c     kernel32:KERNEL32.dll
 0005:00000050       __IMPORT_DESCRIPTOR_USER32 0000000180026050     user32:USER32.dll
 0005:00000064       __IMPORT_DESCRIPTOR_pthreadVC2 0000000180026064     pthreadVC2:pthreadVC2.dll
 0005:00000078       __IMPORT_DESCRIPTOR_OLEAUT32 0000000180026078     oleaut32:OLEAUT32.dll
 0005:0000008c       __IMPORT_DESCRIPTOR_ADVAPI32 000000018002608c     advapi32:ADVAPI32.dll
 0005:000000a0       __NULL_IMPORT_DESCRIPTOR   00000001800260a0     msvcprtd:MSVCP90D.dll
 0005:000007a8       __imp_OpenThreadToken      00000001800267a8     advapi32:ADVAPI32.dll
 0005:000007b0       __imp_RevertToSelf         00000001800267b0     advapi32:ADVAPI32.dll
 0005:000007b8       __imp_SetThreadToken       00000001800267b8     advapi32:ADVAPI32.dll
 0005:000007c0       \177ADVAPI32_NULL_THUNK_DATA 00000001800267c0     advapi32:ADVAPI32.dll
 0005:00000818       __imp_GetModuleFileNameW   0000000180026818     kernel32:KERNEL32.dll
 0005:00000820       __imp_OpenFileMappingA     0000000180026820     kernel32:KERNEL32.dll
 0005:00000828       __imp_GetCurrentThread     0000000180026828     kernel32:KERNEL32.dll
 0005:00000830       __imp_CreateFileMappingA   0000000180026830     kernel32:KERNEL32.dll
 0005:00000838       __imp_MapViewOfFile        0000000180026838     kernel32:KERNEL32.dll
 0005:00000840       __imp_GetSystemInfo        0000000180026840     kernel32:KERNEL32.dll
 0005:00000848       __imp_UnmapViewOfFile      0000000180026848     kernel32:KERNEL32.dll
 0005:00000850       __imp_VirtualAlloc         0000000180026850     kernel32:KERNEL32.dll
 0005:00000858       __imp_lstrlenA             0000000180026858     kernel32:KERNEL32.dll
 0005:00000860       __imp_MultiByteToWideChar  0000000180026860     kernel32:KERNEL32.dll
 0005:00000868       __imp_GetLastError         0000000180026868     kernel32:KERNEL32.dll
 0005:00000870       __imp_OutputDebugStringW   0000000180026870     kernel32:KERNEL32.dll
 0005:00000878       __imp_OutputDebugStringA   0000000180026878     kernel32:KERNEL32.dll
 0005:00000880       __imp_OpenEventA           0000000180026880     kernel32:KERNEL32.dll
 0005:00000888       __imp_SetEvent             0000000180026888     kernel32:KERNEL32.dll
 0005:00000890       __imp_CloseHandle          0000000180026890     kernel32:KERNEL32.dll
 0005:00000898       __imp_RaiseException       0000000180026898     kernel32:KERNEL32.dll
 0005:000008a0       __imp_DisableThreadLibraryCalls 00000001800268a0     kernel32:KERNEL32.dll
 0005:000008a8       __imp_GetSystemTimeAsFileTime 00000001800268a8     kernel32:KERNEL32.dll
 0005:000008b0       __imp_GetCurrentProcessId  00000001800268b0     kernel32:KERNEL32.dll
 0005:000008b8       __imp_GetCurrentThreadId   00000001800268b8     kernel32:KERNEL32.dll
 0005:000008c0       __imp_GetTickCount         00000001800268c0     kernel32:KERNEL32.dll
 0005:000008c8       __imp_RtlCaptureContext    00000001800268c8     kernel32:KERNEL32.dll
 0005:000008d0       __imp_RtlLookupFunctionEntry 00000001800268d0     kernel32:KERNEL32.dll
 0005:000008d8       __imp_RtlVirtualUnwind     00000001800268d8     kernel32:KERNEL32.dll
 0005:000008e0       __imp_IsDebuggerPresent    00000001800268e0     kernel32:KERNEL32.dll
 0005:000008e8       __imp_SetUnhandledExceptionFilter 00000001800268e8     kernel32:KERNEL32.dll
 0005:000008f0       __imp_UnhandledExceptionFilter 00000001800268f0     kernel32:KERNEL32.dll
 0005:000008f8       __imp_GetCurrentProcess    00000001800268f8     kernel32:KERNEL32.dll
 0005:00000900       __imp_TerminateProcess     0000000180026900     kernel32:KERNEL32.dll
 0005:00000908       __imp_Sleep                0000000180026908     kernel32:KERNEL32.dll
 0005:00000910       __imp_AllocConsole         0000000180026910     kernel32:KERNEL32.dll
 0005:00000918       __imp_GetStdHandle         0000000180026918     kernel32:KERNEL32.dll
 0005:00000920       __imp_WriteConsoleA        0000000180026920     kernel32:KERNEL32.dll
 0005:00000928       __imp_FreeConsole          0000000180026928     kernel32:KERNEL32.dll
 0005:00000930       __imp_QueryPerformanceFrequency 0000000180026930     kernel32:KERNEL32.dll
 0005:00000938       __imp_QueryPerformanceCounter 0000000180026938     kernel32:KERNEL32.dll
 0005:00000940       \177KERNEL32_NULL_THUNK_DATA 0000000180026940     kernel32:KERNEL32.dll
 0005:000009d0       __imp_??1_Lockit@std@@QEAA@XZ 00000001800269d0     msvcprtd:MSVCP90D.dll
 0005:000009d8       __imp_??0_Container_base_secure@std@@QEAA@XZ 00000001800269d8     msvcprtd:MSVCP90D.dll
 0005:000009e0       __imp_?c_str@?$basic_string@DU?$char_traits@D@std@@V?$allocator@D@2@@std@@QEBAPEBDXZ 00000001800269e0     msvcprtd:MSVCP90D.dll
 0005:000009e8       __imp_??0?$basic_string@DU?$char_traits@D@std@@V?$allocator@D@2@@std@@QEAA@AEBV01@@Z 00000001800269e8     msvcprtd:MSVCP90D.dll
 0005:000009f0       __imp_??0?$basic_string@DU?$char_traits@D@std@@V?$allocator@D@2@@std@@QEAA@PEBD@Z 00000001800269f0     msvcprtd:MSVCP90D.dll
 0005:000009f8       __imp_??1?$basic_string@DU?$char_traits@D@std@@V?$allocator@D@2@@std@@QEAA@XZ 00000001800269f8     msvcprtd:MSVCP90D.dll
 0005:00000a00       __imp_??1_Container_base_secure@std@@QEAA@XZ 0000000180026a00     msvcprtd:MSVCP90D.dll
 0005:00000a08       __imp_?_Orphan_all@_Container_base_secure@std@@QEBAXXZ 0000000180026a08     msvcprtd:MSVCP90D.dll
 0005:00000a10       __imp_?_Debug_message@std@@YAXPEB_W0I@Z 0000000180026a10     msvcprtd:MSVCP90D.dll
 0005:00000a18       __imp_??0_Lockit@std@@QEAA@H@Z 0000000180026a18     msvcprtd:MSVCP90D.dll
 0005:00000a20       \177MSVCP90D_NULL_THUNK_DATA 0000000180026a20     msvcprtd:MSVCP90D.dll
 0005:00000a88       __imp___dllonexit          0000000180026a88     msvcrtd:MSVCR90D.dll
 0005:00000a90       __imp__lock                0000000180026a90     msvcrtd:MSVCR90D.dll
 0005:00000a98       __imp__onexit              0000000180026a98     msvcrtd:MSVCR90D.dll
 0005:00000aa0       __imp__CrtSetCheckCount    0000000180026aa0     msvcrtd:MSVCR90D.dll
 0005:00000aa8       __imp__decode_pointer      0000000180026aa8     msvcrtd:MSVCR90D.dll
 0005:00000ab0       __imp__encoded_null        0000000180026ab0     msvcrtd:MSVCR90D.dll
 0005:00000ab8       __imp__free_dbg            0000000180026ab8     msvcrtd:MSVCR90D.dll
 0005:00000ac0       __imp__malloc_dbg          0000000180026ac0     msvcrtd:MSVCR90D.dll
 0005:00000ac8       __imp__encode_pointer      0000000180026ac8     msvcrtd:MSVCR90D.dll
 0005:00000ad0       __imp_??_V@YAXPEAX@Z       0000000180026ad0     msvcrtd:MSVCR90D.dll
 0005:00000ad8       __imp_memmove_s            0000000180026ad8     msvcrtd:MSVCR90D.dll
 0005:00000ae0       __imp_?what@exception@std@@UEBAPEBDXZ 0000000180026ae0     msvcrtd:MSVCR90D.dll
 0005:00000ae8       __imp_??0exception@std@@QEAA@AEBQEBD@Z 0000000180026ae8     msvcrtd:MSVCR90D.dll
 0005:00000af0       __imp_??0exception@std@@QEAA@XZ 0000000180026af0     msvcrtd:MSVCR90D.dll
 0005:00000af8       __imp_??1exception@std@@UEAA@XZ 0000000180026af8     msvcrtd:MSVCR90D.dll
 0005:00000b00       __imp_??0exception@std@@QEAA@AEBV01@@Z 0000000180026b00     msvcrtd:MSVCR90D.dll
 0005:00000b08       __imp__CxxThrowException   0000000180026b08     msvcrtd:MSVCR90D.dll
 0005:00000b10       __imp__CrtDbgReportW       0000000180026b10     msvcrtd:MSVCR90D.dll
 0005:00000b18       __imp__invalid_parameter   0000000180026b18     msvcrtd:MSVCR90D.dll
 0005:00000b20       __imp_strcpy               0000000180026b20     msvcrtd:MSVCR90D.dll
 0005:00000b28       __imp__time64              0000000180026b28     msvcrtd:MSVCR90D.dll
 0005:00000b30       __imp__localtime64         0000000180026b30     msvcrtd:MSVCR90D.dll
 0005:00000b38       __imp_fprintf              0000000180026b38     msvcrtd:MSVCR90D.dll
 0005:00000b40       __imp__unlock              0000000180026b40     msvcrtd:MSVCR90D.dll
 0005:00000b48       __imp___clean_type_info_names_internal 0000000180026b48     msvcrtd:MSVCR90D.dll
 0005:00000b50       __imp___crt_debugger_hook  0000000180026b50     msvcrtd:MSVCR90D.dll
 0005:00000b58       __imp_?_type_info_dtor_internal_method@type_info@@QEAAXXZ 0000000180026b58     msvcrtd:MSVCR90D.dll
 0005:00000b60       __imp_?terminate@@YAXXZ    0000000180026b60     msvcrtd:MSVCR90D.dll
 0005:00000b68       __imp__initterm            0000000180026b68     msvcrtd:MSVCR90D.dll
 0005:00000b70       __imp___CppXcptFilter      0000000180026b70     msvcrtd:MSVCR90D.dll
 0005:00000b78       __imp__snprintf_s          0000000180026b78     msvcrtd:MSVCR90D.dll
 0005:00000b80       __imp__errno               0000000180026b80     msvcrtd:MSVCR90D.dll
 0005:00000b88       __imp__CrtDbgReport        0000000180026b88     msvcrtd:MSVCR90D.dll
 0005:00000b90       __imp_free                 0000000180026b90     msvcrtd:MSVCR90D.dll
 0005:00000b98       __imp_wcscpy               0000000180026b98     msvcrtd:MSVCR90D.dll
 0005:00000ba0       __imp__vsnprintf_s         0000000180026ba0     msvcrtd:MSVCR90D.dll
 0005:00000ba8       __imp__vsnwprintf_s        0000000180026ba8     msvcrtd:MSVCR90D.dll
 0005:00000bb0       __imp__snwprintf_s         0000000180026bb0     msvcrtd:MSVCR90D.dll
 0005:00000bb8       __imp_wcscpy_s             0000000180026bb8     msvcrtd:MSVCR90D.dll
 0005:00000bc0       __imp_wcsncpy_s            0000000180026bc0     msvcrtd:MSVCR90D.dll
 0005:00000bc8       __imp_strcpy_s             0000000180026bc8     msvcrtd:MSVCR90D.dll
 0005:00000bd0       __imp_calloc               0000000180026bd0     msvcrtd:MSVCR90D.dll
 0005:00000bd8       __imp__recalloc            0000000180026bd8     msvcrtd:MSVCR90D.dll
 0005:00000be0       __imp_memcmp               0000000180026be0     msvcrtd:MSVCR90D.dll
 0005:00000be8       __imp__wcsicmp             0000000180026be8     msvcrtd:MSVCR90D.dll
 0005:00000bf0       __imp_wcslen               0000000180026bf0     msvcrtd:MSVCR90D.dll
 0005:00000bf8       __imp_sprintf              0000000180026bf8     msvcrtd:MSVCR90D.dll
 0005:00000c00       __imp_strlen               0000000180026c00     msvcrtd:MSVCR90D.dll
 0005:00000c08       __imp_vsprintf             0000000180026c08     msvcrtd:MSVCR90D.dll
 0005:00000c10       __imp___CxxFrameHandler3   0000000180026c10     msvcrtd:MSVCR90D.dll
 0005:00000c18       __imp_fclose               0000000180026c18     msvcrtd:MSVCR90D.dll
 0005:00000c20       __imp_fopen                0000000180026c20     msvcrtd:MSVCR90D.dll
 0005:00000c28       __imp_memset               0000000180026c28     msvcrtd:MSVCR90D.dll
 0005:00000c30       __imp___C_specific_handler 0000000180026c30     msvcrtd:MSVCR90D.dll
 0005:00000c38       __imp__amsg_exit           0000000180026c38     msvcrtd:MSVCR90D.dll
 0005:00000c40       __imp__initterm_e          0000000180026c40     msvcrtd:MSVCR90D.dll
 0005:00000c48       __imp_fflush               0000000180026c48     msvcrtd:MSVCR90D.dll
 0005:00000c50       \177MSVCR90D_NULL_THUNK_DATA 0000000180026c50     msvcrtd:MSVCR90D.dll
 0005:00000d00       __imp_SysFreeString        0000000180026d00     oleaut32:OLEAUT32.dll
 0005:00000d08       \177OLEAUT32_NULL_THUNK_DATA 0000000180026d08     oleaut32:OLEAUT32.dll
 0005:00000d60       __imp_MessageBoxA          0000000180026d60     user32:USER32.dll
 0005:00000d68       __imp_PostMessageA         0000000180026d68     user32:USER32.dll
 0005:00000d70       \177USER32_NULL_THUNK_DATA 0000000180026d70     user32:USER32.dll
 0005:00000dc8       __imp_??3@YAXPEAX@Z        0000000180026dc8     mfc90d:mfc90d.dll
 0005:00000dd0       __imp_??2@YAPEAX_K@Z       0000000180026dd0     mfc90d:mfc90d.dll
 0005:00000dd8       \177mfc90d_NULL_THUNK_DATA 0000000180026dd8     mfc90d:mfc90d.dll
 0005:00000e30       __imp_pthread_mutex_lock   0000000180026e30     pthreadVC2:pthreadVC2.dll
 0005:00000e38       __imp_pthread_mutex_unlock 0000000180026e38     pthreadVC2:pthreadVC2.dll
 0005:00000e40       \177pthreadVC2_NULL_THUNK_DATA 0000000180026e40     pthreadVC2:pthreadVC2.dll
 0006:00000000       ?g_pLog@@3PEAVCLog@@EA     0000000180028000     Log.obj

 entry point at        0001:0000cef0

