 libLog

 Timestamp is 59e71c3a (Wed Oct 18 17:17:46 2017)

 Preferred load address is 0000000180000000

 Start         Length     Name                   Class
 0001:00000000 00014f35H .text                   CODE
 0001:00014f40 000028f2H .text$x                 CODE
 0001:00017840 000015ebH .text$yc                CODE
 0001:00018e30 00001064H .text$yd                CODE
 0002:00000000 00000109H .CRT$XCA                DATA
 0002:00000110 0000011cH .CRT$XCC                DATA
 0002:00000230 00000203H .CRT$XCL                DATA
 0002:00000438 0000012dH .CRT$XCU                DATA
 0002:00000568 00000109H .CRT$XCZ                DATA
 0002:00000678 00000109H .CRT$XIA                DATA
 0002:00000788 00000109H .CRT$XIAA               DATA
 0002:00000898 00000109H .CRT$XIZ                DATA
 0002:000009b0 00003185H .rdata                  DATA
 0002:00003b38 00000144H .rdata$debug            DATA
 0002:00003c80 000004c4H .rdata$r                DATA
 0002:00004148 00000109H .rtc$IAA                DATA
 0002:00004258 00000109H .rtc$IZZ                DATA
 0002:00004368 00000109H .rtc$TAA                DATA
 0002:00004478 00000109H .rtc$TZZ                DATA
 0002:00004584 000028d6H .xdata                  DATA
 0002:00006e60 0000029cH .xdata$x                DATA
 0002:00007100 00000109H ATL$__a                 DATA
 0002:00007210 00000109H ATL$__z                 DATA
 0002:00007320 0000088fH .edata                  DATA
 0003:00000000 000002fbH .data                   DATA
 0003:00000300 000007d8H .bss                    DATA
 0004:00000000 000019b0H .pdata                  DATA
 0005:00000000 000000a0H .idata$2                DATA
 0005:000000a0 00000014H .idata$3                DATA
 0005:000000b8 000006f0H .idata$4                DATA
 0005:000007a8 000006f0H .idata$5                DATA
 0005:00000e98 00000b82H .idata$6                DATA
 0006:00000000 000003bcH LogShareData            DATA

  Address         Publics by Value              Rva+Base               Lib:Object

 0000:00000000       ___safe_se_handler_count   0000000000000000     <absolute>
 0000:00000000       ___safe_se_handler_table   0000000000000000     <absolute>
 0000:00000000       __ImageBase                0000000180000000     <linker-defined>
 0001:00000c30       ?_AfxInitManaged@@YAHXZ    0000000180001c30 f i Log.obj
 0001:00000c40       ??0MsgLog@@QEAA@XZ         0000000180001c40 f   Log.obj
 0001:00000ca0       ??0RegLog@@QEAA@XZ         0000000180001ca0 f   Log.obj
 0001:00000d40       ??0CLog@@QEAA@XZ           0000000180001d40 f   Log.obj
 0001:00000e10       ??1CLog@@QEAA@XZ           0000000180001e10 f   Log.obj
 0001:00001020       ?Instance@CLog@@SAAEAV1@XZ 0000000180002020 f   Log.obj
 0001:00001030       ?Init@CLog@@QEAAXXZ        0000000180002030 f   Log.obj
 0001:000011f0       ?Init@CLog@@QEAAXPEAV?$vector@UMsgLog@@V?$allocator@UMsgLog@@@std@@@std@@PEAV?$vector@URegLog@@V?$allocator@URegLog@@@std@@@3@@Z 00000001800021f0 f   Log.obj
 0001:00001230       ?Init@CLog@@QEAAXPEAUHWND__@@@Z 0000000180002230 f   Log.obj
 0001:00001320       ?Init@CLog@@QEAAXV?$vector@PEAUHWND__@@V?$allocator@PEAUHWND__@@@std@@@std@@@Z 0000000180002320 f   Log.obj
 0001:00001540       ?Init@CLog@@QEAAXPEAUHWND__@@PEAV?$vector@UMsgLog@@V?$allocator@UMsgLog@@@std@@@std@@PEAV?$vector@URegLog@@V?$allocator@URegLog@@@std@@@4@@Z 0000000180002540 f   Log.obj
 0001:00001650       ?Init@CLog@@QEAAXV?$vector@PEAUHWND__@@V?$allocator@PEAUHWND__@@@std@@@std@@PEAV?$vector@UMsgLog@@V?$allocator@UMsgLog@@@std@@@3@PEAV?$vector@URegLog@@V?$allocator@URegLog@@@std@@@3@@Z 0000000180002650 f   Log.obj
 0001:00001880       ?GetMsgLog@CLog@@QEAAPEAV?$vector@UMsgLog@@V?$allocator@UMsgLog@@@std@@@std@@XZ 0000000180002880 f   Log.obj
 0001:000018a0       ?GetRegLog@CLog@@QEAAPEAV?$vector@URegLog@@V?$allocator@URegLog@@@std@@@std@@XZ 00000001800028a0 f   Log.obj
 0001:000018c0       ?Set@CLog@@QEAAX_K@Z       00000001800028c0 f   Log.obj
 0001:000018f0       ?Get@CLog@@QEAA_KXZ        00000001800028f0 f   Log.obj
 0001:00001910       ?IsEnabled@CLog@@QEAA_NW4LogSw@@@Z 0000000180002910 f   Log.obj
 0001:000019a0       ?SetEnable@CLog@@QEAAXW4LogSw@@_N@Z 00000001800029a0 f   Log.obj
 0001:00001a10       ?SetDefault@CLog@@QEAAXXZ  0000000180002a10 f   Log.obj
 0001:00001a30       ?GetTimeStamp@CLog@@UEAANXZ 0000000180002a30 f   Log.obj
 0001:00001a80       ?stdprintf@CLog@@UEAAXPEBDZZ 0000000180002a80 f   Log.obj
 0001:00001be0       ?printf@CLog@@UEAAXPEBDZZ  0000000180002be0 f   Log.obj
 0001:00001c90       ?trace@CLog@@UEAAXPEBDZZ   0000000180002c90 f   Log.obj
 0001:00001d70       ?AddMsgList@CLog@@UEAAHPEBDZZ 0000000180002d70 f   Log.obj
 0001:000020f0       ?AddMsgList@CLog@@UEAAHHPEBDZZ 00000001800030f0 f   Log.obj
 0001:00002440       ?AddRegList@CLog@@UEAAHHPEADHII@Z 0000000180003440 f   Log.obj
 0001:00002850       ?SetLastError@CLog@@QEAAXPEBDZZ 0000000180003850 f   Log.obj
 0001:000028e0       ?SetLastError@CLog@@QEAAXHPEBDZZ 00000001800038e0 f   Log.obj
 0001:00002970       ?GetLastError@CLog@@QEAAPEADXZ 0000000180003970 f   Log.obj
 0001:000030d0       ??_G?$vector@PEAUHWND__@@V?$allocator@PEAUHWND__@@@std@@@std@@QEAAPEAXI@Z 00000001800040d0 f i Log.obj
 0001:00003120       ??_G?$vector@UMsgLog@@V?$allocator@UMsgLog@@@std@@@std@@QEAAPEAXI@Z 0000000180004120 f i Log.obj
 0001:00003170       ??_G?$vector@URegLog@@V?$allocator@URegLog@@@std@@@std@@QEAAPEAXI@Z 0000000180004170 f i Log.obj
 0001:000031c0       ??1?$_Vector_iterator@PEAUHWND__@@V?$allocator@PEAUHWND__@@@std@@@std@@QEAA@XZ 00000001800041c0 f i Log.obj
 0001:000031e0       ??4?$_Vector_iterator@PEAUHWND__@@V?$allocator@PEAUHWND__@@@std@@@std@@QEAAAEAV01@AEBV01@@Z 00000001800041e0 f i Log.obj
 0001:00003210       ??1?$_Vector_const_iterator@PEAUHWND__@@V?$allocator@PEAUHWND__@@@std@@@std@@QEAA@XZ 0000000180004210 f i Log.obj
 0001:00003230       ??4?$_Vector_const_iterator@PEAUHWND__@@V?$allocator@PEAUHWND__@@@std@@@std@@QEAAAEAV01@AEBV01@@Z 0000000180004230 f i Log.obj
 0001:00003280       ??1?$_Ranit@PEAUHWND__@@_JPEBQEAU1@AEBQEAU1@@std@@QEAA@XZ 0000000180004280 f i Log.obj
 0001:000032a0       ??4?$_Ranit@PEAUHWND__@@_JPEBQEAU1@AEBQEAU1@@std@@QEAAAEAU01@AEBU01@@Z 00000001800042a0 f i Log.obj
 0001:000032d0       ??1?$_Iterator_with_base@Urandom_access_iterator_tag@std@@PEAUHWND__@@_JPEBQEAU3@AEBQEAU3@V_Iterator_base@2@@std@@QEAA@XZ 00000001800042d0 f i Log.obj
 0001:000032f0       ??1_Iterator_base@std@@QEAA@XZ 00000001800042f0 f i Log.obj
 0001:00003340       ?_Orphan_me@_Iterator_base@std@@QEAAXXZ 0000000180004340 f i Log.obj
 0001:00003410       ??4?$_Iterator_with_base@Urandom_access_iterator_tag@std@@PEAUHWND__@@_JPEBQEAU3@AEBQEAU3@V_Iterator_base@2@@std@@QEAAAEAU01@AEBU01@@Z 0000000180004410 f i Log.obj
 0001:00003440       ??4_Iterator_base@std@@QEAAAEAV01@AEBV01@@Z 0000000180004440 f i Log.obj
 0001:000034d0       ?_Adopt@_Iterator_base@std@@QEAAXPEBV_Container_base_secure@2@@Z 00000001800044d0 f i Log.obj
 0001:00003590       ??0CTraceFileAndLineInfo@ATL@@QEAA@PEBDH@Z 0000000180004590 f i Log.obj
 0001:000035d0       ??RCTraceFileAndLineInfo@ATL@@QEBAXPEBDZZ 00000001800045d0 f i Log.obj
 0001:00003670       ?TraceV@CTrace@ATL@@QEBAXPEBDH_KI0PEAD@Z 0000000180004670 f i Log.obj
 0001:000036e0       ??BCTraceCategory@ATL@@QEBA_KXZ 00000001800046e0 f i Log.obj
 0001:00003700       ??0?$vector@PEAUHWND__@@V?$allocator@PEAUHWND__@@@std@@@std@@QEAA@XZ 0000000180004700 f i Log.obj
 0001:00003760       ??1?$vector@PEAUHWND__@@V?$allocator@PEAUHWND__@@@std@@@std@@QEAA@XZ 0000000180004760 f i Log.obj
 0001:000037a0       ?begin@?$vector@PEAUHWND__@@V?$allocator@PEAUHWND__@@@std@@@std@@QEAA?AV?$_Vector_iterator@PEAUHWND__@@V?$allocator@PEAUHWND__@@@std@@@2@XZ 00000001800047a0 f i Log.obj
 0001:00003800       ?end@?$vector@PEAUHWND__@@V?$allocator@PEAUHWND__@@@std@@@std@@QEAA?AV?$_Vector_iterator@PEAUHWND__@@V?$allocator@PEAUHWND__@@@std@@@2@XZ 0000000180004800 f i Log.obj
 0001:00003860       ?push_back@?$vector@PEAUHWND__@@V?$allocator@PEAUHWND__@@@std@@@std@@QEAAXAEBQEAUHWND__@@@Z 0000000180004860 f i Log.obj
 0001:000039d0       ?clear@?$vector@PEAUHWND__@@V?$allocator@PEAUHWND__@@@std@@@std@@QEAAXXZ 00000001800049d0 f i Log.obj
 0001:00003b30       ??0?$vector@UMsgLog@@V?$allocator@UMsgLog@@@std@@@std@@QEAA@XZ 0000000180004b30 f i Log.obj
 0001:00003b90       ??1?$vector@UMsgLog@@V?$allocator@UMsgLog@@@std@@@std@@QEAA@XZ 0000000180004b90 f i Log.obj
 0001:00003bd0       ?push_back@?$vector@UMsgLog@@V?$allocator@UMsgLog@@@std@@@std@@QEAAXAEBUMsgLog@@@Z 0000000180004bd0 f i Log.obj
 0001:00003d40       ?clear@?$vector@UMsgLog@@V?$allocator@UMsgLog@@@std@@@std@@QEAAXXZ 0000000180004d40 f i Log.obj
 0001:00003ea0       ??0?$vector@URegLog@@V?$allocator@URegLog@@@std@@@std@@QEAA@XZ 0000000180004ea0 f i Log.obj
 0001:00003f00       ??1?$vector@URegLog@@V?$allocator@URegLog@@@std@@@std@@QEAA@XZ 0000000180004f00 f i Log.obj
 0001:00003f40       ?push_back@?$vector@URegLog@@V?$allocator@URegLog@@@std@@@std@@QEAAXAEBURegLog@@@Z 0000000180004f40 f i Log.obj
 0001:000040b0       ?clear@?$vector@URegLog@@V?$allocator@URegLog@@@std@@@std@@QEAAXXZ 00000001800050b0 f i Log.obj
 0001:00004210       ??0?$_Vector_iterator@PEAUHWND__@@V?$allocator@PEAUHWND__@@@std@@@std@@QEAA@XZ 0000000180005210 f i Log.obj
 0001:00004240       ??D?$_Vector_iterator@PEAUHWND__@@V?$allocator@PEAUHWND__@@@std@@@std@@QEBAAEAPEAUHWND__@@XZ 0000000180005240 f i Log.obj
 0001:00004260       ??E?$_Vector_iterator@PEAUHWND__@@V?$allocator@PEAUHWND__@@@std@@@std@@QEAA?AV01@H@Z 0000000180005260 f i Log.obj
 0001:000042f0       ??9?$_Vector_const_iterator@PEAUHWND__@@V?$allocator@PEAUHWND__@@@std@@@std@@QEBA_NAEBV01@@Z 00000001800052f0 f i Log.obj
 0001:00004340       ??1?$_Vector_val@PEAUHWND__@@V?$allocator@PEAUHWND__@@@std@@@std@@QEAA@XZ 0000000180005340 f i Log.obj
 0001:00004360       ??0?$_Vector_const_iterator@PEAUHWND__@@V?$allocator@PEAUHWND__@@@std@@@std@@QEAA@AEBV01@@Z 0000000180005360 f i Log.obj
 0001:000043b0       ??1?$_Vector_val@UMsgLog@@V?$allocator@UMsgLog@@@std@@@std@@QEAA@XZ 00000001800053b0 f i Log.obj
 0001:000043d0       ??1?$_Vector_iterator@UMsgLog@@V?$allocator@UMsgLog@@@std@@@std@@QEAA@XZ 00000001800053d0 f i Log.obj
 0001:000043f0       ??0?$_Vector_const_iterator@UMsgLog@@V?$allocator@UMsgLog@@@std@@@std@@QEAA@AEBV01@@Z 00000001800053f0 f i Log.obj
 0001:00004440       ??1?$_Vector_const_iterator@UMsgLog@@V?$allocator@UMsgLog@@@std@@@std@@QEAA@XZ 0000000180005440 f i Log.obj
 0001:00004460       ??1?$_Vector_val@URegLog@@V?$allocator@URegLog@@@std@@@std@@QEAA@XZ 0000000180005460 f i Log.obj
 0001:00004480       ??1?$_Vector_iterator@URegLog@@V?$allocator@URegLog@@@std@@@std@@QEAA@XZ 0000000180005480 f i Log.obj
 0001:000044a0       ??0?$_Vector_const_iterator@URegLog@@V?$allocator@URegLog@@@std@@@std@@QEAA@AEBV01@@Z 00000001800054a0 f i Log.obj
 0001:000044f0       ??1?$_Vector_const_iterator@URegLog@@V?$allocator@URegLog@@@std@@@std@@QEAA@XZ 00000001800054f0 f i Log.obj
 0001:00004510       ??0?$_Vector_iterator@PEAUHWND__@@V?$allocator@PEAUHWND__@@@std@@@std@@QEAA@AEBV01@@Z 0000000180005510 f i Log.obj
 0001:00004540       ??0?$_Ranit@PEAUHWND__@@_JPEBQEAU1@AEBQEAU1@@std@@QEAA@AEBU01@@Z 0000000180005540 f i Log.obj
 0001:00004570       ??0?$_Ranit@UMsgLog@@_JPEBU1@AEBU1@@std@@QEAA@AEBU01@@Z 0000000180005570 f i Log.obj
 0001:000045a0       ??1?$_Ranit@UMsgLog@@_JPEBU1@AEBU1@@std@@QEAA@XZ 00000001800055a0 f i Log.obj
 0001:000045c0       ??0?$_Ranit@URegLog@@_JPEBU1@AEBU1@@std@@QEAA@AEBU01@@Z 00000001800055c0 f i Log.obj
 0001:000045f0       ??1?$_Ranit@URegLog@@_JPEBU1@AEBU1@@std@@QEAA@XZ 00000001800055f0 f i Log.obj
 0001:00004610       ??0?$_Iterator_with_base@Urandom_access_iterator_tag@std@@PEAUHWND__@@_JPEBQEAU3@AEBQEAU3@V_Iterator_base@2@@std@@QEAA@AEBU01@@Z 0000000180005610 f i Log.obj
 0001:00004640       ??0_Iterator_base@std@@QEAA@AEBV01@@Z 0000000180005640 f i Log.obj
 0001:00004690       ??0?$_Iterator_with_base@Urandom_access_iterator_tag@std@@UMsgLog@@_JPEBU3@AEBU3@V_Iterator_base@2@@std@@QEAA@AEBU01@@Z 0000000180005690 f i Log.obj
 0001:000046c0       ??1?$_Iterator_with_base@Urandom_access_iterator_tag@std@@UMsgLog@@_JPEBU3@AEBU3@V_Iterator_base@2@@std@@QEAA@XZ 00000001800056c0 f i Log.obj
 0001:000046e0       ??0?$_Iterator_with_base@Urandom_access_iterator_tag@std@@URegLog@@_JPEBU3@AEBU3@V_Iterator_base@2@@std@@QEAA@AEBU01@@Z 00000001800056e0 f i Log.obj
 0001:00004710       ??1?$_Iterator_with_base@Urandom_access_iterator_tag@std@@URegLog@@_JPEBU3@AEBU3@V_Iterator_base@2@@std@@QEAA@XZ 0000000180005710 f i Log.obj
 0001:00004730       ?capacity@?$vector@PEAUHWND__@@V?$allocator@PEAUHWND__@@@std@@@std@@QEBA_KXZ 0000000180005730 f i Log.obj
 0001:00004790       ?size@?$vector@PEAUHWND__@@V?$allocator@PEAUHWND__@@@std@@@std@@QEBA_KXZ 0000000180005790 f i Log.obj
 0001:000047c0       ?insert@?$vector@PEAUHWND__@@V?$allocator@PEAUHWND__@@@std@@@std@@QEAA?AV?$_Vector_iterator@PEAUHWND__@@V?$allocator@PEAUHWND__@@@std@@@2@V?$_Vector_const_iterator@PEAUHWND__@@V?$allocator@PEAUHWND__@@@std@@@2@AEBQEAUHWND__@@@Z 00000001800057c0 f i Log.obj
 0001:000049b0       ?erase@?$vector@PEAUHWND__@@V?$allocator@PEAUHWND__@@@std@@@std@@QEAA?AV?$_Vector_iterator@PEAUHWND__@@V?$allocator@PEAUHWND__@@@std@@@2@V?$_Vector_const_iterator@PEAUHWND__@@V?$allocator@PEAUHWND__@@@std@@@2@0@Z 00000001800059b0 f i Log.obj
 0001:00004c50       ?_Buy@?$vector@PEAUHWND__@@V?$allocator@PEAUHWND__@@@std@@@std@@IEAA_N_K@Z 0000000180005c50 f i Log.obj
 0001:00004d30       ?_Tidy@?$vector@PEAUHWND__@@V?$allocator@PEAUHWND__@@@std@@@std@@IEAAXXZ 0000000180005d30 f i Log.obj
 0001:00004df0       ?_Ufill@?$vector@PEAUHWND__@@V?$allocator@PEAUHWND__@@@std@@@std@@IEAAPEAPEAUHWND__@@PEAPEAU3@_KAEBQEAU3@@Z 0000000180005df0 f i Log.obj
 0001:00004e50       ?_Orphan_range@?$vector@PEAUHWND__@@V?$allocator@PEAUHWND__@@@std@@@std@@IEBAXPEAPEAUHWND__@@0@Z 0000000180005e50 f i Log.obj
 0001:00004f20       ??0?$_Vector_val@PEAUHWND__@@V?$allocator@PEAUHWND__@@@std@@@std@@IEAA@V?$allocator@PEAUHWND__@@@1@@Z 0000000180005f20 f i Log.obj
 0001:00004f90       ??1?$_Container_base_aux_alloc_empty@V?$allocator@PEAUHWND__@@@std@@@std@@IEAA@XZ 0000000180005f90 f i Log.obj
 0001:00004fb0       ??0?$allocator@PEAUHWND__@@@std@@QEAA@XZ 0000000180005fb0 f i Log.obj
 0001:00004fc0       ?capacity@?$vector@UMsgLog@@V?$allocator@UMsgLog@@@std@@@std@@QEBA_KXZ 0000000180005fc0 f i Log.obj
 0001:00005020       ?begin@?$vector@UMsgLog@@V?$allocator@UMsgLog@@@std@@@std@@QEAA?AV?$_Vector_iterator@UMsgLog@@V?$allocator@UMsgLog@@@std@@@2@XZ 0000000180006020 f i Log.obj
 0001:00005080       ?end@?$vector@UMsgLog@@V?$allocator@UMsgLog@@@std@@@std@@QEAA?AV?$_Vector_iterator@UMsgLog@@V?$allocator@UMsgLog@@@std@@@2@XZ 0000000180006080 f i Log.obj
 0001:000050e0       ?size@?$vector@UMsgLog@@V?$allocator@UMsgLog@@@std@@@std@@QEBA_KXZ 00000001800060e0 f i Log.obj
 0001:00005110       ?insert@?$vector@UMsgLog@@V?$allocator@UMsgLog@@@std@@@std@@QEAA?AV?$_Vector_iterator@UMsgLog@@V?$allocator@UMsgLog@@@std@@@2@V?$_Vector_const_iterator@UMsgLog@@V?$allocator@UMsgLog@@@std@@@2@AEBUMsgLog@@@Z 0000000180006110 f i Log.obj
 0001:00005300       ?erase@?$vector@UMsgLog@@V?$allocator@UMsgLog@@@std@@@std@@QEAA?AV?$_Vector_iterator@UMsgLog@@V?$allocator@UMsgLog@@@std@@@2@V?$_Vector_const_iterator@UMsgLog@@V?$allocator@UMsgLog@@@std@@@2@0@Z 0000000180006300 f i Log.obj
 0001:000055a0       ?_Buy@?$vector@UMsgLog@@V?$allocator@UMsgLog@@@std@@@std@@IEAA_N_K@Z 00000001800065a0 f i Log.obj
 0001:00005680       ?_Tidy@?$vector@UMsgLog@@V?$allocator@UMsgLog@@@std@@@std@@IEAAXXZ 0000000180006680 f i Log.obj
 0001:00005750       ?_Ufill@?$vector@UMsgLog@@V?$allocator@UMsgLog@@@std@@@std@@IEAAPEAUMsgLog@@PEAU3@_KAEBU3@@Z 0000000180006750 f i Log.obj
 0001:000057c0       ?_Orphan_range@?$vector@UMsgLog@@V?$allocator@UMsgLog@@@std@@@std@@IEBAXPEAUMsgLog@@0@Z 00000001800067c0 f i Log.obj
 0001:00005890       ??0?$_Vector_val@UMsgLog@@V?$allocator@UMsgLog@@@std@@@std@@IEAA@V?$allocator@UMsgLog@@@1@@Z 0000000180006890 f i Log.obj
 0001:00005900       ??1?$_Container_base_aux_alloc_empty@V?$allocator@UMsgLog@@@std@@@std@@IEAA@XZ 0000000180006900 f i Log.obj
 0001:00005920       ??0?$allocator@UMsgLog@@@std@@QEAA@XZ 0000000180006920 f i Log.obj
 0001:00005930       ?capacity@?$vector@URegLog@@V?$allocator@URegLog@@@std@@@std@@QEBA_KXZ 0000000180006930 f i Log.obj
 0001:00005990       ?begin@?$vector@URegLog@@V?$allocator@URegLog@@@std@@@std@@QEAA?AV?$_Vector_iterator@URegLog@@V?$allocator@URegLog@@@std@@@2@XZ 0000000180006990 f i Log.obj
 0001:000059f0       ?end@?$vector@URegLog@@V?$allocator@URegLog@@@std@@@std@@QEAA?AV?$_Vector_iterator@URegLog@@V?$allocator@URegLog@@@std@@@2@XZ 00000001800069f0 f i Log.obj
 0001:00005a50       ?size@?$vector@URegLog@@V?$allocator@URegLog@@@std@@@std@@QEBA_KXZ 0000000180006a50 f i Log.obj
 0001:00005a80       ?insert@?$vector@URegLog@@V?$allocator@URegLog@@@std@@@std@@QEAA?AV?$_Vector_iterator@URegLog@@V?$allocator@URegLog@@@std@@@2@V?$_Vector_const_iterator@URegLog@@V?$allocator@URegLog@@@std@@@2@AEBURegLog@@@Z 0000000180006a80 f i Log.obj
 0001:00005c70       ?erase@?$vector@URegLog@@V?$allocator@URegLog@@@std@@@std@@QEAA?AV?$_Vector_iterator@URegLog@@V?$allocator@URegLog@@@std@@@2@V?$_Vector_const_iterator@URegLog@@V?$allocator@URegLog@@@std@@@2@0@Z 0000000180006c70 f i Log.obj
 0001:00005f10       ?_Buy@?$vector@URegLog@@V?$allocator@URegLog@@@std@@@std@@IEAA_N_K@Z 0000000180006f10 f i Log.obj
 0001:00005ff0       ?_Tidy@?$vector@URegLog@@V?$allocator@URegLog@@@std@@@std@@IEAAXXZ 0000000180006ff0 f i Log.obj
 0001:000060b0       ?_Ufill@?$vector@URegLog@@V?$allocator@URegLog@@@std@@@std@@IEAAPEAURegLog@@PEAU3@_KAEBU3@@Z 00000001800070b0 f i Log.obj
 0001:00006110       ?_Orphan_range@?$vector@URegLog@@V?$allocator@URegLog@@@std@@@std@@IEBAXPEAURegLog@@0@Z 0000000180007110 f i Log.obj
 0001:000061e0       ??0?$_Vector_val@URegLog@@V?$allocator@URegLog@@@std@@@std@@IEAA@V?$allocator@URegLog@@@1@@Z 00000001800071e0 f i Log.obj
 0001:00006250       ??1?$_Container_base_aux_alloc_empty@V?$allocator@URegLog@@@std@@@std@@IEAA@XZ 0000000180007250 f i Log.obj
 0001:00006270       ??0?$allocator@URegLog@@@std@@QEAA@XZ 0000000180007270 f i Log.obj
 0001:00006280       ??0?$_Vector_iterator@PEAUHWND__@@V?$allocator@PEAUHWND__@@@std@@@std@@QEAA@PEAPEAUHWND__@@PEBV_Container_base_secure@1@@Z 0000000180007280 f i Log.obj
 0001:000062c0       ??E?$_Vector_iterator@PEAUHWND__@@V?$allocator@PEAUHWND__@@@std@@@std@@QEAAAEAV01@XZ 00000001800072c0 f i Log.obj
 0001:000062f0       ??0?$_Vector_const_iterator@PEAUHWND__@@V?$allocator@PEAUHWND__@@@std@@@std@@QEAA@XZ 00000001800072f0 f i Log.obj
 0001:00006330       ??D?$_Vector_const_iterator@PEAUHWND__@@V?$allocator@PEAUHWND__@@@std@@@std@@QEBAAEBQEAUHWND__@@XZ 0000000180007330 f i Log.obj
 0001:00006430       ??8?$_Vector_const_iterator@PEAUHWND__@@V?$allocator@PEAUHWND__@@@std@@@std@@QEBA_NAEBV01@@Z 0000000180007430 f i Log.obj
 0001:00006490       ??0?$_Ranit@PEAUHWND__@@_JPEBQEAU1@AEBQEAU1@@std@@QEAA@XZ 0000000180007490 f i Log.obj
 0001:000064c0       ??0?$_Iterator_with_base@Urandom_access_iterator_tag@std@@PEAUHWND__@@_JPEBQEAU3@AEBQEAU3@V_Iterator_base@2@@std@@QEAA@XZ 00000001800074c0 f i Log.obj
 0001:000064f0       ??0_Iterator_base@std@@QEAA@XZ 00000001800074f0 f i Log.obj
 0001:00006520       ?_Make_iter@?$vector@PEAUHWND__@@V?$allocator@PEAUHWND__@@@std@@@std@@QEBA?AV?$_Vector_iterator@PEAUHWND__@@V?$allocator@PEAUHWND__@@@std@@@2@V?$_Vector_const_iterator@PEAUHWND__@@V?$allocator@PEAUHWND__@@@std@@@2@@Z 0000000180007520 f i Log.obj
 0001:000065a0       ?max_size@?$vector@PEAUHWND__@@V?$allocator@PEAUHWND__@@@std@@@std@@QEBA_KXZ 00000001800075a0 f i Log.obj
 0001:000065d0       ?_Destroy@?$vector@PEAUHWND__@@V?$allocator@PEAUHWND__@@@std@@@std@@IEAAXPEAPEAUHWND__@@0@Z 00000001800075d0 f i Log.obj
 0001:00006610       ?_Insert_n@?$vector@PEAUHWND__@@V?$allocator@PEAUHWND__@@@std@@@std@@IEAAXV?$_Vector_const_iterator@PEAUHWND__@@V?$allocator@PEAUHWND__@@@std@@@2@_KAEBQEAUHWND__@@@Z 0000000180007610 f i Log.obj
 0001:00006d20       ?_Xlen@?$vector@PEAUHWND__@@V?$allocator@PEAUHWND__@@@std@@@std@@KAXXZ 0000000180007d20 f i Log.obj
 0001:00006da0       ??0length_error@std@@QEAA@AEBV?$basic_string@DU?$char_traits@D@std@@V?$allocator@D@2@@1@@Z 0000000180007da0 f i Log.obj
 0001:00006df0       ??0logic_error@std@@QEAA@AEBV?$basic_string@DU?$char_traits@D@std@@V?$allocator@D@2@@1@@Z 0000000180007df0 f i Log.obj
 0001:00006e60       ?what@logic_error@std@@UEBAPEBDXZ 0000000180007e60 f i Log.obj
 0001:00006e90       ??_Glogic_error@std@@UEAAPEAXI@Z 0000000180007e90 f i Log.obj
 0001:00006e90       ??_Elogic_error@std@@UEAAPEAXI@Z 0000000180007e90 f i Log.obj
 0001:00006ee0       ??1logic_error@std@@UEAA@XZ 0000000180007ee0 f i Log.obj
 0001:00006f30       ??1length_error@std@@UEAA@XZ 0000000180007f30 f i Log.obj
 0001:00006f60       ??_Elength_error@std@@UEAAPEAXI@Z 0000000180007f60 f i Log.obj
 0001:00006f60       ??_Glength_error@std@@UEAAPEAXI@Z 0000000180007f60 f i Log.obj
 0001:00006fb0       ??0?$_Container_base_aux_alloc_empty@V?$allocator@PEAUHWND__@@@std@@@std@@IEAA@V?$allocator@PEAUHWND__@@@1@@Z 0000000180007fb0 f i Log.obj
 0001:00006fe0       ??0?$allocator@PEAUHWND__@@@std@@QEAA@AEBV01@@Z 0000000180007fe0 f i Log.obj
 0001:00007000       ?deallocate@?$allocator@PEAUHWND__@@@std@@QEAAXPEAPEAUHWND__@@_K@Z 0000000180008000 f i Log.obj
 0001:00007030       ?allocate@?$allocator@PEAUHWND__@@@std@@QEAAPEAPEAUHWND__@@_K@Z 0000000180008030 f i Log.obj
 0001:00007060       ?_Make_iter@?$vector@UMsgLog@@V?$allocator@UMsgLog@@@std@@@std@@QEBA?AV?$_Vector_iterator@UMsgLog@@V?$allocator@UMsgLog@@@std@@@2@V?$_Vector_const_iterator@UMsgLog@@V?$allocator@UMsgLog@@@std@@@2@@Z 0000000180008060 f i Log.obj
 0001:000070e0       ?max_size@?$vector@UMsgLog@@V?$allocator@UMsgLog@@@std@@@std@@QEBA_KXZ 00000001800080e0 f i Log.obj
 0001:00007110       ?_Destroy@?$vector@UMsgLog@@V?$allocator@UMsgLog@@@std@@@std@@IEAAXPEAUMsgLog@@0@Z 0000000180008110 f i Log.obj
 0001:00007150       ?_Insert_n@?$vector@UMsgLog@@V?$allocator@UMsgLog@@@std@@@std@@IEAAXV?$_Vector_const_iterator@UMsgLog@@V?$allocator@UMsgLog@@@std@@@2@_KAEBUMsgLog@@@Z 0000000180008150 f i Log.obj
 0001:00007960       ?_Xlen@?$vector@UMsgLog@@V?$allocator@UMsgLog@@@std@@@std@@KAXXZ 0000000180008960 f i Log.obj
 0001:000079e0       ??0?$_Container_base_aux_alloc_empty@V?$allocator@UMsgLog@@@std@@@std@@IEAA@V?$allocator@UMsgLog@@@1@@Z 00000001800089e0 f i Log.obj
 0001:00007a10       ??0?$allocator@UMsgLog@@@std@@QEAA@AEBV01@@Z 0000000180008a10 f i Log.obj
 0001:00007a30       ?deallocate@?$allocator@UMsgLog@@@std@@QEAAXPEAUMsgLog@@_K@Z 0000000180008a30 f i Log.obj
 0001:00007a60       ?allocate@?$allocator@UMsgLog@@@std@@QEAAPEAUMsgLog@@_K@Z 0000000180008a60 f i Log.obj
 0001:00007a90       ?_Make_iter@?$vector@URegLog@@V?$allocator@URegLog@@@std@@@std@@QEBA?AV?$_Vector_iterator@URegLog@@V?$allocator@URegLog@@@std@@@2@V?$_Vector_const_iterator@URegLog@@V?$allocator@URegLog@@@std@@@2@@Z 0000000180008a90 f i Log.obj
 0001:00007b10       ?max_size@?$vector@URegLog@@V?$allocator@URegLog@@@std@@@std@@QEBA_KXZ 0000000180008b10 f i Log.obj
 0001:00007b40       ?_Destroy@?$vector@URegLog@@V?$allocator@URegLog@@@std@@@std@@IEAAXPEAURegLog@@0@Z 0000000180008b40 f i Log.obj
 0001:00007b80       ?_Insert_n@?$vector@URegLog@@V?$allocator@URegLog@@@std@@@std@@IEAAXV?$_Vector_const_iterator@URegLog@@V?$allocator@URegLog@@@std@@@2@_KAEBURegLog@@@Z 0000000180008b80 f i Log.obj
 0001:00008340       ?_Xlen@?$vector@URegLog@@V?$allocator@URegLog@@@std@@@std@@KAXXZ 0000000180009340 f i Log.obj
 0001:000083c0       ??0?$_Container_base_aux_alloc_empty@V?$allocator@URegLog@@@std@@@std@@IEAA@V?$allocator@URegLog@@@1@@Z 00000001800093c0 f i Log.obj
 0001:000083f0       ??0?$allocator@URegLog@@@std@@QEAA@AEBV01@@Z 00000001800093f0 f i Log.obj
 0001:00008410       ?deallocate@?$allocator@URegLog@@@std@@QEAAXPEAURegLog@@_K@Z 0000000180009410 f i Log.obj
 0001:00008440       ?allocate@?$allocator@URegLog@@@std@@QEAAPEAURegLog@@_K@Z 0000000180009440 f i Log.obj
 0001:00008470       ??H?$_Vector_iterator@PEAUHWND__@@V?$allocator@PEAUHWND__@@@std@@@std@@QEBA?AV01@_J@Z 0000000180009470 f i Log.obj
 0001:00008500       ??0?$_Vector_const_iterator@PEAUHWND__@@V?$allocator@PEAUHWND__@@@std@@@std@@QEAA@PEAPEAUHWND__@@PEBV_Container_base_secure@1@@Z 0000000180009500 f i Log.obj
 0001:00008610       ??E?$_Vector_const_iterator@PEAUHWND__@@V?$allocator@PEAUHWND__@@@std@@@std@@QEAAAEAV01@XZ 0000000180009610 f i Log.obj
 0001:000087b0       ?_Getmycont@_Iterator_base@std@@QEBAPEBV_Container_base_secure@2@XZ 00000001800097b0 f i Log.obj
 0001:000087d0       ?_Has_container@_Iterator_base@std@@QEBA_NXZ 00000001800097d0 f i Log.obj
 0001:00008810       ??G?$_Vector_const_iterator@PEAUHWND__@@V?$allocator@PEAUHWND__@@@std@@@std@@QEBA_JAEBV01@@Z 0000000180009810 f i Log.obj
 0001:00008860       ??M?$_Vector_const_iterator@PEAUHWND__@@V?$allocator@PEAUHWND__@@@std@@@std@@QEBA_NAEBV01@@Z 0000000180009860 f i Log.obj
 0001:000088c0       ?_Compat@?$_Vector_const_iterator@PEAUHWND__@@V?$allocator@PEAUHWND__@@@std@@@std@@QEBAXAEBV12@@Z 00000001800098c0 f i Log.obj
 0001:000089a0       ??0?$_Vector_iterator@UMsgLog@@V?$allocator@UMsgLog@@@std@@@std@@QEAA@PEAUMsgLog@@PEBV_Container_base_secure@1@@Z 00000001800099a0 f i Log.obj
 0001:000089e0       ??H?$_Vector_iterator@UMsgLog@@V?$allocator@UMsgLog@@@std@@@std@@QEBA?AV01@_J@Z 00000001800099e0 f i Log.obj
 0001:00008a70       ??G?$_Vector_const_iterator@UMsgLog@@V?$allocator@UMsgLog@@@std@@@std@@QEBA_JAEBV01@@Z 0000000180009a70 f i Log.obj
 0001:00008ad0       ??9?$_Vector_const_iterator@UMsgLog@@V?$allocator@UMsgLog@@@std@@@std@@QEBA_NAEBV01@@Z 0000000180009ad0 f i Log.obj
 0001:00008b20       ??M?$_Vector_const_iterator@UMsgLog@@V?$allocator@UMsgLog@@@std@@@std@@QEBA_NAEBV01@@Z 0000000180009b20 f i Log.obj
 0001:00008b80       ??0?$_Vector_iterator@URegLog@@V?$allocator@URegLog@@@std@@@std@@QEAA@PEAURegLog@@PEBV_Container_base_secure@1@@Z 0000000180009b80 f i Log.obj
 0001:00008bc0       ??H?$_Vector_iterator@URegLog@@V?$allocator@URegLog@@@std@@@std@@QEBA?AV01@_J@Z 0000000180009bc0 f i Log.obj
 0001:00008c50       ??G?$_Vector_const_iterator@URegLog@@V?$allocator@URegLog@@@std@@@std@@QEBA_JAEBV01@@Z 0000000180009c50 f i Log.obj
 0001:00008ca0       ??9?$_Vector_const_iterator@URegLog@@V?$allocator@URegLog@@@std@@@std@@QEBA_NAEBV01@@Z 0000000180009ca0 f i Log.obj
 0001:00008cf0       ??M?$_Vector_const_iterator@URegLog@@V?$allocator@URegLog@@@std@@@std@@QEBA_NAEBV01@@Z 0000000180009cf0 f i Log.obj
 0001:00008d50       ??0length_error@std@@QEAA@AEBV01@@Z 0000000180009d50 f i Log.obj
 0001:00008da0       ??0logic_error@std@@QEAA@AEBV01@@Z 0000000180009da0 f i Log.obj
 0001:00008e10       ??0?$_Vector_iterator@UMsgLog@@V?$allocator@UMsgLog@@@std@@@std@@QEAA@AEBV01@@Z 0000000180009e10 f i Log.obj
 0001:00008e40       ??0?$_Vector_iterator@URegLog@@V?$allocator@URegLog@@@std@@@std@@QEAA@AEBV01@@Z 0000000180009e40 f i Log.obj
 0001:00008e70       ?max_size@?$allocator@PEAUHWND__@@@std@@QEBA_KXZ 0000000180009e70 f i Log.obj
 0001:00008ec0       ?max_size@?$allocator@UMsgLog@@@std@@QEBA_KXZ 0000000180009ec0 f i Log.obj
 0001:00008f10       ?max_size@?$allocator@URegLog@@@std@@QEBA_KXZ 0000000180009f10 f i Log.obj
 0001:00008f60       ??Y?$_Vector_iterator@PEAUHWND__@@V?$allocator@PEAUHWND__@@@std@@@std@@QEAAAEAV01@_J@Z 0000000180009f60 f i Log.obj
 0001:00008f90       ??Y?$_Vector_iterator@UMsgLog@@V?$allocator@UMsgLog@@@std@@@std@@QEAAAEAV01@_J@Z 0000000180009f90 f i Log.obj
 0001:00008fc0       ??0?$_Vector_const_iterator@UMsgLog@@V?$allocator@UMsgLog@@@std@@@std@@QEAA@PEAUMsgLog@@PEBV_Container_base_secure@1@@Z 0000000180009fc0 f i Log.obj
 0001:000090d0       ??8?$_Vector_const_iterator@UMsgLog@@V?$allocator@UMsgLog@@@std@@@std@@QEBA_NAEBV01@@Z 000000018000a0d0 f i Log.obj
 0001:00009130       ?_Compat@?$_Vector_const_iterator@UMsgLog@@V?$allocator@UMsgLog@@@std@@@std@@QEBAXAEBV12@@Z 000000018000a130 f i Log.obj
 0001:00009210       ??Y?$_Vector_iterator@URegLog@@V?$allocator@URegLog@@@std@@@std@@QEAAAEAV01@_J@Z 000000018000a210 f i Log.obj
 0001:00009240       ??0?$_Vector_const_iterator@URegLog@@V?$allocator@URegLog@@@std@@@std@@QEAA@PEAURegLog@@PEBV_Container_base_secure@1@@Z 000000018000a240 f i Log.obj
 0001:00009350       ??8?$_Vector_const_iterator@URegLog@@V?$allocator@URegLog@@@std@@@std@@QEBA_NAEBV01@@Z 000000018000a350 f i Log.obj
 0001:000093b0       ?_Compat@?$_Vector_const_iterator@URegLog@@V?$allocator@URegLog@@@std@@@std@@QEBAXAEBV12@@Z 000000018000a3b0 f i Log.obj
 0001:00009490       ??0?$_Ranit@UMsgLog@@_JPEBU1@AEBU1@@std@@QEAA@XZ 000000018000a490 f i Log.obj
 0001:000094c0       ??0?$_Ranit@URegLog@@_JPEBU1@AEBU1@@std@@QEAA@XZ 000000018000a4c0 f i Log.obj
 0001:000094f0       ??0?$_Iterator_with_base@Urandom_access_iterator_tag@std@@UMsgLog@@_JPEBU3@AEBU3@V_Iterator_base@2@@std@@QEAA@XZ 000000018000a4f0 f i Log.obj
 0001:00009520       ??0?$_Iterator_with_base@Urandom_access_iterator_tag@std@@URegLog@@_JPEBU3@AEBU3@V_Iterator_base@2@@std@@QEAA@XZ 000000018000a520 f i Log.obj
 0001:00009550       ??Y?$_Vector_const_iterator@PEAUHWND__@@V?$allocator@PEAUHWND__@@@std@@@std@@QEAAAEAV01@_J@Z 000000018000a550 f i Log.obj
 0001:000096f0       ??Y?$_Vector_const_iterator@UMsgLog@@V?$allocator@UMsgLog@@@std@@@std@@QEAAAEAV01@_J@Z 000000018000a6f0 f i Log.obj
 0001:000098a0       ??Y?$_Vector_const_iterator@URegLog@@V?$allocator@URegLog@@@std@@@std@@QEAAAEAV01@_J@Z 000000018000a8a0 f i Log.obj
 0001:00009a40       ??$unchecked_copy@PEAPEAUHWND__@@PEAPEAU1@@stdext@@YAPEAPEAUHWND__@@PEAPEAU1@00@Z 000000018000aa40 f i Log.obj
 0001:00009b00       ??$unchecked_uninitialized_fill_n@PEAPEAUHWND__@@_KPEAU1@V?$allocator@PEAUHWND__@@@std@@@stdext@@YAXPEAPEAUHWND__@@_KAEBQEAU1@AEAV?$allocator@PEAUHWND__@@@std@@@Z 000000018000ab00 f i Log.obj
 0001:00009b90       ??$unchecked_copy@PEAUMsgLog@@PEAU1@@stdext@@YAPEAUMsgLog@@PEAU1@00@Z 000000018000ab90 f i Log.obj
 0001:00009c50       ??$unchecked_uninitialized_fill_n@PEAUMsgLog@@_KU1@V?$allocator@UMsgLog@@@std@@@stdext@@YAXPEAUMsgLog@@_KAEBU1@AEAV?$allocator@UMsgLog@@@std@@@Z 000000018000ac50 f i Log.obj
 0001:00009ce0       ??$unchecked_copy@PEAURegLog@@PEAU1@@stdext@@YAPEAURegLog@@PEAU1@00@Z 000000018000ace0 f i Log.obj
 0001:00009da0       ??$unchecked_uninitialized_fill_n@PEAURegLog@@_KU1@V?$allocator@URegLog@@@std@@@stdext@@YAXPEAURegLog@@_KAEBU1@AEAV?$allocator@URegLog@@@std@@@Z 000000018000ada0 f i Log.obj
 0001:00009e30       ??$_Destroy_range@V?$allocator@PEAUHWND__@@@std@@@std@@YAXPEAPEAUHWND__@@0AEAV?$allocator@PEAUHWND__@@@0@@Z 000000018000ae30 f i Log.obj
 0001:00009e90       ??$_Umove@PEAPEAUHWND__@@@?$vector@PEAUHWND__@@V?$allocator@PEAUHWND__@@@std@@@std@@IEAAPEAPEAUHWND__@@PEAPEAU2@00@Z 000000018000ae90 f i Log.obj
 0001:00009ee0       ??$fill@PEAPEAUHWND__@@PEAU1@@std@@YAXPEAPEAUHWND__@@0AEBQEAU1@@Z 000000018000aee0 f i Log.obj
 0001:00009f40       ??$_Unchecked_move_backward@PEAPEAUHWND__@@PEAPEAU1@@stdext@@YAPEAPEAUHWND__@@PEAPEAU1@00@Z 000000018000af40 f i Log.obj
 0001:00009ff0       ??$_Allocate@PEAUHWND__@@@std@@YAPEAPEAUHWND__@@_KPEAPEAU1@@Z 000000018000aff0 f i Log.obj
 0001:0000a070       ??0bad_alloc@std@@QEAA@PEBD@Z 000000018000b070 f i Log.obj
 0001:0000a0c0       ??1bad_alloc@std@@UEAA@XZ  000000018000b0c0 f i Log.obj
 0001:0000a100       ??_Ebad_alloc@std@@UEAAPEAXI@Z 000000018000b100 f i Log.obj
 0001:0000a100       ??_Gbad_alloc@std@@UEAAPEAXI@Z 000000018000b100 f i Log.obj
 0001:0000a150       ??$_Destroy_range@V?$allocator@UMsgLog@@@std@@@std@@YAXPEAUMsgLog@@0AEAV?$allocator@UMsgLog@@@0@@Z 000000018000b150 f i Log.obj
 0001:0000a1b0       ??$_Umove@PEAUMsgLog@@@?$vector@UMsgLog@@V?$allocator@UMsgLog@@@std@@@std@@IEAAPEAUMsgLog@@PEAU2@00@Z 000000018000b1b0 f i Log.obj
 0001:0000a200       ??$fill@PEAUMsgLog@@U1@@std@@YAXPEAUMsgLog@@0AEBU1@@Z 000000018000b200 f i Log.obj
 0001:0000a260       ??$_Unchecked_move_backward@PEAUMsgLog@@PEAU1@@stdext@@YAPEAUMsgLog@@PEAU1@00@Z 000000018000b260 f i Log.obj
 0001:0000a310       ??$_Allocate@UMsgLog@@@std@@YAPEAUMsgLog@@_KPEAU1@@Z 000000018000b310 f i Log.obj
 0001:0000a3a0       ??$_Destroy_range@V?$allocator@URegLog@@@std@@@std@@YAXPEAURegLog@@0AEAV?$allocator@URegLog@@@0@@Z 000000018000b3a0 f i Log.obj
 0001:0000a400       ??$_Umove@PEAURegLog@@@?$vector@URegLog@@V?$allocator@URegLog@@@std@@@std@@IEAAPEAURegLog@@PEAU2@00@Z 000000018000b400 f i Log.obj
 0001:0000a450       ??$fill@PEAURegLog@@U1@@std@@YAXPEAURegLog@@0AEBU1@@Z 000000018000b450 f i Log.obj
 0001:0000a4b0       ??$_Unchecked_move_backward@PEAURegLog@@PEAU1@@stdext@@YAPEAURegLog@@PEAU1@00@Z 000000018000b4b0 f i Log.obj
 0001:0000a560       ??$_Allocate@URegLog@@@std@@YAPEAURegLog@@_KPEAU1@@Z 000000018000b560 f i Log.obj
 0001:0000a5e0       ??0bad_alloc@std@@QEAA@AEBV01@@Z 000000018000b5e0 f i Log.obj
 0001:0000a630       ??$_Checked_base@PEAPEAUHWND__@@@std@@YAPEAPEAUHWND__@@AEAPEAPEAU1@@Z 000000018000b630 f i Log.obj
 0001:0000a660       ??$_Iter_random@PEAPEAUHWND__@@PEAPEAU1@@std@@YA?AUrandom_access_iterator_tag@0@AEBQEAPEAUHWND__@@0@Z 000000018000b660 f i Log.obj
 0001:0000a690       ??$_Ptr_cat@PEAPEAUHWND__@@PEAPEAU1@@std@@YA?AU_Scalar_ptr_iterator_tag@0@AEAPEAPEAUHWND__@@0@Z 000000018000b690 f i Log.obj
 0001:0000a6b0       ??$_Copy_opt@PEAPEAUHWND__@@PEAPEAU1@Urandom_access_iterator_tag@std@@@std@@YAPEAPEAUHWND__@@PEAPEAU1@00Urandom_access_iterator_tag@0@U_Scalar_ptr_iterator_tag@0@U_Range_checked_iterator_tag@0@@Z 000000018000b6b0 f i Log.obj
 0001:0000a7a0       ??$_Uninit_fill_n@PEAPEAUHWND__@@_KPEAU1@V?$allocator@PEAUHWND__@@@std@@@std@@YAXPEAPEAUHWND__@@_KAEBQEAU1@AEAV?$allocator@PEAUHWND__@@@0@U_Scalar_ptr_iterator_tag@0@U_Range_checked_iterator_tag@0@@Z 000000018000b7a0 f i Log.obj
 0001:0000a7e0       ??$_Checked_base@PEAUMsgLog@@@std@@YAPEAUMsgLog@@AEAPEAU1@@Z 000000018000b7e0 f i Log.obj
 0001:0000a810       ??$_Iter_random@PEAUMsgLog@@PEAU1@@std@@YA?AUrandom_access_iterator_tag@0@AEBQEAUMsgLog@@0@Z 000000018000b810 f i Log.obj
 0001:0000a840       ??$_Ptr_cat@PEAUMsgLog@@PEAU1@@std@@YA?AU_Nonscalar_ptr_iterator_tag@0@AEAPEAUMsgLog@@0@Z 000000018000b840 f i Log.obj
 0001:0000a860       ??$_Copy_opt@PEAUMsgLog@@PEAU1@@std@@YAPEAUMsgLog@@PEAU1@00Urandom_access_iterator_tag@0@U_Nonscalar_ptr_iterator_tag@0@U_Range_checked_iterator_tag@0@@Z 000000018000b860 f i Log.obj
 0001:0000a930       ??$_Uninit_fill_n@PEAUMsgLog@@_KU1@V?$allocator@UMsgLog@@@std@@@std@@YAXPEAUMsgLog@@_KAEBU1@AEAV?$allocator@UMsgLog@@@0@U_Nonscalar_ptr_iterator_tag@0@U_Range_checked_iterator_tag@0@@Z 000000018000b930 f i Log.obj
 0001:0000a9c0       ??$_Checked_base@PEAURegLog@@@std@@YAPEAURegLog@@AEAPEAU1@@Z 000000018000b9c0 f i Log.obj
 0001:0000a9f0       ??$_Iter_random@PEAURegLog@@PEAU1@@std@@YA?AUrandom_access_iterator_tag@0@AEBQEAURegLog@@0@Z 000000018000b9f0 f i Log.obj
 0001:0000aa20       ??$_Ptr_cat@PEAURegLog@@PEAU1@@std@@YA?AU_Nonscalar_ptr_iterator_tag@0@AEAPEAURegLog@@0@Z 000000018000ba20 f i Log.obj
 0001:0000aa40       ??$_Copy_opt@PEAURegLog@@PEAU1@@std@@YAPEAURegLog@@PEAU1@00Urandom_access_iterator_tag@0@U_Nonscalar_ptr_iterator_tag@0@U_Range_checked_iterator_tag@0@@Z 000000018000ba40 f i Log.obj
 0001:0000ab00       ??$_Uninit_fill_n@PEAURegLog@@_KU1@V?$allocator@URegLog@@@std@@@std@@YAXPEAURegLog@@_KAEBU1@AEAV?$allocator@URegLog@@@0@U_Nonscalar_ptr_iterator_tag@0@U_Range_checked_iterator_tag@0@@Z 000000018000bb00 f i Log.obj
 0001:0000ab90       ??$_Destroy_range@V?$allocator@PEAUHWND__@@@std@@@std@@YAXPEAPEAUHWND__@@0AEAV?$allocator@PEAUHWND__@@@0@U_Scalar_ptr_iterator_tag@0@@Z 000000018000bb90 f i Log.obj
 0001:0000abb0       ??$_Unchecked_uninitialized_move@PEAPEAUHWND__@@PEAPEAU1@V?$allocator@PEAUHWND__@@@std@@@stdext@@YAPEAPEAUHWND__@@PEAPEAU1@00AEAV?$allocator@PEAUHWND__@@@std@@@Z 000000018000bbb0 f i Log.obj
 0001:0000ac50       ??$_Fill@PEAPEAUHWND__@@PEAU1@@std@@YAXPEAPEAUHWND__@@0AEBQEAU1@@Z 000000018000bc50 f i Log.obj
 0001:0000acd0       ??$_Move_cat@PEAPEAUHWND__@@@std@@YA?AU_Undefined_move_tag@0@AEBQEAPEAUHWND__@@@Z 000000018000bcd0 f i Log.obj
 0001:0000acf0       ??$_Move_backward_opt@PEAPEAUHWND__@@PEAPEAU1@Urandom_access_iterator_tag@std@@U_Undefined_move_tag@3@@std@@YAPEAPEAUHWND__@@PEAPEAU1@00Urandom_access_iterator_tag@0@U_Undefined_move_tag@0@U_Range_checked_iterator_tag@0@@Z 000000018000bcf0 f i Log.obj
 0001:0000ad80       ??$_Destroy_range@V?$allocator@UMsgLog@@@std@@@std@@YAXPEAUMsgLog@@0AEAV?$allocator@UMsgLog@@@0@U_Nonscalar_ptr_iterator_tag@0@@Z 000000018000bd80 f i Log.obj
 0001:0000ade0       ??$_Unchecked_uninitialized_move@PEAUMsgLog@@PEAU1@V?$allocator@UMsgLog@@@std@@@stdext@@YAPEAUMsgLog@@PEAU1@00AEAV?$allocator@UMsgLog@@@std@@@Z 000000018000bde0 f i Log.obj
 0001:0000ae80       ??$_Fill@PEAUMsgLog@@U1@@std@@YAXPEAUMsgLog@@0AEBU1@@Z 000000018000be80 f i Log.obj
 0001:0000af40       ??$_Move_cat@PEAUMsgLog@@@std@@YA?AU_Undefined_move_tag@0@AEBQEAUMsgLog@@@Z 000000018000bf40 f i Log.obj
 0001:0000af60       ??$_Move_backward_opt@PEAUMsgLog@@PEAU1@Urandom_access_iterator_tag@std@@U_Undefined_move_tag@3@@std@@YAPEAUMsgLog@@PEAU1@00Urandom_access_iterator_tag@0@U_Undefined_move_tag@0@U_Range_checked_iterator_tag@0@@Z 000000018000bf60 f i Log.obj
 0001:0000aff0       ??$_Destroy_range@V?$allocator@URegLog@@@std@@@std@@YAXPEAURegLog@@0AEAV?$allocator@URegLog@@@0@U_Nonscalar_ptr_iterator_tag@0@@Z 000000018000bff0 f i Log.obj
 0001:0000b050       ??$_Unchecked_uninitialized_move@PEAURegLog@@PEAU1@V?$allocator@URegLog@@@std@@@stdext@@YAPEAURegLog@@PEAU1@00AEAV?$allocator@URegLog@@@std@@@Z 000000018000c050 f i Log.obj
 0001:0000b0f0       ??$_Fill@PEAURegLog@@U1@@std@@YAXPEAURegLog@@0AEBU1@@Z 000000018000c0f0 f i Log.obj
 0001:0000b1b0       ??$_Move_cat@PEAURegLog@@@std@@YA?AU_Undefined_move_tag@0@AEBQEAURegLog@@@Z 000000018000c1b0 f i Log.obj
 0001:0000b1d0       ??$_Move_backward_opt@PEAURegLog@@PEAU1@Urandom_access_iterator_tag@std@@U_Undefined_move_tag@3@@std@@YAPEAURegLog@@PEAU1@00Urandom_access_iterator_tag@0@U_Undefined_move_tag@0@U_Range_checked_iterator_tag@0@@Z 000000018000c1d0 f i Log.obj
 0001:0000b260       ?construct@?$allocator@UMsgLog@@@std@@QEAAXPEAUMsgLog@@AEBU3@@Z 000000018000c260 f i Log.obj
 0001:0000b290       ?destroy@?$allocator@UMsgLog@@@std@@QEAAXPEAUMsgLog@@@Z 000000018000c290 f i Log.obj
 0001:0000b2c0       ?construct@?$allocator@URegLog@@@std@@QEAAXPEAURegLog@@AEBU3@@Z 000000018000c2c0 f i Log.obj
 0001:0000b2f0       ?destroy@?$allocator@URegLog@@@std@@QEAAXPEAURegLog@@@Z 000000018000c2f0 f i Log.obj
 0001:0000b320       ??$_Checked_base@PEAPEAUHWND__@@@std@@YAPEAPEAUHWND__@@AEAPEAPEAU1@U_Unchanged_checked_iterator_base_type_tag@0@@Z 000000018000c320 f i Log.obj
 0001:0000b340       ??$_Debug_range@PEAPEAUHWND__@@@std@@YAXPEAPEAUHWND__@@0PEB_WI@Z 000000018000c340 f i Log.obj
 0001:0000b3a0       ??$_Debug_pointer@PEAUHWND__@@@std@@YAXPEAPEAUHWND__@@PEB_WI@Z 000000018000c3a0 f i Log.obj
 0001:0000b3f0       ??$unchecked_fill_n@PEAPEAUHWND__@@_KPEAU1@@stdext@@YAXPEAPEAUHWND__@@_KAEBQEAU1@@Z 000000018000c3f0 f i Log.obj
 0001:0000b470       ??$_Checked_base@PEAUMsgLog@@@std@@YAPEAUMsgLog@@AEAPEAU1@U_Unchanged_checked_iterator_base_type_tag@0@@Z 000000018000c470 f i Log.obj
 0001:0000b490       ??$_Copy_opt@PEAUMsgLog@@PEAU1@Uforward_iterator_tag@std@@@std@@YAPEAUMsgLog@@PEAU1@00Uforward_iterator_tag@0@U_Nonscalar_ptr_iterator_tag@0@U_Range_checked_iterator_tag@0@@Z 000000018000c490 f i Log.obj
 0001:0000b580       ??$_Checked_base@PEAURegLog@@@std@@YAPEAURegLog@@AEAPEAU1@U_Unchanged_checked_iterator_base_type_tag@0@@Z 000000018000c580 f i Log.obj
 0001:0000b5a0       ??$_Copy_opt@PEAURegLog@@PEAU1@Uforward_iterator_tag@std@@@std@@YAPEAURegLog@@PEAU1@00Uforward_iterator_tag@0@U_Nonscalar_ptr_iterator_tag@0@U_Range_checked_iterator_tag@0@@Z 000000018000c5a0 f i Log.obj
 0001:0000b680       ??$_Uninit_move@PEAPEAUHWND__@@PEAPEAU1@V?$allocator@PEAUHWND__@@@std@@U_Undefined_move_tag@3@@std@@YAPEAPEAUHWND__@@PEAPEAU1@00AEAV?$allocator@PEAUHWND__@@@0@U_Undefined_move_tag@0@U_Range_checked_iterator_tag@0@@Z 000000018000c680 f i Log.obj
 0001:0000b6d0       ??$_Copy_backward_opt@PEAPEAUHWND__@@PEAPEAU1@Urandom_access_iterator_tag@std@@@std@@YAPEAPEAUHWND__@@PEAPEAU1@00Urandom_access_iterator_tag@0@U_Scalar_ptr_iterator_tag@0@U_Range_checked_iterator_tag@0@@Z 000000018000c6d0 f i Log.obj
 0001:0000b7c0       ??$_Uninit_move@PEAUMsgLog@@PEAU1@V?$allocator@UMsgLog@@@std@@U_Undefined_move_tag@3@@std@@YAPEAUMsgLog@@PEAU1@00AEAV?$allocator@UMsgLog@@@0@U_Undefined_move_tag@0@U_Range_checked_iterator_tag@0@@Z 000000018000c7c0 f i Log.obj
 0001:0000b810       ??$_Debug_range@PEAUMsgLog@@@std@@YAXPEAUMsgLog@@0PEB_WI@Z 000000018000c810 f i Log.obj
 0001:0000b870       ??$_Copy_backward_opt@PEAUMsgLog@@PEAU1@@std@@YAPEAUMsgLog@@PEAU1@00Urandom_access_iterator_tag@0@U_Nonscalar_ptr_iterator_tag@0@U_Range_checked_iterator_tag@0@@Z 000000018000c870 f i Log.obj
 0001:0000b940       ??$_Uninit_move@PEAURegLog@@PEAU1@V?$allocator@URegLog@@@std@@U_Undefined_move_tag@3@@std@@YAPEAURegLog@@PEAU1@00AEAV?$allocator@URegLog@@@0@U_Undefined_move_tag@0@U_Range_checked_iterator_tag@0@@Z 000000018000c940 f i Log.obj
 0001:0000b990       ??$_Debug_range@PEAURegLog@@@std@@YAXPEAURegLog@@0PEB_WI@Z 000000018000c990 f i Log.obj
 0001:0000b9f0       ??$_Copy_backward_opt@PEAURegLog@@PEAU1@@std@@YAPEAURegLog@@PEAU1@00Urandom_access_iterator_tag@0@U_Nonscalar_ptr_iterator_tag@0@U_Range_checked_iterator_tag@0@@Z 000000018000c9f0 f i Log.obj
 0001:0000bab0       ??$_Construct@UMsgLog@@U1@@std@@YAXPEAUMsgLog@@AEBU1@@Z 000000018000cab0 f i Log.obj
 0001:0000bb60       ??2@YAPEAX_KPEAX@Z         000000018000cb60 f i Log.obj
 0001:0000bb80       ??$_Destroy@UMsgLog@@@std@@YAXPEAUMsgLog@@@Z 000000018000cb80 f i Log.obj
 0001:0000bb90       ??$_Construct@URegLog@@U1@@std@@YAXPEAURegLog@@AEBU1@@Z 000000018000cb90 f i Log.obj
 0001:0000bc30       ??$_Destroy@URegLog@@@std@@YAXPEAURegLog@@@Z 000000018000cc30 f i Log.obj
 0001:0000bc40       ??$_Iter_cat@PEAPEAUHWND__@@@std@@YA?AUrandom_access_iterator_tag@0@AEBQEAPEAUHWND__@@@Z 000000018000cc40 f i Log.obj
 0001:0000bc60       ??$_Debug_range2@PEAPEAUHWND__@@@std@@YAXPEAPEAUHWND__@@0PEB_WIUrandom_access_iterator_tag@0@@Z 000000018000cc60 f i Log.obj
 0001:0000bd00       ??$_Fill_n@PEAPEAUHWND__@@_KPEAU1@@std@@YAXPEAPEAUHWND__@@_KAEBQEAU1@Urandom_access_iterator_tag@0@U_Range_checked_iterator_tag@0@@Z 000000018000cd00 f i Log.obj
 0001:0000bd80       ??$unchecked_uninitialized_copy@PEAPEAUHWND__@@PEAPEAU1@V?$allocator@PEAUHWND__@@@std@@@stdext@@YAPEAPEAUHWND__@@PEAPEAU1@00AEAV?$allocator@PEAUHWND__@@@std@@@Z 000000018000cd80 f i Log.obj
 0001:0000be20       ??$unchecked_uninitialized_copy@PEAUMsgLog@@PEAU1@V?$allocator@UMsgLog@@@std@@@stdext@@YAPEAUMsgLog@@PEAU1@00AEAV?$allocator@UMsgLog@@@std@@@Z 000000018000ce20 f i Log.obj
 0001:0000bec0       ??$_Iter_cat@PEAUMsgLog@@@std@@YA?AUrandom_access_iterator_tag@0@AEBQEAUMsgLog@@@Z 000000018000cec0 f i Log.obj
 0001:0000bee0       ??$_Debug_range2@PEAUMsgLog@@@std@@YAXPEAUMsgLog@@0PEB_WIUrandom_access_iterator_tag@0@@Z 000000018000cee0 f i Log.obj
 0001:0000bf80       ??$_Copy_backward_opt@PEAUMsgLog@@PEAU1@Uforward_iterator_tag@std@@@std@@YAPEAUMsgLog@@PEAU1@00Uforward_iterator_tag@0@U_Nonscalar_ptr_iterator_tag@0@U_Range_checked_iterator_tag@0@@Z 000000018000cf80 f i Log.obj
 0001:0000c070       ??$unchecked_uninitialized_copy@PEAURegLog@@PEAU1@V?$allocator@URegLog@@@std@@@stdext@@YAPEAURegLog@@PEAU1@00AEAV?$allocator@URegLog@@@std@@@Z 000000018000d070 f i Log.obj
 0001:0000c110       ??$_Iter_cat@PEAURegLog@@@std@@YA?AUrandom_access_iterator_tag@0@AEBQEAURegLog@@@Z 000000018000d110 f i Log.obj
 0001:0000c130       ??$_Debug_range2@PEAURegLog@@@std@@YAXPEAURegLog@@0PEB_WIUrandom_access_iterator_tag@0@@Z 000000018000d130 f i Log.obj
 0001:0000c1d0       ??$_Copy_backward_opt@PEAURegLog@@PEAU1@Uforward_iterator_tag@std@@@std@@YAPEAURegLog@@PEAU1@00Uforward_iterator_tag@0@U_Nonscalar_ptr_iterator_tag@0@U_Range_checked_iterator_tag@0@@Z 000000018000d1d0 f i Log.obj
 0001:0000c2b0       ??$_Fill_n@PEAPEAUHWND__@@_KPEAU1@@std@@YAXPEAPEAUHWND__@@_KAEBQEAU1@U_Range_checked_iterator_tag@0@@Z 000000018000d2b0 f i Log.obj
 0001:0000c320       ??$_Uninit_copy@PEAPEAUHWND__@@PEAPEAU1@V?$allocator@PEAUHWND__@@@std@@@std@@YAPEAPEAUHWND__@@PEAPEAU1@00AEAV?$allocator@PEAUHWND__@@@0@U_Scalar_ptr_iterator_tag@0@U_Range_checked_iterator_tag@0@@Z 000000018000d320 f i Log.obj
 0001:0000c400       ??$_Uninit_copy@PEAUMsgLog@@PEAU1@V?$allocator@UMsgLog@@@std@@@std@@YAPEAUMsgLog@@PEAU1@00AEAV?$allocator@UMsgLog@@@0@U_Nonscalar_ptr_iterator_tag@0@U_Range_checked_iterator_tag@0@@Z 000000018000d400 f i Log.obj
 0001:0000c4e0       ??$_Debug_pointer@UMsgLog@@@std@@YAXPEAUMsgLog@@PEB_WI@Z 000000018000d4e0 f i Log.obj
 0001:0000c530       ??$_Uninit_copy@PEAURegLog@@PEAU1@V?$allocator@URegLog@@@std@@@std@@YAPEAURegLog@@PEAU1@00AEAV?$allocator@URegLog@@@0@U_Nonscalar_ptr_iterator_tag@0@U_Range_checked_iterator_tag@0@@Z 000000018000d530 f i Log.obj
 0001:0000c610       ??$_Debug_pointer@URegLog@@@std@@YAXPEAURegLog@@PEB_WI@Z 000000018000d610 f i Log.obj
 0001:0000c660       ??0Thank_you@Define_the_symbol__ATL_MIXED@@QEAA@XZ 000000018000d660 f i Log.obj
 0001:0000c680       ?one@Thank_you@Define_the_symbol__ATL_MIXED@@UEAAXXZ 000000018000d680 f i Log.obj
 0001:0000c686       ??1_Lockit@std@@QEAA@XZ    000000018000d686 f   msvcprtd:MSVCP90D.dll
 0001:0000c68c       ??0_Lockit@std@@QEAA@H@Z   000000018000d68c f   msvcprtd:MSVCP90D.dll
 0001:0000c692       ?_Debug_message@std@@YAXPEB_W0I@Z 000000018000d692 f   msvcprtd:MSVCP90D.dll
 0001:0000c698       ?_Orphan_all@_Container_base_secure@std@@QEBAXXZ 000000018000d698 f   msvcprtd:MSVCP90D.dll
 0001:0000c69e       ??1_Container_base_secure@std@@QEAA@XZ 000000018000d69e f   msvcprtd:MSVCP90D.dll
 0001:0000c6a4       ??1?$basic_string@DU?$char_traits@D@std@@V?$allocator@D@2@@std@@QEAA@XZ 000000018000d6a4 f   msvcprtd:MSVCP90D.dll
 0001:0000c6aa       ??0?$basic_string@DU?$char_traits@D@std@@V?$allocator@D@2@@std@@QEAA@PEBD@Z 000000018000d6aa f   msvcprtd:MSVCP90D.dll
 0001:0000c6b0       ??0?$basic_string@DU?$char_traits@D@std@@V?$allocator@D@2@@std@@QEAA@AEBV01@@Z 000000018000d6b0 f   msvcprtd:MSVCP90D.dll
 0001:0000c6b6       ?c_str@?$basic_string@DU?$char_traits@D@std@@V?$allocator@D@2@@std@@QEBAPEBDXZ 000000018000d6b6 f   msvcprtd:MSVCP90D.dll
 0001:0000c6bc       ??0_Container_base_secure@std@@QEAA@XZ 000000018000d6bc f   msvcprtd:MSVCP90D.dll
 0001:0000c6c2       ??3@YAXPEAX@Z              000000018000d6c2 f   mfc90d:mfc90d.dll
 0001:0000c6c8       ??2@YAPEAX_K@Z             000000018000d6c8 f   mfc90d:mfc90d.dll
 0001:0000c6d0       ??_Estringdispid@CComTypeInfoHolder@ATL@@QEAAPEAXI@Z 000000018000d6d0 f i mfcs90d:nolib.obj
 0001:0000c760       ??1stringdispid@CComTypeInfoHolder@ATL@@QEAA@XZ 000000018000d760 f i mfcs90d:nolib.obj
 0001:0000c780       ??1CComBSTR@ATL@@QEAA@XZ   000000018000d780 f i mfcs90d:nolib.obj
 0001:0000c79c       memset                     000000018000d79c f   msvcrtd:MSVCR90D.dll
 0001:0000c7a2       fopen                      000000018000d7a2 f   msvcrtd:MSVCR90D.dll
 0001:0000c7b0       ??0type_info@@AEAA@AEBV0@@Z 000000018000d7b0 f   msvcrtd:ti_inst.obj
 0001:0000c7d0       ??_Etype_info@@UEAAPEAXI@Z 000000018000d7d0 f i msvcrtd:ti_inst.obj
 0001:0000c860       ??4type_info@@AEAAAEAV0@AEBV0@@Z 000000018000d860 f   msvcrtd:ti_inst.obj
 0001:0000c870       fclose                     000000018000d870 f   msvcrtd:MSVCR90D.dll
 0001:0000c876       __CxxFrameHandler3         000000018000d876 f   msvcrtd:MSVCR90D.dll
 0001:0000c880       __GSHandlerCheck           000000018000d880 f   msvcrtd:gshandler.obj
 0001:0000c8c0       __GSHandlerCheckCommon     000000018000d8c0 f   msvcrtd:gshandler.obj
 0001:0000c9b4       vsprintf                   000000018000d9b4 f   msvcrtd:MSVCR90D.dll
 0001:0000c9ba       strlen                     000000018000d9ba f   msvcrtd:MSVCR90D.dll
 0001:0000c9c0       sprintf                    000000018000d9c0 f   msvcrtd:MSVCR90D.dll
 0001:0000c9e0       __security_check_cookie    000000018000d9e0 f   msvcrtd:amdsecgs.obj
 0001:0000ca00       __GSHandlerCheck_EH        000000018000da00 f   msvcrtd:gshandlereh.obj
 0001:0000caa8       fflush                     000000018000daa8 f   msvcrtd:MSVCR90D.dll
 0001:0000caae       fprintf                    000000018000daae f   msvcrtd:MSVCR90D.dll
 0001:0000cab4       _localtime64               000000018000dab4 f   msvcrtd:MSVCR90D.dll
 0001:0000caba       _time64                    000000018000daba f   msvcrtd:MSVCR90D.dll
 0001:0000cac0       strcpy                     000000018000dac0 f   msvcrtd:MSVCR90D.dll
 0001:0000cac6       _invalid_parameter         000000018000dac6 f   msvcrtd:MSVCR90D.dll
 0001:0000cacc       _CrtDbgReportW             000000018000dacc f   msvcrtd:MSVCR90D.dll
 0001:0000cad2       _CxxThrowException         000000018000dad2 f   msvcrtd:MSVCR90D.dll
 0001:0000cad8       ??0exception@std@@QEAA@AEBV01@@Z 000000018000dad8 f   msvcrtd:MSVCR90D.dll
 0001:0000cade       ??1exception@std@@UEAA@XZ  000000018000dade f   msvcrtd:MSVCR90D.dll
 0001:0000cae4       ??0exception@std@@QEAA@XZ  000000018000dae4 f   msvcrtd:MSVCR90D.dll
 0001:0000caea       ??0exception@std@@QEAA@AEBQEBD@Z 000000018000daea f   msvcrtd:MSVCR90D.dll
 0001:0000caf0       ?what@exception@std@@UEBAPEBDXZ 000000018000daf0 f   msvcrtd:MSVCR90D.dll
 0001:0000caf6       memmove_s                  000000018000daf6 f   msvcrtd:MSVCR90D.dll
 0001:0000cb00       _onexit                    000000018000db00 f   msvcrtd:atonexit.obj
 0001:0000cbc0       atexit                     000000018000dbc0 f   msvcrtd:atonexit.obj
 0001:0000cc90       _CRT_INIT                  000000018000dc90 f   msvcrtd:crtdll.obj
 0001:0000d040       NtCurrentTeb               000000018000e040 f i msvcrtd:crtdll.obj
 0001:0000d050       _DllMainCRTStartup         000000018000e050 f   msvcrtd:crtdll.obj
 0001:0000d202       ??_V@YAXPEAX@Z             000000018000e202 f   msvcrtd:MSVCR90D.dll
 0001:0000d210       ??_M@YAXPEAX_KHP6AX0@Z@Z   000000018000e210 f   msvcrtd:ehvecdtr.obj
 0001:0000d2b0       ?__ArrayUnwind@@YAXPEAX_KHP6AX0@Z@Z 000000018000e2b0 f   msvcrtd:ehvecdtr.obj
 0001:0000d340       __report_gsfailure         000000018000e340 f   msvcrtd:gs_report.obj
 0001:0000d48a       __C_specific_handler       000000018000e48a f   msvcrtd:MSVCR90D.dll
 0001:0000d490       _unlock                    000000018000e490 f   msvcrtd:MSVCR90D.dll
 0001:0000d496       __dllonexit                000000018000e496 f   msvcrtd:MSVCR90D.dll
 0001:0000d49c       _encode_pointer            000000018000e49c f   msvcrtd:MSVCR90D.dll
 0001:0000d4a2       _lock                      000000018000e4a2 f   msvcrtd:MSVCR90D.dll
 0001:0000d4a8       _decode_pointer            000000018000e4a8 f   msvcrtd:MSVCR90D.dll
 0001:0000d4b0       __clean_type_info_names    000000018000e4b0 f   msvcrtd:tncleanup.obj
 0001:0000d4d0       _RTC_Initialize            000000018000e4d0 f   msvcrtd:_initsect_.obj
 0001:0000d510       _RTC_Terminate             000000018000e510 f   msvcrtd:_initsect_.obj
 0001:0000d54e       _malloc_dbg                000000018000e54e f   msvcrtd:MSVCR90D.dll
 0001:0000d554       _free_dbg                  000000018000e554 f   msvcrtd:MSVCR90D.dll
 0001:0000d55a       _encoded_null              000000018000e55a f   msvcrtd:MSVCR90D.dll
 0001:0000d560       _CrtSetCheckCount          000000018000e560 f   msvcrtd:MSVCR90D.dll
 0001:0000d570       _ValidateImageBase         000000018000e570 f   msvcrtd:pesect.obj
 0001:0000d5f0       _FindPESection             000000018000e5f0 f   msvcrtd:pesect.obj
 0001:0000d6a0       _IsNonwritableInCurrentImage 000000018000e6a0 f   msvcrtd:pesect.obj
 0001:0000d72c       _initterm                  000000018000e72c f   msvcrtd:MSVCR90D.dll
 0001:0000d732       _initterm_e                000000018000e732 f   msvcrtd:MSVCR90D.dll
 0001:0000d738       _amsg_exit                 000000018000e738 f   msvcrtd:MSVCR90D.dll
 0001:0000d740       __security_init_cookie     000000018000e740 f   msvcrtd:gs_support.obj
 0001:0000d83e       __CppXcptFilter            000000018000e83e f   msvcrtd:MSVCR90D.dll
 0001:0000d850       DllMain                    000000018000e850 f   msvcrtd:dllmain.obj
 0001:0000d888       ?terminate@@YAXXZ          000000018000e888 f   msvcrtd:MSVCR90D.dll
 0001:0000d88e       ??1type_info@@UEAA@XZ      000000018000e88e f   msvcrtd:MSVCR90D.dll
 0001:0000d88e       ?_type_info_dtor_internal_method@type_info@@QEAAXXZ 000000018000e88e f   msvcrtd:MSVCR90D.dll
 0001:0000d894       __crt_debugger_hook        000000018000e894 f   msvcrtd:MSVCR90D.dll
 0001:0000d89a       __clean_type_info_names_internal 000000018000e89a f   msvcrtd:MSVCR90D.dll
 0001:0000d8a0       QueryPerformanceCounter    000000018000e8a0 f   kernel32:KERNEL32.dll
 0001:0000d8a6       QueryPerformanceFrequency  000000018000e8a6 f   kernel32:KERNEL32.dll
 0001:0000d8ac       FreeConsole                000000018000e8ac f   kernel32:KERNEL32.dll
 0001:0000d8b2       WriteConsoleA              000000018000e8b2 f   kernel32:KERNEL32.dll
 0001:0000d8b8       GetStdHandle               000000018000e8b8 f   kernel32:KERNEL32.dll
 0001:0000d8be       AllocConsole               000000018000e8be f   kernel32:KERNEL32.dll
 0001:0000d8c4       Sleep                      000000018000e8c4 f   kernel32:KERNEL32.dll
 0001:0000d8ca       TerminateProcess           000000018000e8ca f   kernel32:KERNEL32.dll
 0001:0000d8d0       GetCurrentProcess          000000018000e8d0 f   kernel32:KERNEL32.dll
 0001:0000d8d6       UnhandledExceptionFilter   000000018000e8d6 f   kernel32:KERNEL32.dll
 0001:0000d8dc       SetUnhandledExceptionFilter 000000018000e8dc f   kernel32:KERNEL32.dll
 0001:0000d8e2       IsDebuggerPresent          000000018000e8e2 f   kernel32:KERNEL32.dll
 0001:0000d8e8       RtlVirtualUnwind           000000018000e8e8 f   kernel32:KERNEL32.dll
 0001:0000d8ee       RtlLookupFunctionEntry     000000018000e8ee f   kernel32:KERNEL32.dll
 0001:0000d8f4       RtlCaptureContext          000000018000e8f4 f   kernel32:KERNEL32.dll
 0001:0000d8fa       GetTickCount               000000018000e8fa f   kernel32:KERNEL32.dll
 0001:0000d900       GetCurrentThreadId         000000018000e900 f   kernel32:KERNEL32.dll
 0001:0000d906       GetCurrentProcessId        000000018000e906 f   kernel32:KERNEL32.dll
 0001:0000d90c       GetSystemTimeAsFileTime    000000018000e90c f   kernel32:KERNEL32.dll
 0001:0000d912       DisableThreadLibraryCalls  000000018000e912 f   kernel32:KERNEL32.dll
 0001:0000d918       PostMessageA               000000018000e918 f   user32:USER32.dll
 0001:0000d91e       pthread_mutex_unlock       000000018000e91e f   pthreadVC2:pthreadVC2.dll
 0001:0000d924       pthread_mutex_lock         000000018000e924 f   pthreadVC2:pthreadVC2.dll
 0001:0000d930       ??0CAtlAllocator@@QEAA@XZ  000000018000e930 f i atlsd:Externs.obj
 0001:0000d990       ??0CTraceSnapshot@@QEAA@XZ 000000018000e990 f i atlsd:Externs.obj
 0001:0000d9c0       ??0?$CSimpleArray@UCModuleInfo@CTraceSnapshot@@V?$CSimpleArrayEqualHelper@UCModuleInfo@CTraceSnapshot@@@ATL@@@ATL@@QEAA@XZ 000000018000e9c0 f i atlsd:Externs.obj
 0001:0000d9f0       ??0?$CSimpleArray@_KV?$CSimpleArrayEqualHelper@_K@ATL@@@ATL@@QEAA@XZ 000000018000e9f0 f i atlsd:Externs.obj
 0001:0000db60       ??0CAtlException@ATL@@QEAA@J@Z 000000018000eb60 f i atlsd:Externs.obj
 0001:0000db80       ?AtlCrtErrorCheck@ATL@@YAHH@Z 000000018000eb80 f i atlsd:Externs.obj
 0001:0000dbf0       ?AtlThrowImpl@ATL@@YAXJ@Z  000000018000ebf0 f i atlsd:Externs.obj
 0001:0000dcb0       ??RCTraceFileAndLineInfo@ATL@@QEBAX_KIPEBDZZ 000000018000ecb0 f i atlsd:Externs.obj
 0001:0000dd30       ?_AtlRaiseException@ATL@@YAXKK@Z 000000018000ed30 f i atlsd:Externs.obj
 0001:0000dd60       ??0CTrace@ATL@@AEAA@P6AHHPEBDH00ZZ@Z 000000018000ed60 f i atlsd:Externs.obj
 0001:0000ddc0       ??1CAtlAllocator@@QEAA@XZ  000000018000edc0 f i atlsd:Externs.obj
 0001:0000ddf0       ??1CTraceSnapshot@@QEAA@XZ 000000018000edf0 f i atlsd:Externs.obj
 0001:0000de20       ??1?$CSimpleArray@UCModuleInfo@CTraceSnapshot@@V?$CSimpleArrayEqualHelper@UCModuleInfo@CTraceSnapshot@@@ATL@@@ATL@@QEAA@XZ 000000018000ee20 f i atlsd:Externs.obj
 0001:0000de40       ??1?$CSimpleArray@_KV?$CSimpleArrayEqualHelper@_K@ATL@@@ATL@@QEAA@XZ 000000018000ee40 f i atlsd:Externs.obj
 0001:0000de60       ?RemoveAll@?$CSimpleArray@UCModuleInfo@CTraceSnapshot@@V?$CSimpleArrayEqualHelper@UCModuleInfo@CTraceSnapshot@@@ATL@@@ATL@@QEAAXXZ 000000018000ee60 f i atlsd:Externs.obj
 0001:0000ded0       ?RemoveAll@?$CSimpleArray@_KV?$CSimpleArrayEqualHelper@_K@ATL@@@ATL@@QEAAXXZ 000000018000eed0 f i atlsd:Externs.obj
 0001:0000df40       ??1CTrace@ATL@@AEAA@XZ     000000018000ef40 f i atlsd:Externs.obj
 0001:0000df60       ??0CTraceCategory@ATL@@QEAA@PEBDI@Z 000000018000ef60 f i atlsd:atltrace.obj
 0001:0000dfd0       ?ChangeCategory@CTrace@ATL@@QEAA_N_KIW4ATLTRACESTATUS@2@@Z 000000018000efd0 f i atlsd:atltrace.obj
 0001:0000e020       ?RegisterCategory@CTrace@ATL@@QEAA_KPEBD@Z 000000018000f020 f i atlsd:atltrace.obj
 0001:0000e050       ?NotifyTool@ATL@@YAXXZ     000000018000f050 f   atlsd:AtlDebugAPI.obj
 0001:0000e090       AtlTraceRegister           000000018000f090 f   atlsd:AtlDebugAPI.obj
 0001:0000e130       AtlTraceUnregister         000000018000f130 f   atlsd:AtlDebugAPI.obj
 0001:0000e170       AtlTraceRegisterCategoryA  000000018000f170 f   atlsd:AtlDebugAPI.obj
 0001:0000e1e0       AtlTraceRegisterCategoryU  000000018000f1e0 f   atlsd:AtlDebugAPI.obj
 0001:0000e240       AtlTraceModifyProcess      000000018000f240 f   atlsd:AtlDebugAPI.obj
 0001:0000e360       ?GetProcess@CAtlAllocator@@QEBAPEAVCAtlTraceProcess@@XZ 000000018000f360 f i atlsd:AtlDebugAPI.obj
 0001:0000e370       AtlTraceModifyModule       000000018000f370 f   atlsd:AtlDebugAPI.obj
 0001:0000e4b0       AtlTraceModifyCategory     000000018000f4b0 f   atlsd:AtlDebugAPI.obj
 0001:0000e5b0       AtlTraceGetProcess         000000018000f5b0 f   atlsd:AtlDebugAPI.obj
 0001:0000e6e0       AtlTraceGetModule          000000018000f6e0 f   atlsd:AtlDebugAPI.obj
 0001:0000e860       AtlTraceGetCategory        000000018000f860 f   atlsd:AtlDebugAPI.obj
 0001:0000e9a0       AtlTraceGetUpdateEventNameA 000000018000f9a0 f   atlsd:AtlDebugAPI.obj
 0001:0000e9e0       AtlTraceGetUpdateEventNameA_s 000000018000f9e0 f   atlsd:AtlDebugAPI.obj
 0001:0000ea20       AtlTraceGetUpdateEventNameU 000000018000fa20 f   atlsd:AtlDebugAPI.obj
 0001:0000ea80       AtlTraceGetUpdateEventNameU_s 000000018000fa80 f   atlsd:AtlDebugAPI.obj
 0001:0000eaf0       AtlTraceVA                 000000018000faf0 f   atlsd:AtlDebugAPI.obj
 0001:0000eeb0       ?Name@CAtlTraceCategory@@QEBAPEB_WXZ 000000018000feb0 f i atlsd:AtlDebugAPI.obj
 0001:0000eec0       AtlTraceVU                 000000018000fec0 f   atlsd:AtlDebugAPI.obj
 0001:0000f2a0       AtlTraceOpenProcess        00000001800102a0 f   atlsd:AtlDebugAPI.obj
 0001:0000f420       ??_GCAtlAllocator@@QEAAPEAXI@Z 0000000180010420 f i atlsd:AtlDebugAPI.obj
 0001:0000f460       AtlTraceCloseProcess       0000000180010460 f   atlsd:AtlDebugAPI.obj
 0001:0000f530       AtlTraceSnapshotProcess    0000000180010530 f   atlsd:AtlDebugAPI.obj
 0001:0000f5c0       AtlTraceGetProcessInfo     00000001800105c0 f   atlsd:AtlDebugAPI.obj
 0001:0000f7f0       ?Path@CAtlTraceModuleInfo@@QEBAPEB_WXZ 00000001800107f0 f i atlsd:AtlDebugAPI.obj
 0001:0000f800       ?Name@CAtlTraceModuleInfo@@QEBAPEB_WXZ 0000000180010800 f i atlsd:AtlDebugAPI.obj
 0001:0000f820       ?Id@CAtlTraceProcess@@QEBAKXZ 0000000180010820 f i atlsd:AtlDebugAPI.obj
 0001:0000f840       AtlTraceGetModuleInfo      0000000180010840 f   atlsd:AtlDebugAPI.obj
 0001:0000fa80       AtlTraceGetCategoryInfo    0000000180010a80 f   atlsd:AtlDebugAPI.obj
 0001:0000ff70       ?CrtDbgReport@CAtlTraceModule@@QEBAP6AHHPEBDH00ZZXZ 0000000180010f70 f i atlsd:AtlDebugAPI.obj
 0001:0000ff90       ?_IsTracingEnabled@ATL@@YA_N_K0I@Z 0000000180010f90 f   atlsd:AtlDebugAPI.obj
 0001:0000ffe0       ?GetSize@?$CSimpleArray@UCModuleInfo@CTraceSnapshot@@V?$CSimpleArrayEqualHelper@UCModuleInfo@CTraceSnapshot@@@ATL@@@ATL@@QEBAHXZ 0000000180010fe0 f i atlsd:AtlDebugAPI.obj
 0001:0000fff0       ??A?$CSimpleArray@UCModuleInfo@CTraceSnapshot@@V?$CSimpleArrayEqualHelper@UCModuleInfo@CTraceSnapshot@@@ATL@@@ATL@@QEAAAEAUCModuleInfo@CTraceSnapshot@@H@Z 0000000180010ff0 f i atlsd:AtlDebugAPI.obj
 0001:00010080       ?strcpy_s@Checked@ATL@@YAXPEAD_KPEBD@Z 0000000180011080 f i atlsd:AtlDebugAPI.obj
 0001:000100c0       ?wcscpy_s@Checked@ATL@@YAXPEA_W_KPEB_W@Z 00000001800110c0 f i atlsd:AtlDebugAPI.obj
 0001:00010100       ??0?$CA2WEX@$0IA@@ATL@@QEAA@PEBD@Z 0000000180011100 f i atlsd:AtlDebugAPI.obj
 0001:00010140       ?_AtlGetConversionACP@ATL@@YAIXZ 0000000180011140 f i atlsd:AtlDebugAPI.obj
 0001:00010150       ??1?$CA2WEX@$0IA@@ATL@@QEAA@XZ 0000000180011150 f i atlsd:AtlDebugAPI.obj
 0001:00010180       ??B?$CA2WEX@$0IA@@ATL@@QEBAPEA_WXZ 0000000180011180 f i atlsd:AtlDebugAPI.obj
 0001:00010190       ?Init@?$CA2WEX@$0IA@@ATL@@AEAAXPEBDI@Z 0000000180011190 f i atlsd:AtlDebugAPI.obj
 0001:00010300       ?AtlThrowLastWin32@ATL@@YAXXZ 0000000180011300 f i atlsd:AtlDebugAPI.obj
 0001:00010330       HRESULT_FROM_WIN32         0000000180011330 f i atlsd:AtlDebugAPI.obj
 0001:00010370       ??$AtlConvFreeMemory@_W@ATL@@YAXPEA_W0H@Z 0000000180011370 f i atlsd:AtlDebugAPI.obj
 0001:000103c0       ??$AtlConvAllocMemory@_W@ATL@@YAXPEAPEA_WHPEA_WH@Z 00000001800113c0 f i atlsd:AtlDebugAPI.obj
 0001:00010600       ?Init@CAtlAllocator@@QEAA_NPEBDK@Z 0000000180011600 f   atlsd:Allocate.obj
 0001:00010a50       ?IncRef@CAtlTraceProcess@@QEAAIXZ 0000000180011a50 f i atlsd:Allocate.obj
 0001:00010a80       ?Base@CAtlTraceProcess@@QEBAPEAXXZ 0000000180011a80 f i atlsd:Allocate.obj
 0001:00010aa0       ?Open@CAtlAllocator@@QEAA_NPEBD@Z 0000000180011aa0 f   atlsd:Allocate.obj
 0001:00010be0       ?Close@CAtlAllocator@@QEAAX_N@Z 0000000180011be0 f   atlsd:Allocate.obj
 0001:00010c60       ?DecRef@CAtlTraceProcess@@QEAAIXZ 0000000180011c60 f i atlsd:Allocate.obj
 0001:00010c90       ?GetModule@CAtlAllocator@@QEBAPEAVCAtlTraceModule@@H@Z 0000000180011c90 f   atlsd:Allocate.obj
 0001:00010d40       ?ModuleCount@CAtlTraceProcess@@QEBAHXZ 0000000180011d40 f i atlsd:Allocate.obj
 0001:00010d60       ?GetCategory@CAtlAllocator@@QEBAPEAVCAtlTraceCategory@@H@Z 0000000180011d60 f   atlsd:Allocate.obj
 0001:00010e30       ?MaxSize@CAtlTraceProcess@@QEBA_KXZ 0000000180011e30 f i atlsd:Allocate.obj
 0001:00010e50       ?CategoryCount@CAtlTraceProcess@@QEBAHXZ 0000000180011e50 f i atlsd:Allocate.obj
 0001:00010e70       ?GetCategoryCount@CAtlAllocator@@QEBAHH@Z 0000000180011e70 f   atlsd:Allocate.obj
 0001:00010f00       ?GetCategoryCount@CAtlAllocator@@QEBAHAEBVCAtlTraceModule@@@Z 0000000180011f00 f   atlsd:Allocate.obj
 0001:00010f70       ?GetModuleCount@CAtlAllocator@@QEBAHXZ 0000000180011f70 f   atlsd:Allocate.obj
 0001:00010fd0       ?FindModule@CAtlAllocator@@QEBA_NPEB_WPEAI@Z 0000000180011fd0 f   atlsd:Allocate.obj
 0001:00011060       ?AddModule@CAtlAllocator@@QEAAHPEAUHINSTANCE__@@@Z 0000000180012060 f   atlsd:Allocate.obj
 0001:000112b0       ?TryAllocate@CAtlTraceSettings@@QEAA_NXZ 00000001800122b0 f i atlsd:Allocate.obj
 0001:00011300       ?MarkValid@CAtlTraceSettings@@QEAAXJ@Z 0000000180012300 f i atlsd:Allocate.obj
 0001:00011360       ?IncModuleCount@CAtlTraceProcess@@QEAAXI@Z 0000000180012360 f i atlsd:Allocate.obj
 0001:00011390       ?AddCategory@CAtlAllocator@@QEAAHHPEB_W@Z 0000000180012390 f   atlsd:Allocate.obj
 0001:00011660       ?TryAddRef@CAtlTraceSettings@@QEAA_NXZ 0000000180012660 f i atlsd:Allocate.obj
 0001:000116b0       ?Release@CAtlTraceSettings@@QEAAXXZ 00000001800126b0 f i atlsd:Allocate.obj
 0001:000116f0       ?IncCategoryCount@CAtlTraceProcess@@QEAAXI@Z 00000001800126f0 f i atlsd:Allocate.obj
 0001:00011720       ?RemoveModule@CAtlAllocator@@QEAA_NH@Z 0000000180012720 f   atlsd:Allocate.obj
 0001:000117e0       ?CleanUp@CAtlAllocator@@QEAAXXZ 00000001800127e0 f   atlsd:Allocate.obj
 0001:00011800       ?TakeSnapshot@CAtlAllocator@@QEAAXXZ 0000000180012800 f   atlsd:Allocate.obj
 0001:00011a60       ?ReleaseSnapshot@CAtlAllocator@@QEAAXXZ 0000000180012a60 f   atlsd:Allocate.obj
 0001:00011b50       ?Add@?$CSimpleArray@UCModuleInfo@CTraceSnapshot@@V?$CSimpleArrayEqualHelper@UCModuleInfo@CTraceSnapshot@@@ATL@@@ATL@@QEAAHAEBUCModuleInfo@CTraceSnapshot@@@Z 0000000180012b50 f i atlsd:Allocate.obj
 0001:00011cd0       ?GetSize@?$CSimpleArray@_KV?$CSimpleArrayEqualHelper@_K@ATL@@@ATL@@QEBAHXZ 0000000180012cd0 f i atlsd:Allocate.obj
 0001:00011ce0       ?Add@?$CSimpleArray@_KV?$CSimpleArrayEqualHelper@_K@ATL@@@ATL@@QEAAHAEB_K@Z 0000000180012ce0 f i atlsd:Allocate.obj
 0001:00011e60       ?RemoveAt@?$CSimpleArray@_KV?$CSimpleArrayEqualHelper@_K@ATL@@@ATL@@QEAAHH@Z 0000000180012e60 f i atlsd:Allocate.obj
 0001:00011f50       ??A?$CSimpleArray@_KV?$CSimpleArrayEqualHelper@_K@ATL@@@ATL@@QEAAAEA_KH@Z 0000000180012f50 f i atlsd:Allocate.obj
 0001:00011fe0       ?InternalSetAtIndex@?$CSimpleArray@UCModuleInfo@CTraceSnapshot@@V?$CSimpleArrayEqualHelper@UCModuleInfo@CTraceSnapshot@@@ATL@@@ATL@@QEAAXHAEBUCModuleInfo@CTraceSnapshot@@@Z 0000000180012fe0 f i atlsd:Allocate.obj
 0001:00012040       ?InternalSetAtIndex@?$CSimpleArray@_KV?$CSimpleArrayEqualHelper@_K@ATL@@@ATL@@QEAAXHAEB_K@Z 0000000180013040 f i atlsd:Allocate.obj
 0001:000120a0       ??0Wrapper@?$CSimpleArray@UCModuleInfo@CTraceSnapshot@@V?$CSimpleArrayEqualHelper@UCModuleInfo@CTraceSnapshot@@@ATL@@@ATL@@QEAA@AEBUCModuleInfo@CTraceSnapshot@@@Z 00000001800130a0 f i atlsd:Allocate.obj
 0001:000120e0       ??0Wrapper@?$CSimpleArray@_KV?$CSimpleArrayEqualHelper@_K@ATL@@@ATL@@QEAA@AEB_K@Z 00000001800130e0 f i atlsd:Allocate.obj
 0001:00012100       ??$?2UCModuleInfo@CTraceSnapshot@@@Wrapper@?$CSimpleArray@UCModuleInfo@CTraceSnapshot@@V?$CSimpleArrayEqualHelper@UCModuleInfo@CTraceSnapshot@@@ATL@@@ATL@@SAPEAX_KPEAUCModuleInfo@CTraceSnapshot@@@Z 0000000180013100 f i atlsd:Allocate.obj
 0001:00012110       ??$?2_K@Wrapper@?$CSimpleArray@_KV?$CSimpleArrayEqualHelper@_K@ATL@@@ATL@@SAPEAX_KPEA_K@Z 0000000180013110 f i atlsd:Allocate.obj
 0001:00012120       ?memmove_s@Checked@ATL@@YAXPEAX_KPEBX1@Z 0000000180013120 f i atlsd:Allocate.obj
 0001:00012160       ??0CAtlTraceModuleInfo@@QEAA@XZ 0000000180013160 f   atlsd:AtlTraceModuleManager.obj
 0001:000121b0       ?Reset@CAtlTraceModuleInfo@@QEAAXPEAUHINSTANCE__@@@Z 00000001800131b0 f   atlsd:AtlTraceModuleManager.obj
 0001:00012320       ??0CAtlTraceCategory@@QEAA@XZ 0000000180013320 f   atlsd:AtlTraceModuleManager.obj
 0001:00012360       ??0CAtlTraceSettings@@QEAA@XZ 0000000180013360 f i atlsd:AtlTraceModuleManager.obj
 0001:000123a0       ?Reset@CAtlTraceCategory@@QEAAXPEB_WJ@Z 00000001800133a0 f   atlsd:AtlTraceModuleManager.obj
 0001:00012400       ??0CAtlTraceModule@@QEAA@XZ 0000000180013400 f   atlsd:AtlTraceModuleManager.obj
 0001:00012440       ?CrtDbgReport@CAtlTraceModule@@QEAAXP6AHHPEBDH00ZZ@Z 0000000180013440 f   atlsd:AtlTraceModuleManager.obj
 0001:00012490       ??0CAtlTraceProcess@@QEAA@_K@Z 0000000180013490 f   atlsd:AtlTraceModuleManager.obj
 0001:000125a0       ?GetNextCookie@CAtlTraceProcess@@QEAAJXZ 00000001800135a0 f   atlsd:AtlTraceModuleManager.obj
 0001:000125be       SysFreeString              00000001800135be f   oleaut32:OLEAUT32.dll
 0001:000125d0       _RawDllMainProxy           00000001800135d0 f   mfcs90d:rawdllmainproxy.obj
 0001:000127f2       _snprintf_s                00000001800137f2 f   msvcrtd:MSVCR90D.dll
 0001:000127f8       _errno                     00000001800137f8 f   msvcrtd:MSVCR90D.dll
 0001:000127fe       _CrtDbgReport              00000001800137fe f   msvcrtd:MSVCR90D.dll
 0001:00012804       free                       0000000180013804 f   msvcrtd:MSVCR90D.dll
 0001:0001280a       wcscpy                     000000018001380a f   msvcrtd:MSVCR90D.dll
 0001:00012810       _vsnprintf_s               0000000180013810 f   msvcrtd:MSVCR90D.dll
 0001:00012816       _vsnwprintf_s              0000000180013816 f   msvcrtd:MSVCR90D.dll
 0001:0001281c       _snwprintf_s               000000018001381c f   msvcrtd:MSVCR90D.dll
 0001:00012822       wcscpy_s                   0000000180013822 f   msvcrtd:MSVCR90D.dll
 0001:00012828       wcsncpy_s                  0000000180013828 f   msvcrtd:MSVCR90D.dll
 0001:0001282e       strcpy_s                   000000018001382e f   msvcrtd:MSVCR90D.dll
 0001:00012834       calloc                     0000000180013834 f   msvcrtd:MSVCR90D.dll
 0001:0001283a       _recalloc                  000000018001383a f   msvcrtd:MSVCR90D.dll
 0001:00012840       memcmp                     0000000180013840 f   msvcrtd:MSVCR90D.dll
 0001:00012846       _wcsicmp                   0000000180013846 f   msvcrtd:MSVCR90D.dll
 0001:0001284c       wcslen                     000000018001384c f   msvcrtd:MSVCR90D.dll
 0001:00012852       RaiseException             0000000180013852 f   kernel32:KERNEL32.dll
 0001:00012858       CloseHandle                0000000180013858 f   kernel32:KERNEL32.dll
 0001:0001285e       SetEvent                   000000018001385e f   kernel32:KERNEL32.dll
 0001:00012864       OpenEventA                 0000000180013864 f   kernel32:KERNEL32.dll
 0001:0001286a       OutputDebugStringA         000000018001386a f   kernel32:KERNEL32.dll
 0001:00012870       OutputDebugStringW         0000000180013870 f   kernel32:KERNEL32.dll
 0001:00012876       GetLastError               0000000180013876 f   kernel32:KERNEL32.dll
 0001:0001287c       MultiByteToWideChar        000000018001387c f   kernel32:KERNEL32.dll
 0001:00012882       lstrlenA                   0000000180013882 f   kernel32:KERNEL32.dll
 0001:00012888       VirtualAlloc               0000000180013888 f   kernel32:KERNEL32.dll
 0001:0001288e       UnmapViewOfFile            000000018001388e f   kernel32:KERNEL32.dll
 0001:00012894       GetSystemInfo              0000000180013894 f   kernel32:KERNEL32.dll
 0001:0001289a       MapViewOfFile              000000018001389a f   kernel32:KERNEL32.dll
 0001:000128a0       CreateFileMappingA         00000001800138a0 f   kernel32:KERNEL32.dll
 0001:000128a6       GetCurrentThread           00000001800138a6 f   kernel32:KERNEL32.dll
 0001:000128ac       OpenFileMappingA           00000001800138ac f   kernel32:KERNEL32.dll
 0001:000128b2       GetModuleFileNameW         00000001800138b2 f   kernel32:KERNEL32.dll
 0001:000128b8       MessageBoxA                00000001800138b8 f   user32:USER32.dll
 0001:000128be       SetThreadToken             00000001800138be f   advapi32:ADVAPI32.dll
 0001:000128c4       RevertToSelf               00000001800138c4 f   advapi32:ADVAPI32.dll
 0001:000128ca       OpenThreadToken            00000001800138ca f   advapi32:ADVAPI32.dll
 0002:00000000       __xc_a                     000000018001b000     msvcrtd:cinitexe.obj
 0002:00000568       __xc_z                     000000018001b568     msvcrtd:cinitexe.obj
 0002:00000678       __xi_a                     000000018001b678     msvcrtd:cinitexe.obj
 0002:00000898       __xi_z                     000000018001b898     msvcrtd:cinitexe.obj
 0002:00000ce3       ?_Value@?$_Is_swap_move@U_Swap_move_tag@std@@@std@@2_NB 000000018001bce3     Log.obj
 0002:00000ce4       ?_Min@?$AtlLimits@H@ATL@@2HB 000000018001bce4     Log.obj
 0002:00000ce8       ?_Max@?$AtlLimits@H@ATL@@2HB 000000018001bce8     Log.obj
 0002:00000cec       ?_Min@?$AtlLimits@I@ATL@@2IB 000000018001bcec     Log.obj
 0002:00000cf0       ?_Max@?$AtlLimits@I@ATL@@2IB 000000018001bcf0     Log.obj
 0002:00000cf4       ?_Min@?$AtlLimits@J@ATL@@2JB 000000018001bcf4     Log.obj
 0002:00000cf8       ?_Max@?$AtlLimits@J@ATL@@2JB 000000018001bcf8     Log.obj
 0002:00000cfc       ?_Min@?$AtlLimits@K@ATL@@2KB 000000018001bcfc     Log.obj
 0002:00000d00       ?_Max@?$AtlLimits@K@ATL@@2KB 000000018001bd00     Log.obj
 0002:00000d08       ?_Min@?$AtlLimits@_J@ATL@@2_JB 000000018001bd08     Log.obj
 0002:00000d18       ?_Max@?$AtlLimits@_J@ATL@@2_JB 000000018001bd18     Log.obj
 0002:00000d28       ?_Min@?$AtlLimits@_K@ATL@@2_KB 000000018001bd28     Log.obj
 0002:00000d38       ?_Max@?$AtlLimits@_K@ATL@@2_KB 000000018001bd38     Log.obj
 0002:00000d44       ?VT@?$CVarTypeInfo@D@ATL@@2GB 000000018001bd44     Log.obj
 0002:00000d48       ?pmField@?$CVarTypeInfo@D@ATL@@2QEQtagVARIANT@@DEQ3@ 000000018001bd48     Log.obj
 0002:00000d4c       ?VT@?$CVarTypeInfo@E@ATL@@2GB 000000018001bd4c     Log.obj
 0002:00000d50       ?pmField@?$CVarTypeInfo@E@ATL@@2QEQtagVARIANT@@EEQ3@ 000000018001bd50     Log.obj
 0002:00000d54       ?VT@?$CVarTypeInfo@PEAD@ATL@@2GB 000000018001bd54     Log.obj
 0002:00000d58       ?pmField@?$CVarTypeInfo@PEAD@ATL@@2QEQtagVARIANT@@PEADEQ3@ 000000018001bd58     Log.obj
 0002:00000d5c       ?VT@?$CVarTypeInfo@PEAE@ATL@@2GB 000000018001bd5c     Log.obj
 0002:00000d60       ?pmField@?$CVarTypeInfo@PEAE@ATL@@2QEQtagVARIANT@@PEAEEQ3@ 000000018001bd60     Log.obj
 0002:00000d64       ?VT@?$CVarTypeInfo@F@ATL@@2GB 000000018001bd64     Log.obj
 0002:00000d68       ?pmField@?$CVarTypeInfo@F@ATL@@2QEQtagVARIANT@@FEQ3@ 000000018001bd68     Log.obj
 0002:00000d6c       ?VT@?$CVarTypeInfo@PEAF@ATL@@2GB 000000018001bd6c     Log.obj
 0002:00000d70       ?pmField@?$CVarTypeInfo@PEAF@ATL@@2QEQtagVARIANT@@PEAFEQ3@ 000000018001bd70     Log.obj
 0002:00000d74       ?VT@?$CVarTypeInfo@G@ATL@@2GB 000000018001bd74     Log.obj
 0002:00000d78       ?pmField@?$CVarTypeInfo@G@ATL@@2QEQtagVARIANT@@GEQ3@ 000000018001bd78     Log.obj
 0002:00000d7c       ?VT@?$CVarTypeInfo@PEAG@ATL@@2GB 000000018001bd7c     Log.obj
 0002:00000d80       ?pmField@?$CVarTypeInfo@PEAG@ATL@@2QEQtagVARIANT@@PEAGEQ3@ 000000018001bd80     Log.obj
 0002:00000d84       ?VT@?$CVarTypeInfo@H@ATL@@2GB 000000018001bd84     Log.obj
 0002:00000d88       ?pmField@?$CVarTypeInfo@H@ATL@@2QEQtagVARIANT@@HEQ3@ 000000018001bd88     Log.obj
 0002:00000d8c       ?VT@?$CVarTypeInfo@PEAH@ATL@@2GB 000000018001bd8c     Log.obj
 0002:00000d90       ?pmField@?$CVarTypeInfo@PEAH@ATL@@2QEQtagVARIANT@@PEAHEQ3@ 000000018001bd90     Log.obj
 0002:00000d94       ?VT@?$CVarTypeInfo@I@ATL@@2GB 000000018001bd94     Log.obj
 0002:00000d98       ?pmField@?$CVarTypeInfo@I@ATL@@2QEQtagVARIANT@@IEQ3@ 000000018001bd98     Log.obj
 0002:00000d9c       ?VT@?$CVarTypeInfo@PEAI@ATL@@2GB 000000018001bd9c     Log.obj
 0002:00000da0       ?pmField@?$CVarTypeInfo@PEAI@ATL@@2QEQtagVARIANT@@PEAIEQ3@ 000000018001bda0     Log.obj
 0002:00000da4       ?VT@?$CVarTypeInfo@J@ATL@@2GB 000000018001bda4     Log.obj
 0002:00000da8       ?pmField@?$CVarTypeInfo@J@ATL@@2QEQtagVARIANT@@JEQ3@ 000000018001bda8     Log.obj
 0002:00000dac       ?VT@?$CVarTypeInfo@PEAJ@ATL@@2GB 000000018001bdac     Log.obj
 0002:00000db0       ?pmField@?$CVarTypeInfo@PEAJ@ATL@@2QEQtagVARIANT@@PEAJEQ3@ 000000018001bdb0     Log.obj
 0002:00000db4       ?VT@?$CVarTypeInfo@K@ATL@@2GB 000000018001bdb4     Log.obj
 0002:00000db8       ?pmField@?$CVarTypeInfo@K@ATL@@2QEQtagVARIANT@@KEQ3@ 000000018001bdb8     Log.obj
 0002:00000dbc       ?VT@?$CVarTypeInfo@PEAK@ATL@@2GB 000000018001bdbc     Log.obj
 0002:00000dc0       ?pmField@?$CVarTypeInfo@PEAK@ATL@@2QEQtagVARIANT@@PEAKEQ3@ 000000018001bdc0     Log.obj
 0002:00000dc4       ?VT@?$CVarTypeInfo@_J@ATL@@2GB 000000018001bdc4     Log.obj
 0002:00000dc8       ?pmField@?$CVarTypeInfo@_J@ATL@@2QEQtagVARIANT@@_JEQ3@ 000000018001bdc8     Log.obj
 0002:00000dcc       ?VT@?$CVarTypeInfo@PEA_J@ATL@@2GB 000000018001bdcc     Log.obj
 0002:00000dd0       ?pmField@?$CVarTypeInfo@PEA_J@ATL@@2QEQtagVARIANT@@PEA_JEQ3@ 000000018001bdd0     Log.obj
 0002:00000dd4       ?VT@?$CVarTypeInfo@_K@ATL@@2GB 000000018001bdd4     Log.obj
 0002:00000dd8       ?pmField@?$CVarTypeInfo@_K@ATL@@2QEQtagVARIANT@@_KEQ3@ 000000018001bdd8     Log.obj
 0002:00000ddc       ?VT@?$CVarTypeInfo@PEA_K@ATL@@2GB 000000018001bddc     Log.obj
 0002:00000de0       ?pmField@?$CVarTypeInfo@PEA_K@ATL@@2QEQtagVARIANT@@PEA_KEQ3@ 000000018001bde0     Log.obj
 0002:00000de4       ?VT@?$CVarTypeInfo@M@ATL@@2GB 000000018001bde4     Log.obj
 0002:00000de8       ?pmField@?$CVarTypeInfo@M@ATL@@2QEQtagVARIANT@@MEQ3@ 000000018001bde8     Log.obj
 0002:00000dec       ?VT@?$CVarTypeInfo@PEAM@ATL@@2GB 000000018001bdec     Log.obj
 0002:00000df0       ?pmField@?$CVarTypeInfo@PEAM@ATL@@2QEQtagVARIANT@@PEAMEQ3@ 000000018001bdf0     Log.obj
 0002:00000df4       ?VT@?$CVarTypeInfo@N@ATL@@2GB 000000018001bdf4     Log.obj
 0002:00000df8       ?pmField@?$CVarTypeInfo@N@ATL@@2QEQtagVARIANT@@NEQ3@ 000000018001bdf8     Log.obj
 0002:00000dfc       ?VT@?$CVarTypeInfo@PEAN@ATL@@2GB 000000018001bdfc     Log.obj
 0002:00000e00       ?pmField@?$CVarTypeInfo@PEAN@ATL@@2QEQtagVARIANT@@PEANEQ3@ 000000018001be00     Log.obj
 0002:00000e04       ?VT@?$CVarTypeInfo@UtagVARIANT@@@ATL@@2GB 000000018001be04     Log.obj
 0002:00000e08       ?VT@?$CVarTypeInfo@PEA_W@ATL@@2GB 000000018001be08     Log.obj
 0002:00000e10       ?pmField@?$CVarTypeInfo@PEA_W@ATL@@2QEQtagVARIANT@@PEA_WEQ3@ 000000018001be10     Log.obj
 0002:00000e14       ?VT@?$CVarTypeInfo@PEAPEA_W@ATL@@2GB 000000018001be14     Log.obj
 0002:00000e18       ?pmField@?$CVarTypeInfo@PEAPEA_W@ATL@@2QEQtagVARIANT@@PEAPEA_WEQ3@ 000000018001be18     Log.obj
 0002:00000e1c       ?VT@?$CVarTypeInfo@PEAUIUnknown@@@ATL@@2GB 000000018001be1c     Log.obj
 0002:00000e20       ?pmField@?$CVarTypeInfo@PEAUIUnknown@@@ATL@@2QEQtagVARIANT@@PEAUIUnknown@@EQ3@ 000000018001be20     Log.obj
 0002:00000e24       ?VT@?$CVarTypeInfo@PEAPEAUIUnknown@@@ATL@@2GB 000000018001be24     Log.obj
 0002:00000e28       ?pmField@?$CVarTypeInfo@PEAPEAUIUnknown@@@ATL@@2QEQtagVARIANT@@PEAPEAUIUnknown@@EQ3@ 000000018001be28     Log.obj
 0002:00000e2c       ?VT@?$CVarTypeInfo@PEAUIDispatch@@@ATL@@2GB 000000018001be2c     Log.obj
 0002:00000e30       ?pmField@?$CVarTypeInfo@PEAUIDispatch@@@ATL@@2QEQtagVARIANT@@PEAUIDispatch@@EQ3@ 000000018001be30     Log.obj
 0002:00000e34       ?VT@?$CVarTypeInfo@PEAPEAUIDispatch@@@ATL@@2GB 000000018001be34     Log.obj
 0002:00000e38       ?pmField@?$CVarTypeInfo@PEAPEAUIDispatch@@@ATL@@2QEQtagVARIANT@@PEAPEAUIDispatch@@EQ3@ 000000018001be38     Log.obj
 0002:00000e3c       ?VT@?$CVarTypeInfo@TtagCY@@@ATL@@2GB 000000018001be3c     Log.obj
 0002:00000e40       ?pmField@?$CVarTypeInfo@TtagCY@@@ATL@@2QEQtagVARIANT@@TtagCY@@EQ3@ 000000018001be40     Log.obj
 0002:00000e44       ?VT@?$CVarTypeInfo@PEATtagCY@@@ATL@@2GB 000000018001be44     Log.obj
 0002:00000e48       ?pmField@?$CVarTypeInfo@PEATtagCY@@@ATL@@2QEQtagVARIANT@@PEATtagCY@@EQ3@ 000000018001be48     Log.obj
 0002:00000e4c       ?c_bIsMFCDLLTraits@?$_MFCDLLTraitsCheck@DV?$StrTraitMFC_DLL@DV?$ChTraitsCRT@D@ATL@@@@@_CSTRING_IMPL_@ATL@@2_NB 000000018001be4c     Log.obj
 0002:00000e4d       ?c_bIsMFCDLLTraits@?$_MFCDLLTraitsCheck@_WV?$StrTraitMFC_DLL@_WV?$ChTraitsCRT@_W@ATL@@@@@_CSTRING_IMPL_@ATL@@2_NB 000000018001be4d     Log.obj
 0002:00000e50       ?generic@CArchiveException@@2HB 000000018001be50     Log.obj
 0002:00000e54       ?generic@CFileException@@2HB 000000018001be54     Log.obj
[...]
 0002:00006f98       _CTA1?AVCAtlException@ATL@@ 0000000180021f98     atlsd:Externs.obj
 0002:00006fa8       _CT??_R0?AVCAtlException@ATL@@@84 0000000180021fa8     atlsd:Externs.obj
 0002:00007100       __pobjMapEntryFirst        0000000180022100     mfcs90d:nolib.obj
 0002:00007210       __pobjMapEntryLast         0000000180022210     mfcs90d:nolib.obj
 0003:00000008       ?g_LogLock@@3PEAUpthread_mutex_t_@@EA 0000000180023008     Log.obj
 0003:00000018       _pIncludeInitManaged       0000000180023018     Log.obj
 0003:00000028       ??_R0?AVCLog@@@8           0000000180023028     Log.obj
 0003:00000048       ??_R0?AVlength_error@std@@@8 0000000180023048     Log.obj
 0003:00000078       ??_R0?AVlogic_error@std@@@8 0000000180023078     Log.obj
 0003:000000a8       ??_R0?AVexception@std@@@8  00000001800230a8     Log.obj
 0003:000000d8       ??_R0?AVbad_alloc@std@@@8  00000001800230d8     Log.obj
 0003:00000108       ??_R0?AUThank_you@Define_the_symbol__ATL_MIXED@@@8 0000000180023108     Log.obj
 0003:00000158       ??_R0?AVtype_info@@@8      0000000180023158     msvcrtd:ti_inst.obj
 0003:00000178       _fltused                   0000000180023178     msvcrtd:dllsupp.obj
 0003:00000180       __security_cookie          0000000180023180     msvcrtd:gs_cookie.obj
 0003:00000188       __security_cookie_complement 0000000180023188     msvcrtd:gs_cookie.obj
 0003:00000190       __native_dllmain_reason    0000000180023190     msvcrtd:natstart.obj
 0003:00000194       __native_vcclrit_reason    0000000180023194     msvcrtd:natstart.obj
 0003:00000198       ?g_pszUpdateEventName@@3PEBDEB 0000000180023198     atlsd:Externs.obj
 0003:000001a0       ?g_pszAllocFileMapName@@3PEBDEB 00000001800231a0     atlsd:Externs.obj
 0003:000001a8       ?g_pszKernelObjFmt@@3PEBDEB 00000001800231a8     atlsd:Externs.obj
 0003:000001b0       ??_R0?AVCAtlException@ATL@@@8 00000001800231b0     atlsd:Externs.obj
 0003:00000300       ?g_TSFirstCount@@3T_LARGE_INTEGER@@A 0000000180023300     Log.obj
 0003:00000308       ?g_TSFreq@@3T_LARGE_INTEGER@@A 0000000180023308     Log.obj
 0003:00000318       ?s_pfnPrevHook@CNoUIAssertHook@ATL@@0P6AHHPEADPEAH@ZEA 0000000180023318     Log.obj
 0003:00000321       ?m_bInitFailed@CAtlBaseModule@ATL@@2_NA 0000000180023321     Log.obj
 0003:00000328       ?s_pLog@CFixedStringMgr@ATL@@2PEAVIFixedStringLog@2@EA 0000000180023328     Log.obj
 0003:00000338       ?clash@Define_the_symbol__ATL_MIXED@@3UThank_you@1@A 0000000180023338     Log.obj
 0003:00000341       ?clash@Inconsistent_definition_of_symbol__ATL_MIXED@@3U_Please_define_it_the_same_throughout_your_project@1@A 0000000180023341     Log.obj
 0003:00000348       ?_pAtlAutoThreadModule@ATL@@3PEAUIAtlAutoThreadModule@1@EA 0000000180023348     mfcs90d:nolib.obj
 0003:00000350       __afxForceEXCLUDE          0000000180023350     mfcs90d:nolib.obj
 0003:00000358       ?_pPerfRegFunc@ATL@@3P6AJPEAUHINSTANCE__@@@ZEA 0000000180023358     mfcs90d:nolib.obj
 0003:00000360       ?_pPerfUnRegFunc@ATL@@3P6AJXZEA 0000000180023360     mfcs90d:nolib.obj
 0003:00000368       ?_AtlRegisterPerUser@ATL@@3_NA 0000000180023368     mfcs90d:nolib.obj
 0003:00000370       ?_pAtlModule@ATL@@3PEAVCAtlModule@1@EA 0000000180023370     mfcs90d:nolib.obj
 0003:00000378       ?m_libid@CAtlModule@ATL@@2U_GUID@@A 0000000180023378     mfcs90d:nolib.obj
 0003:00000388       ?_pModule@ATL@@3PEAVCComModule@1@EA 0000000180023388     mfcs90d:nolib.obj
 0003:00000390       ?ATL_CREATE_OBJECT@CComApartment@ATL@@2IA 0000000180023390     mfcs90d:nolib.obj
 0003:00000394       ?WM_DESTROYMODELESS@CDHtmlDialog@@1IA 0000000180023394     mfcs90d:nolib.obj
 0003:00000398       __afxForceSTDAFX           0000000180023398     mfcs90d:stdafx.obj
 0003:00000910       _forceCRTManifestRTM       0000000180023910     msvcrtd:crtmanifestrtm.obj
 0003:00000918       ?__type_info_root_node@@3U__type_info_node@@A 0000000180023918     msvcrtd:tncleanup.obj
 0003:00000930       ?g_Allocator@@3VCAtlAllocator@@A 0000000180023930     atlsd:Externs.obj
 0003:00000988       ?s_trace@CTrace@ATL@@2V12@A 0000000180023988     atlsd:Externs.obj
 0003:00000998       ?atlTraceGeneral@ATL@@3VCTraceCategory@1@A 0000000180023998     atlsd:atltrace.obj
 0003:000009a0       ?atlTraceCOM@ATL@@3VCTraceCategory@1@A 00000001800239a0     atlsd:atltrace.obj
 0003:000009a8       ?atlTraceQI@ATL@@3VCTraceCategory@1@A 00000001800239a8     atlsd:atltrace.obj
 0003:000009b0       ?atlTraceRegistrar@ATL@@3VCTraceCategory@1@A 00000001800239b0     atlsd:atltrace.obj
 0003:000009b8       ?atlTraceRefcount@ATL@@3VCTraceCategory@1@A 00000001800239b8     atlsd:atltrace.obj
 0003:000009c0       ?atlTraceWindowing@ATL@@3VCTraceCategory@1@A 00000001800239c0     atlsd:atltrace.obj
 0003:000009c8       ?atlTraceControls@ATL@@3VCTraceCategory@1@A 00000001800239c8     atlsd:atltrace.obj
 0003:000009d0       ?atlTraceHosting@ATL@@3VCTraceCategory@1@A 00000001800239d0     atlsd:atltrace.obj
 0003:000009d8       ?atlTraceDBClient@ATL@@3VCTraceCategory@1@A 00000001800239d8     atlsd:atltrace.obj
 0003:000009e0       ?atlTraceDBProvider@ATL@@3VCTraceCategory@1@A 00000001800239e0     atlsd:atltrace.obj
 0003:000009e8       ?atlTraceSnapin@ATL@@3VCTraceCategory@1@A 00000001800239e8     atlsd:atltrace.obj
 0003:000009f0       ?atlTraceNotImpl@ATL@@3VCTraceCategory@1@A 00000001800239f0     atlsd:atltrace.obj
 0003:000009f8       ?atlTraceAllocation@ATL@@3VCTraceCategory@1@A 00000001800239f8     atlsd:atltrace.obj
 0003:00000a00       ?atlTraceException@ATL@@3VCTraceCategory@1@A 0000000180023a00     atlsd:atltrace.obj
 0003:00000a08       ?atlTraceTime@ATL@@3VCTraceCategory@1@A 0000000180023a08     atlsd:atltrace.obj
 0003:00000a10       ?atlTraceCache@ATL@@3VCTraceCategory@1@A 0000000180023a10     atlsd:atltrace.obj
 0003:00000a18       ?atlTraceStencil@ATL@@3VCTraceCategory@1@A 0000000180023a18     atlsd:atltrace.obj
 0003:00000a20       ?atlTraceString@ATL@@3VCTraceCategory@1@A 0000000180023a20     atlsd:atltrace.obj
 0003:00000a28       ?atlTraceMap@ATL@@3VCTraceCategory@1@A 0000000180023a28     atlsd:atltrace.obj
 0003:00000a30       ?atlTraceUtil@ATL@@3VCTraceCategory@1@A 0000000180023a30     atlsd:atltrace.obj
 0003:00000a38       ?atlTraceSecurity@ATL@@3VCTraceCategory@1@A 0000000180023a38     atlsd:atltrace.obj
 0003:00000a40       ?atlTraceSync@ATL@@3VCTraceCategory@1@A 0000000180023a40     atlsd:atltrace.obj
 0003:00000a48       ?atlTraceISAPI@ATL@@3VCTraceCategory@1@A 0000000180023a48     atlsd:atltrace.obj
 0003:00000a50       ?atlTraceUser@ATL@@3VCTraceCategory@1@A 0000000180023a50     atlsd:atltrace.obj
 0003:00000a58       ?atlTraceUser2@ATL@@3VCTraceCategory@1@A 0000000180023a58     atlsd:atltrace.obj
 0003:00000a60       ?atlTraceUser3@ATL@@3VCTraceCategory@1@A 0000000180023a60     atlsd:atltrace.obj
 0003:00000a68       ?atlTraceUser4@ATL@@3VCTraceCategory@1@A 0000000180023a68     atlsd:atltrace.obj
 0003:00000a70       _pActualRawDllMain         0000000180023a70     <common>
 0003:00000a84       __native_startup_state     0000000180023a84     <common>
 0003:00000a98       __native_startup_lock      0000000180023a98     <common>
 0003:00000aa0       __dyn_tls_init_callback    0000000180023aa0     <common>
 0003:00000ab8       __onexitend                0000000180023ab8     <common>
 0003:00000ad0       __onexitbegin              0000000180023ad0     <common>
 0005:00000000       __IMPORT_DESCRIPTOR_MSVCP90D 0000000180026000     msvcprtd:MSVCP90D.dll
 0005:00000014       __IMPORT_DESCRIPTOR_mfc90d 0000000180026014     mfc90d:mfc90d.dll
 0005:00000028       __IMPORT_DESCRIPTOR_MSVCR90D 0000000180026028     msvcrtd:MSVCR90D.dll
 0005:0000003c       __IMPORT_DESCRIPTOR_KERNEL32 000000018002603c     kernel32:KERNEL32.dll
 0005:00000050       __IMPORT_DESCRIPTOR_USER32 0000000180026050     user32:USER32.dll
 0005:00000064       __IMPORT_DESCRIPTOR_pthreadVC2 0000000180026064     pthreadVC2:pthreadVC2.dll
 0005:00000078       __IMPORT_DESCRIPTOR_OLEAUT32 0000000180026078     oleaut32:OLEAUT32.dll
 0005:0000008c       __IMPORT_DESCRIPTOR_ADVAPI32 000000018002608c     advapi32:ADVAPI32.dll
 0005:000000a0       __NULL_IMPORT_DESCRIPTOR   00000001800260a0     msvcprtd:MSVCP90D.dll
 0005:000007a8       __imp_OpenThreadToken      00000001800267a8     advapi32:ADVAPI32.dll
 0005:000007b0       __imp_RevertToSelf         00000001800267b0     advapi32:ADVAPI32.dll
 0005:000007b8       __imp_SetThreadToken       00000001800267b8     advapi32:ADVAPI32.dll
 0005:000007c0       \177ADVAPI32_NULL_THUNK_DATA 00000001800267c0     advapi32:ADVAPI32.dll
 0005:00000818       __imp_GetModuleFileNameW   0000000180026818     kernel32:KERNEL32.dll
 0005:00000820       __imp_OpenFileMappingA     0000000180026820     kernel32:KERNEL32.dll
 0005:00000828       __imp_GetCurrentThread     0000000180026828     kernel32:KERNEL32.dll
 0005:00000830       __imp_CreateFileMappingA   0000000180026830     kernel32:KERNEL32.dll
 0005:00000838       __imp_MapViewOfFile        0000000180026838     kernel32:KERNEL32.dll
 0005:00000840       __imp_GetSystemInfo        0000000180026840     kernel32:KERNEL32.dll
 0005:00000848       __imp_UnmapViewOfFile      0000000180026848     kernel32:KERNEL32.dll
 0005:00000850       __imp_VirtualAlloc         0000000180026850     kernel32:KERNEL32.dll
 0005:00000858       __imp_lstrlenA             0000000180026858     kernel32:KERNEL32.dll
 0005:00000860       __imp_MultiByteToWideChar  0000000180026860     kernel32:KERNEL32.dll
 0005:00000868       __imp_GetLastError         0000000180026868     kernel32:KERNEL32.dll
 0005:00000870       __imp_OutputDebugStringW   0000000180026870     kernel32:KERNEL32.dll
 0005:00000878       __imp_OutputDebugStringA   0000000180026878     kernel32:KERNEL32.dll
 0005:00000880       __imp_OpenEventA           0000000180026880     kernel32:KERNEL32.dll
 0005:00000888       __imp_SetEvent             0000000180026888     kernel32:KERNEL32.dll
 0005:00000890       __imp_CloseHandle          0000000180026890     kernel32:KERNEL32.dll
 0005:00000898       __imp_RaiseException       0000000180026898     kernel32:KERNEL32.dll
 0005:000008a0       __imp_DisableThreadLibraryCalls 00000001800268a0     kernel32:KERNEL32.dll
 0005:000008a8       __imp_GetSystemTimeAsFileTime 00000001800268a8     kernel32:KERNEL32.dll
 0005:000008b0       __imp_GetCurrentProcessId  00000001800268b0     kernel32:KERNEL32.dll
 0005:000008b8       __imp_GetCurrentThreadId   00000001800268b8     kernel32:KERNEL32.dll
 0005:000008c0       __imp_GetTickCount         00000001800268c0     kernel32:KERNEL32.dll
 0005:000008c8       __imp_RtlCaptureContext    00000001800268c8     kernel32:KERNEL32.dll
 0005:000008d0       __imp_RtlLookupFunctionEntry 00000001800268d0     kernel32:KERNEL32.dll
 0005:000008d8       __imp_RtlVirtualUnwind     00000001800268d8     kernel32:KERNEL32.dll
 0005:000008e0       __imp_IsDebuggerPresent    00000001800268e0     kernel32:KERNEL32.dll
 0005:000008e8       __imp_SetUnhandledExceptionFilter 00000001800268e8     kernel32:KERNEL32.dll
 0005:000008f0       __imp_UnhandledExceptionFilter 00000001800268f0     kernel32:KERNEL32.dll
 0005:000008f8       __imp_GetCurrentProcess    00000001800268f8     kernel32:KERNEL32.dll
 0005:00000900       __imp_TerminateProcess     0000000180026900     kernel32:KERNEL32.dll
 0005:00000908       __imp_Sleep                0000000180026908     kernel32:KERNEL32.dll
 0005:00000910       __imp_AllocConsole         0000000180026910     kernel32:KERNEL32.dll
 0005:00000918       __imp_GetStdHandle         0000000180026918     kernel32:KERNEL32.dll
 0005:00000920       __imp_WriteConsoleA        0000000180026920     kernel32:KERNEL32.dll
 0005:00000928       __imp_FreeConsole          0000000180026928     kernel32:KERNEL32.dll
 0005:00000930       __imp_QueryPerformanceFrequency 0000000180026930     kernel32:KERNEL32.dll
 0005:00000938       __imp_QueryPerformanceCounter 0000000180026938     kernel32:KERNEL32.dll
 0005:00000940       \177KERNEL32_NULL_THUNK_DATA 0000000180026940     kernel32:KERNEL32.dll
 0005:000009d0       __imp_??1_Lockit@std@@QEAA@XZ 00000001800269d0     msvcprtd:MSVCP90D.dll
 0005:000009d8       __imp_??0_Container_base_secure@std@@QEAA@XZ 00000001800269d8     msvcprtd:MSVCP90D.dll
 0005:000009e0       __imp_?c_str@?$basic_string@DU?$char_traits@D@std@@V?$allocator@D@2@@std@@QEBAPEBDXZ 00000001800269e0     msvcprtd:MSVCP90D.dll
 0005:000009e8       __imp_??0?$basic_string@DU?$char_traits@D@std@@V?$allocator@D@2@@std@@QEAA@AEBV01@@Z 00000001800269e8     msvcprtd:MSVCP90D.dll
 0005:000009f0       __imp_??0?$basic_string@DU?$char_traits@D@std@@V?$allocator@D@2@@std@@QEAA@PEBD@Z 00000001800269f0     msvcprtd:MSVCP90D.dll
 0005:000009f8       __imp_??1?$basic_string@DU?$char_traits@D@std@@V?$allocator@D@2@@std@@QEAA@XZ 00000001800269f8     msvcprtd:MSVCP90D.dll
 0005:00000a00       __imp_??1_Container_base_secure@std@@QEAA@XZ 0000000180026a00     msvcprtd:MSVCP90D.dll
 0005:00000a08       __imp_?_Orphan_all@_Container_base_secure@std@@QEBAXXZ 0000000180026a08     msvcprtd:MSVCP90D.dll
 0005:00000a10       __imp_?_Debug_message@std@@YAXPEB_W0I@Z 0000000180026a10     msvcprtd:MSVCP90D.dll
 0005:00000a18       __imp_??0_Lockit@std@@QEAA@H@Z 0000000180026a18     msvcprtd:MSVCP90D.dll
 0005:00000a20       \177MSVCP90D_NULL_THUNK_DATA 0000000180026a20     msvcprtd:MSVCP90D.dll
 0005:00000a88       __imp_?_type_info_dtor_internal_method@type_info@@QEAAXXZ 0000000180026a88     msvcrtd:MSVCR90D.dll
 0005:00000a90       __imp___crt_debugger_hook  0000000180026a90     msvcrtd:MSVCR90D.dll
 0005:00000a98       __imp___clean_type_info_names_internal 0000000180026a98     msvcrtd:MSVCR90D.dll
 0005:00000aa0       __imp__onexit              0000000180026aa0     msvcrtd:MSVCR90D.dll
 0005:00000aa8       __imp__lock                0000000180026aa8     msvcrtd:MSVCR90D.dll
 0005:00000ab0       __imp__encode_pointer      0000000180026ab0     msvcrtd:MSVCR90D.dll
 0005:00000ab8       __imp___dllonexit          0000000180026ab8     msvcrtd:MSVCR90D.dll
 0005:00000ac0       __imp__unlock              0000000180026ac0     msvcrtd:MSVCR90D.dll
 0005:00000ac8       __imp___C_specific_handler 0000000180026ac8     msvcrtd:MSVCR90D.dll
 0005:00000ad0       __imp_??_V@YAXPEAX@Z       0000000180026ad0     msvcrtd:MSVCR90D.dll
 0005:00000ad8       __imp_memmove_s            0000000180026ad8     msvcrtd:MSVCR90D.dll
 0005:00000ae0       __imp_?what@exception@std@@UEBAPEBDXZ 0000000180026ae0     msvcrtd:MSVCR90D.dll
 0005:00000ae8       __imp_??0exception@std@@QEAA@AEBQEBD@Z 0000000180026ae8     msvcrtd:MSVCR90D.dll
 0005:00000af0       __imp_??0exception@std@@QEAA@XZ 0000000180026af0     msvcrtd:MSVCR90D.dll
 0005:00000af8       __imp_??1exception@std@@UEAA@XZ 0000000180026af8     msvcrtd:MSVCR90D.dll
 0005:00000b00       __imp_??0exception@std@@QEAA@AEBV01@@Z 0000000180026b00     msvcrtd:MSVCR90D.dll
 0005:00000b08       __imp__CxxThrowException   0000000180026b08     msvcrtd:MSVCR90D.dll
 0005:00000b10       __imp__CrtDbgReportW       0000000180026b10     msvcrtd:MSVCR90D.dll
 0005:00000b18       __imp__invalid_parameter   0000000180026b18     msvcrtd:MSVCR90D.dll
 0005:00000b20       __imp_strcpy               0000000180026b20     msvcrtd:MSVCR90D.dll
 0005:00000b28       __imp__time64              0000000180026b28     msvcrtd:MSVCR90D.dll
 0005:00000b30       __imp__localtime64         0000000180026b30     msvcrtd:MSVCR90D.dll
 0005:00000b38       __imp_fprintf              0000000180026b38     msvcrtd:MSVCR90D.dll
 0005:00000b40       __imp_?terminate@@YAXXZ    0000000180026b40     msvcrtd:MSVCR90D.dll
 0005:00000b48       __imp___CppXcptFilter      0000000180026b48     msvcrtd:MSVCR90D.dll
 0005:00000b50       __imp__amsg_exit           0000000180026b50     msvcrtd:MSVCR90D.dll
 0005:00000b58       __imp__initterm_e          0000000180026b58     msvcrtd:MSVCR90D.dll
 0005:00000b60       __imp__initterm            0000000180026b60     msvcrtd:MSVCR90D.dll
 0005:00000b68       __imp__decode_pointer      0000000180026b68     msvcrtd:MSVCR90D.dll
 0005:00000b70       __imp__CrtSetCheckCount    0000000180026b70     msvcrtd:MSVCR90D.dll
 0005:00000b78       __imp__snprintf_s          0000000180026b78     msvcrtd:MSVCR90D.dll
 0005:00000b80       __imp__errno               0000000180026b80     msvcrtd:MSVCR90D.dll
 0005:00000b88       __imp__CrtDbgReport        0000000180026b88     msvcrtd:MSVCR90D.dll
 0005:00000b90       __imp_free                 0000000180026b90     msvcrtd:MSVCR90D.dll
 0005:00000b98       __imp_wcscpy               0000000180026b98     msvcrtd:MSVCR90D.dll
 0005:00000ba0       __imp__vsnprintf_s         0000000180026ba0     msvcrtd:MSVCR90D.dll
 0005:00000ba8       __imp__vsnwprintf_s        0000000180026ba8     msvcrtd:MSVCR90D.dll
 0005:00000bb0       __imp__snwprintf_s         0000000180026bb0     msvcrtd:MSVCR90D.dll
 0005:00000bb8       __imp_wcscpy_s             0000000180026bb8     msvcrtd:MSVCR90D.dll
 0005:00000bc0       __imp_wcsncpy_s            0000000180026bc0     msvcrtd:MSVCR90D.dll
 0005:00000bc8       __imp_strcpy_s             0000000180026bc8     msvcrtd:MSVCR90D.dll
 0005:00000bd0       __imp_calloc               0000000180026bd0     msvcrtd:MSVCR90D.dll
 0005:00000bd8       __imp__recalloc            0000000180026bd8     msvcrtd:MSVCR90D.dll
 0005:00000be0       __imp_memcmp               0000000180026be0     msvcrtd:MSVCR90D.dll
 0005:00000be8       __imp__wcsicmp             0000000180026be8     msvcrtd:MSVCR90D.dll
 0005:00000bf0       __imp_wcslen               0000000180026bf0     msvcrtd:MSVCR90D.dll
 0005:00000bf8       __imp_sprintf              0000000180026bf8     msvcrtd:MSVCR90D.dll
 0005:00000c00       __imp_strlen               0000000180026c00     msvcrtd:MSVCR90D.dll
 0005:00000c08       __imp_vsprintf             0000000180026c08     msvcrtd:MSVCR90D.dll
 0005:00000c10       __imp___CxxFrameHandler3   0000000180026c10     msvcrtd:MSVCR90D.dll
 0005:00000c18       __imp_fclose               0000000180026c18     msvcrtd:MSVCR90D.dll
 0005:00000c20       __imp_fopen                0000000180026c20     msvcrtd:MSVCR90D.dll
 0005:00000c28       __imp_memset               0000000180026c28     msvcrtd:MSVCR90D.dll
 0005:00000c30       __imp__encoded_null        0000000180026c30     msvcrtd:MSVCR90D.dll
 0005:00000c38       __imp__free_dbg            0000000180026c38     msvcrtd:MSVCR90D.dll
 0005:00000c40       __imp__malloc_dbg          0000000180026c40     msvcrtd:MSVCR90D.dll
 0005:00000c48       __imp_fflush               0000000180026c48     msvcrtd:MSVCR90D.dll
 0005:00000c50       \177MSVCR90D_NULL_THUNK_DATA 0000000180026c50     msvcrtd:MSVCR90D.dll
 0005:00000d00       __imp_SysFreeString        0000000180026d00     oleaut32:OLEAUT32.dll
 0005:00000d08       \177OLEAUT32_NULL_THUNK_DATA 0000000180026d08     oleaut32:OLEAUT32.dll
 0005:00000d60       __imp_MessageBoxA          0000000180026d60     user32:USER32.dll
 0005:00000d68       __imp_PostMessageA         0000000180026d68     user32:USER32.dll
 0005:00000d70       \177USER32_NULL_THUNK_DATA 0000000180026d70     user32:USER32.dll
 0005:00000dc8       __imp_??3@YAXPEAX@Z        0000000180026dc8     mfc90d:mfc90d.dll
 0005:00000dd0       __imp_??2@YAPEAX_K@Z       0000000180026dd0     mfc90d:mfc90d.dll
 0005:00000dd8       \177mfc90d_NULL_THUNK_DATA 0000000180026dd8     mfc90d:mfc90d.dll
 0005:00000e30       __imp_pthread_mutex_lock   0000000180026e30     pthreadVC2:pthreadVC2.dll
 0005:00000e38       __imp_pthread_mutex_unlock 0000000180026e38     pthreadVC2:pthreadVC2.dll
 0005:00000e40       \177pthreadVC2_NULL_THUNK_DATA 0000000180026e40     pthreadVC2:pthreadVC2.dll
 0006:00000000       ?g_Log@@3VCLog@@A          0000000180028000     Log.obj

 entry point at        0001:0000d050

